Microsoft (R) Build Engine version 15.9.20+g88f5fadfbe for .NET Core
Copyright (C) Microsoft Corporation. All rights reserved.

Build started 12/30/18 5:40:49 PM.
     1>Project "/home/mdegallaix/Projects/yaml-parser/yaml-parser.sln" on node 1 (Restore target(s)).
     1>Building with tools version "15.0".
     1>Target "ValidateSolutionConfiguration" in file "/home/mdegallaix/Projects/yaml-parser/yaml-parser.sln.metaproj" from project "/home/mdegallaix/Projects/yaml-parser/yaml-parser.sln" (entry point):
       Task "Error" skipped, due to false condition; (('$(CurrentSolutionConfigurationContents)' == '') and ('$(SkipInvalidConfigurations)' != 'true')) was evaluated as (('<SolutionConfiguration>
         <ProjectConfiguration Project="{802E3A5B-53C1-463A-AC9E-654AC89E0D57}" AbsolutePath="/home/mdegallaix/Projects/yaml-parser/yaml-parser/yaml-parser.fsproj" BuildProjectInSolution="True">Debug|AnyCPU</ProjectConfiguration>
         <ProjectConfiguration Project="{054D577E-7364-4238-9622-77B457117A47}" AbsolutePath="/home/mdegallaix/Projects/yaml-parser/yaml-parser-tests/yaml-parser-tests.fsproj" BuildProjectInSolution="True">Debug|AnyCPU</ProjectConfiguration>
       </SolutionConfiguration>' == '') and ('' != 'true')).
       Task "Warning" skipped, due to false condition; (('$(CurrentSolutionConfigurationContents)' == '') and ('$(SkipInvalidConfigurations)' == 'true')) was evaluated as (('<SolutionConfiguration>
         <ProjectConfiguration Project="{802E3A5B-53C1-463A-AC9E-654AC89E0D57}" AbsolutePath="/home/mdegallaix/Projects/yaml-parser/yaml-parser/yaml-parser.fsproj" BuildProjectInSolution="True">Debug|AnyCPU</ProjectConfiguration>
         <ProjectConfiguration Project="{054D577E-7364-4238-9622-77B457117A47}" AbsolutePath="/home/mdegallaix/Projects/yaml-parser/yaml-parser-tests/yaml-parser-tests.fsproj" BuildProjectInSolution="True">Debug|AnyCPU</ProjectConfiguration>
       </SolutionConfiguration>' == '') and ('' == 'true')).
       Using "Message" task from assembly "Microsoft.Build.Tasks.Core, Version=15.1.0.0, Culture=neutral, PublicKeyToken=b03f5f7f11d50a3a".
       Task "Message"
         Building solution configuration "Debug|Any CPU".
       Done executing task "Message".
     1>Done building target "ValidateSolutionConfiguration" in project "yaml-parser.sln".
     1>Target "ValidateToolsVersions" in file "/home/mdegallaix/Projects/yaml-parser/yaml-parser.sln.metaproj" from project "/home/mdegallaix/Projects/yaml-parser/yaml-parser.sln" (entry point):
       Task "Error" skipped, due to false condition; ('$(MSBuildToolsVersion)' == '2.0' and ('$(ProjectToolsVersion)' != '2.0' and '$(ProjectToolsVersion)' != '')) was evaluated as ('15.0' == '2.0' and ('' != '2.0' and '' != '')).
     1>Done building target "ValidateToolsVersions" in project "yaml-parser.sln".
     1>Target "ValidateProjects" in file "/home/mdegallaix/Projects/yaml-parser/yaml-parser.sln.metaproj" from project "/home/mdegallaix/Projects/yaml-parser/yaml-parser.sln" (entry point):
     1>Done building target "ValidateProjects" in project "yaml-parser.sln".
     1>Target "_LoadRestoreGraphEntryPoints" in file "/usr/share/dotnet/sdk/2.2.101/NuGet.targets" from project "/home/mdegallaix/Projects/yaml-parser/yaml-parser.sln" (target "_FilterRestoreGraphProjectInputItems" depends on it):
       Using "GetRestoreSolutionProjectsTask" task from assembly "/usr/share/dotnet/sdk/2.2.101/NuGet.Build.Tasks.dll".
       Task "GetRestoreSolutionProjectsTask"
         (in) ProjectReferences '/home/mdegallaix/Projects/yaml-parser/yaml-parser/yaml-parser.fsproj;/home/mdegallaix/Projects/yaml-parser/yaml-parser-tests/yaml-parser-tests.fsproj'
         (in) SolutionFilePath '/home/mdegallaix/Projects/yaml-parser/yaml-parser.sln.metaproj'
       Done executing task "GetRestoreSolutionProjectsTask".
     1>Done building target "_LoadRestoreGraphEntryPoints" in project "yaml-parser.sln".
     1>Target "_FilterRestoreGraphProjectInputItems" in file "/usr/share/dotnet/sdk/2.2.101/NuGet.targets" from project "/home/mdegallaix/Projects/yaml-parser/yaml-parser.sln" (target "_GenerateRestoreGraph" depends on it):
       Using "RemoveDuplicates" task from assembly "Microsoft.Build.Tasks.Core, Version=15.1.0.0, Culture=neutral, PublicKeyToken=b03f5f7f11d50a3a".
       Task "RemoveDuplicates"
       Done executing task "RemoveDuplicates".
       Using "MsBuild" task from assembly "Microsoft.Build.Tasks.Core, Version=15.1.0.0, Culture=neutral, PublicKeyToken=b03f5f7f11d50a3a".
       Task "MsBuild"
         Global Properties:
           ExcludeRestorePackageImports=true
           _RestoreSolutionFileUsed=true
           SolutionDir=/home/mdegallaix/Projects/yaml-parser/
           SolutionName=yaml-parser
         Additional Properties for project "/home/mdegallaix/Projects/yaml-parser/yaml-parser/yaml-parser.fsproj":
           Configuration=Debug
           Platform=AnyCPU
         Additional Properties for project "/home/mdegallaix/Projects/yaml-parser/yaml-parser-tests/yaml-parser-tests.fsproj":
           Configuration=Debug
           Platform=AnyCPU
     0>Resolving SDK 'Microsoft.NET.Sdk'...
       Property reassignment: $(MSBuildProjectExtensionsPath)="/home/mdegallaix/Projects/yaml-parser/yaml-parser/obj/" (previous value: "obj\") at /usr/share/dotnet/sdk/2.2.101/15.0/Microsoft.Common.props (60,5)
       Property reassignment: $(MSBuildAllProjects)=";/usr/share/dotnet/sdk/2.2.101/Sdks/Microsoft.NET.Sdk/Sdk/Sdk.props;/home/mdegallaix/Projects/yaml-parser/yaml-parser/obj/yaml-parser.fsproj.nuget.g.props" (previous value: ";/usr/share/dotnet/sdk/2.2.101/Sdks/Microsoft.NET.Sdk/Sdk/Sdk.props") at /home/mdegallaix/Projects/yaml-parser/yaml-parser/obj/yaml-parser.fsproj.nuget.g.props (13,5)
       Property reassignment: $(MSBuildAllProjects)=";/usr/share/dotnet/sdk/2.2.101/Sdks/Microsoft.NET.Sdk/Sdk/Sdk.props;/home/mdegallaix/Projects/yaml-parser/yaml-parser/obj/yaml-parser.fsproj.nuget.g.props;/home/mdegallaix/Projects/yaml-parser/yaml-parser/obj/yaml-parser.fsproj.paket.props" (previous value: ";/usr/share/dotnet/sdk/2.2.101/Sdks/Microsoft.NET.Sdk/Sdk/Sdk.props;/home/mdegallaix/Projects/yaml-parser/yaml-parser/obj/yaml-parser.fsproj.nuget.g.props") at /home/mdegallaix/Projects/yaml-parser/yaml-parser/obj/yaml-parser.fsproj.paket.props (4,9)
       Property reassignment: $(MSBuildAllProjects)=";/usr/share/dotnet/sdk/2.2.101/Sdks/Microsoft.NET.Sdk/Sdk/Sdk.props;/home/mdegallaix/Projects/yaml-parser/yaml-parser/obj/yaml-parser.fsproj.nuget.g.props;/home/mdegallaix/Projects/yaml-parser/yaml-parser/obj/yaml-parser.fsproj.paket.props;/usr/share/dotnet/sdk/2.2.101/Sdks/Microsoft.NET.Sdk/targets/Microsoft.NET.Sdk.props" (previous value: ";/usr/share/dotnet/sdk/2.2.101/Sdks/Microsoft.NET.Sdk/Sdk/Sdk.props;/home/mdegallaix/Projects/yaml-parser/yaml-parser/obj/yaml-parser.fsproj.nuget.g.props;/home/mdegallaix/Projects/yaml-parser/yaml-parser/obj/yaml-parser.fsproj.paket.props") at /usr/share/dotnet/sdk/2.2.101/Sdks/Microsoft.NET.Sdk/targets/Microsoft.NET.Sdk.props (15,5)
       Property reassignment: $(MSBuildAllProjects)=";/usr/share/dotnet/sdk/2.2.101/Sdks/Microsoft.NET.Sdk/Sdk/Sdk.props;/home/mdegallaix/Projects/yaml-parser/yaml-parser/obj/yaml-parser.fsproj.nuget.g.props;/home/mdegallaix/Projects/yaml-parser/yaml-parser/obj/yaml-parser.fsproj.paket.props;/usr/share/dotnet/sdk/2.2.101/Sdks/Microsoft.NET.Sdk/targets/Microsoft.NET.Sdk.props;/usr/share/dotnet/sdk/2.2.101/Sdks/Microsoft.NET.Sdk/targets/Microsoft.NET.Sdk.DefaultItems.props" (previous value: ";/usr/share/dotnet/sdk/2.2.101/Sdks/Microsoft.NET.Sdk/Sdk/Sdk.props;/home/mdegallaix/Projects/yaml-parser/yaml-parser/obj/yaml-parser.fsproj.nuget.g.props;/home/mdegallaix/Projects/yaml-parser/yaml-parser/obj/yaml-parser.fsproj.paket.props;/usr/share/dotnet/sdk/2.2.101/Sdks/Microsoft.NET.Sdk/targets/Microsoft.NET.Sdk.props") at /usr/share/dotnet/sdk/2.2.101/Sdks/Microsoft.NET.Sdk/targets/Microsoft.NET.Sdk.DefaultItems.props (21,5)
       Property reassignment: $(MSBuildAllProjects)=";/usr/share/dotnet/sdk/2.2.101/Sdks/Microsoft.NET.Sdk/Sdk/Sdk.props;/home/mdegallaix/Projects/yaml-parser/yaml-parser/obj/yaml-parser.fsproj.nuget.g.props;/home/mdegallaix/Projects/yaml-parser/yaml-parser/obj/yaml-parser.fsproj.paket.props;/usr/share/dotnet/sdk/2.2.101/Sdks/Microsoft.NET.Sdk/targets/Microsoft.NET.Sdk.props;/usr/share/dotnet/sdk/2.2.101/Sdks/Microsoft.NET.Sdk/targets/Microsoft.NET.Sdk.DefaultItems.props;/usr/share/dotnet/sdk/2.2.101/Sdks/Microsoft.NET.Sdk/targets/Microsoft.NET.SupportedTargetFrameworks.props" (previous value: ";/usr/share/dotnet/sdk/2.2.101/Sdks/Microsoft.NET.Sdk/Sdk/Sdk.props;/home/mdegallaix/Projects/yaml-parser/yaml-parser/obj/yaml-parser.fsproj.nuget.g.props;/home/mdegallaix/Projects/yaml-parser/yaml-parser/obj/yaml-parser.fsproj.paket.props;/usr/share/dotnet/sdk/2.2.101/Sdks/Microsoft.NET.Sdk/targets/Microsoft.NET.Sdk.props;/usr/share/dotnet/sdk/2.2.101/Sdks/Microsoft.NET.Sdk/targets/Microsoft.NET.Sdk.DefaultItems.props") at /usr/share/dotnet/sdk/2.2.101/Sdks/Microsoft.NET.Sdk/targets/Microsoft.NET.SupportedTargetFrameworks.props (17,9)
       Property reassignment: $(MSBuildAllProjects)=";/usr/share/dotnet/sdk/2.2.101/Sdks/Microsoft.NET.Sdk/Sdk/Sdk.props;/home/mdegallaix/Projects/yaml-parser/yaml-parser/obj/yaml-parser.fsproj.nuget.g.props;/home/mdegallaix/Projects/yaml-parser/yaml-parser/obj/yaml-parser.fsproj.paket.props;/usr/share/dotnet/sdk/2.2.101/Sdks/Microsoft.NET.Sdk/targets/Microsoft.NET.Sdk.props;/usr/share/dotnet/sdk/2.2.101/Sdks/Microsoft.NET.Sdk/targets/Microsoft.NET.Sdk.DefaultItems.props;/usr/share/dotnet/sdk/2.2.101/Sdks/Microsoft.NET.Sdk/targets/Microsoft.NET.SupportedTargetFrameworks.props;/usr/share/dotnet/sdk/2.2.101/Sdks/Microsoft.NET.Sdk/targets/Microsoft.NET.Sdk.FSharp.props" (previous value: ";/usr/share/dotnet/sdk/2.2.101/Sdks/Microsoft.NET.Sdk/Sdk/Sdk.props;/home/mdegallaix/Projects/yaml-parser/yaml-parser/obj/yaml-parser.fsproj.nuget.g.props;/home/mdegallaix/Projects/yaml-parser/yaml-parser/obj/yaml-parser.fsproj.paket.props;/usr/share/dotnet/sdk/2.2.101/Sdks/Microsoft.NET.Sdk/targets/Microsoft.NET.Sdk.props;/usr/share/dotnet/sdk/2.2.101/Sdks/Microsoft.NET.Sdk/targets/Microsoft.NET.Sdk.DefaultItems.props;/usr/share/dotnet/sdk/2.2.101/Sdks/Microsoft.NET.Sdk/targets/Microsoft.NET.SupportedTargetFrameworks.props") at /usr/share/dotnet/sdk/2.2.101/Sdks/Microsoft.NET.Sdk/targets/Microsoft.NET.Sdk.FSharp.props (16,5)
       Property reassignment: $(MSBuildAllProjects)=";/usr/share/dotnet/sdk/2.2.101/Sdks/Microsoft.NET.Sdk/Sdk/Sdk.props;/home/mdegallaix/Projects/yaml-parser/yaml-parser/obj/yaml-parser.fsproj.nuget.g.props;/home/mdegallaix/Projects/yaml-parser/yaml-parser/obj/yaml-parser.fsproj.paket.props;/usr/share/dotnet/sdk/2.2.101/Sdks/Microsoft.NET.Sdk/targets/Microsoft.NET.Sdk.props;/usr/share/dotnet/sdk/2.2.101/Sdks/Microsoft.NET.Sdk/targets/Microsoft.NET.Sdk.DefaultItems.props;/usr/share/dotnet/sdk/2.2.101/Sdks/Microsoft.NET.Sdk/targets/Microsoft.NET.SupportedTargetFrameworks.props;/usr/share/dotnet/sdk/2.2.101/Sdks/Microsoft.NET.Sdk/targets/Microsoft.NET.Sdk.FSharp.props;/usr/share/dotnet/sdk/2.2.101/FSharp/Microsoft.FSharp.NetSdk.props" (previous value: ";/usr/share/dotnet/sdk/2.2.101/Sdks/Microsoft.NET.Sdk/Sdk/Sdk.props;/home/mdegallaix/Projects/yaml-parser/yaml-parser/obj/yaml-parser.fsproj.nuget.g.props;/home/mdegallaix/Projects/yaml-parser/yaml-parser/obj/yaml-parser.fsproj.paket.props;/usr/share/dotnet/sdk/2.2.101/Sdks/Microsoft.NET.Sdk/targets/Microsoft.NET.Sdk.props;/usr/share/dotnet/sdk/2.2.101/Sdks/Microsoft.NET.Sdk/targets/Microsoft.NET.Sdk.DefaultItems.props;/usr/share/dotnet/sdk/2.2.101/Sdks/Microsoft.NET.Sdk/targets/Microsoft.NET.SupportedTargetFrameworks.props;/usr/share/dotnet/sdk/2.2.101/Sdks/Microsoft.NET.Sdk/targets/Microsoft.NET.Sdk.FSharp.props") at /usr/share/dotnet/sdk/2.2.101/FSharp/Microsoft.FSharp.NetSdk.props (16,5)
       Property reassignment: $(MSBuildAllProjects)=";/usr/share/dotnet/sdk/2.2.101/Sdks/Microsoft.NET.Sdk/Sdk/Sdk.props;/home/mdegallaix/Projects/yaml-parser/yaml-parser/obj/yaml-parser.fsproj.nuget.g.props;/home/mdegallaix/Projects/yaml-parser/yaml-parser/obj/yaml-parser.fsproj.paket.props;/usr/share/dotnet/sdk/2.2.101/Sdks/Microsoft.NET.Sdk/targets/Microsoft.NET.Sdk.props;/usr/share/dotnet/sdk/2.2.101/Sdks/Microsoft.NET.Sdk/targets/Microsoft.NET.Sdk.DefaultItems.props;/usr/share/dotnet/sdk/2.2.101/Sdks/Microsoft.NET.Sdk/targets/Microsoft.NET.SupportedTargetFrameworks.props;/usr/share/dotnet/sdk/2.2.101/Sdks/Microsoft.NET.Sdk/targets/Microsoft.NET.Sdk.FSharp.props;/usr/share/dotnet/sdk/2.2.101/FSharp/Microsoft.FSharp.NetSdk.props;/home/mdegallaix/Projects/yaml-parser/.paket/Paket.Restore.targets" (previous value: ";/usr/share/dotnet/sdk/2.2.101/Sdks/Microsoft.NET.Sdk/Sdk/Sdk.props;/home/mdegallaix/Projects/yaml-parser/yaml-parser/obj/yaml-parser.fsproj.nuget.g.props;/home/mdegallaix/Projects/yaml-parser/yaml-parser/obj/yaml-parser.fsproj.paket.props;/usr/share/dotnet/sdk/2.2.101/Sdks/Microsoft.NET.Sdk/targets/Microsoft.NET.Sdk.props;/usr/share/dotnet/sdk/2.2.101/Sdks/Microsoft.NET.Sdk/targets/Microsoft.NET.Sdk.DefaultItems.props;/usr/share/dotnet/sdk/2.2.101/Sdks/Microsoft.NET.Sdk/targets/Microsoft.NET.SupportedTargetFrameworks.props;/usr/share/dotnet/sdk/2.2.101/Sdks/Microsoft.NET.Sdk/targets/Microsoft.NET.Sdk.FSharp.props;/usr/share/dotnet/sdk/2.2.101/FSharp/Microsoft.FSharp.NetSdk.props") at /home/mdegallaix/Projects/yaml-parser/.paket/Paket.Restore.targets (7,5)
       Property reassignment: $(MSBuildAllProjects)=";/usr/share/dotnet/sdk/2.2.101/Sdks/Microsoft.NET.Sdk/Sdk/Sdk.props;/home/mdegallaix/Projects/yaml-parser/yaml-parser/obj/yaml-parser.fsproj.nuget.g.props;/home/mdegallaix/Projects/yaml-parser/yaml-parser/obj/yaml-parser.fsproj.paket.props;/usr/share/dotnet/sdk/2.2.101/Sdks/Microsoft.NET.Sdk/targets/Microsoft.NET.Sdk.props;/usr/share/dotnet/sdk/2.2.101/Sdks/Microsoft.NET.Sdk/targets/Microsoft.NET.Sdk.DefaultItems.props;/usr/share/dotnet/sdk/2.2.101/Sdks/Microsoft.NET.Sdk/targets/Microsoft.NET.SupportedTargetFrameworks.props;/usr/share/dotnet/sdk/2.2.101/Sdks/Microsoft.NET.Sdk/targets/Microsoft.NET.Sdk.FSharp.props;/usr/share/dotnet/sdk/2.2.101/FSharp/Microsoft.FSharp.NetSdk.props;/home/mdegallaix/Projects/yaml-parser/.paket/Paket.Restore.targets;/usr/share/dotnet/sdk/2.2.101/Sdks/Microsoft.NET.Sdk/Sdk/Sdk.targets" (previous value: ";/usr/share/dotnet/sdk/2.2.101/Sdks/Microsoft.NET.Sdk/Sdk/Sdk.props;/home/mdegallaix/Projects/yaml-parser/yaml-parser/obj/yaml-parser.fsproj.nuget.g.props;/home/mdegallaix/Projects/yaml-parser/yaml-parser/obj/yaml-parser.fsproj.paket.props;/usr/share/dotnet/sdk/2.2.101/Sdks/Microsoft.NET.Sdk/targets/Microsoft.NET.Sdk.props;/usr/share/dotnet/sdk/2.2.101/Sdks/Microsoft.NET.Sdk/targets/Microsoft.NET.Sdk.DefaultItems.props;/usr/share/dotnet/sdk/2.2.101/Sdks/Microsoft.NET.Sdk/targets/Microsoft.NET.SupportedTargetFrameworks.props;/usr/share/dotnet/sdk/2.2.101/Sdks/Microsoft.NET.Sdk/targets/Microsoft.NET.Sdk.FSharp.props;/usr/share/dotnet/sdk/2.2.101/FSharp/Microsoft.FSharp.NetSdk.props;/home/mdegallaix/Projects/yaml-parser/.paket/Paket.Restore.targets") at /usr/share/dotnet/sdk/2.2.101/Sdks/Microsoft.NET.Sdk/Sdk/Sdk.targets (15,5)
       Property reassignment: $(MSBuildAllProjects)=";/usr/share/dotnet/sdk/2.2.101/Sdks/Microsoft.NET.Sdk/Sdk/Sdk.props;/home/mdegallaix/Projects/yaml-parser/yaml-parser/obj/yaml-parser.fsproj.nuget.g.props;/home/mdegallaix/Projects/yaml-parser/yaml-parser/obj/yaml-parser.fsproj.paket.props;/usr/share/dotnet/sdk/2.2.101/Sdks/Microsoft.NET.Sdk/targets/Microsoft.NET.Sdk.props;/usr/share/dotnet/sdk/2.2.101/Sdks/Microsoft.NET.Sdk/targets/Microsoft.NET.Sdk.DefaultItems.props;/usr/share/dotnet/sdk/2.2.101/Sdks/Microsoft.NET.Sdk/targets/Microsoft.NET.SupportedTargetFrameworks.props;/usr/share/dotnet/sdk/2.2.101/Sdks/Microsoft.NET.Sdk/targets/Microsoft.NET.Sdk.FSharp.props;/usr/share/dotnet/sdk/2.2.101/FSharp/Microsoft.FSharp.NetSdk.props;/home/mdegallaix/Projects/yaml-parser/.paket/Paket.Restore.targets;/usr/share/dotnet/sdk/2.2.101/Sdks/Microsoft.NET.Sdk/Sdk/Sdk.targets;/usr/share/dotnet/sdk/2.2.101/Sdks/Microsoft.NET.Sdk/targets/Microsoft.NET.Sdk.BeforeCommon.targets" (previous value: ";/usr/share/dotnet/sdk/2.2.101/Sdks/Microsoft.NET.Sdk/Sdk/Sdk.props;/home/mdegallaix/Projects/yaml-parser/yaml-parser/obj/yaml-parser.fsproj.nuget.g.props;/home/mdegallaix/Projects/yaml-parser/yaml-parser/obj/yaml-parser.fsproj.paket.props;/usr/share/dotnet/sdk/2.2.101/Sdks/Microsoft.NET.Sdk/targets/Microsoft.NET.Sdk.props;/usr/share/dotnet/sdk/2.2.101/Sdks/Microsoft.NET.Sdk/targets/Microsoft.NET.Sdk.DefaultItems.props;/usr/share/dotnet/sdk/2.2.101/Sdks/Microsoft.NET.Sdk/targets/Microsoft.NET.SupportedTargetFrameworks.props;/usr/share/dotnet/sdk/2.2.101/Sdks/Microsoft.NET.Sdk/targets/Microsoft.NET.Sdk.FSharp.props;/usr/share/dotnet/sdk/2.2.101/FSharp/Microsoft.FSharp.NetSdk.props;/home/mdegallaix/Projects/yaml-parser/.paket/Paket.Restore.targets;/usr/share/dotnet/sdk/2.2.101/Sdks/Microsoft.NET.Sdk/Sdk/Sdk.targets") at /usr/share/dotnet/sdk/2.2.101/Sdks/Microsoft.NET.Sdk/targets/Microsoft.NET.Sdk.BeforeCommon.targets (15,5)
       Property reassignment: $(MSBuildAllProjects)=";/usr/share/dotnet/sdk/2.2.101/Sdks/Microsoft.NET.Sdk/Sdk/Sdk.props;/home/mdegallaix/Projects/yaml-parser/yaml-parser/obj/yaml-parser.fsproj.nuget.g.props;/home/mdegallaix/Projects/yaml-parser/yaml-parser/obj/yaml-parser.fsproj.paket.props;/usr/share/dotnet/sdk/2.2.101/Sdks/Microsoft.NET.Sdk/targets/Microsoft.NET.Sdk.props;/usr/share/dotnet/sdk/2.2.101/Sdks/Microsoft.NET.Sdk/targets/Microsoft.NET.Sdk.DefaultItems.props;/usr/share/dotnet/sdk/2.2.101/Sdks/Microsoft.NET.Sdk/targets/Microsoft.NET.SupportedTargetFrameworks.props;/usr/share/dotnet/sdk/2.2.101/Sdks/Microsoft.NET.Sdk/targets/Microsoft.NET.Sdk.FSharp.props;/usr/share/dotnet/sdk/2.2.101/FSharp/Microsoft.FSharp.NetSdk.props;/home/mdegallaix/Projects/yaml-parser/.paket/Paket.Restore.targets;/usr/share/dotnet/sdk/2.2.101/Sdks/Microsoft.NET.Sdk/Sdk/Sdk.targets;/usr/share/dotnet/sdk/2.2.101/Sdks/Microsoft.NET.Sdk/targets/Microsoft.NET.Sdk.BeforeCommon.targets;/usr/share/dotnet/sdk/2.2.101/Sdks/Microsoft.NET.Sdk/targets/Microsoft.NET.DefaultAssemblyInfo.targets" (previous value: ";/usr/share/dotnet/sdk/2.2.101/Sdks/Microsoft.NET.Sdk/Sdk/Sdk.props;/home/mdegallaix/Projects/yaml-parser/yaml-parser/obj/yaml-parser.fsproj.nuget.g.props;/home/mdegallaix/Projects/yaml-parser/yaml-parser/obj/yaml-parser.fsproj.paket.props;/usr/share/dotnet/sdk/2.2.101/Sdks/Microsoft.NET.Sdk/targets/Microsoft.NET.Sdk.props;/usr/share/dotnet/sdk/2.2.101/Sdks/Microsoft.NET.Sdk/targets/Microsoft.NET.Sdk.DefaultItems.props;/usr/share/dotnet/sdk/2.2.101/Sdks/Microsoft.NET.Sdk/targets/Microsoft.NET.SupportedTargetFrameworks.props;/usr/share/dotnet/sdk/2.2.101/Sdks/Microsoft.NET.Sdk/targets/Microsoft.NET.Sdk.FSharp.props;/usr/share/dotnet/sdk/2.2.101/FSharp/Microsoft.FSharp.NetSdk.props;/home/mdegallaix/Projects/yaml-parser/.paket/Paket.Restore.targets;/usr/share/dotnet/sdk/2.2.101/Sdks/Microsoft.NET.Sdk/Sdk/Sdk.targets;/usr/share/dotnet/sdk/2.2.101/Sdks/Microsoft.NET.Sdk/targets/Microsoft.NET.Sdk.BeforeCommon.targets") at /usr/share/dotnet/sdk/2.2.101/Sdks/Microsoft.NET.Sdk/targets/Microsoft.NET.DefaultAssemblyInfo.targets (15,5)
       Property reassignment: $(MSBuildAllProjects)=";/usr/share/dotnet/sdk/2.2.101/Sdks/Microsoft.NET.Sdk/Sdk/Sdk.props;/home/mdegallaix/Projects/yaml-parser/yaml-parser/obj/yaml-parser.fsproj.nuget.g.props;/home/mdegallaix/Projects/yaml-parser/yaml-parser/obj/yaml-parser.fsproj.paket.props;/usr/share/dotnet/sdk/2.2.101/Sdks/Microsoft.NET.Sdk/targets/Microsoft.NET.Sdk.props;/usr/share/dotnet/sdk/2.2.101/Sdks/Microsoft.NET.Sdk/targets/Microsoft.NET.Sdk.DefaultItems.props;/usr/share/dotnet/sdk/2.2.101/Sdks/Microsoft.NET.Sdk/targets/Microsoft.NET.SupportedTargetFrameworks.props;/usr/share/dotnet/sdk/2.2.101/Sdks/Microsoft.NET.Sdk/targets/Microsoft.NET.Sdk.FSharp.props;/usr/share/dotnet/sdk/2.2.101/FSharp/Microsoft.FSharp.NetSdk.props;/home/mdegallaix/Projects/yaml-parser/.paket/Paket.Restore.targets;/usr/share/dotnet/sdk/2.2.101/Sdks/Microsoft.NET.Sdk/Sdk/Sdk.targets;/usr/share/dotnet/sdk/2.2.101/Sdks/Microsoft.NET.Sdk/targets/Microsoft.NET.Sdk.BeforeCommon.targets;/usr/share/dotnet/sdk/2.2.101/Sdks/Microsoft.NET.Sdk/targets/Microsoft.NET.DefaultAssemblyInfo.targets;/usr/share/dotnet/sdk/2.2.101/Sdks/Microsoft.NET.Sdk/targets/Microsoft.NET.DefaultOutputPaths.targets" (previous value: ";/usr/share/dotnet/sdk/2.2.101/Sdks/Microsoft.NET.Sdk/Sdk/Sdk.props;/home/mdegallaix/Projects/yaml-parser/yaml-parser/obj/yaml-parser.fsproj.nuget.g.props;/home/mdegallaix/Projects/yaml-parser/yaml-parser/obj/yaml-parser.fsproj.paket.props;/usr/share/dotnet/sdk/2.2.101/Sdks/Microsoft.NET.Sdk/targets/Microsoft.NET.Sdk.props;/usr/share/dotnet/sdk/2.2.101/Sdks/Microsoft.NET.Sdk/targets/Microsoft.NET.Sdk.DefaultItems.props;/usr/share/dotnet/sdk/2.2.101/Sdks/Microsoft.NET.Sdk/targets/Microsoft.NET.SupportedTargetFrameworks.props;/usr/share/dotnet/sdk/2.2.101/Sdks/Microsoft.NET.Sdk/targets/Microsoft.NET.Sdk.FSharp.props;/usr/share/dotnet/sdk/2.2.101/FSharp/Microsoft.FSharp.NetSdk.props;/home/mdegallaix/Projects/yaml-parser/.paket/Paket.Restore.targets;/usr/share/dotnet/sdk/2.2.101/Sdks/Microsoft.NET.Sdk/Sdk/Sdk.targets;/usr/share/dotnet/sdk/2.2.101/Sdks/Microsoft.NET.Sdk/targets/Microsoft.NET.Sdk.BeforeCommon.targets;/usr/share/dotnet/sdk/2.2.101/Sdks/Microsoft.NET.Sdk/targets/Microsoft.NET.DefaultAssemblyInfo.targets") at /usr/share/dotnet/sdk/2.2.101/Sdks/Microsoft.NET.Sdk/targets/Microsoft.NET.DefaultOutputPaths.targets (27,5)
       Property reassignment: $(MSBuildAllProjects)=";/usr/share/dotnet/sdk/2.2.101/Sdks/Microsoft.NET.Sdk/Sdk/Sdk.props;/home/mdegallaix/Projects/yaml-parser/yaml-parser/obj/yaml-parser.fsproj.nuget.g.props;/home/mdegallaix/Projects/yaml-parser/yaml-parser/obj/yaml-parser.fsproj.paket.props;/usr/share/dotnet/sdk/2.2.101/Sdks/Microsoft.NET.Sdk/targets/Microsoft.NET.Sdk.props;/usr/share/dotnet/sdk/2.2.101/Sdks/Microsoft.NET.Sdk/targets/Microsoft.NET.Sdk.DefaultItems.props;/usr/share/dotnet/sdk/2.2.101/Sdks/Microsoft.NET.Sdk/targets/Microsoft.NET.SupportedTargetFrameworks.props;/usr/share/dotnet/sdk/2.2.101/Sdks/Microsoft.NET.Sdk/targets/Microsoft.NET.Sdk.FSharp.props;/usr/share/dotnet/sdk/2.2.101/FSharp/Microsoft.FSharp.NetSdk.props;/home/mdegallaix/Projects/yaml-parser/.paket/Paket.Restore.targets;/usr/share/dotnet/sdk/2.2.101/Sdks/Microsoft.NET.Sdk/Sdk/Sdk.targets;/usr/share/dotnet/sdk/2.2.101/Sdks/Microsoft.NET.Sdk/targets/Microsoft.NET.Sdk.BeforeCommon.targets;/usr/share/dotnet/sdk/2.2.101/Sdks/Microsoft.NET.Sdk/targets/Microsoft.NET.DefaultAssemblyInfo.targets;/usr/share/dotnet/sdk/2.2.101/Sdks/Microsoft.NET.Sdk/targets/Microsoft.NET.DefaultOutputPaths.targets;/usr/share/dotnet/sdk/2.2.101/Sdks/Microsoft.NET.Sdk/targets/Microsoft.NET.TargetFrameworkInference.targets" (previous value: ";/usr/share/dotnet/sdk/2.2.101/Sdks/Microsoft.NET.Sdk/Sdk/Sdk.props;/home/mdegallaix/Projects/yaml-parser/yaml-parser/obj/yaml-parser.fsproj.nuget.g.props;/home/mdegallaix/Projects/yaml-parser/yaml-parser/obj/yaml-parser.fsproj.paket.props;/usr/share/dotnet/sdk/2.2.101/Sdks/Microsoft.NET.Sdk/targets/Microsoft.NET.Sdk.props;/usr/share/dotnet/sdk/2.2.101/Sdks/Microsoft.NET.Sdk/targets/Microsoft.NET.Sdk.DefaultItems.props;/usr/share/dotnet/sdk/2.2.101/Sdks/Microsoft.NET.Sdk/targets/Microsoft.NET.SupportedTargetFrameworks.props;/usr/share/dotnet/sdk/2.2.101/Sdks/Microsoft.NET.Sdk/targets/Microsoft.NET.Sdk.FSharp.props;/usr/share/dotnet/sdk/2.2.101/FSharp/Microsoft.FSharp.NetSdk.props;/home/mdegallaix/Projects/yaml-parser/.paket/Paket.Restore.targets;/usr/share/dotnet/sdk/2.2.101/Sdks/Microsoft.NET.Sdk/Sdk/Sdk.targets;/usr/share/dotnet/sdk/2.2.101/Sdks/Microsoft.NET.Sdk/targets/Microsoft.NET.Sdk.BeforeCommon.targets;/usr/share/dotnet/sdk/2.2.101/Sdks/Microsoft.NET.Sdk/targets/Microsoft.NET.DefaultAssemblyInfo.targets;/usr/share/dotnet/sdk/2.2.101/Sdks/Microsoft.NET.Sdk/targets/Microsoft.NET.DefaultOutputPaths.targets") at /usr/share/dotnet/sdk/2.2.101/Sdks/Microsoft.NET.Sdk/targets/Microsoft.NET.TargetFrameworkInference.targets (46,5)
       Property reassignment: $(DefaultItemExcludes)=";bin\Debug\/**;obj\Debug\/**" (previous value: ";bin\Debug\/**") at /usr/share/dotnet/sdk/2.2.101/Sdks/Microsoft.NET.Sdk/targets/Microsoft.NET.TargetFrameworkInference.targets (166,5)
       Property reassignment: $(IntermediateOutputPath)="obj\Debug\netstandard1.6\" (previous value: "obj\Debug\") at /usr/share/dotnet/sdk/2.2.101/Sdks/Microsoft.NET.Sdk/targets/Microsoft.NET.TargetFrameworkInference.targets (178,5)
       Property reassignment: $(OutputPath)="bin\Debug\netstandard1.6\" (previous value: "bin\Debug\") at /usr/share/dotnet/sdk/2.2.101/Sdks/Microsoft.NET.Sdk/targets/Microsoft.NET.TargetFrameworkInference.targets (179,5)
       Property reassignment: $(MSBuildAllProjects)=";/usr/share/dotnet/sdk/2.2.101/Sdks/Microsoft.NET.Sdk/Sdk/Sdk.props;/home/mdegallaix/Projects/yaml-parser/yaml-parser/obj/yaml-parser.fsproj.nuget.g.props;/home/mdegallaix/Projects/yaml-parser/yaml-parser/obj/yaml-parser.fsproj.paket.props;/usr/share/dotnet/sdk/2.2.101/Sdks/Microsoft.NET.Sdk/targets/Microsoft.NET.Sdk.props;/usr/share/dotnet/sdk/2.2.101/Sdks/Microsoft.NET.Sdk/targets/Microsoft.NET.Sdk.DefaultItems.props;/usr/share/dotnet/sdk/2.2.101/Sdks/Microsoft.NET.Sdk/targets/Microsoft.NET.SupportedTargetFrameworks.props;/usr/share/dotnet/sdk/2.2.101/Sdks/Microsoft.NET.Sdk/targets/Microsoft.NET.Sdk.FSharp.props;/usr/share/dotnet/sdk/2.2.101/FSharp/Microsoft.FSharp.NetSdk.props;/home/mdegallaix/Projects/yaml-parser/.paket/Paket.Restore.targets;/usr/share/dotnet/sdk/2.2.101/Sdks/Microsoft.NET.Sdk/Sdk/Sdk.targets;/usr/share/dotnet/sdk/2.2.101/Sdks/Microsoft.NET.Sdk/targets/Microsoft.NET.Sdk.BeforeCommon.targets;/usr/share/dotnet/sdk/2.2.101/Sdks/Microsoft.NET.Sdk/targets/Microsoft.NET.DefaultAssemblyInfo.targets;/usr/share/dotnet/sdk/2.2.101/Sdks/Microsoft.NET.Sdk/targets/Microsoft.NET.DefaultOutputPaths.targets;/usr/share/dotnet/sdk/2.2.101/Sdks/Microsoft.NET.Sdk/targets/Microsoft.NET.TargetFrameworkInference.targets;/usr/share/dotnet/sdk/2.2.101/Sdks/Microsoft.NET.Sdk/targets/Microsoft.NET.RuntimeIdentifierInference.targets" (previous value: ";/usr/share/dotnet/sdk/2.2.101/Sdks/Microsoft.NET.Sdk/Sdk/Sdk.props;/home/mdegallaix/Projects/yaml-parser/yaml-parser/obj/yaml-parser.fsproj.nuget.g.props;/home/mdegallaix/Projects/yaml-parser/yaml-parser/obj/yaml-parser.fsproj.paket.props;/usr/share/dotnet/sdk/2.2.101/Sdks/Microsoft.NET.Sdk/targets/Microsoft.NET.Sdk.props;/usr/share/dotnet/sdk/2.2.101/Sdks/Microsoft.NET.Sdk/targets/Microsoft.NET.Sdk.DefaultItems.props;/usr/share/dotnet/sdk/2.2.101/Sdks/Microsoft.NET.Sdk/targets/Microsoft.NET.SupportedTargetFrameworks.props;/usr/share/dotnet/sdk/2.2.101/Sdks/Microsoft.NET.Sdk/targets/Microsoft.NET.Sdk.FSharp.props;/usr/share/dotnet/sdk/2.2.101/FSharp/Microsoft.FSharp.NetSdk.props;/home/mdegallaix/Projects/yaml-parser/.paket/Paket.Restore.targets;/usr/share/dotnet/sdk/2.2.101/Sdks/Microsoft.NET.Sdk/Sdk/Sdk.targets;/usr/share/dotnet/sdk/2.2.101/Sdks/Microsoft.NET.Sdk/targets/Microsoft.NET.Sdk.BeforeCommon.targets;/usr/share/dotnet/sdk/2.2.101/Sdks/Microsoft.NET.Sdk/targets/Microsoft.NET.DefaultAssemblyInfo.targets;/usr/share/dotnet/sdk/2.2.101/Sdks/Microsoft.NET.Sdk/targets/Microsoft.NET.DefaultOutputPaths.targets;/usr/share/dotnet/sdk/2.2.101/Sdks/Microsoft.NET.Sdk/targets/Microsoft.NET.TargetFrameworkInference.targets") at /usr/share/dotnet/sdk/2.2.101/Sdks/Microsoft.NET.Sdk/targets/Microsoft.NET.RuntimeIdentifierInference.targets (15,5)
       Property reassignment: $(MSBuildAllProjects)=";/usr/share/dotnet/sdk/2.2.101/Sdks/Microsoft.NET.Sdk/Sdk/Sdk.props;/home/mdegallaix/Projects/yaml-parser/yaml-parser/obj/yaml-parser.fsproj.nuget.g.props;/home/mdegallaix/Projects/yaml-parser/yaml-parser/obj/yaml-parser.fsproj.paket.props;/usr/share/dotnet/sdk/2.2.101/Sdks/Microsoft.NET.Sdk/targets/Microsoft.NET.Sdk.props;/usr/share/dotnet/sdk/2.2.101/Sdks/Microsoft.NET.Sdk/targets/Microsoft.NET.Sdk.DefaultItems.props;/usr/share/dotnet/sdk/2.2.101/Sdks/Microsoft.NET.Sdk/targets/Microsoft.NET.SupportedTargetFrameworks.props;/usr/share/dotnet/sdk/2.2.101/Sdks/Microsoft.NET.Sdk/targets/Microsoft.NET.Sdk.FSharp.props;/usr/share/dotnet/sdk/2.2.101/FSharp/Microsoft.FSharp.NetSdk.props;/home/mdegallaix/Projects/yaml-parser/.paket/Paket.Restore.targets;/usr/share/dotnet/sdk/2.2.101/Sdks/Microsoft.NET.Sdk/Sdk/Sdk.targets;/usr/share/dotnet/sdk/2.2.101/Sdks/Microsoft.NET.Sdk/targets/Microsoft.NET.Sdk.BeforeCommon.targets;/usr/share/dotnet/sdk/2.2.101/Sdks/Microsoft.NET.Sdk/targets/Microsoft.NET.DefaultAssemblyInfo.targets;/usr/share/dotnet/sdk/2.2.101/Sdks/Microsoft.NET.Sdk/targets/Microsoft.NET.DefaultOutputPaths.targets;/usr/share/dotnet/sdk/2.2.101/Sdks/Microsoft.NET.Sdk/targets/Microsoft.NET.TargetFrameworkInference.targets;/usr/share/dotnet/sdk/2.2.101/Sdks/Microsoft.NET.Sdk/targets/Microsoft.NET.RuntimeIdentifierInference.targets;/usr/share/dotnet/sdk/2.2.101/Sdks/Microsoft.NET.Sdk/targets/Microsoft.NET.NuGetOfflineCache.targets" (previous value: ";/usr/share/dotnet/sdk/2.2.101/Sdks/Microsoft.NET.Sdk/Sdk/Sdk.props;/home/mdegallaix/Projects/yaml-parser/yaml-parser/obj/yaml-parser.fsproj.nuget.g.props;/home/mdegallaix/Projects/yaml-parser/yaml-parser/obj/yaml-parser.fsproj.paket.props;/usr/share/dotnet/sdk/2.2.101/Sdks/Microsoft.NET.Sdk/targets/Microsoft.NET.Sdk.props;/usr/share/dotnet/sdk/2.2.101/Sdks/Microsoft.NET.Sdk/targets/Microsoft.NET.Sdk.DefaultItems.props;/usr/share/dotnet/sdk/2.2.101/Sdks/Microsoft.NET.Sdk/targets/Microsoft.NET.SupportedTargetFrameworks.props;/usr/share/dotnet/sdk/2.2.101/Sdks/Microsoft.NET.Sdk/targets/Microsoft.NET.Sdk.FSharp.props;/usr/share/dotnet/sdk/2.2.101/FSharp/Microsoft.FSharp.NetSdk.props;/home/mdegallaix/Projects/yaml-parser/.paket/Paket.Restore.targets;/usr/share/dotnet/sdk/2.2.101/Sdks/Microsoft.NET.Sdk/Sdk/Sdk.targets;/usr/share/dotnet/sdk/2.2.101/Sdks/Microsoft.NET.Sdk/targets/Microsoft.NET.Sdk.BeforeCommon.targets;/usr/share/dotnet/sdk/2.2.101/Sdks/Microsoft.NET.Sdk/targets/Microsoft.NET.DefaultAssemblyInfo.targets;/usr/share/dotnet/sdk/2.2.101/Sdks/Microsoft.NET.Sdk/targets/Microsoft.NET.DefaultOutputPaths.targets;/usr/share/dotnet/sdk/2.2.101/Sdks/Microsoft.NET.Sdk/targets/Microsoft.NET.TargetFrameworkInference.targets;/usr/share/dotnet/sdk/2.2.101/Sdks/Microsoft.NET.Sdk/targets/Microsoft.NET.RuntimeIdentifierInference.targets") at /usr/share/dotnet/sdk/2.2.101/Sdks/Microsoft.NET.Sdk/targets/Microsoft.NET.NuGetOfflineCache.targets (15,5)
       Property reassignment: $(_FrameworkVersionForImplicitDefine)="1_6" (previous value: "1.6") at /usr/share/dotnet/sdk/2.2.101/Sdks/Microsoft.NET.Sdk/targets/Microsoft.NET.Sdk.BeforeCommon.targets (156,5)
       Property reassignment: $(MSBuildAllProjects)=";/usr/share/dotnet/sdk/2.2.101/Sdks/Microsoft.NET.Sdk/Sdk/Sdk.props;/home/mdegallaix/Projects/yaml-parser/yaml-parser/obj/yaml-parser.fsproj.nuget.g.props;/home/mdegallaix/Projects/yaml-parser/yaml-parser/obj/yaml-parser.fsproj.paket.props;/usr/share/dotnet/sdk/2.2.101/Sdks/Microsoft.NET.Sdk/targets/Microsoft.NET.Sdk.props;/usr/share/dotnet/sdk/2.2.101/Sdks/Microsoft.NET.Sdk/targets/Microsoft.NET.Sdk.DefaultItems.props;/usr/share/dotnet/sdk/2.2.101/Sdks/Microsoft.NET.Sdk/targets/Microsoft.NET.SupportedTargetFrameworks.props;/usr/share/dotnet/sdk/2.2.101/Sdks/Microsoft.NET.Sdk/targets/Microsoft.NET.Sdk.FSharp.props;/usr/share/dotnet/sdk/2.2.101/FSharp/Microsoft.FSharp.NetSdk.props;/home/mdegallaix/Projects/yaml-parser/.paket/Paket.Restore.targets;/usr/share/dotnet/sdk/2.2.101/Sdks/Microsoft.NET.Sdk/Sdk/Sdk.targets;/usr/share/dotnet/sdk/2.2.101/Sdks/Microsoft.NET.Sdk/targets/Microsoft.NET.Sdk.BeforeCommon.targets;/usr/share/dotnet/sdk/2.2.101/Sdks/Microsoft.NET.Sdk/targets/Microsoft.NET.DefaultAssemblyInfo.targets;/usr/share/dotnet/sdk/2.2.101/Sdks/Microsoft.NET.Sdk/targets/Microsoft.NET.DefaultOutputPaths.targets;/usr/share/dotnet/sdk/2.2.101/Sdks/Microsoft.NET.Sdk/targets/Microsoft.NET.TargetFrameworkInference.targets;/usr/share/dotnet/sdk/2.2.101/Sdks/Microsoft.NET.Sdk/targets/Microsoft.NET.RuntimeIdentifierInference.targets;/usr/share/dotnet/sdk/2.2.101/Sdks/Microsoft.NET.Sdk/targets/Microsoft.NET.NuGetOfflineCache.targets;/usr/share/dotnet/sdk/2.2.101/Sdks/Microsoft.NET.Sdk/targets/Microsoft.NET.Sdk.FSharpTargetsShim.targets" (previous value: ";/usr/share/dotnet/sdk/2.2.101/Sdks/Microsoft.NET.Sdk/Sdk/Sdk.props;/home/mdegallaix/Projects/yaml-parser/yaml-parser/obj/yaml-parser.fsproj.nuget.g.props;/home/mdegallaix/Projects/yaml-parser/yaml-parser/obj/yaml-parser.fsproj.paket.props;/usr/share/dotnet/sdk/2.2.101/Sdks/Microsoft.NET.Sdk/targets/Microsoft.NET.Sdk.props;/usr/share/dotnet/sdk/2.2.101/Sdks/Microsoft.NET.Sdk/targets/Microsoft.NET.Sdk.DefaultItems.props;/usr/share/dotnet/sdk/2.2.101/Sdks/Microsoft.NET.Sdk/targets/Microsoft.NET.SupportedTargetFrameworks.props;/usr/share/dotnet/sdk/2.2.101/Sdks/Microsoft.NET.Sdk/targets/Microsoft.NET.Sdk.FSharp.props;/usr/share/dotnet/sdk/2.2.101/FSharp/Microsoft.FSharp.NetSdk.props;/home/mdegallaix/Projects/yaml-parser/.paket/Paket.Restore.targets;/usr/share/dotnet/sdk/2.2.101/Sdks/Microsoft.NET.Sdk/Sdk/Sdk.targets;/usr/share/dotnet/sdk/2.2.101/Sdks/Microsoft.NET.Sdk/targets/Microsoft.NET.Sdk.BeforeCommon.targets;/usr/share/dotnet/sdk/2.2.101/Sdks/Microsoft.NET.Sdk/targets/Microsoft.NET.DefaultAssemblyInfo.targets;/usr/share/dotnet/sdk/2.2.101/Sdks/Microsoft.NET.Sdk/targets/Microsoft.NET.DefaultOutputPaths.targets;/usr/share/dotnet/sdk/2.2.101/Sdks/Microsoft.NET.Sdk/targets/Microsoft.NET.TargetFrameworkInference.targets;/usr/share/dotnet/sdk/2.2.101/Sdks/Microsoft.NET.Sdk/targets/Microsoft.NET.RuntimeIdentifierInference.targets;/usr/share/dotnet/sdk/2.2.101/Sdks/Microsoft.NET.Sdk/targets/Microsoft.NET.NuGetOfflineCache.targets") at /usr/share/dotnet/sdk/2.2.101/Sdks/Microsoft.NET.Sdk/targets/Microsoft.NET.Sdk.FSharpTargetsShim.targets (16,6)
       Property reassignment: $(DefineConstants)="TRACE;DEBUG" (previous value: "TRACE") at /usr/share/dotnet/sdk/2.2.101/Sdks/Microsoft.NET.Sdk/targets/Microsoft.NET.Sdk.FSharpTargetsShim.targets (37,5)
       Property reassignment: $(MSBuildAllProjects)=";/usr/share/dotnet/sdk/2.2.101/Sdks/Microsoft.NET.Sdk/Sdk/Sdk.props;/home/mdegallaix/Projects/yaml-parser/yaml-parser/obj/yaml-parser.fsproj.nuget.g.props;/home/mdegallaix/Projects/yaml-parser/yaml-parser/obj/yaml-parser.fsproj.paket.props;/usr/share/dotnet/sdk/2.2.101/Sdks/Microsoft.NET.Sdk/targets/Microsoft.NET.Sdk.props;/usr/share/dotnet/sdk/2.2.101/Sdks/Microsoft.NET.Sdk/targets/Microsoft.NET.Sdk.DefaultItems.props;/usr/share/dotnet/sdk/2.2.101/Sdks/Microsoft.NET.Sdk/targets/Microsoft.NET.SupportedTargetFrameworks.props;/usr/share/dotnet/sdk/2.2.101/Sdks/Microsoft.NET.Sdk/targets/Microsoft.NET.Sdk.FSharp.props;/usr/share/dotnet/sdk/2.2.101/FSharp/Microsoft.FSharp.NetSdk.props;/home/mdegallaix/Projects/yaml-parser/.paket/Paket.Restore.targets;/usr/share/dotnet/sdk/2.2.101/Sdks/Microsoft.NET.Sdk/Sdk/Sdk.targets;/usr/share/dotnet/sdk/2.2.101/Sdks/Microsoft.NET.Sdk/targets/Microsoft.NET.Sdk.BeforeCommon.targets;/usr/share/dotnet/sdk/2.2.101/Sdks/Microsoft.NET.Sdk/targets/Microsoft.NET.DefaultAssemblyInfo.targets;/usr/share/dotnet/sdk/2.2.101/Sdks/Microsoft.NET.Sdk/targets/Microsoft.NET.DefaultOutputPaths.targets;/usr/share/dotnet/sdk/2.2.101/Sdks/Microsoft.NET.Sdk/targets/Microsoft.NET.TargetFrameworkInference.targets;/usr/share/dotnet/sdk/2.2.101/Sdks/Microsoft.NET.Sdk/targets/Microsoft.NET.RuntimeIdentifierInference.targets;/usr/share/dotnet/sdk/2.2.101/Sdks/Microsoft.NET.Sdk/targets/Microsoft.NET.NuGetOfflineCache.targets;/usr/share/dotnet/sdk/2.2.101/Sdks/Microsoft.NET.Sdk/targets/Microsoft.NET.Sdk.FSharpTargetsShim.targets;/usr/share/dotnet/sdk/2.2.101/FSharp/Microsoft.FSharp.NetSdk.targets" (previous value: ";/usr/share/dotnet/sdk/2.2.101/Sdks/Microsoft.NET.Sdk/Sdk/Sdk.props;/home/mdegallaix/Projects/yaml-parser/yaml-parser/obj/yaml-parser.fsproj.nuget.g.props;/home/mdegallaix/Projects/yaml-parser/yaml-parser/obj/yaml-parser.fsproj.paket.props;/usr/share/dotnet/sdk/2.2.101/Sdks/Microsoft.NET.Sdk/targets/Microsoft.NET.Sdk.props;/usr/share/dotnet/sdk/2.2.101/Sdks/Microsoft.NET.Sdk/targets/Microsoft.NET.Sdk.DefaultItems.props;/usr/share/dotnet/sdk/2.2.101/Sdks/Microsoft.NET.Sdk/targets/Microsoft.NET.SupportedTargetFrameworks.props;/usr/share/dotnet/sdk/2.2.101/Sdks/Microsoft.NET.Sdk/targets/Microsoft.NET.Sdk.FSharp.props;/usr/share/dotnet/sdk/2.2.101/FSharp/Microsoft.FSharp.NetSdk.props;/home/mdegallaix/Projects/yaml-parser/.paket/Paket.Restore.targets;/usr/share/dotnet/sdk/2.2.101/Sdks/Microsoft.NET.Sdk/Sdk/Sdk.targets;/usr/share/dotnet/sdk/2.2.101/Sdks/Microsoft.NET.Sdk/targets/Microsoft.NET.Sdk.BeforeCommon.targets;/usr/share/dotnet/sdk/2.2.101/Sdks/Microsoft.NET.Sdk/targets/Microsoft.NET.DefaultAssemblyInfo.targets;/usr/share/dotnet/sdk/2.2.101/Sdks/Microsoft.NET.Sdk/targets/Microsoft.NET.DefaultOutputPaths.targets;/usr/share/dotnet/sdk/2.2.101/Sdks/Microsoft.NET.Sdk/targets/Microsoft.NET.TargetFrameworkInference.targets;/usr/share/dotnet/sdk/2.2.101/Sdks/Microsoft.NET.Sdk/targets/Microsoft.NET.RuntimeIdentifierInference.targets;/usr/share/dotnet/sdk/2.2.101/Sdks/Microsoft.NET.Sdk/targets/Microsoft.NET.NuGetOfflineCache.targets;/usr/share/dotnet/sdk/2.2.101/Sdks/Microsoft.NET.Sdk/targets/Microsoft.NET.Sdk.FSharpTargetsShim.targets") at /usr/share/dotnet/sdk/2.2.101/FSharp/Microsoft.FSharp.NetSdk.targets (17,5)
       Property reassignment: $(MSBuildAllProjects)=";/usr/share/dotnet/sdk/2.2.101/Sdks/Microsoft.NET.Sdk/Sdk/Sdk.props;/home/mdegallaix/Projects/yaml-parser/yaml-parser/obj/yaml-parser.fsproj.nuget.g.props;/home/mdegallaix/Projects/yaml-parser/yaml-parser/obj/yaml-parser.fsproj.paket.props;/usr/share/dotnet/sdk/2.2.101/Sdks/Microsoft.NET.Sdk/targets/Microsoft.NET.Sdk.props;/usr/share/dotnet/sdk/2.2.101/Sdks/Microsoft.NET.Sdk/targets/Microsoft.NET.Sdk.DefaultItems.props;/usr/share/dotnet/sdk/2.2.101/Sdks/Microsoft.NET.Sdk/targets/Microsoft.NET.SupportedTargetFrameworks.props;/usr/share/dotnet/sdk/2.2.101/Sdks/Microsoft.NET.Sdk/targets/Microsoft.NET.Sdk.FSharp.props;/usr/share/dotnet/sdk/2.2.101/FSharp/Microsoft.FSharp.NetSdk.props;/home/mdegallaix/Projects/yaml-parser/.paket/Paket.Restore.targets;/usr/share/dotnet/sdk/2.2.101/Sdks/Microsoft.NET.Sdk/Sdk/Sdk.targets;/usr/share/dotnet/sdk/2.2.101/Sdks/Microsoft.NET.Sdk/targets/Microsoft.NET.Sdk.BeforeCommon.targets;/usr/share/dotnet/sdk/2.2.101/Sdks/Microsoft.NET.Sdk/targets/Microsoft.NET.DefaultAssemblyInfo.targets;/usr/share/dotnet/sdk/2.2.101/Sdks/Microsoft.NET.Sdk/targets/Microsoft.NET.DefaultOutputPaths.targets;/usr/share/dotnet/sdk/2.2.101/Sdks/Microsoft.NET.Sdk/targets/Microsoft.NET.TargetFrameworkInference.targets;/usr/share/dotnet/sdk/2.2.101/Sdks/Microsoft.NET.Sdk/targets/Microsoft.NET.RuntimeIdentifierInference.targets;/usr/share/dotnet/sdk/2.2.101/Sdks/Microsoft.NET.Sdk/targets/Microsoft.NET.NuGetOfflineCache.targets;/usr/share/dotnet/sdk/2.2.101/Sdks/Microsoft.NET.Sdk/targets/Microsoft.NET.Sdk.FSharpTargetsShim.targets;/usr/share/dotnet/sdk/2.2.101/FSharp/Microsoft.FSharp.NetSdk.targets;/usr/share/dotnet/sdk/2.2.101/FSharp/Microsoft.FSharp.Targets" (previous value: ";/usr/share/dotnet/sdk/2.2.101/Sdks/Microsoft.NET.Sdk/Sdk/Sdk.props;/home/mdegallaix/Projects/yaml-parser/yaml-parser/obj/yaml-parser.fsproj.nuget.g.props;/home/mdegallaix/Projects/yaml-parser/yaml-parser/obj/yaml-parser.fsproj.paket.props;/usr/share/dotnet/sdk/2.2.101/Sdks/Microsoft.NET.Sdk/targets/Microsoft.NET.Sdk.props;/usr/share/dotnet/sdk/2.2.101/Sdks/Microsoft.NET.Sdk/targets/Microsoft.NET.Sdk.DefaultItems.props;/usr/share/dotnet/sdk/2.2.101/Sdks/Microsoft.NET.Sdk/targets/Microsoft.NET.SupportedTargetFrameworks.props;/usr/share/dotnet/sdk/2.2.101/Sdks/Microsoft.NET.Sdk/targets/Microsoft.NET.Sdk.FSharp.props;/usr/share/dotnet/sdk/2.2.101/FSharp/Microsoft.FSharp.NetSdk.props;/home/mdegallaix/Projects/yaml-parser/.paket/Paket.Restore.targets;/usr/share/dotnet/sdk/2.2.101/Sdks/Microsoft.NET.Sdk/Sdk/Sdk.targets;/usr/share/dotnet/sdk/2.2.101/Sdks/Microsoft.NET.Sdk/targets/Microsoft.NET.Sdk.BeforeCommon.targets;/usr/share/dotnet/sdk/2.2.101/Sdks/Microsoft.NET.Sdk/targets/Microsoft.NET.DefaultAssemblyInfo.targets;/usr/share/dotnet/sdk/2.2.101/Sdks/Microsoft.NET.Sdk/targets/Microsoft.NET.DefaultOutputPaths.targets;/usr/share/dotnet/sdk/2.2.101/Sdks/Microsoft.NET.Sdk/targets/Microsoft.NET.TargetFrameworkInference.targets;/usr/share/dotnet/sdk/2.2.101/Sdks/Microsoft.NET.Sdk/targets/Microsoft.NET.RuntimeIdentifierInference.targets;/usr/share/dotnet/sdk/2.2.101/Sdks/Microsoft.NET.Sdk/targets/Microsoft.NET.NuGetOfflineCache.targets;/usr/share/dotnet/sdk/2.2.101/Sdks/Microsoft.NET.Sdk/targets/Microsoft.NET.Sdk.FSharpTargetsShim.targets;/usr/share/dotnet/sdk/2.2.101/FSharp/Microsoft.FSharp.NetSdk.targets") at /usr/share/dotnet/sdk/2.2.101/FSharp/Microsoft.FSharp.Targets (21,9)
       Property reassignment: $(MSBuildProjectExtensionsPath)="/home/mdegallaix/Projects/yaml-parser/yaml-parser-tests/obj/" (previous value: "obj\") at /usr/share/dotnet/sdk/2.2.101/15.0/Microsoft.Common.props (60,5)
       Property reassignment: $(MSBuildAllProjects)=";/usr/share/dotnet/sdk/2.2.101/Sdks/Microsoft.NET.Sdk/Sdk/Sdk.props;/home/mdegallaix/Projects/yaml-parser/yaml-parser-tests/obj/yaml-parser-tests.fsproj.nuget.g.props" (previous value: ";/usr/share/dotnet/sdk/2.2.101/Sdks/Microsoft.NET.Sdk/Sdk/Sdk.props") at /home/mdegallaix/Projects/yaml-parser/yaml-parser-tests/obj/yaml-parser-tests.fsproj.nuget.g.props (13,5)
       Property reassignment: $(MSBuildAllProjects)=";/usr/share/dotnet/sdk/2.2.101/Sdks/Microsoft.NET.Sdk/Sdk/Sdk.props;/home/mdegallaix/Projects/yaml-parser/yaml-parser-tests/obj/yaml-parser-tests.fsproj.nuget.g.props;/home/mdegallaix/Projects/yaml-parser/yaml-parser-tests/obj/yaml-parser-tests.fsproj.paket.props" (previous value: ";/usr/share/dotnet/sdk/2.2.101/Sdks/Microsoft.NET.Sdk/Sdk/Sdk.props;/home/mdegallaix/Projects/yaml-parser/yaml-parser-tests/obj/yaml-parser-tests.fsproj.nuget.g.props") at /home/mdegallaix/Projects/yaml-parser/yaml-parser-tests/obj/yaml-parser-tests.fsproj.paket.props (4,9)
       Property reassignment: $(MSBuildAllProjects)=";/usr/share/dotnet/sdk/2.2.101/Sdks/Microsoft.NET.Sdk/Sdk/Sdk.props;/home/mdegallaix/Projects/yaml-parser/yaml-parser-tests/obj/yaml-parser-tests.fsproj.nuget.g.props;/home/mdegallaix/Projects/yaml-parser/yaml-parser-tests/obj/yaml-parser-tests.fsproj.paket.props;/usr/share/dotnet/sdk/2.2.101/Sdks/Microsoft.NET.Sdk/targets/Microsoft.NET.Sdk.props" (previous value: ";/usr/share/dotnet/sdk/2.2.101/Sdks/Microsoft.NET.Sdk/Sdk/Sdk.props;/home/mdegallaix/Projects/yaml-parser/yaml-parser-tests/obj/yaml-parser-tests.fsproj.nuget.g.props;/home/mdegallaix/Projects/yaml-parser/yaml-parser-tests/obj/yaml-parser-tests.fsproj.paket.props") at /usr/share/dotnet/sdk/2.2.101/Sdks/Microsoft.NET.Sdk/targets/Microsoft.NET.Sdk.props (15,5)
       Property reassignment: $(MSBuildAllProjects)=";/usr/share/dotnet/sdk/2.2.101/Sdks/Microsoft.NET.Sdk/Sdk/Sdk.props;/home/mdegallaix/Projects/yaml-parser/yaml-parser-tests/obj/yaml-parser-tests.fsproj.nuget.g.props;/home/mdegallaix/Projects/yaml-parser/yaml-parser-tests/obj/yaml-parser-tests.fsproj.paket.props;/usr/share/dotnet/sdk/2.2.101/Sdks/Microsoft.NET.Sdk/targets/Microsoft.NET.Sdk.props;/usr/share/dotnet/sdk/2.2.101/Sdks/Microsoft.NET.Sdk/targets/Microsoft.NET.Sdk.DefaultItems.props" (previous value: ";/usr/share/dotnet/sdk/2.2.101/Sdks/Microsoft.NET.Sdk/Sdk/Sdk.props;/home/mdegallaix/Projects/yaml-parser/yaml-parser-tests/obj/yaml-parser-tests.fsproj.nuget.g.props;/home/mdegallaix/Projects/yaml-parser/yaml-parser-tests/obj/yaml-parser-tests.fsproj.paket.props;/usr/share/dotnet/sdk/2.2.101/Sdks/Microsoft.NET.Sdk/targets/Microsoft.NET.Sdk.props") at /usr/share/dotnet/sdk/2.2.101/Sdks/Microsoft.NET.Sdk/targets/Microsoft.NET.Sdk.DefaultItems.props (21,5)
       Property reassignment: $(MSBuildAllProjects)=";/usr/share/dotnet/sdk/2.2.101/Sdks/Microsoft.NET.Sdk/Sdk/Sdk.props;/home/mdegallaix/Projects/yaml-parser/yaml-parser-tests/obj/yaml-parser-tests.fsproj.nuget.g.props;/home/mdegallaix/Projects/yaml-parser/yaml-parser-tests/obj/yaml-parser-tests.fsproj.paket.props;/usr/share/dotnet/sdk/2.2.101/Sdks/Microsoft.NET.Sdk/targets/Microsoft.NET.Sdk.props;/usr/share/dotnet/sdk/2.2.101/Sdks/Microsoft.NET.Sdk/targets/Microsoft.NET.Sdk.DefaultItems.props;/usr/share/dotnet/sdk/2.2.101/Sdks/Microsoft.NET.Sdk/targets/Microsoft.NET.SupportedTargetFrameworks.props" (previous value: ";/usr/share/dotnet/sdk/2.2.101/Sdks/Microsoft.NET.Sdk/Sdk/Sdk.props;/home/mdegallaix/Projects/yaml-parser/yaml-parser-tests/obj/yaml-parser-tests.fsproj.nuget.g.props;/home/mdegallaix/Projects/yaml-parser/yaml-parser-tests/obj/yaml-parser-tests.fsproj.paket.props;/usr/share/dotnet/sdk/2.2.101/Sdks/Microsoft.NET.Sdk/targets/Microsoft.NET.Sdk.props;/usr/share/dotnet/sdk/2.2.101/Sdks/Microsoft.NET.Sdk/targets/Microsoft.NET.Sdk.DefaultItems.props") at /usr/share/dotnet/sdk/2.2.101/Sdks/Microsoft.NET.Sdk/targets/Microsoft.NET.SupportedTargetFrameworks.props (17,9)
       Property reassignment: $(MSBuildAllProjects)=";/usr/share/dotnet/sdk/2.2.101/Sdks/Microsoft.NET.Sdk/Sdk/Sdk.props;/home/mdegallaix/Projects/yaml-parser/yaml-parser-tests/obj/yaml-parser-tests.fsproj.nuget.g.props;/home/mdegallaix/Projects/yaml-parser/yaml-parser-tests/obj/yaml-parser-tests.fsproj.paket.props;/usr/share/dotnet/sdk/2.2.101/Sdks/Microsoft.NET.Sdk/targets/Microsoft.NET.Sdk.props;/usr/share/dotnet/sdk/2.2.101/Sdks/Microsoft.NET.Sdk/targets/Microsoft.NET.Sdk.DefaultItems.props;/usr/share/dotnet/sdk/2.2.101/Sdks/Microsoft.NET.Sdk/targets/Microsoft.NET.SupportedTargetFrameworks.props;/usr/share/dotnet/sdk/2.2.101/Sdks/Microsoft.NET.Sdk/targets/Microsoft.NET.Sdk.FSharp.props" (previous value: ";/usr/share/dotnet/sdk/2.2.101/Sdks/Microsoft.NET.Sdk/Sdk/Sdk.props;/home/mdegallaix/Projects/yaml-parser/yaml-parser-tests/obj/yaml-parser-tests.fsproj.nuget.g.props;/home/mdegallaix/Projects/yaml-parser/yaml-parser-tests/obj/yaml-parser-tests.fsproj.paket.props;/usr/share/dotnet/sdk/2.2.101/Sdks/Microsoft.NET.Sdk/targets/Microsoft.NET.Sdk.props;/usr/share/dotnet/sdk/2.2.101/Sdks/Microsoft.NET.Sdk/targets/Microsoft.NET.Sdk.DefaultItems.props;/usr/share/dotnet/sdk/2.2.101/Sdks/Microsoft.NET.Sdk/targets/Microsoft.NET.SupportedTargetFrameworks.props") at /usr/share/dotnet/sdk/2.2.101/Sdks/Microsoft.NET.Sdk/targets/Microsoft.NET.Sdk.FSharp.props (16,5)
       Property reassignment: $(MSBuildAllProjects)=";/usr/share/dotnet/sdk/2.2.101/Sdks/Microsoft.NET.Sdk/Sdk/Sdk.props;/home/mdegallaix/Projects/yaml-parser/yaml-parser-tests/obj/yaml-parser-tests.fsproj.nuget.g.props;/home/mdegallaix/Projects/yaml-parser/yaml-parser-tests/obj/yaml-parser-tests.fsproj.paket.props;/usr/share/dotnet/sdk/2.2.101/Sdks/Microsoft.NET.Sdk/targets/Microsoft.NET.Sdk.props;/usr/share/dotnet/sdk/2.2.101/Sdks/Microsoft.NET.Sdk/targets/Microsoft.NET.Sdk.DefaultItems.props;/usr/share/dotnet/sdk/2.2.101/Sdks/Microsoft.NET.Sdk/targets/Microsoft.NET.SupportedTargetFrameworks.props;/usr/share/dotnet/sdk/2.2.101/Sdks/Microsoft.NET.Sdk/targets/Microsoft.NET.Sdk.FSharp.props;/usr/share/dotnet/sdk/2.2.101/FSharp/Microsoft.FSharp.NetSdk.props" (previous value: ";/usr/share/dotnet/sdk/2.2.101/Sdks/Microsoft.NET.Sdk/Sdk/Sdk.props;/home/mdegallaix/Projects/yaml-parser/yaml-parser-tests/obj/yaml-parser-tests.fsproj.nuget.g.props;/home/mdegallaix/Projects/yaml-parser/yaml-parser-tests/obj/yaml-parser-tests.fsproj.paket.props;/usr/share/dotnet/sdk/2.2.101/Sdks/Microsoft.NET.Sdk/targets/Microsoft.NET.Sdk.props;/usr/share/dotnet/sdk/2.2.101/Sdks/Microsoft.NET.Sdk/targets/Microsoft.NET.Sdk.DefaultItems.props;/usr/share/dotnet/sdk/2.2.101/Sdks/Microsoft.NET.Sdk/targets/Microsoft.NET.SupportedTargetFrameworks.props;/usr/share/dotnet/sdk/2.2.101/Sdks/Microsoft.NET.Sdk/targets/Microsoft.NET.Sdk.FSharp.props") at /usr/share/dotnet/sdk/2.2.101/FSharp/Microsoft.FSharp.NetSdk.props (16,5)
       Property reassignment: $(OutputType)="Exe" (previous value: "Library") at /home/mdegallaix/Projects/yaml-parser/yaml-parser-tests/yaml-parser-tests.fsproj (4,5)
       Property reassignment: $(MSBuildAllProjects)=";/usr/share/dotnet/sdk/2.2.101/Sdks/Microsoft.NET.Sdk/Sdk/Sdk.props;/home/mdegallaix/Projects/yaml-parser/yaml-parser-tests/obj/yaml-parser-tests.fsproj.nuget.g.props;/home/mdegallaix/Projects/yaml-parser/yaml-parser-tests/obj/yaml-parser-tests.fsproj.paket.props;/usr/share/dotnet/sdk/2.2.101/Sdks/Microsoft.NET.Sdk/targets/Microsoft.NET.Sdk.props;/usr/share/dotnet/sdk/2.2.101/Sdks/Microsoft.NET.Sdk/targets/Microsoft.NET.Sdk.DefaultItems.props;/usr/share/dotnet/sdk/2.2.101/Sdks/Microsoft.NET.Sdk/targets/Microsoft.NET.SupportedTargetFrameworks.props;/usr/share/dotnet/sdk/2.2.101/Sdks/Microsoft.NET.Sdk/targets/Microsoft.NET.Sdk.FSharp.props;/usr/share/dotnet/sdk/2.2.101/FSharp/Microsoft.FSharp.NetSdk.props;/home/mdegallaix/Projects/yaml-parser/.paket/Paket.Restore.targets" (previous value: ";/usr/share/dotnet/sdk/2.2.101/Sdks/Microsoft.NET.Sdk/Sdk/Sdk.props;/home/mdegallaix/Projects/yaml-parser/yaml-parser-tests/obj/yaml-parser-tests.fsproj.nuget.g.props;/home/mdegallaix/Projects/yaml-parser/yaml-parser-tests/obj/yaml-parser-tests.fsproj.paket.props;/usr/share/dotnet/sdk/2.2.101/Sdks/Microsoft.NET.Sdk/targets/Microsoft.NET.Sdk.props;/usr/share/dotnet/sdk/2.2.101/Sdks/Microsoft.NET.Sdk/targets/Microsoft.NET.Sdk.DefaultItems.props;/usr/share/dotnet/sdk/2.2.101/Sdks/Microsoft.NET.Sdk/targets/Microsoft.NET.SupportedTargetFrameworks.props;/usr/share/dotnet/sdk/2.2.101/Sdks/Microsoft.NET.Sdk/targets/Microsoft.NET.Sdk.FSharp.props;/usr/share/dotnet/sdk/2.2.101/FSharp/Microsoft.FSharp.NetSdk.props") at /home/mdegallaix/Projects/yaml-parser/.paket/Paket.Restore.targets (7,5)
       Property reassignment: $(MSBuildAllProjects)=";/usr/share/dotnet/sdk/2.2.101/Sdks/Microsoft.NET.Sdk/Sdk/Sdk.props;/home/mdegallaix/Projects/yaml-parser/yaml-parser-tests/obj/yaml-parser-tests.fsproj.nuget.g.props;/home/mdegallaix/Projects/yaml-parser/yaml-parser-tests/obj/yaml-parser-tests.fsproj.paket.props;/usr/share/dotnet/sdk/2.2.101/Sdks/Microsoft.NET.Sdk/targets/Microsoft.NET.Sdk.props;/usr/share/dotnet/sdk/2.2.101/Sdks/Microsoft.NET.Sdk/targets/Microsoft.NET.Sdk.DefaultItems.props;/usr/share/dotnet/sdk/2.2.101/Sdks/Microsoft.NET.Sdk/targets/Microsoft.NET.SupportedTargetFrameworks.props;/usr/share/dotnet/sdk/2.2.101/Sdks/Microsoft.NET.Sdk/targets/Microsoft.NET.Sdk.FSharp.props;/usr/share/dotnet/sdk/2.2.101/FSharp/Microsoft.FSharp.NetSdk.props;/home/mdegallaix/Projects/yaml-parser/.paket/Paket.Restore.targets;/usr/share/dotnet/sdk/2.2.101/Sdks/Microsoft.NET.Sdk/Sdk/Sdk.targets" (previous value: ";/usr/share/dotnet/sdk/2.2.101/Sdks/Microsoft.NET.Sdk/Sdk/Sdk.props;/home/mdegallaix/Projects/yaml-parser/yaml-parser-tests/obj/yaml-parser-tests.fsproj.nuget.g.props;/home/mdegallaix/Projects/yaml-parser/yaml-parser-tests/obj/yaml-parser-tests.fsproj.paket.props;/usr/share/dotnet/sdk/2.2.101/Sdks/Microsoft.NET.Sdk/targets/Microsoft.NET.Sdk.props;/usr/share/dotnet/sdk/2.2.101/Sdks/Microsoft.NET.Sdk/targets/Microsoft.NET.Sdk.DefaultItems.props;/usr/share/dotnet/sdk/2.2.101/Sdks/Microsoft.NET.Sdk/targets/Microsoft.NET.SupportedTargetFrameworks.props;/usr/share/dotnet/sdk/2.2.101/Sdks/Microsoft.NET.Sdk/targets/Microsoft.NET.Sdk.FSharp.props;/usr/share/dotnet/sdk/2.2.101/FSharp/Microsoft.FSharp.NetSdk.props;/home/mdegallaix/Projects/yaml-parser/.paket/Paket.Restore.targets") at /usr/share/dotnet/sdk/2.2.101/Sdks/Microsoft.NET.Sdk/Sdk/Sdk.targets (15,5)
       Property reassignment: $(MSBuildAllProjects)=";/usr/share/dotnet/sdk/2.2.101/Sdks/Microsoft.NET.Sdk/Sdk/Sdk.props;/home/mdegallaix/Projects/yaml-parser/yaml-parser-tests/obj/yaml-parser-tests.fsproj.nuget.g.props;/home/mdegallaix/Projects/yaml-parser/yaml-parser-tests/obj/yaml-parser-tests.fsproj.paket.props;/usr/share/dotnet/sdk/2.2.101/Sdks/Microsoft.NET.Sdk/targets/Microsoft.NET.Sdk.props;/usr/share/dotnet/sdk/2.2.101/Sdks/Microsoft.NET.Sdk/targets/Microsoft.NET.Sdk.DefaultItems.props;/usr/share/dotnet/sdk/2.2.101/Sdks/Microsoft.NET.Sdk/targets/Microsoft.NET.SupportedTargetFrameworks.props;/usr/share/dotnet/sdk/2.2.101/Sdks/Microsoft.NET.Sdk/targets/Microsoft.NET.Sdk.FSharp.props;/usr/share/dotnet/sdk/2.2.101/FSharp/Microsoft.FSharp.NetSdk.props;/home/mdegallaix/Projects/yaml-parser/.paket/Paket.Restore.targets;/usr/share/dotnet/sdk/2.2.101/Sdks/Microsoft.NET.Sdk/Sdk/Sdk.targets;/usr/share/dotnet/sdk/2.2.101/Sdks/Microsoft.NET.Sdk/targets/Microsoft.NET.Sdk.BeforeCommon.targets" (previous value: ";/usr/share/dotnet/sdk/2.2.101/Sdks/Microsoft.NET.Sdk/Sdk/Sdk.props;/home/mdegallaix/Projects/yaml-parser/yaml-parser-tests/obj/yaml-parser-tests.fsproj.nuget.g.props;/home/mdegallaix/Projects/yaml-parser/yaml-parser-tests/obj/yaml-parser-tests.fsproj.paket.props;/usr/share/dotnet/sdk/2.2.101/Sdks/Microsoft.NET.Sdk/targets/Microsoft.NET.Sdk.props;/usr/share/dotnet/sdk/2.2.101/Sdks/Microsoft.NET.Sdk/targets/Microsoft.NET.Sdk.DefaultItems.props;/usr/share/dotnet/sdk/2.2.101/Sdks/Microsoft.NET.Sdk/targets/Microsoft.NET.SupportedTargetFrameworks.props;/usr/share/dotnet/sdk/2.2.101/Sdks/Microsoft.NET.Sdk/targets/Microsoft.NET.Sdk.FSharp.props;/usr/share/dotnet/sdk/2.2.101/FSharp/Microsoft.FSharp.NetSdk.props;/home/mdegallaix/Projects/yaml-parser/.paket/Paket.Restore.targets;/usr/share/dotnet/sdk/2.2.101/Sdks/Microsoft.NET.Sdk/Sdk/Sdk.targets") at /usr/share/dotnet/sdk/2.2.101/Sdks/Microsoft.NET.Sdk/targets/Microsoft.NET.Sdk.BeforeCommon.targets (15,5)
       Property reassignment: $(MSBuildAllProjects)=";/usr/share/dotnet/sdk/2.2.101/Sdks/Microsoft.NET.Sdk/Sdk/Sdk.props;/home/mdegallaix/Projects/yaml-parser/yaml-parser-tests/obj/yaml-parser-tests.fsproj.nuget.g.props;/home/mdegallaix/Projects/yaml-parser/yaml-parser-tests/obj/yaml-parser-tests.fsproj.paket.props;/usr/share/dotnet/sdk/2.2.101/Sdks/Microsoft.NET.Sdk/targets/Microsoft.NET.Sdk.props;/usr/share/dotnet/sdk/2.2.101/Sdks/Microsoft.NET.Sdk/targets/Microsoft.NET.Sdk.DefaultItems.props;/usr/share/dotnet/sdk/2.2.101/Sdks/Microsoft.NET.Sdk/targets/Microsoft.NET.SupportedTargetFrameworks.props;/usr/share/dotnet/sdk/2.2.101/Sdks/Microsoft.NET.Sdk/targets/Microsoft.NET.Sdk.FSharp.props;/usr/share/dotnet/sdk/2.2.101/FSharp/Microsoft.FSharp.NetSdk.props;/home/mdegallaix/Projects/yaml-parser/.paket/Paket.Restore.targets;/usr/share/dotnet/sdk/2.2.101/Sdks/Microsoft.NET.Sdk/Sdk/Sdk.targets;/usr/share/dotnet/sdk/2.2.101/Sdks/Microsoft.NET.Sdk/targets/Microsoft.NET.Sdk.BeforeCommon.targets;/usr/share/dotnet/sdk/2.2.101/Sdks/Microsoft.NET.Sdk/targets/Microsoft.NET.DefaultAssemblyInfo.targets" (previous value: ";/usr/share/dotnet/sdk/2.2.101/Sdks/Microsoft.NET.Sdk/Sdk/Sdk.props;/home/mdegallaix/Projects/yaml-parser/yaml-parser-tests/obj/yaml-parser-tests.fsproj.nuget.g.props;/home/mdegallaix/Projects/yaml-parser/yaml-parser-tests/obj/yaml-parser-tests.fsproj.paket.props;/usr/share/dotnet/sdk/2.2.101/Sdks/Microsoft.NET.Sdk/targets/Microsoft.NET.Sdk.props;/usr/share/dotnet/sdk/2.2.101/Sdks/Microsoft.NET.Sdk/targets/Microsoft.NET.Sdk.DefaultItems.props;/usr/share/dotnet/sdk/2.2.101/Sdks/Microsoft.NET.Sdk/targets/Microsoft.NET.SupportedTargetFrameworks.props;/usr/share/dotnet/sdk/2.2.101/Sdks/Microsoft.NET.Sdk/targets/Microsoft.NET.Sdk.FSharp.props;/usr/share/dotnet/sdk/2.2.101/FSharp/Microsoft.FSharp.NetSdk.props;/home/mdegallaix/Projects/yaml-parser/.paket/Paket.Restore.targets;/usr/share/dotnet/sdk/2.2.101/Sdks/Microsoft.NET.Sdk/Sdk/Sdk.targets;/usr/share/dotnet/sdk/2.2.101/Sdks/Microsoft.NET.Sdk/targets/Microsoft.NET.Sdk.BeforeCommon.targets") at /usr/share/dotnet/sdk/2.2.101/Sdks/Microsoft.NET.Sdk/targets/Microsoft.NET.DefaultAssemblyInfo.targets (15,5)
       Property reassignment: $(MSBuildAllProjects)=";/usr/share/dotnet/sdk/2.2.101/Sdks/Microsoft.NET.Sdk/Sdk/Sdk.props;/home/mdegallaix/Projects/yaml-parser/yaml-parser-tests/obj/yaml-parser-tests.fsproj.nuget.g.props;/home/mdegallaix/Projects/yaml-parser/yaml-parser-tests/obj/yaml-parser-tests.fsproj.paket.props;/usr/share/dotnet/sdk/2.2.101/Sdks/Microsoft.NET.Sdk/targets/Microsoft.NET.Sdk.props;/usr/share/dotnet/sdk/2.2.101/Sdks/Microsoft.NET.Sdk/targets/Microsoft.NET.Sdk.DefaultItems.props;/usr/share/dotnet/sdk/2.2.101/Sdks/Microsoft.NET.Sdk/targets/Microsoft.NET.SupportedTargetFrameworks.props;/usr/share/dotnet/sdk/2.2.101/Sdks/Microsoft.NET.Sdk/targets/Microsoft.NET.Sdk.FSharp.props;/usr/share/dotnet/sdk/2.2.101/FSharp/Microsoft.FSharp.NetSdk.props;/home/mdegallaix/Projects/yaml-parser/.paket/Paket.Restore.targets;/usr/share/dotnet/sdk/2.2.101/Sdks/Microsoft.NET.Sdk/Sdk/Sdk.targets;/usr/share/dotnet/sdk/2.2.101/Sdks/Microsoft.NET.Sdk/targets/Microsoft.NET.Sdk.BeforeCommon.targets;/usr/share/dotnet/sdk/2.2.101/Sdks/Microsoft.NET.Sdk/targets/Microsoft.NET.DefaultAssemblyInfo.targets;/usr/share/dotnet/sdk/2.2.101/Sdks/Microsoft.NET.Sdk/targets/Microsoft.NET.DefaultOutputPaths.targets" (previous value: ";/usr/share/dotnet/sdk/2.2.101/Sdks/Microsoft.NET.Sdk/Sdk/Sdk.props;/home/mdegallaix/Projects/yaml-parser/yaml-parser-tests/obj/yaml-parser-tests.fsproj.nuget.g.props;/home/mdegallaix/Projects/yaml-parser/yaml-parser-tests/obj/yaml-parser-tests.fsproj.paket.props;/usr/share/dotnet/sdk/2.2.101/Sdks/Microsoft.NET.Sdk/targets/Microsoft.NET.Sdk.props;/usr/share/dotnet/sdk/2.2.101/Sdks/Microsoft.NET.Sdk/targets/Microsoft.NET.Sdk.DefaultItems.props;/usr/share/dotnet/sdk/2.2.101/Sdks/Microsoft.NET.Sdk/targets/Microsoft.NET.SupportedTargetFrameworks.props;/usr/share/dotnet/sdk/2.2.101/Sdks/Microsoft.NET.Sdk/targets/Microsoft.NET.Sdk.FSharp.props;/usr/share/dotnet/sdk/2.2.101/FSharp/Microsoft.FSharp.NetSdk.props;/home/mdegallaix/Projects/yaml-parser/.paket/Paket.Restore.targets;/usr/share/dotnet/sdk/2.2.101/Sdks/Microsoft.NET.Sdk/Sdk/Sdk.targets;/usr/share/dotnet/sdk/2.2.101/Sdks/Microsoft.NET.Sdk/targets/Microsoft.NET.Sdk.BeforeCommon.targets;/usr/share/dotnet/sdk/2.2.101/Sdks/Microsoft.NET.Sdk/targets/Microsoft.NET.DefaultAssemblyInfo.targets") at /usr/share/dotnet/sdk/2.2.101/Sdks/Microsoft.NET.Sdk/targets/Microsoft.NET.DefaultOutputPaths.targets (27,5)
       Property reassignment: $(MSBuildAllProjects)=";/usr/share/dotnet/sdk/2.2.101/Sdks/Microsoft.NET.Sdk/Sdk/Sdk.props;/home/mdegallaix/Projects/yaml-parser/yaml-parser-tests/obj/yaml-parser-tests.fsproj.nuget.g.props;/home/mdegallaix/Projects/yaml-parser/yaml-parser-tests/obj/yaml-parser-tests.fsproj.paket.props;/usr/share/dotnet/sdk/2.2.101/Sdks/Microsoft.NET.Sdk/targets/Microsoft.NET.Sdk.props;/usr/share/dotnet/sdk/2.2.101/Sdks/Microsoft.NET.Sdk/targets/Microsoft.NET.Sdk.DefaultItems.props;/usr/share/dotnet/sdk/2.2.101/Sdks/Microsoft.NET.Sdk/targets/Microsoft.NET.SupportedTargetFrameworks.props;/usr/share/dotnet/sdk/2.2.101/Sdks/Microsoft.NET.Sdk/targets/Microsoft.NET.Sdk.FSharp.props;/usr/share/dotnet/sdk/2.2.101/FSharp/Microsoft.FSharp.NetSdk.props;/home/mdegallaix/Projects/yaml-parser/.paket/Paket.Restore.targets;/usr/share/dotnet/sdk/2.2.101/Sdks/Microsoft.NET.Sdk/Sdk/Sdk.targets;/usr/share/dotnet/sdk/2.2.101/Sdks/Microsoft.NET.Sdk/targets/Microsoft.NET.Sdk.BeforeCommon.targets;/usr/share/dotnet/sdk/2.2.101/Sdks/Microsoft.NET.Sdk/targets/Microsoft.NET.DefaultAssemblyInfo.targets;/usr/share/dotnet/sdk/2.2.101/Sdks/Microsoft.NET.Sdk/targets/Microsoft.NET.DefaultOutputPaths.targets;/usr/share/dotnet/sdk/2.2.101/Sdks/Microsoft.NET.Sdk/targets/Microsoft.NET.TargetFrameworkInference.targets" (previous value: ";/usr/share/dotnet/sdk/2.2.101/Sdks/Microsoft.NET.Sdk/Sdk/Sdk.props;/home/mdegallaix/Projects/yaml-parser/yaml-parser-tests/obj/yaml-parser-tests.fsproj.nuget.g.props;/home/mdegallaix/Projects/yaml-parser/yaml-parser-tests/obj/yaml-parser-tests.fsproj.paket.props;/usr/share/dotnet/sdk/2.2.101/Sdks/Microsoft.NET.Sdk/targets/Microsoft.NET.Sdk.props;/usr/share/dotnet/sdk/2.2.101/Sdks/Microsoft.NET.Sdk/targets/Microsoft.NET.Sdk.DefaultItems.props;/usr/share/dotnet/sdk/2.2.101/Sdks/Microsoft.NET.Sdk/targets/Microsoft.NET.SupportedTargetFrameworks.props;/usr/share/dotnet/sdk/2.2.101/Sdks/Microsoft.NET.Sdk/targets/Microsoft.NET.Sdk.FSharp.props;/usr/share/dotnet/sdk/2.2.101/FSharp/Microsoft.FSharp.NetSdk.props;/home/mdegallaix/Projects/yaml-parser/.paket/Paket.Restore.targets;/usr/share/dotnet/sdk/2.2.101/Sdks/Microsoft.NET.Sdk/Sdk/Sdk.targets;/usr/share/dotnet/sdk/2.2.101/Sdks/Microsoft.NET.Sdk/targets/Microsoft.NET.Sdk.BeforeCommon.targets;/usr/share/dotnet/sdk/2.2.101/Sdks/Microsoft.NET.Sdk/targets/Microsoft.NET.DefaultAssemblyInfo.targets;/usr/share/dotnet/sdk/2.2.101/Sdks/Microsoft.NET.Sdk/targets/Microsoft.NET.DefaultOutputPaths.targets") at /usr/share/dotnet/sdk/2.2.101/Sdks/Microsoft.NET.Sdk/targets/Microsoft.NET.TargetFrameworkInference.targets (46,5)
       Property reassignment: $(DefaultItemExcludes)=";bin\Debug\/**;obj\Debug\/**" (previous value: ";bin\Debug\/**") at /usr/share/dotnet/sdk/2.2.101/Sdks/Microsoft.NET.Sdk/targets/Microsoft.NET.TargetFrameworkInference.targets (166,5)
       Property reassignment: $(IntermediateOutputPath)="obj\Debug\netcoreapp2.1\" (previous value: "obj\Debug\") at /usr/share/dotnet/sdk/2.2.101/Sdks/Microsoft.NET.Sdk/targets/Microsoft.NET.TargetFrameworkInference.targets (178,5)
       Property reassignment: $(OutputPath)="bin\Debug\netcoreapp2.1\" (previous value: "bin\Debug\") at /usr/share/dotnet/sdk/2.2.101/Sdks/Microsoft.NET.Sdk/targets/Microsoft.NET.TargetFrameworkInference.targets (179,5)
       Property reassignment: $(MSBuildAllProjects)=";/usr/share/dotnet/sdk/2.2.101/Sdks/Microsoft.NET.Sdk/Sdk/Sdk.props;/home/mdegallaix/Projects/yaml-parser/yaml-parser-tests/obj/yaml-parser-tests.fsproj.nuget.g.props;/home/mdegallaix/Projects/yaml-parser/yaml-parser-tests/obj/yaml-parser-tests.fsproj.paket.props;/usr/share/dotnet/sdk/2.2.101/Sdks/Microsoft.NET.Sdk/targets/Microsoft.NET.Sdk.props;/usr/share/dotnet/sdk/2.2.101/Sdks/Microsoft.NET.Sdk/targets/Microsoft.NET.Sdk.DefaultItems.props;/usr/share/dotnet/sdk/2.2.101/Sdks/Microsoft.NET.Sdk/targets/Microsoft.NET.SupportedTargetFrameworks.props;/usr/share/dotnet/sdk/2.2.101/Sdks/Microsoft.NET.Sdk/targets/Microsoft.NET.Sdk.FSharp.props;/usr/share/dotnet/sdk/2.2.101/FSharp/Microsoft.FSharp.NetSdk.props;/home/mdegallaix/Projects/yaml-parser/.paket/Paket.Restore.targets;/usr/share/dotnet/sdk/2.2.101/Sdks/Microsoft.NET.Sdk/Sdk/Sdk.targets;/usr/share/dotnet/sdk/2.2.101/Sdks/Microsoft.NET.Sdk/targets/Microsoft.NET.Sdk.BeforeCommon.targets;/usr/share/dotnet/sdk/2.2.101/Sdks/Microsoft.NET.Sdk/targets/Microsoft.NET.DefaultAssemblyInfo.targets;/usr/share/dotnet/sdk/2.2.101/Sdks/Microsoft.NET.Sdk/targets/Microsoft.NET.DefaultOutputPaths.targets;/usr/share/dotnet/sdk/2.2.101/Sdks/Microsoft.NET.Sdk/targets/Microsoft.NET.TargetFrameworkInference.targets;/usr/share/dotnet/sdk/2.2.101/Sdks/Microsoft.NET.Sdk/targets/Microsoft.NET.RuntimeIdentifierInference.targets" (previous value: ";/usr/share/dotnet/sdk/2.2.101/Sdks/Microsoft.NET.Sdk/Sdk/Sdk.props;/home/mdegallaix/Projects/yaml-parser/yaml-parser-tests/obj/yaml-parser-tests.fsproj.nuget.g.props;/home/mdegallaix/Projects/yaml-parser/yaml-parser-tests/obj/yaml-parser-tests.fsproj.paket.props;/usr/share/dotnet/sdk/2.2.101/Sdks/Microsoft.NET.Sdk/targets/Microsoft.NET.Sdk.props;/usr/share/dotnet/sdk/2.2.101/Sdks/Microsoft.NET.Sdk/targets/Microsoft.NET.Sdk.DefaultItems.props;/usr/share/dotnet/sdk/2.2.101/Sdks/Microsoft.NET.Sdk/targets/Microsoft.NET.SupportedTargetFrameworks.props;/usr/share/dotnet/sdk/2.2.101/Sdks/Microsoft.NET.Sdk/targets/Microsoft.NET.Sdk.FSharp.props;/usr/share/dotnet/sdk/2.2.101/FSharp/Microsoft.FSharp.NetSdk.props;/home/mdegallaix/Projects/yaml-parser/.paket/Paket.Restore.targets;/usr/share/dotnet/sdk/2.2.101/Sdks/Microsoft.NET.Sdk/Sdk/Sdk.targets;/usr/share/dotnet/sdk/2.2.101/Sdks/Microsoft.NET.Sdk/targets/Microsoft.NET.Sdk.BeforeCommon.targets;/usr/share/dotnet/sdk/2.2.101/Sdks/Microsoft.NET.Sdk/targets/Microsoft.NET.DefaultAssemblyInfo.targets;/usr/share/dotnet/sdk/2.2.101/Sdks/Microsoft.NET.Sdk/targets/Microsoft.NET.DefaultOutputPaths.targets;/usr/share/dotnet/sdk/2.2.101/Sdks/Microsoft.NET.Sdk/targets/Microsoft.NET.TargetFrameworkInference.targets") at /usr/share/dotnet/sdk/2.2.101/Sdks/Microsoft.NET.Sdk/targets/Microsoft.NET.RuntimeIdentifierInference.targets (15,5)
       Property reassignment: $(MSBuildAllProjects)=";/usr/share/dotnet/sdk/2.2.101/Sdks/Microsoft.NET.Sdk/Sdk/Sdk.props;/home/mdegallaix/Projects/yaml-parser/yaml-parser-tests/obj/yaml-parser-tests.fsproj.nuget.g.props;/home/mdegallaix/Projects/yaml-parser/yaml-parser-tests/obj/yaml-parser-tests.fsproj.paket.props;/usr/share/dotnet/sdk/2.2.101/Sdks/Microsoft.NET.Sdk/targets/Microsoft.NET.Sdk.props;/usr/share/dotnet/sdk/2.2.101/Sdks/Microsoft.NET.Sdk/targets/Microsoft.NET.Sdk.DefaultItems.props;/usr/share/dotnet/sdk/2.2.101/Sdks/Microsoft.NET.Sdk/targets/Microsoft.NET.SupportedTargetFrameworks.props;/usr/share/dotnet/sdk/2.2.101/Sdks/Microsoft.NET.Sdk/targets/Microsoft.NET.Sdk.FSharp.props;/usr/share/dotnet/sdk/2.2.101/FSharp/Microsoft.FSharp.NetSdk.props;/home/mdegallaix/Projects/yaml-parser/.paket/Paket.Restore.targets;/usr/share/dotnet/sdk/2.2.101/Sdks/Microsoft.NET.Sdk/Sdk/Sdk.targets;/usr/share/dotnet/sdk/2.2.101/Sdks/Microsoft.NET.Sdk/targets/Microsoft.NET.Sdk.BeforeCommon.targets;/usr/share/dotnet/sdk/2.2.101/Sdks/Microsoft.NET.Sdk/targets/Microsoft.NET.DefaultAssemblyInfo.targets;/usr/share/dotnet/sdk/2.2.101/Sdks/Microsoft.NET.Sdk/targets/Microsoft.NET.DefaultOutputPaths.targets;/usr/share/dotnet/sdk/2.2.101/Sdks/Microsoft.NET.Sdk/targets/Microsoft.NET.TargetFrameworkInference.targets;/usr/share/dotnet/sdk/2.2.101/Sdks/Microsoft.NET.Sdk/targets/Microsoft.NET.RuntimeIdentifierInference.targets;/usr/share/dotnet/sdk/2.2.101/Sdks/Microsoft.NET.Sdk/targets/Microsoft.NET.NuGetOfflineCache.targets" (previous value: ";/usr/share/dotnet/sdk/2.2.101/Sdks/Microsoft.NET.Sdk/Sdk/Sdk.props;/home/mdegallaix/Projects/yaml-parser/yaml-parser-tests/obj/yaml-parser-tests.fsproj.nuget.g.props;/home/mdegallaix/Projects/yaml-parser/yaml-parser-tests/obj/yaml-parser-tests.fsproj.paket.props;/usr/share/dotnet/sdk/2.2.101/Sdks/Microsoft.NET.Sdk/targets/Microsoft.NET.Sdk.props;/usr/share/dotnet/sdk/2.2.101/Sdks/Microsoft.NET.Sdk/targets/Microsoft.NET.Sdk.DefaultItems.props;/usr/share/dotnet/sdk/2.2.101/Sdks/Microsoft.NET.Sdk/targets/Microsoft.NET.SupportedTargetFrameworks.props;/usr/share/dotnet/sdk/2.2.101/Sdks/Microsoft.NET.Sdk/targets/Microsoft.NET.Sdk.FSharp.props;/usr/share/dotnet/sdk/2.2.101/FSharp/Microsoft.FSharp.NetSdk.props;/home/mdegallaix/Projects/yaml-parser/.paket/Paket.Restore.targets;/usr/share/dotnet/sdk/2.2.101/Sdks/Microsoft.NET.Sdk/Sdk/Sdk.targets;/usr/share/dotnet/sdk/2.2.101/Sdks/Microsoft.NET.Sdk/targets/Microsoft.NET.Sdk.BeforeCommon.targets;/usr/share/dotnet/sdk/2.2.101/Sdks/Microsoft.NET.Sdk/targets/Microsoft.NET.DefaultAssemblyInfo.targets;/usr/share/dotnet/sdk/2.2.101/Sdks/Microsoft.NET.Sdk/targets/Microsoft.NET.DefaultOutputPaths.targets;/usr/share/dotnet/sdk/2.2.101/Sdks/Microsoft.NET.Sdk/targets/Microsoft.NET.TargetFrameworkInference.targets;/usr/share/dotnet/sdk/2.2.101/Sdks/Microsoft.NET.Sdk/targets/Microsoft.NET.RuntimeIdentifierInference.targets") at /usr/share/dotnet/sdk/2.2.101/Sdks/Microsoft.NET.Sdk/targets/Microsoft.NET.NuGetOfflineCache.targets (15,5)
       Property reassignment: $(_FrameworkVersionForImplicitDefine)="2_1" (previous value: "2.1") at /usr/share/dotnet/sdk/2.2.101/Sdks/Microsoft.NET.Sdk/targets/Microsoft.NET.Sdk.BeforeCommon.targets (156,5)
       Property reassignment: $(MSBuildAllProjects)=";/usr/share/dotnet/sdk/2.2.101/Sdks/Microsoft.NET.Sdk/Sdk/Sdk.props;/home/mdegallaix/Projects/yaml-parser/yaml-parser-tests/obj/yaml-parser-tests.fsproj.nuget.g.props;/home/mdegallaix/Projects/yaml-parser/yaml-parser-tests/obj/yaml-parser-tests.fsproj.paket.props;/usr/share/dotnet/sdk/2.2.101/Sdks/Microsoft.NET.Sdk/targets/Microsoft.NET.Sdk.props;/usr/share/dotnet/sdk/2.2.101/Sdks/Microsoft.NET.Sdk/targets/Microsoft.NET.Sdk.DefaultItems.props;/usr/share/dotnet/sdk/2.2.101/Sdks/Microsoft.NET.Sdk/targets/Microsoft.NET.SupportedTargetFrameworks.props;/usr/share/dotnet/sdk/2.2.101/Sdks/Microsoft.NET.Sdk/targets/Microsoft.NET.Sdk.FSharp.props;/usr/share/dotnet/sdk/2.2.101/FSharp/Microsoft.FSharp.NetSdk.props;/home/mdegallaix/Projects/yaml-parser/.paket/Paket.Restore.targets;/usr/share/dotnet/sdk/2.2.101/Sdks/Microsoft.NET.Sdk/Sdk/Sdk.targets;/usr/share/dotnet/sdk/2.2.101/Sdks/Microsoft.NET.Sdk/targets/Microsoft.NET.Sdk.BeforeCommon.targets;/usr/share/dotnet/sdk/2.2.101/Sdks/Microsoft.NET.Sdk/targets/Microsoft.NET.DefaultAssemblyInfo.targets;/usr/share/dotnet/sdk/2.2.101/Sdks/Microsoft.NET.Sdk/targets/Microsoft.NET.DefaultOutputPaths.targets;/usr/share/dotnet/sdk/2.2.101/Sdks/Microsoft.NET.Sdk/targets/Microsoft.NET.TargetFrameworkInference.targets;/usr/share/dotnet/sdk/2.2.101/Sdks/Microsoft.NET.Sdk/targets/Microsoft.NET.RuntimeIdentifierInference.targets;/usr/share/dotnet/sdk/2.2.101/Sdks/Microsoft.NET.Sdk/targets/Microsoft.NET.NuGetOfflineCache.targets;/usr/share/dotnet/sdk/2.2.101/Sdks/Microsoft.NET.Sdk/targets/Microsoft.NET.Sdk.FSharpTargetsShim.targets" (previous value: ";/usr/share/dotnet/sdk/2.2.101/Sdks/Microsoft.NET.Sdk/Sdk/Sdk.props;/home/mdegallaix/Projects/yaml-parser/yaml-parser-tests/obj/yaml-parser-tests.fsproj.nuget.g.props;/home/mdegallaix/Projects/yaml-parser/yaml-parser-tests/obj/yaml-parser-tests.fsproj.paket.props;/usr/share/dotnet/sdk/2.2.101/Sdks/Microsoft.NET.Sdk/targets/Microsoft.NET.Sdk.props;/usr/share/dotnet/sdk/2.2.101/Sdks/Microsoft.NET.Sdk/targets/Microsoft.NET.Sdk.DefaultItems.props;/usr/share/dotnet/sdk/2.2.101/Sdks/Microsoft.NET.Sdk/targets/Microsoft.NET.SupportedTargetFrameworks.props;/usr/share/dotnet/sdk/2.2.101/Sdks/Microsoft.NET.Sdk/targets/Microsoft.NET.Sdk.FSharp.props;/usr/share/dotnet/sdk/2.2.101/FSharp/Microsoft.FSharp.NetSdk.props;/home/mdegallaix/Projects/yaml-parser/.paket/Paket.Restore.targets;/usr/share/dotnet/sdk/2.2.101/Sdks/Microsoft.NET.Sdk/Sdk/Sdk.targets;/usr/share/dotnet/sdk/2.2.101/Sdks/Microsoft.NET.Sdk/targets/Microsoft.NET.Sdk.BeforeCommon.targets;/usr/share/dotnet/sdk/2.2.101/Sdks/Microsoft.NET.Sdk/targets/Microsoft.NET.DefaultAssemblyInfo.targets;/usr/share/dotnet/sdk/2.2.101/Sdks/Microsoft.NET.Sdk/targets/Microsoft.NET.DefaultOutputPaths.targets;/usr/share/dotnet/sdk/2.2.101/Sdks/Microsoft.NET.Sdk/targets/Microsoft.NET.TargetFrameworkInference.targets;/usr/share/dotnet/sdk/2.2.101/Sdks/Microsoft.NET.Sdk/targets/Microsoft.NET.RuntimeIdentifierInference.targets;/usr/share/dotnet/sdk/2.2.101/Sdks/Microsoft.NET.Sdk/targets/Microsoft.NET.NuGetOfflineCache.targets") at /usr/share/dotnet/sdk/2.2.101/Sdks/Microsoft.NET.Sdk/targets/Microsoft.NET.Sdk.FSharpTargetsShim.targets (16,6)
       Property reassignment: $(DefineConstants)="TRACE;DEBUG" (previous value: "TRACE") at /usr/share/dotnet/sdk/2.2.101/Sdks/Microsoft.NET.Sdk/targets/Microsoft.NET.Sdk.FSharpTargetsShim.targets (37,5)
       Property reassignment: $(MSBuildAllProjects)=";/usr/share/dotnet/sdk/2.2.101/Sdks/Microsoft.NET.Sdk/Sdk/Sdk.props;/home/mdegallaix/Projects/yaml-parser/yaml-parser-tests/obj/yaml-parser-tests.fsproj.nuget.g.props;/home/mdegallaix/Projects/yaml-parser/yaml-parser-tests/obj/yaml-parser-tests.fsproj.paket.props;/usr/share/dotnet/sdk/2.2.101/Sdks/Microsoft.NET.Sdk/targets/Microsoft.NET.Sdk.props;/usr/share/dotnet/sdk/2.2.101/Sdks/Microsoft.NET.Sdk/targets/Microsoft.NET.Sdk.DefaultItems.props;/usr/share/dotnet/sdk/2.2.101/Sdks/Microsoft.NET.Sdk/targets/Microsoft.NET.SupportedTargetFrameworks.props;/usr/share/dotnet/sdk/2.2.101/Sdks/Microsoft.NET.Sdk/targets/Microsoft.NET.Sdk.FSharp.props;/usr/share/dotnet/sdk/2.2.101/FSharp/Microsoft.FSharp.NetSdk.props;/home/mdegallaix/Projects/yaml-parser/.paket/Paket.Restore.targets;/usr/share/dotnet/sdk/2.2.101/Sdks/Microsoft.NET.Sdk/Sdk/Sdk.targets;/usr/share/dotnet/sdk/2.2.101/Sdks/Microsoft.NET.Sdk/targets/Microsoft.NET.Sdk.BeforeCommon.targets;/usr/share/dotnet/sdk/2.2.101/Sdks/Microsoft.NET.Sdk/targets/Microsoft.NET.DefaultAssemblyInfo.targets;/usr/share/dotnet/sdk/2.2.101/Sdks/Microsoft.NET.Sdk/targets/Microsoft.NET.DefaultOutputPaths.targets;/usr/share/dotnet/sdk/2.2.101/Sdks/Microsoft.NET.Sdk/targets/Microsoft.NET.TargetFrameworkInference.targets;/usr/share/dotnet/sdk/2.2.101/Sdks/Microsoft.NET.Sdk/targets/Microsoft.NET.RuntimeIdentifierInference.targets;/usr/share/dotnet/sdk/2.2.101/Sdks/Microsoft.NET.Sdk/targets/Microsoft.NET.NuGetOfflineCache.targets;/usr/share/dotnet/sdk/2.2.101/Sdks/Microsoft.NET.Sdk/targets/Microsoft.NET.Sdk.FSharpTargetsShim.targets;/usr/share/dotnet/sdk/2.2.101/FSharp/Microsoft.FSharp.NetSdk.targets" (previous value: ";/usr/share/dotnet/sdk/2.2.101/Sdks/Microsoft.NET.Sdk/Sdk/Sdk.props;/home/mdegallaix/Projects/yaml-parser/yaml-parser-tests/obj/yaml-parser-tests.fsproj.nuget.g.props;/home/mdegallaix/Projects/yaml-parser/yaml-parser-tests/obj/yaml-parser-tests.fsproj.paket.props;/usr/share/dotnet/sdk/2.2.101/Sdks/Microsoft.NET.Sdk/targets/Microsoft.NET.Sdk.props;/usr/share/dotnet/sdk/2.2.101/Sdks/Microsoft.NET.Sdk/targets/Microsoft.NET.Sdk.DefaultItems.props;/usr/share/dotnet/sdk/2.2.101/Sdks/Microsoft.NET.Sdk/targets/Microsoft.NET.SupportedTargetFrameworks.props;/usr/share/dotnet/sdk/2.2.101/Sdks/Microsoft.NET.Sdk/targets/Microsoft.NET.Sdk.FSharp.props;/usr/share/dotnet/sdk/2.2.101/FSharp/Microsoft.FSharp.NetSdk.props;/home/mdegallaix/Projects/yaml-parser/.paket/Paket.Restore.targets;/usr/share/dotnet/sdk/2.2.101/Sdks/Microsoft.NET.Sdk/Sdk/Sdk.targets;/usr/share/dotnet/sdk/2.2.101/Sdks/Microsoft.NET.Sdk/targets/Microsoft.NET.Sdk.BeforeCommon.targets;/usr/share/dotnet/sdk/2.2.101/Sdks/Microsoft.NET.Sdk/targets/Microsoft.NET.DefaultAssemblyInfo.targets;/usr/share/dotnet/sdk/2.2.101/Sdks/Microsoft.NET.Sdk/targets/Microsoft.NET.DefaultOutputPaths.targets;/usr/share/dotnet/sdk/2.2.101/Sdks/Microsoft.NET.Sdk/targets/Microsoft.NET.TargetFrameworkInference.targets;/usr/share/dotnet/sdk/2.2.101/Sdks/Microsoft.NET.Sdk/targets/Microsoft.NET.RuntimeIdentifierInference.targets;/usr/share/dotnet/sdk/2.2.101/Sdks/Microsoft.NET.Sdk/targets/Microsoft.NET.NuGetOfflineCache.targets;/usr/share/dotnet/sdk/2.2.101/Sdks/Microsoft.NET.Sdk/targets/Microsoft.NET.Sdk.FSharpTargetsShim.targets") at /usr/share/dotnet/sdk/2.2.101/FSharp/Microsoft.FSharp.NetSdk.targets (17,5)
       Property reassignment: $(MSBuildAllProjects)=";/usr/share/dotnet/sdk/2.2.101/Sdks/Microsoft.NET.Sdk/Sdk/Sdk.props;/home/mdegallaix/Projects/yaml-parser/yaml-parser-tests/obj/yaml-parser-tests.fsproj.nuget.g.props;/home/mdegallaix/Projects/yaml-parser/yaml-parser-tests/obj/yaml-parser-tests.fsproj.paket.props;/usr/share/dotnet/sdk/2.2.101/Sdks/Microsoft.NET.Sdk/targets/Microsoft.NET.Sdk.props;/usr/share/dotnet/sdk/2.2.101/Sdks/Microsoft.NET.Sdk/targets/Microsoft.NET.Sdk.DefaultItems.props;/usr/share/dotnet/sdk/2.2.101/Sdks/Microsoft.NET.Sdk/targets/Microsoft.NET.SupportedTargetFrameworks.props;/usr/share/dotnet/sdk/2.2.101/Sdks/Microsoft.NET.Sdk/targets/Microsoft.NET.Sdk.FSharp.props;/usr/share/dotnet/sdk/2.2.101/FSharp/Microsoft.FSharp.NetSdk.props;/home/mdegallaix/Projects/yaml-parser/.paket/Paket.Restore.targets;/usr/share/dotnet/sdk/2.2.101/Sdks/Microsoft.NET.Sdk/Sdk/Sdk.targets;/usr/share/dotnet/sdk/2.2.101/Sdks/Microsoft.NET.Sdk/targets/Microsoft.NET.Sdk.BeforeCommon.targets;/usr/share/dotnet/sdk/2.2.101/Sdks/Microsoft.NET.Sdk/targets/Microsoft.NET.DefaultAssemblyInfo.targets;/usr/share/dotnet/sdk/2.2.101/Sdks/Microsoft.NET.Sdk/targets/Microsoft.NET.DefaultOutputPaths.targets;/usr/share/dotnet/sdk/2.2.101/Sdks/Microsoft.NET.Sdk/targets/Microsoft.NET.TargetFrameworkInference.targets;/usr/share/dotnet/sdk/2.2.101/Sdks/Microsoft.NET.Sdk/targets/Microsoft.NET.RuntimeIdentifierInference.targets;/usr/share/dotnet/sdk/2.2.101/Sdks/Microsoft.NET.Sdk/targets/Microsoft.NET.NuGetOfflineCache.targets;/usr/share/dotnet/sdk/2.2.101/Sdks/Microsoft.NET.Sdk/targets/Microsoft.NET.Sdk.FSharpTargetsShim.targets;/usr/share/dotnet/sdk/2.2.101/FSharp/Microsoft.FSharp.NetSdk.targets;/usr/share/dotnet/sdk/2.2.101/FSharp/Microsoft.FSharp.Targets" (previous value: ";/usr/share/dotnet/sdk/2.2.101/Sdks/Microsoft.NET.Sdk/Sdk/Sdk.props;/home/mdegallaix/Projects/yaml-parser/yaml-parser-tests/obj/yaml-parser-tests.fsproj.nuget.g.props;/home/mdegallaix/Projects/yaml-parser/yaml-parser-tests/obj/yaml-parser-tests.fsproj.paket.props;/usr/share/dotnet/sdk/2.2.101/Sdks/Microsoft.NET.Sdk/targets/Microsoft.NET.Sdk.props;/usr/share/dotnet/sdk/2.2.101/Sdks/Microsoft.NET.Sdk/targets/Microsoft.NET.Sdk.DefaultItems.props;/usr/share/dotnet/sdk/2.2.101/Sdks/Microsoft.NET.Sdk/targets/Microsoft.NET.SupportedTargetFrameworks.props;/usr/share/dotnet/sdk/2.2.101/Sdks/Microsoft.NET.Sdk/targets/Microsoft.NET.Sdk.FSharp.props;/usr/share/dotnet/sdk/2.2.101/FSharp/Microsoft.FSharp.NetSdk.props;/home/mdegallaix/Projects/yaml-parser/.paket/Paket.Restore.targets;/usr/share/dotnet/sdk/2.2.101/Sdks/Microsoft.NET.Sdk/Sdk/Sdk.targets;/usr/share/dotnet/sdk/2.2.101/Sdks/Microsoft.NET.Sdk/targets/Microsoft.NET.Sdk.BeforeCommon.targets;/usr/share/dotnet/sdk/2.2.101/Sdks/Microsoft.NET.Sdk/targets/Microsoft.NET.DefaultAssemblyInfo.targets;/usr/share/dotnet/sdk/2.2.101/Sdks/Microsoft.NET.Sdk/targets/Microsoft.NET.DefaultOutputPaths.targets;/usr/share/dotnet/sdk/2.2.101/Sdks/Microsoft.NET.Sdk/targets/Microsoft.NET.TargetFrameworkInference.targets;/usr/share/dotnet/sdk/2.2.101/Sdks/Microsoft.NET.Sdk/targets/Microsoft.NET.RuntimeIdentifierInference.targets;/usr/share/dotnet/sdk/2.2.101/Sdks/Microsoft.NET.Sdk/targets/Microsoft.NET.NuGetOfflineCache.targets;/usr/share/dotnet/sdk/2.2.101/Sdks/Microsoft.NET.Sdk/targets/Microsoft.NET.Sdk.FSharpTargetsShim.targets;/usr/share/dotnet/sdk/2.2.101/FSharp/Microsoft.FSharp.NetSdk.targets") at /usr/share/dotnet/sdk/2.2.101/FSharp/Microsoft.FSharp.Targets (21,9)
       Property reassignment: $(_DebugSymbolsProduced)="true" (previous value: "false") at /usr/share/dotnet/sdk/2.2.101/Microsoft.Common.CurrentVersion.targets (148,5)
       Property reassignment: $(_DocumentationFileProduced)="false" (previous value: "true") at /usr/share/dotnet/sdk/2.2.101/Microsoft.Common.CurrentVersion.targets (157,5)
       Property reassignment: $(ProcessorArchitecture)="msil" (previous value: "") at /usr/share/dotnet/sdk/2.2.101/Microsoft.Common.CurrentVersion.targets (486,5)
       Property reassignment: $(DelaySign)="" (previous value: "false") at /usr/share/dotnet/sdk/2.2.101/Microsoft.Common.CurrentVersion.targets (525,5)
       Property reassignment: $(MSBuildAllProjects)=";/usr/share/dotnet/sdk/2.2.101/Sdks/Microsoft.NET.Sdk/Sdk/Sdk.props;/home/mdegallaix/Projects/yaml-parser/yaml-parser-tests/obj/yaml-parser-tests.fsproj.nuget.g.props;/home/mdegallaix/Projects/yaml-parser/yaml-parser-tests/obj/yaml-parser-tests.fsproj.paket.props;/usr/share/dotnet/sdk/2.2.101/Sdks/Microsoft.NET.Sdk/targets/Microsoft.NET.Sdk.props;/usr/share/dotnet/sdk/2.2.101/Sdks/Microsoft.NET.Sdk/targets/Microsoft.NET.Sdk.DefaultItems.props;/usr/share/dotnet/sdk/2.2.101/Sdks/Microsoft.NET.Sdk/targets/Microsoft.NET.SupportedTargetFrameworks.props;/usr/share/dotnet/sdk/2.2.101/Sdks/Microsoft.NET.Sdk/targets/Microsoft.NET.Sdk.FSharp.props;/usr/share/dotnet/sdk/2.2.101/FSharp/Microsoft.FSharp.NetSdk.props;/home/mdegallaix/Projects/yaml-parser/.paket/Paket.Restore.targets;/usr/share/dotnet/sdk/2.2.101/Sdks/Microsoft.NET.Sdk/Sdk/Sdk.targets;/usr/share/dotnet/sdk/2.2.101/Sdks/Microsoft.NET.Sdk/targets/Microsoft.NET.Sdk.BeforeCommon.targets;/usr/share/dotnet/sdk/2.2.101/Sdks/Microsoft.NET.Sdk/targets/Microsoft.NET.DefaultAssemblyInfo.targets;/usr/share/dotnet/sdk/2.2.101/Sdks/Microsoft.NET.Sdk/targets/Microsoft.NET.DefaultOutputPaths.targets;/usr/share/dotnet/sdk/2.2.101/Sdks/Microsoft.NET.Sdk/targets/Microsoft.NET.TargetFrameworkInference.targets;/usr/share/dotnet/sdk/2.2.101/Sdks/Microsoft.NET.Sdk/targets/Microsoft.NET.RuntimeIdentifierInference.targets;/usr/share/dotnet/sdk/2.2.101/Sdks/Microsoft.NET.Sdk/targets/Microsoft.NET.NuGetOfflineCache.targets;/usr/share/dotnet/sdk/2.2.101/Sdks/Microsoft.NET.Sdk/targets/Microsoft.NET.Sdk.FSharpTargetsShim.targets;/usr/share/dotnet/sdk/2.2.101/FSharp/Microsoft.FSharp.NetSdk.targets;/usr/share/dotnet/sdk/2.2.101/FSharp/Microsoft.FSharp.Targets;/home/mdegallaix/Projects/yaml-parser/yaml-parser-tests/yaml-parser-tests.fsproj;/usr/share/dotnet/sdk/2.2.101/Microsoft.Common.CurrentVersion.targets" (previous value: ";/usr/share/dotnet/sdk/2.2.101/Sdks/Microsoft.NET.Sdk/Sdk/Sdk.props;/home/mdegallaix/Projects/yaml-parser/yaml-parser-tests/obj/yaml-parser-tests.fsproj.nuget.g.props;/home/mdegallaix/Projects/yaml-parser/yaml-parser-tests/obj/yaml-parser-tests.fsproj.paket.props;/usr/share/dotnet/sdk/2.2.101/Sdks/Microsoft.NET.Sdk/targets/Microsoft.NET.Sdk.props;/usr/share/dotnet/sdk/2.2.101/Sdks/Microsoft.NET.Sdk/targets/Microsoft.NET.Sdk.DefaultItems.props;/usr/share/dotnet/sdk/2.2.101/Sdks/Microsoft.NET.Sdk/targets/Microsoft.NET.SupportedTargetFrameworks.props;/usr/share/dotnet/sdk/2.2.101/Sdks/Microsoft.NET.Sdk/targets/Microsoft.NET.Sdk.FSharp.props;/usr/share/dotnet/sdk/2.2.101/FSharp/Microsoft.FSharp.NetSdk.props;/home/mdegallaix/Projects/yaml-parser/.paket/Paket.Restore.targets;/usr/share/dotnet/sdk/2.2.101/Sdks/Microsoft.NET.Sdk/Sdk/Sdk.targets;/usr/share/dotnet/sdk/2.2.101/Sdks/Microsoft.NET.Sdk/targets/Microsoft.NET.Sdk.BeforeCommon.targets;/usr/share/dotnet/sdk/2.2.101/Sdks/Microsoft.NET.Sdk/targets/Microsoft.NET.DefaultAssemblyInfo.targets;/usr/share/dotnet/sdk/2.2.101/Sdks/Microsoft.NET.Sdk/targets/Microsoft.NET.DefaultOutputPaths.targets;/usr/share/dotnet/sdk/2.2.101/Sdks/Microsoft.NET.Sdk/targets/Microsoft.NET.TargetFrameworkInference.targets;/usr/share/dotnet/sdk/2.2.101/Sdks/Microsoft.NET.Sdk/targets/Microsoft.NET.RuntimeIdentifierInference.targets;/usr/share/dotnet/sdk/2.2.101/Sdks/Microsoft.NET.Sdk/targets/Microsoft.NET.NuGetOfflineCache.targets;/usr/share/dotnet/sdk/2.2.101/Sdks/Microsoft.NET.Sdk/targets/Microsoft.NET.Sdk.FSharpTargetsShim.targets;/usr/share/dotnet/sdk/2.2.101/FSharp/Microsoft.FSharp.NetSdk.targets;/usr/share/dotnet/sdk/2.2.101/FSharp/Microsoft.FSharp.Targets") at /usr/share/dotnet/sdk/2.2.101/Microsoft.Common.CurrentVersion.targets (536,5)
       Property reassignment: $(_SGenGenerateSerializationAssembliesConfig)="Auto" (previous value: "") at /usr/share/dotnet/sdk/2.2.101/Microsoft.Common.CurrentVersion.targets (3500,5)
       Property reassignment: $(_SGenGenerateSerializationAssembliesConfig)="Off" (previous value: "Auto") at /usr/share/dotnet/sdk/2.2.101/Microsoft.Common.CurrentVersion.targets (3501,5)
       Property reassignment: $(MSBuildAllProjects)=";/usr/share/dotnet/sdk/2.2.101/Sdks/Microsoft.NET.Sdk/Sdk/Sdk.props;/home/mdegallaix/Projects/yaml-parser/yaml-parser-tests/obj/yaml-parser-tests.fsproj.nuget.g.props;/home/mdegallaix/Projects/yaml-parser/yaml-parser-tests/obj/yaml-parser-tests.fsproj.paket.props;/usr/share/dotnet/sdk/2.2.101/Sdks/Microsoft.NET.Sdk/targets/Microsoft.NET.Sdk.props;/usr/share/dotnet/sdk/2.2.101/Sdks/Microsoft.NET.Sdk/targets/Microsoft.NET.Sdk.DefaultItems.props;/usr/share/dotnet/sdk/2.2.101/Sdks/Microsoft.NET.Sdk/targets/Microsoft.NET.SupportedTargetFrameworks.props;/usr/share/dotnet/sdk/2.2.101/Sdks/Microsoft.NET.Sdk/targets/Microsoft.NET.Sdk.FSharp.props;/usr/share/dotnet/sdk/2.2.101/FSharp/Microsoft.FSharp.NetSdk.props;/home/mdegallaix/Projects/yaml-parser/.paket/Paket.Restore.targets;/usr/share/dotnet/sdk/2.2.101/Sdks/Microsoft.NET.Sdk/Sdk/Sdk.targets;/usr/share/dotnet/sdk/2.2.101/Sdks/Microsoft.NET.Sdk/targets/Microsoft.NET.Sdk.BeforeCommon.targets;/usr/share/dotnet/sdk/2.2.101/Sdks/Microsoft.NET.Sdk/targets/Microsoft.NET.DefaultAssemblyInfo.targets;/usr/share/dotnet/sdk/2.2.101/Sdks/Microsoft.NET.Sdk/targets/Microsoft.NET.DefaultOutputPaths.targets;/usr/share/dotnet/sdk/2.2.101/Sdks/Microsoft.NET.Sdk/targets/Microsoft.NET.TargetFrameworkInference.targets;/usr/share/dotnet/sdk/2.2.101/Sdks/Microsoft.NET.Sdk/targets/Microsoft.NET.RuntimeIdentifierInference.targets;/usr/share/dotnet/sdk/2.2.101/Sdks/Microsoft.NET.Sdk/targets/Microsoft.NET.NuGetOfflineCache.targets;/usr/share/dotnet/sdk/2.2.101/Sdks/Microsoft.NET.Sdk/targets/Microsoft.NET.Sdk.FSharpTargetsShim.targets;/usr/share/dotnet/sdk/2.2.101/FSharp/Microsoft.FSharp.NetSdk.targets;/usr/share/dotnet/sdk/2.2.101/FSharp/Microsoft.FSharp.Targets;/home/mdegallaix/Projects/yaml-parser/yaml-parser-tests/yaml-parser-tests.fsproj;/usr/share/dotnet/sdk/2.2.101/Microsoft.Common.CurrentVersion.targets;/usr/share/dotnet/sdk/2.2.101/NuGet.targets" (previous value: ";/usr/share/dotnet/sdk/2.2.101/Sdks/Microsoft.NET.Sdk/Sdk/Sdk.props;/home/mdegallaix/Projects/yaml-parser/yaml-parser-tests/obj/yaml-parser-tests.fsproj.nuget.g.props;/home/mdegallaix/Projects/yaml-parser/yaml-parser-tests/obj/yaml-parser-tests.fsproj.paket.props;/usr/share/dotnet/sdk/2.2.101/Sdks/Microsoft.NET.Sdk/targets/Microsoft.NET.Sdk.props;/usr/share/dotnet/sdk/2.2.101/Sdks/Microsoft.NET.Sdk/targets/Microsoft.NET.Sdk.DefaultItems.props;/usr/share/dotnet/sdk/2.2.101/Sdks/Microsoft.NET.Sdk/targets/Microsoft.NET.SupportedTargetFrameworks.props;/usr/share/dotnet/sdk/2.2.101/Sdks/Microsoft.NET.Sdk/targets/Microsoft.NET.Sdk.FSharp.props;/usr/share/dotnet/sdk/2.2.101/FSharp/Microsoft.FSharp.NetSdk.props;/home/mdegallaix/Projects/yaml-parser/.paket/Paket.Restore.targets;/usr/share/dotnet/sdk/2.2.101/Sdks/Microsoft.NET.Sdk/Sdk/Sdk.targets;/usr/share/dotnet/sdk/2.2.101/Sdks/Microsoft.NET.Sdk/targets/Microsoft.NET.Sdk.BeforeCommon.targets;/usr/share/dotnet/sdk/2.2.101/Sdks/Microsoft.NET.Sdk/targets/Microsoft.NET.DefaultAssemblyInfo.targets;/usr/share/dotnet/sdk/2.2.101/Sdks/Microsoft.NET.Sdk/targets/Microsoft.NET.DefaultOutputPaths.targets;/usr/share/dotnet/sdk/2.2.101/Sdks/Microsoft.NET.Sdk/targets/Microsoft.NET.TargetFrameworkInference.targets;/usr/share/dotnet/sdk/2.2.101/Sdks/Microsoft.NET.Sdk/targets/Microsoft.NET.RuntimeIdentifierInference.targets;/usr/share/dotnet/sdk/2.2.101/Sdks/Microsoft.NET.Sdk/targets/Microsoft.NET.NuGetOfflineCache.targets;/usr/share/dotnet/sdk/2.2.101/Sdks/Microsoft.NET.Sdk/targets/Microsoft.NET.Sdk.FSharpTargetsShim.targets;/usr/share/dotnet/sdk/2.2.101/FSharp/Microsoft.FSharp.NetSdk.targets;/usr/share/dotnet/sdk/2.2.101/FSharp/Microsoft.FSharp.Targets;/home/mdegallaix/Projects/yaml-parser/yaml-parser-tests/yaml-parser-tests.fsproj;/usr/share/dotnet/sdk/2.2.101/Microsoft.Common.CurrentVersion.targets") at /usr/share/dotnet/sdk/2.2.101/NuGet.targets (45,5)
       Property reassignment: $(_GenerateRestoreGraphProjectEntryInputProperties)="
             ExcludeRestorePackageImports=true;
             _RestoreSolutionFileUsed=true;
             SolutionDir=/home/mdegallaix/Projects/yaml-parser/;
             SolutionName=yaml-parser;
           " (previous value: "ExcludeRestorePackageImports=true") at /usr/share/dotnet/sdk/2.2.101/NuGet.targets (76,5)
       Property reassignment: $(MSBuildAllProjects)=";/usr/share/dotnet/sdk/2.2.101/Sdks/Microsoft.NET.Sdk/Sdk/Sdk.props;/home/mdegallaix/Projects/yaml-parser/yaml-parser-tests/obj/yaml-parser-tests.fsproj.nuget.g.props;/home/mdegallaix/Projects/yaml-parser/yaml-parser-tests/obj/yaml-parser-tests.fsproj.paket.props;/usr/share/dotnet/sdk/2.2.101/Sdks/Microsoft.NET.Sdk/targets/Microsoft.NET.Sdk.props;/usr/share/dotnet/sdk/2.2.101/Sdks/Microsoft.NET.Sdk/targets/Microsoft.NET.Sdk.DefaultItems.props;/usr/share/dotnet/sdk/2.2.101/Sdks/Microsoft.NET.Sdk/targets/Microsoft.NET.SupportedTargetFrameworks.props;/usr/share/dotnet/sdk/2.2.101/Sdks/Microsoft.NET.Sdk/targets/Microsoft.NET.Sdk.FSharp.props;/usr/share/dotnet/sdk/2.2.101/FSharp/Microsoft.FSharp.NetSdk.props;/home/mdegallaix/Projects/yaml-parser/.paket/Paket.Restore.targets;/usr/share/dotnet/sdk/2.2.101/Sdks/Microsoft.NET.Sdk/Sdk/Sdk.targets;/usr/share/dotnet/sdk/2.2.101/Sdks/Microsoft.NET.Sdk/targets/Microsoft.NET.Sdk.BeforeCommon.targets;/usr/share/dotnet/sdk/2.2.101/Sdks/Microsoft.NET.Sdk/targets/Microsoft.NET.DefaultAssemblyInfo.targets;/usr/share/dotnet/sdk/2.2.101/Sdks/Microsoft.NET.Sdk/targets/Microsoft.NET.DefaultOutputPaths.targets;/usr/share/dotnet/sdk/2.2.101/Sdks/Microsoft.NET.Sdk/targets/Microsoft.NET.TargetFrameworkInference.targets;/usr/share/dotnet/sdk/2.2.101/Sdks/Microsoft.NET.Sdk/targets/Microsoft.NET.RuntimeIdentifierInference.targets;/usr/share/dotnet/sdk/2.2.101/Sdks/Microsoft.NET.Sdk/targets/Microsoft.NET.NuGetOfflineCache.targets;/usr/share/dotnet/sdk/2.2.101/Sdks/Microsoft.NET.Sdk/targets/Microsoft.NET.Sdk.FSharpTargetsShim.targets;/usr/share/dotnet/sdk/2.2.101/FSharp/Microsoft.FSharp.NetSdk.targets;/usr/share/dotnet/sdk/2.2.101/FSharp/Microsoft.FSharp.Targets;/home/mdegallaix/Projects/yaml-parser/yaml-parser-tests/yaml-parser-tests.fsproj;/usr/share/dotnet/sdk/2.2.101/Microsoft.Common.CurrentVersion.targets;/usr/share/dotnet/sdk/2.2.101/NuGet.targets;/usr/share/dotnet/sdk/2.2.101/15.0/Microsoft.Common.targets/ImportAfter/Microsoft.NET.Build.Extensions.targets" (previous value: ";/usr/share/dotnet/sdk/2.2.101/Sdks/Microsoft.NET.Sdk/Sdk/Sdk.props;/home/mdegallaix/Projects/yaml-parser/yaml-parser-tests/obj/yaml-parser-tests.fsproj.nuget.g.props;/home/mdegallaix/Projects/yaml-parser/yaml-parser-tests/obj/yaml-parser-tests.fsproj.paket.props;/usr/share/dotnet/sdk/2.2.101/Sdks/Microsoft.NET.Sdk/targets/Microsoft.NET.Sdk.props;/usr/share/dotnet/sdk/2.2.101/Sdks/Microsoft.NET.Sdk/targets/Microsoft.NET.Sdk.DefaultItems.props;/usr/share/dotnet/sdk/2.2.101/Sdks/Microsoft.NET.Sdk/targets/Microsoft.NET.SupportedTargetFrameworks.props;/usr/share/dotnet/sdk/2.2.101/Sdks/Microsoft.NET.Sdk/targets/Microsoft.NET.Sdk.FSharp.props;/usr/share/dotnet/sdk/2.2.101/FSharp/Microsoft.FSharp.NetSdk.props;/home/mdegallaix/Projects/yaml-parser/.paket/Paket.Restore.targets;/usr/share/dotnet/sdk/2.2.101/Sdks/Microsoft.NET.Sdk/Sdk/Sdk.targets;/usr/share/dotnet/sdk/2.2.101/Sdks/Microsoft.NET.Sdk/targets/Microsoft.NET.Sdk.BeforeCommon.targets;/usr/share/dotnet/sdk/2.2.101/Sdks/Microsoft.NET.Sdk/targets/Microsoft.NET.DefaultAssemblyInfo.targets;/usr/share/dotnet/sdk/2.2.101/Sdks/Microsoft.NET.Sdk/targets/Microsoft.NET.DefaultOutputPaths.targets;/usr/share/dotnet/sdk/2.2.101/Sdks/Microsoft.NET.Sdk/targets/Microsoft.NET.TargetFrameworkInference.targets;/usr/share/dotnet/sdk/2.2.101/Sdks/Microsoft.NET.Sdk/targets/Microsoft.NET.RuntimeIdentifierInference.targets;/usr/share/dotnet/sdk/2.2.101/Sdks/Microsoft.NET.Sdk/targets/Microsoft.NET.NuGetOfflineCache.targets;/usr/share/dotnet/sdk/2.2.101/Sdks/Microsoft.NET.Sdk/targets/Microsoft.NET.Sdk.FSharpTargetsShim.targets;/usr/share/dotnet/sdk/2.2.101/FSharp/Microsoft.FSharp.NetSdk.targets;/usr/share/dotnet/sdk/2.2.101/FSharp/Microsoft.FSharp.Targets;/home/mdegallaix/Projects/yaml-parser/yaml-parser-tests/yaml-parser-tests.fsproj;/usr/share/dotnet/sdk/2.2.101/Microsoft.Common.CurrentVersion.targets;/usr/share/dotnet/sdk/2.2.101/NuGet.targets") at /usr/share/dotnet/sdk/2.2.101/15.0/Microsoft.Common.targets/ImportAfter/Microsoft.NET.Build.Extensions.targets (14,5)
       Property reassignment: $(MSBuildAllProjects)=";/usr/share/dotnet/sdk/2.2.101/Sdks/Microsoft.NET.Sdk/Sdk/Sdk.props;/home/mdegallaix/Projects/yaml-parser/yaml-parser-tests/obj/yaml-parser-tests.fsproj.nuget.g.props;/home/mdegallaix/Projects/yaml-parser/yaml-parser-tests/obj/yaml-parser-tests.fsproj.paket.props;/usr/share/dotnet/sdk/2.2.101/Sdks/Microsoft.NET.Sdk/targets/Microsoft.NET.Sdk.props;/usr/share/dotnet/sdk/2.2.101/Sdks/Microsoft.NET.Sdk/targets/Microsoft.NET.Sdk.DefaultItems.props;/usr/share/dotnet/sdk/2.2.101/Sdks/Microsoft.NET.Sdk/targets/Microsoft.NET.SupportedTargetFrameworks.props;/usr/share/dotnet/sdk/2.2.101/Sdks/Microsoft.NET.Sdk/targets/Microsoft.NET.Sdk.FSharp.props;/usr/share/dotnet/sdk/2.2.101/FSharp/Microsoft.FSharp.NetSdk.props;/home/mdegallaix/Projects/yaml-parser/.paket/Paket.Restore.targets;/usr/share/dotnet/sdk/2.2.101/Sdks/Microsoft.NET.Sdk/Sdk/Sdk.targets;/usr/share/dotnet/sdk/2.2.101/Sdks/Microsoft.NET.Sdk/targets/Microsoft.NET.Sdk.BeforeCommon.targets;/usr/share/dotnet/sdk/2.2.101/Sdks/Microsoft.NET.Sdk/targets/Microsoft.NET.DefaultAssemblyInfo.targets;/usr/share/dotnet/sdk/2.2.101/Sdks/Microsoft.NET.Sdk/targets/Microsoft.NET.DefaultOutputPaths.targets;/usr/share/dotnet/sdk/2.2.101/Sdks/Microsoft.NET.Sdk/targets/Microsoft.NET.TargetFrameworkInference.targets;/usr/share/dotnet/sdk/2.2.101/Sdks/Microsoft.NET.Sdk/targets/Microsoft.NET.RuntimeIdentifierInference.targets;/usr/share/dotnet/sdk/2.2.101/Sdks/Microsoft.NET.Sdk/targets/Microsoft.NET.NuGetOfflineCache.targets;/usr/share/dotnet/sdk/2.2.101/Sdks/Microsoft.NET.Sdk/targets/Microsoft.NET.Sdk.FSharpTargetsShim.targets;/usr/share/dotnet/sdk/2.2.101/FSharp/Microsoft.FSharp.NetSdk.targets;/usr/share/dotnet/sdk/2.2.101/FSharp/Microsoft.FSharp.Targets;/home/mdegallaix/Projects/yaml-parser/yaml-parser-tests/yaml-parser-tests.fsproj;/usr/share/dotnet/sdk/2.2.101/Microsoft.Common.CurrentVersion.targets;/usr/share/dotnet/sdk/2.2.101/NuGet.targets;/usr/share/dotnet/sdk/2.2.101/15.0/Microsoft.Common.targets/ImportAfter/Microsoft.NET.Build.Extensions.targets;/usr/share/dotnet/sdk/2.2.101/Microsoft/Microsoft.NET.Build.Extensions/Microsoft.NET.Build.Extensions.targets" (previous value: ";/usr/share/dotnet/sdk/2.2.101/Sdks/Microsoft.NET.Sdk/Sdk/Sdk.props;/home/mdegallaix/Projects/yaml-parser/yaml-parser-tests/obj/yaml-parser-tests.fsproj.nuget.g.props;/home/mdegallaix/Projects/yaml-parser/yaml-parser-tests/obj/yaml-parser-tests.fsproj.paket.props;/usr/share/dotnet/sdk/2.2.101/Sdks/Microsoft.NET.Sdk/targets/Microsoft.NET.Sdk.props;/usr/share/dotnet/sdk/2.2.101/Sdks/Microsoft.NET.Sdk/targets/Microsoft.NET.Sdk.DefaultItems.props;/usr/share/dotnet/sdk/2.2.101/Sdks/Microsoft.NET.Sdk/targets/Microsoft.NET.SupportedTargetFrameworks.props;/usr/share/dotnet/sdk/2.2.101/Sdks/Microsoft.NET.Sdk/targets/Microsoft.NET.Sdk.FSharp.props;/usr/share/dotnet/sdk/2.2.101/FSharp/Microsoft.FSharp.NetSdk.props;/home/mdegallaix/Projects/yaml-parser/.paket/Paket.Restore.targets;/usr/share/dotnet/sdk/2.2.101/Sdks/Microsoft.NET.Sdk/Sdk/Sdk.targets;/usr/share/dotnet/sdk/2.2.101/Sdks/Microsoft.NET.Sdk/targets/Microsoft.NET.Sdk.BeforeCommon.targets;/usr/share/dotnet/sdk/2.2.101/Sdks/Microsoft.NET.Sdk/targets/Microsoft.NET.DefaultAssemblyInfo.targets;/usr/share/dotnet/sdk/2.2.101/Sdks/Microsoft.NET.Sdk/targets/Microsoft.NET.DefaultOutputPaths.targets;/usr/share/dotnet/sdk/2.2.101/Sdks/Microsoft.NET.Sdk/targets/Microsoft.NET.TargetFrameworkInference.targets;/usr/share/dotnet/sdk/2.2.101/Sdks/Microsoft.NET.Sdk/targets/Microsoft.NET.RuntimeIdentifierInference.targets;/usr/share/dotnet/sdk/2.2.101/Sdks/Microsoft.NET.Sdk/targets/Microsoft.NET.NuGetOfflineCache.targets;/usr/share/dotnet/sdk/2.2.101/Sdks/Microsoft.NET.Sdk/targets/Microsoft.NET.Sdk.FSharpTargetsShim.targets;/usr/share/dotnet/sdk/2.2.101/FSharp/Microsoft.FSharp.NetSdk.targets;/usr/share/dotnet/sdk/2.2.101/FSharp/Microsoft.FSharp.Targets;/home/mdegallaix/Projects/yaml-parser/yaml-parser-tests/yaml-parser-tests.fsproj;/usr/share/dotnet/sdk/2.2.101/Microsoft.Common.CurrentVersion.targets;/usr/share/dotnet/sdk/2.2.101/NuGet.targets;/usr/share/dotnet/sdk/2.2.101/15.0/Microsoft.Common.targets/ImportAfter/Microsoft.NET.Build.Extensions.targets") at /usr/share/dotnet/sdk/2.2.101/Microsoft/Microsoft.NET.Build.Extensions/Microsoft.NET.Build.Extensions.targets (15,5)
       Property reassignment: $(MSBuildAllProjects)=";/usr/share/dotnet/sdk/2.2.101/Sdks/Microsoft.NET.Sdk/Sdk/Sdk.props;/home/mdegallaix/Projects/yaml-parser/yaml-parser-tests/obj/yaml-parser-tests.fsproj.nuget.g.props;/home/mdegallaix/Projects/yaml-parser/yaml-parser-tests/obj/yaml-parser-tests.fsproj.paket.props;/usr/share/dotnet/sdk/2.2.101/Sdks/Microsoft.NET.Sdk/targets/Microsoft.NET.Sdk.props;/usr/share/dotnet/sdk/2.2.101/Sdks/Microsoft.NET.Sdk/targets/Microsoft.NET.Sdk.DefaultItems.props;/usr/share/dotnet/sdk/2.2.101/Sdks/Microsoft.NET.Sdk/targets/Microsoft.NET.SupportedTargetFrameworks.props;/usr/share/dotnet/sdk/2.2.101/Sdks/Microsoft.NET.Sdk/targets/Microsoft.NET.Sdk.FSharp.props;/usr/share/dotnet/sdk/2.2.101/FSharp/Microsoft.FSharp.NetSdk.props;/home/mdegallaix/Projects/yaml-parser/.paket/Paket.Restore.targets;/usr/share/dotnet/sdk/2.2.101/Sdks/Microsoft.NET.Sdk/Sdk/Sdk.targets;/usr/share/dotnet/sdk/2.2.101/Sdks/Microsoft.NET.Sdk/targets/Microsoft.NET.Sdk.BeforeCommon.targets;/usr/share/dotnet/sdk/2.2.101/Sdks/Microsoft.NET.Sdk/targets/Microsoft.NET.DefaultAssemblyInfo.targets;/usr/share/dotnet/sdk/2.2.101/Sdks/Microsoft.NET.Sdk/targets/Microsoft.NET.DefaultOutputPaths.targets;/usr/share/dotnet/sdk/2.2.101/Sdks/Microsoft.NET.Sdk/targets/Microsoft.NET.TargetFrameworkInference.targets;/usr/share/dotnet/sdk/2.2.101/Sdks/Microsoft.NET.Sdk/targets/Microsoft.NET.RuntimeIdentifierInference.targets;/usr/share/dotnet/sdk/2.2.101/Sdks/Microsoft.NET.Sdk/targets/Microsoft.NET.NuGetOfflineCache.targets;/usr/share/dotnet/sdk/2.2.101/Sdks/Microsoft.NET.Sdk/targets/Microsoft.NET.Sdk.FSharpTargetsShim.targets;/usr/share/dotnet/sdk/2.2.101/FSharp/Microsoft.FSharp.NetSdk.targets;/usr/share/dotnet/sdk/2.2.101/FSharp/Microsoft.FSharp.Targets;/home/mdegallaix/Projects/yaml-parser/yaml-parser-tests/yaml-parser-tests.fsproj;/usr/share/dotnet/sdk/2.2.101/Microsoft.Common.CurrentVersion.targets;/usr/share/dotnet/sdk/2.2.101/NuGet.targets;/usr/share/dotnet/sdk/2.2.101/15.0/Microsoft.Common.targets/ImportAfter/Microsoft.NET.Build.Extensions.targets;/usr/share/dotnet/sdk/2.2.101/Microsoft/Microsoft.NET.Build.Extensions/Microsoft.NET.Build.Extensions.targets;/usr/share/dotnet/sdk/2.2.101/15.0/Microsoft.Common.targets/ImportAfter/Microsoft.TestPlatform.ImportAfter.targets" (previous value: ";/usr/share/dotnet/sdk/2.2.101/Sdks/Microsoft.NET.Sdk/Sdk/Sdk.props;/home/mdegallaix/Projects/yaml-parser/yaml-parser-tests/obj/yaml-parser-tests.fsproj.nuget.g.props;/home/mdegallaix/Projects/yaml-parser/yaml-parser-tests/obj/yaml-parser-tests.fsproj.paket.props;/usr/share/dotnet/sdk/2.2.101/Sdks/Microsoft.NET.Sdk/targets/Microsoft.NET.Sdk.props;/usr/share/dotnet/sdk/2.2.101/Sdks/Microsoft.NET.Sdk/targets/Microsoft.NET.Sdk.DefaultItems.props;/usr/share/dotnet/sdk/2.2.101/Sdks/Microsoft.NET.Sdk/targets/Microsoft.NET.SupportedTargetFrameworks.props;/usr/share/dotnet/sdk/2.2.101/Sdks/Microsoft.NET.Sdk/targets/Microsoft.NET.Sdk.FSharp.props;/usr/share/dotnet/sdk/2.2.101/FSharp/Microsoft.FSharp.NetSdk.props;/home/mdegallaix/Projects/yaml-parser/.paket/Paket.Restore.targets;/usr/share/dotnet/sdk/2.2.101/Sdks/Microsoft.NET.Sdk/Sdk/Sdk.targets;/usr/share/dotnet/sdk/2.2.101/Sdks/Microsoft.NET.Sdk/targets/Microsoft.NET.Sdk.BeforeCommon.targets;/usr/share/dotnet/sdk/2.2.101/Sdks/Microsoft.NET.Sdk/targets/Microsoft.NET.DefaultAssemblyInfo.targets;/usr/share/dotnet/sdk/2.2.101/Sdks/Microsoft.NET.Sdk/targets/Microsoft.NET.DefaultOutputPaths.targets;/usr/share/dotnet/sdk/2.2.101/Sdks/Microsoft.NET.Sdk/targets/Microsoft.NET.TargetFrameworkInference.targets;/usr/share/dotnet/sdk/2.2.101/Sdks/Microsoft.NET.Sdk/targets/Microsoft.NET.RuntimeIdentifierInference.targets;/usr/share/dotnet/sdk/2.2.101/Sdks/Microsoft.NET.Sdk/targets/Microsoft.NET.NuGetOfflineCache.targets;/usr/share/dotnet/sdk/2.2.101/Sdks/Microsoft.NET.Sdk/targets/Microsoft.NET.Sdk.FSharpTargetsShim.targets;/usr/share/dotnet/sdk/2.2.101/FSharp/Microsoft.FSharp.NetSdk.targets;/usr/share/dotnet/sdk/2.2.101/FSharp/Microsoft.FSharp.Targets;/home/mdegallaix/Projects/yaml-parser/yaml-parser-tests/yaml-parser-tests.fsproj;/usr/share/dotnet/sdk/2.2.101/Microsoft.Common.CurrentVersion.targets;/usr/share/dotnet/sdk/2.2.101/NuGet.targets;/usr/share/dotnet/sdk/2.2.101/15.0/Microsoft.Common.targets/ImportAfter/Microsoft.NET.Build.Extensions.targets;/usr/share/dotnet/sdk/2.2.101/Microsoft/Microsoft.NET.Build.Extensions/Microsoft.NET.Build.Extensions.targets") at /usr/share/dotnet/sdk/2.2.101/15.0/Microsoft.Common.targets/ImportAfter/Microsoft.TestPlatform.ImportAfter.targets (16,5)
       Property reassignment: $(MSBuildAllProjects)=";/usr/share/dotnet/sdk/2.2.101/Sdks/Microsoft.NET.Sdk/Sdk/Sdk.props;/home/mdegallaix/Projects/yaml-parser/yaml-parser-tests/obj/yaml-parser-tests.fsproj.nuget.g.props;/home/mdegallaix/Projects/yaml-parser/yaml-parser-tests/obj/yaml-parser-tests.fsproj.paket.props;/usr/share/dotnet/sdk/2.2.101/Sdks/Microsoft.NET.Sdk/targets/Microsoft.NET.Sdk.props;/usr/share/dotnet/sdk/2.2.101/Sdks/Microsoft.NET.Sdk/targets/Microsoft.NET.Sdk.DefaultItems.props;/usr/share/dotnet/sdk/2.2.101/Sdks/Microsoft.NET.Sdk/targets/Microsoft.NET.SupportedTargetFrameworks.props;/usr/share/dotnet/sdk/2.2.101/Sdks/Microsoft.NET.Sdk/targets/Microsoft.NET.Sdk.FSharp.props;/usr/share/dotnet/sdk/2.2.101/FSharp/Microsoft.FSharp.NetSdk.props;/home/mdegallaix/Projects/yaml-parser/.paket/Paket.Restore.targets;/usr/share/dotnet/sdk/2.2.101/Sdks/Microsoft.NET.Sdk/Sdk/Sdk.targets;/usr/share/dotnet/sdk/2.2.101/Sdks/Microsoft.NET.Sdk/targets/Microsoft.NET.Sdk.BeforeCommon.targets;/usr/share/dotnet/sdk/2.2.101/Sdks/Microsoft.NET.Sdk/targets/Microsoft.NET.DefaultAssemblyInfo.targets;/usr/share/dotnet/sdk/2.2.101/Sdks/Microsoft.NET.Sdk/targets/Microsoft.NET.DefaultOutputPaths.targets;/usr/share/dotnet/sdk/2.2.101/Sdks/Microsoft.NET.Sdk/targets/Microsoft.NET.TargetFrameworkInference.targets;/usr/share/dotnet/sdk/2.2.101/Sdks/Microsoft.NET.Sdk/targets/Microsoft.NET.RuntimeIdentifierInference.targets;/usr/share/dotnet/sdk/2.2.101/Sdks/Microsoft.NET.Sdk/targets/Microsoft.NET.NuGetOfflineCache.targets;/usr/share/dotnet/sdk/2.2.101/Sdks/Microsoft.NET.Sdk/targets/Microsoft.NET.Sdk.FSharpTargetsShim.targets;/usr/share/dotnet/sdk/2.2.101/FSharp/Microsoft.FSharp.NetSdk.targets;/usr/share/dotnet/sdk/2.2.101/FSharp/Microsoft.FSharp.Targets;/home/mdegallaix/Projects/yaml-parser/yaml-parser-tests/yaml-parser-tests.fsproj;/usr/share/dotnet/sdk/2.2.101/Microsoft.Common.CurrentVersion.targets;/usr/share/dotnet/sdk/2.2.101/NuGet.targets;/usr/share/dotnet/sdk/2.2.101/15.0/Microsoft.Common.targets/ImportAfter/Microsoft.NET.Build.Extensions.targets;/usr/share/dotnet/sdk/2.2.101/Microsoft/Microsoft.NET.Build.Extensions/Microsoft.NET.Build.Extensions.targets;/usr/share/dotnet/sdk/2.2.101/15.0/Microsoft.Common.targets/ImportAfter/Microsoft.TestPlatform.ImportAfter.targets;/usr/share/dotnet/sdk/2.2.101/Microsoft.TestPlatform.targets" (previous value: ";/usr/share/dotnet/sdk/2.2.101/Sdks/Microsoft.NET.Sdk/Sdk/Sdk.props;/home/mdegallaix/Projects/yaml-parser/yaml-parser-tests/obj/yaml-parser-tests.fsproj.nuget.g.props;/home/mdegallaix/Projects/yaml-parser/yaml-parser-tests/obj/yaml-parser-tests.fsproj.paket.props;/usr/share/dotnet/sdk/2.2.101/Sdks/Microsoft.NET.Sdk/targets/Microsoft.NET.Sdk.props;/usr/share/dotnet/sdk/2.2.101/Sdks/Microsoft.NET.Sdk/targets/Microsoft.NET.Sdk.DefaultItems.props;/usr/share/dotnet/sdk/2.2.101/Sdks/Microsoft.NET.Sdk/targets/Microsoft.NET.SupportedTargetFrameworks.props;/usr/share/dotnet/sdk/2.2.101/Sdks/Microsoft.NET.Sdk/targets/Microsoft.NET.Sdk.FSharp.props;/usr/share/dotnet/sdk/2.2.101/FSharp/Microsoft.FSharp.NetSdk.props;/home/mdegallaix/Projects/yaml-parser/.paket/Paket.Restore.targets;/usr/share/dotnet/sdk/2.2.101/Sdks/Microsoft.NET.Sdk/Sdk/Sdk.targets;/usr/share/dotnet/sdk/2.2.101/Sdks/Microsoft.NET.Sdk/targets/Microsoft.NET.Sdk.BeforeCommon.targets;/usr/share/dotnet/sdk/2.2.101/Sdks/Microsoft.NET.Sdk/targets/Microsoft.NET.DefaultAssemblyInfo.targets;/usr/share/dotnet/sdk/2.2.101/Sdks/Microsoft.NET.Sdk/targets/Microsoft.NET.DefaultOutputPaths.targets;/usr/share/dotnet/sdk/2.2.101/Sdks/Microsoft.NET.Sdk/targets/Microsoft.NET.TargetFrameworkInference.targets;/usr/share/dotnet/sdk/2.2.101/Sdks/Microsoft.NET.Sdk/targets/Microsoft.NET.RuntimeIdentifierInference.targets;/usr/share/dotnet/sdk/2.2.101/Sdks/Microsoft.NET.Sdk/targets/Microsoft.NET.NuGetOfflineCache.targets;/usr/share/dotnet/sdk/2.2.101/Sdks/Microsoft.NET.Sdk/targets/Microsoft.NET.Sdk.FSharpTargetsShim.targets;/usr/share/dotnet/sdk/2.2.101/FSharp/Microsoft.FSharp.NetSdk.targets;/usr/share/dotnet/sdk/2.2.101/FSharp/Microsoft.FSharp.Targets;/home/mdegallaix/Projects/yaml-parser/yaml-parser-tests/yaml-parser-tests.fsproj;/usr/share/dotnet/sdk/2.2.101/Microsoft.Common.CurrentVersion.targets;/usr/share/dotnet/sdk/2.2.101/NuGet.targets;/usr/share/dotnet/sdk/2.2.101/15.0/Microsoft.Common.targets/ImportAfter/Microsoft.NET.Build.Extensions.targets;/usr/share/dotnet/sdk/2.2.101/Microsoft/Microsoft.NET.Build.Extensions/Microsoft.NET.Build.Extensions.targets;/usr/share/dotnet/sdk/2.2.101/15.0/Microsoft.Common.targets/ImportAfter/Microsoft.TestPlatform.ImportAfter.targets") at /usr/share/dotnet/sdk/2.2.101/Microsoft.TestPlatform.targets (17,5)
       Property reassignment: $(MSBuildAllProjects)=";/usr/share/dotnet/sdk/2.2.101/Sdks/Microsoft.NET.Sdk/Sdk/Sdk.props;/home/mdegallaix/Projects/yaml-parser/yaml-parser-tests/obj/yaml-parser-tests.fsproj.nuget.g.props;/home/mdegallaix/Projects/yaml-parser/yaml-parser-tests/obj/yaml-parser-tests.fsproj.paket.props;/usr/share/dotnet/sdk/2.2.101/Sdks/Microsoft.NET.Sdk/targets/Microsoft.NET.Sdk.props;/usr/share/dotnet/sdk/2.2.101/Sdks/Microsoft.NET.Sdk/targets/Microsoft.NET.Sdk.DefaultItems.props;/usr/share/dotnet/sdk/2.2.101/Sdks/Microsoft.NET.Sdk/targets/Microsoft.NET.SupportedTargetFrameworks.props;/usr/share/dotnet/sdk/2.2.101/Sdks/Microsoft.NET.Sdk/targets/Microsoft.NET.Sdk.FSharp.props;/usr/share/dotnet/sdk/2.2.101/FSharp/Microsoft.FSharp.NetSdk.props;/home/mdegallaix/Projects/yaml-parser/.paket/Paket.Restore.targets;/usr/share/dotnet/sdk/2.2.101/Sdks/Microsoft.NET.Sdk/Sdk/Sdk.targets;/usr/share/dotnet/sdk/2.2.101/Sdks/Microsoft.NET.Sdk/targets/Microsoft.NET.Sdk.BeforeCommon.targets;/usr/share/dotnet/sdk/2.2.101/Sdks/Microsoft.NET.Sdk/targets/Microsoft.NET.DefaultAssemblyInfo.targets;/usr/share/dotnet/sdk/2.2.101/Sdks/Microsoft.NET.Sdk/targets/Microsoft.NET.DefaultOutputPaths.targets;/usr/share/dotnet/sdk/2.2.101/Sdks/Microsoft.NET.Sdk/targets/Microsoft.NET.TargetFrameworkInference.targets;/usr/share/dotnet/sdk/2.2.101/Sdks/Microsoft.NET.Sdk/targets/Microsoft.NET.RuntimeIdentifierInference.targets;/usr/share/dotnet/sdk/2.2.101/Sdks/Microsoft.NET.Sdk/targets/Microsoft.NET.NuGetOfflineCache.targets;/usr/share/dotnet/sdk/2.2.101/Sdks/Microsoft.NET.Sdk/targets/Microsoft.NET.Sdk.FSharpTargetsShim.targets;/usr/share/dotnet/sdk/2.2.101/FSharp/Microsoft.FSharp.NetSdk.targets;/usr/share/dotnet/sdk/2.2.101/FSharp/Microsoft.FSharp.Targets;/home/mdegallaix/Projects/yaml-parser/yaml-parser-tests/yaml-parser-tests.fsproj;/usr/share/dotnet/sdk/2.2.101/Microsoft.Common.CurrentVersion.targets;/usr/share/dotnet/sdk/2.2.101/NuGet.targets;/usr/share/dotnet/sdk/2.2.101/15.0/Microsoft.Common.targets/ImportAfter/Microsoft.NET.Build.Extensions.targets;/usr/share/dotnet/sdk/2.2.101/Microsoft/Microsoft.NET.Build.Extensions/Microsoft.NET.Build.Extensions.targets;/usr/share/dotnet/sdk/2.2.101/15.0/Microsoft.Common.targets/ImportAfter/Microsoft.TestPlatform.ImportAfter.targets;/usr/share/dotnet/sdk/2.2.101/Microsoft.TestPlatform.targets;/home/mdegallaix/Projects/yaml-parser/yaml-parser-tests/obj/yaml-parser-tests.fsproj.nuget.g.targets" (previous value: ";/usr/share/dotnet/sdk/2.2.101/Sdks/Microsoft.NET.Sdk/Sdk/Sdk.props;/home/mdegallaix/Projects/yaml-parser/yaml-parser-tests/obj/yaml-parser-tests.fsproj.nuget.g.props;/home/mdegallaix/Projects/yaml-parser/yaml-parser-tests/obj/yaml-parser-tests.fsproj.paket.props;/usr/share/dotnet/sdk/2.2.101/Sdks/Microsoft.NET.Sdk/targets/Microsoft.NET.Sdk.props;/usr/share/dotnet/sdk/2.2.101/Sdks/Microsoft.NET.Sdk/targets/Microsoft.NET.Sdk.DefaultItems.props;/usr/share/dotnet/sdk/2.2.101/Sdks/Microsoft.NET.Sdk/targets/Microsoft.NET.SupportedTargetFrameworks.props;/usr/share/dotnet/sdk/2.2.101/Sdks/Microsoft.NET.Sdk/targets/Microsoft.NET.Sdk.FSharp.props;/usr/share/dotnet/sdk/2.2.101/FSharp/Microsoft.FSharp.NetSdk.props;/home/mdegallaix/Projects/yaml-parser/.paket/Paket.Restore.targets;/usr/share/dotnet/sdk/2.2.101/Sdks/Microsoft.NET.Sdk/Sdk/Sdk.targets;/usr/share/dotnet/sdk/2.2.101/Sdks/Microsoft.NET.Sdk/targets/Microsoft.NET.Sdk.BeforeCommon.targets;/usr/share/dotnet/sdk/2.2.101/Sdks/Microsoft.NET.Sdk/targets/Microsoft.NET.DefaultAssemblyInfo.targets;/usr/share/dotnet/sdk/2.2.101/Sdks/Microsoft.NET.Sdk/targets/Microsoft.NET.DefaultOutputPaths.targets;/usr/share/dotnet/sdk/2.2.101/Sdks/Microsoft.NET.Sdk/targets/Microsoft.NET.TargetFrameworkInference.targets;/usr/share/dotnet/sdk/2.2.101/Sdks/Microsoft.NET.Sdk/targets/Microsoft.NET.RuntimeIdentifierInference.targets;/usr/share/dotnet/sdk/2.2.101/Sdks/Microsoft.NET.Sdk/targets/Microsoft.NET.NuGetOfflineCache.targets;/usr/share/dotnet/sdk/2.2.101/Sdks/Microsoft.NET.Sdk/targets/Microsoft.NET.Sdk.FSharpTargetsShim.targets;/usr/share/dotnet/sdk/2.2.101/FSharp/Microsoft.FSharp.NetSdk.targets;/usr/share/dotnet/sdk/2.2.101/FSharp/Microsoft.FSharp.Targets;/home/mdegallaix/Projects/yaml-parser/yaml-parser-tests/yaml-parser-tests.fsproj;/usr/share/dotnet/sdk/2.2.101/Microsoft.Common.CurrentVersion.targets;/usr/share/dotnet/sdk/2.2.101/NuGet.targets;/usr/share/dotnet/sdk/2.2.101/15.0/Microsoft.Common.targets/ImportAfter/Microsoft.NET.Build.Extensions.targets;/usr/share/dotnet/sdk/2.2.101/Microsoft/Microsoft.NET.Build.Extensions/Microsoft.NET.Build.Extensions.targets;/usr/share/dotnet/sdk/2.2.101/15.0/Microsoft.Common.targets/ImportAfter/Microsoft.TestPlatform.ImportAfter.targets;/usr/share/dotnet/sdk/2.2.101/Microsoft.TestPlatform.targets") at /home/mdegallaix/Projects/yaml-parser/yaml-parser-tests/obj/yaml-parser-tests.fsproj.nuget.g.targets (4,5)
       Property reassignment: $(MSBuildAllProjects)=";/usr/share/dotnet/sdk/2.2.101/Sdks/Microsoft.NET.Sdk/Sdk/Sdk.props;/home/mdegallaix/Projects/yaml-parser/yaml-parser-tests/obj/yaml-parser-tests.fsproj.nuget.g.props;/home/mdegallaix/Projects/yaml-parser/yaml-parser-tests/obj/yaml-parser-tests.fsproj.paket.props;/usr/share/dotnet/sdk/2.2.101/Sdks/Microsoft.NET.Sdk/targets/Microsoft.NET.Sdk.props;/usr/share/dotnet/sdk/2.2.101/Sdks/Microsoft.NET.Sdk/targets/Microsoft.NET.Sdk.DefaultItems.props;/usr/share/dotnet/sdk/2.2.101/Sdks/Microsoft.NET.Sdk/targets/Microsoft.NET.SupportedTargetFrameworks.props;/usr/share/dotnet/sdk/2.2.101/Sdks/Microsoft.NET.Sdk/targets/Microsoft.NET.Sdk.FSharp.props;/usr/share/dotnet/sdk/2.2.101/FSharp/Microsoft.FSharp.NetSdk.props;/home/mdegallaix/Projects/yaml-parser/.paket/Paket.Restore.targets;/usr/share/dotnet/sdk/2.2.101/Sdks/Microsoft.NET.Sdk/Sdk/Sdk.targets;/usr/share/dotnet/sdk/2.2.101/Sdks/Microsoft.NET.Sdk/targets/Microsoft.NET.Sdk.BeforeCommon.targets;/usr/share/dotnet/sdk/2.2.101/Sdks/Microsoft.NET.Sdk/targets/Microsoft.NET.DefaultAssemblyInfo.targets;/usr/share/dotnet/sdk/2.2.101/Sdks/Microsoft.NET.Sdk/targets/Microsoft.NET.DefaultOutputPaths.targets;/usr/share/dotnet/sdk/2.2.101/Sdks/Microsoft.NET.Sdk/targets/Microsoft.NET.TargetFrameworkInference.targets;/usr/share/dotnet/sdk/2.2.101/Sdks/Microsoft.NET.Sdk/targets/Microsoft.NET.RuntimeIdentifierInference.targets;/usr/share/dotnet/sdk/2.2.101/Sdks/Microsoft.NET.Sdk/targets/Microsoft.NET.NuGetOfflineCache.targets;/usr/share/dotnet/sdk/2.2.101/Sdks/Microsoft.NET.Sdk/targets/Microsoft.NET.Sdk.FSharpTargetsShim.targets;/usr/share/dotnet/sdk/2.2.101/FSharp/Microsoft.FSharp.NetSdk.targets;/usr/share/dotnet/sdk/2.2.101/FSharp/Microsoft.FSharp.Targets;/home/mdegallaix/Projects/yaml-parser/yaml-parser-tests/yaml-parser-tests.fsproj;/usr/share/dotnet/sdk/2.2.101/Microsoft.Common.CurrentVersion.targets;/usr/share/dotnet/sdk/2.2.101/NuGet.targets;/usr/share/dotnet/sdk/2.2.101/15.0/Microsoft.Common.targets/ImportAfter/Microsoft.NET.Build.Extensions.targets;/usr/share/dotnet/sdk/2.2.101/Microsoft/Microsoft.NET.Build.Extensions/Microsoft.NET.Build.Extensions.targets;/usr/share/dotnet/sdk/2.2.101/15.0/Microsoft.Common.targets/ImportAfter/Microsoft.TestPlatform.ImportAfter.targets;/usr/share/dotnet/sdk/2.2.101/Microsoft.TestPlatform.targets;/home/mdegallaix/Projects/yaml-parser/yaml-parser-tests/obj/yaml-parser-tests.fsproj.nuget.g.targets;/home/mdegallaix/Projects/yaml-parser/yaml-parser-tests/obj/yaml-parser-tests.fsproj.proj-info.targets" (previous value: ";/usr/share/dotnet/sdk/2.2.101/Sdks/Microsoft.NET.Sdk/Sdk/Sdk.props;/home/mdegallaix/Projects/yaml-parser/yaml-parser-tests/obj/yaml-parser-tests.fsproj.nuget.g.props;/home/mdegallaix/Projects/yaml-parser/yaml-parser-tests/obj/yaml-parser-tests.fsproj.paket.props;/usr/share/dotnet/sdk/2.2.101/Sdks/Microsoft.NET.Sdk/targets/Microsoft.NET.Sdk.props;/usr/share/dotnet/sdk/2.2.101/Sdks/Microsoft.NET.Sdk/targets/Microsoft.NET.Sdk.DefaultItems.props;/usr/share/dotnet/sdk/2.2.101/Sdks/Microsoft.NET.Sdk/targets/Microsoft.NET.SupportedTargetFrameworks.props;/usr/share/dotnet/sdk/2.2.101/Sdks/Microsoft.NET.Sdk/targets/Microsoft.NET.Sdk.FSharp.props;/usr/share/dotnet/sdk/2.2.101/FSharp/Microsoft.FSharp.NetSdk.props;/home/mdegallaix/Projects/yaml-parser/.paket/Paket.Restore.targets;/usr/share/dotnet/sdk/2.2.101/Sdks/Microsoft.NET.Sdk/Sdk/Sdk.targets;/usr/share/dotnet/sdk/2.2.101/Sdks/Microsoft.NET.Sdk/targets/Microsoft.NET.Sdk.BeforeCommon.targets;/usr/share/dotnet/sdk/2.2.101/Sdks/Microsoft.NET.Sdk/targets/Microsoft.NET.DefaultAssemblyInfo.targets;/usr/share/dotnet/sdk/2.2.101/Sdks/Microsoft.NET.Sdk/targets/Microsoft.NET.DefaultOutputPaths.targets;/usr/share/dotnet/sdk/2.2.101/Sdks/Microsoft.NET.Sdk/targets/Microsoft.NET.TargetFrameworkInference.targets;/usr/share/dotnet/sdk/2.2.101/Sdks/Microsoft.NET.Sdk/targets/Microsoft.NET.RuntimeIdentifierInference.targets;/usr/share/dotnet/sdk/2.2.101/Sdks/Microsoft.NET.Sdk/targets/Microsoft.NET.NuGetOfflineCache.targets;/usr/share/dotnet/sdk/2.2.101/Sdks/Microsoft.NET.Sdk/targets/Microsoft.NET.Sdk.FSharpTargetsShim.targets;/usr/share/dotnet/sdk/2.2.101/FSharp/Microsoft.FSharp.NetSdk.targets;/usr/share/dotnet/sdk/2.2.101/FSharp/Microsoft.FSharp.Targets;/home/mdegallaix/Projects/yaml-parser/yaml-parser-tests/yaml-parser-tests.fsproj;/usr/share/dotnet/sdk/2.2.101/Microsoft.Common.CurrentVersion.targets;/usr/share/dotnet/sdk/2.2.101/NuGet.targets;/usr/share/dotnet/sdk/2.2.101/15.0/Microsoft.Common.targets/ImportAfter/Microsoft.NET.Build.Extensions.targets;/usr/share/dotnet/sdk/2.2.101/Microsoft/Microsoft.NET.Build.Extensions/Microsoft.NET.Build.Extensions.targets;/usr/share/dotnet/sdk/2.2.101/15.0/Microsoft.Common.targets/ImportAfter/Microsoft.TestPlatform.ImportAfter.targets;/usr/share/dotnet/sdk/2.2.101/Microsoft.TestPlatform.targets;/home/mdegallaix/Projects/yaml-parser/yaml-parser-tests/obj/yaml-parser-tests.fsproj.nuget.g.targets") at /home/mdegallaix/Projects/yaml-parser/yaml-parser-tests/obj/yaml-parser-tests.fsproj.proj-info.targets (4,5)
       Property reassignment: $(TargetsForTfmSpecificContentInPackage)=";PackTool;PackageFSharpDesignTimeTools" (previous value: ";PackTool") at /usr/share/dotnet/sdk/2.2.101/FSharp/Microsoft.FSharp.NetSdk.targets (52,5)
       Property reassignment: $(MSBuildAllProjects)=";/usr/share/dotnet/sdk/2.2.101/Sdks/Microsoft.NET.Sdk/Sdk/Sdk.props;/home/mdegallaix/Projects/yaml-parser/yaml-parser-tests/obj/yaml-parser-tests.fsproj.nuget.g.props;/home/mdegallaix/Projects/yaml-parser/yaml-parser-tests/obj/yaml-parser-tests.fsproj.paket.props;/usr/share/dotnet/sdk/2.2.101/Sdks/Microsoft.NET.Sdk/targets/Microsoft.NET.Sdk.props;/usr/share/dotnet/sdk/2.2.101/Sdks/Microsoft.NET.Sdk/targets/Microsoft.NET.Sdk.DefaultItems.props;/usr/share/dotnet/sdk/2.2.101/Sdks/Microsoft.NET.Sdk/targets/Microsoft.NET.SupportedTargetFrameworks.props;/usr/share/dotnet/sdk/2.2.101/Sdks/Microsoft.NET.Sdk/targets/Microsoft.NET.Sdk.FSharp.props;/usr/share/dotnet/sdk/2.2.101/FSharp/Microsoft.FSharp.NetSdk.props;/home/mdegallaix/Projects/yaml-parser/.paket/Paket.Restore.targets;/usr/share/dotnet/sdk/2.2.101/Sdks/Microsoft.NET.Sdk/Sdk/Sdk.targets;/usr/share/dotnet/sdk/2.2.101/Sdks/Microsoft.NET.Sdk/targets/Microsoft.NET.Sdk.BeforeCommon.targets;/usr/share/dotnet/sdk/2.2.101/Sdks/Microsoft.NET.Sdk/targets/Microsoft.NET.DefaultAssemblyInfo.targets;/usr/share/dotnet/sdk/2.2.101/Sdks/Microsoft.NET.Sdk/targets/Microsoft.NET.DefaultOutputPaths.targets;/usr/share/dotnet/sdk/2.2.101/Sdks/Microsoft.NET.Sdk/targets/Microsoft.NET.TargetFrameworkInference.targets;/usr/share/dotnet/sdk/2.2.101/Sdks/Microsoft.NET.Sdk/targets/Microsoft.NET.RuntimeIdentifierInference.targets;/usr/share/dotnet/sdk/2.2.101/Sdks/Microsoft.NET.Sdk/targets/Microsoft.NET.NuGetOfflineCache.targets;/usr/share/dotnet/sdk/2.2.101/Sdks/Microsoft.NET.Sdk/targets/Microsoft.NET.Sdk.FSharpTargetsShim.targets;/usr/share/dotnet/sdk/2.2.101/FSharp/Microsoft.FSharp.NetSdk.targets;/usr/share/dotnet/sdk/2.2.101/FSharp/Microsoft.FSharp.Targets;/home/mdegallaix/Projects/yaml-parser/yaml-parser-tests/yaml-parser-tests.fsproj;/usr/share/dotnet/sdk/2.2.101/Microsoft.Common.CurrentVersion.targets;/usr/share/dotnet/sdk/2.2.101/NuGet.targets;/usr/share/dotnet/sdk/2.2.101/15.0/Microsoft.Common.targets/ImportAfter/Microsoft.NET.Build.Extensions.targets;/usr/share/dotnet/sdk/2.2.101/Microsoft/Microsoft.NET.Build.Extensions/Microsoft.NET.Build.Extensions.targets;/usr/share/dotnet/sdk/2.2.101/15.0/Microsoft.Common.targets/ImportAfter/Microsoft.TestPlatform.ImportAfter.targets;/usr/share/dotnet/sdk/2.2.101/Microsoft.TestPlatform.targets;/home/mdegallaix/Projects/yaml-parser/yaml-parser-tests/obj/yaml-parser-tests.fsproj.nuget.g.targets;/home/mdegallaix/Projects/yaml-parser/yaml-parser-tests/obj/yaml-parser-tests.fsproj.proj-info.targets;/usr/share/dotnet/sdk/2.2.101/Sdks/Microsoft.NET.Sdk/targets/Microsoft.NET.Sdk.targets" (previous value: ";/usr/share/dotnet/sdk/2.2.101/Sdks/Microsoft.NET.Sdk/Sdk/Sdk.props;/home/mdegallaix/Projects/yaml-parser/yaml-parser-tests/obj/yaml-parser-tests.fsproj.nuget.g.props;/home/mdegallaix/Projects/yaml-parser/yaml-parser-tests/obj/yaml-parser-tests.fsproj.paket.props;/usr/share/dotnet/sdk/2.2.101/Sdks/Microsoft.NET.Sdk/targets/Microsoft.NET.Sdk.props;/usr/share/dotnet/sdk/2.2.101/Sdks/Microsoft.NET.Sdk/targets/Microsoft.NET.Sdk.DefaultItems.props;/usr/share/dotnet/sdk/2.2.101/Sdks/Microsoft.NET.Sdk/targets/Microsoft.NET.SupportedTargetFrameworks.props;/usr/share/dotnet/sdk/2.2.101/Sdks/Microsoft.NET.Sdk/targets/Microsoft.NET.Sdk.FSharp.props;/usr/share/dotnet/sdk/2.2.101/FSharp/Microsoft.FSharp.NetSdk.props;/home/mdegallaix/Projects/yaml-parser/.paket/Paket.Restore.targets;/usr/share/dotnet/sdk/2.2.101/Sdks/Microsoft.NET.Sdk/Sdk/Sdk.targets;/usr/share/dotnet/sdk/2.2.101/Sdks/Microsoft.NET.Sdk/targets/Microsoft.NET.Sdk.BeforeCommon.targets;/usr/share/dotnet/sdk/2.2.101/Sdks/Microsoft.NET.Sdk/targets/Microsoft.NET.DefaultAssemblyInfo.targets;/usr/share/dotnet/sdk/2.2.101/Sdks/Microsoft.NET.Sdk/targets/Microsoft.NET.DefaultOutputPaths.targets;/usr/share/dotnet/sdk/2.2.101/Sdks/Microsoft.NET.Sdk/targets/Microsoft.NET.TargetFrameworkInference.targets;/usr/share/dotnet/sdk/2.2.101/Sdks/Microsoft.NET.Sdk/targets/Microsoft.NET.RuntimeIdentifierInference.targets;/usr/share/dotnet/sdk/2.2.101/Sdks/Microsoft.NET.Sdk/targets/Microsoft.NET.NuGetOfflineCache.targets;/usr/share/dotnet/sdk/2.2.101/Sdks/Microsoft.NET.Sdk/targets/Microsoft.NET.Sdk.FSharpTargetsShim.targets;/usr/share/dotnet/sdk/2.2.101/FSharp/Microsoft.FSharp.NetSdk.targets;/usr/share/dotnet/sdk/2.2.101/FSharp/Microsoft.FSharp.Targets;/home/mdegallaix/Projects/yaml-parser/yaml-parser-tests/yaml-parser-tests.fsproj;/usr/share/dotnet/sdk/2.2.101/Microsoft.Common.CurrentVersion.targets;/usr/share/dotnet/sdk/2.2.101/NuGet.targets;/usr/share/dotnet/sdk/2.2.101/15.0/Microsoft.Common.targets/ImportAfter/Microsoft.NET.Build.Extensions.targets;/usr/share/dotnet/sdk/2.2.101/Microsoft/Microsoft.NET.Build.Extensions/Microsoft.NET.Build.Extensions.targets;/usr/share/dotnet/sdk/2.2.101/15.0/Microsoft.Common.targets/ImportAfter/Microsoft.TestPlatform.ImportAfter.targets;/usr/share/dotnet/sdk/2.2.101/Microsoft.TestPlatform.targets;/home/mdegallaix/Projects/yaml-parser/yaml-parser-tests/obj/yaml-parser-tests.fsproj.nuget.g.targets;/home/mdegallaix/Projects/yaml-parser/yaml-parser-tests/obj/yaml-parser-tests.fsproj.proj-info.targets") at /usr/share/dotnet/sdk/2.2.101/Sdks/Microsoft.NET.Sdk/targets/Microsoft.NET.Sdk.targets (15,5)
       Property reassignment: $(MSBuildAllProjects)=";/usr/share/dotnet/sdk/2.2.101/Sdks/Microsoft.NET.Sdk/Sdk/Sdk.props;/home/mdegallaix/Projects/yaml-parser/yaml-parser-tests/obj/yaml-parser-tests.fsproj.nuget.g.props;/home/mdegallaix/Projects/yaml-parser/yaml-parser-tests/obj/yaml-parser-tests.fsproj.paket.props;/usr/share/dotnet/sdk/2.2.101/Sdks/Microsoft.NET.Sdk/targets/Microsoft.NET.Sdk.props;/usr/share/dotnet/sdk/2.2.101/Sdks/Microsoft.NET.Sdk/targets/Microsoft.NET.Sdk.DefaultItems.props;/usr/share/dotnet/sdk/2.2.101/Sdks/Microsoft.NET.Sdk/targets/Microsoft.NET.SupportedTargetFrameworks.props;/usr/share/dotnet/sdk/2.2.101/Sdks/Microsoft.NET.Sdk/targets/Microsoft.NET.Sdk.FSharp.props;/usr/share/dotnet/sdk/2.2.101/FSharp/Microsoft.FSharp.NetSdk.props;/home/mdegallaix/Projects/yaml-parser/.paket/Paket.Restore.targets;/usr/share/dotnet/sdk/2.2.101/Sdks/Microsoft.NET.Sdk/Sdk/Sdk.targets;/usr/share/dotnet/sdk/2.2.101/Sdks/Microsoft.NET.Sdk/targets/Microsoft.NET.Sdk.BeforeCommon.targets;/usr/share/dotnet/sdk/2.2.101/Sdks/Microsoft.NET.Sdk/targets/Microsoft.NET.DefaultAssemblyInfo.targets;/usr/share/dotnet/sdk/2.2.101/Sdks/Microsoft.NET.Sdk/targets/Microsoft.NET.DefaultOutputPaths.targets;/usr/share/dotnet/sdk/2.2.101/Sdks/Microsoft.NET.Sdk/targets/Microsoft.NET.TargetFrameworkInference.targets;/usr/share/dotnet/sdk/2.2.101/Sdks/Microsoft.NET.Sdk/targets/Microsoft.NET.RuntimeIdentifierInference.targets;/usr/share/dotnet/sdk/2.2.101/Sdks/Microsoft.NET.Sdk/targets/Microsoft.NET.NuGetOfflineCache.targets;/usr/share/dotnet/sdk/2.2.101/Sdks/Microsoft.NET.Sdk/targets/Microsoft.NET.Sdk.FSharpTargetsShim.targets;/usr/share/dotnet/sdk/2.2.101/FSharp/Microsoft.FSharp.NetSdk.targets;/usr/share/dotnet/sdk/2.2.101/FSharp/Microsoft.FSharp.Targets;/home/mdegallaix/Projects/yaml-parser/yaml-parser-tests/yaml-parser-tests.fsproj;/usr/share/dotnet/sdk/2.2.101/Microsoft.Common.CurrentVersion.targets;/usr/share/dotnet/sdk/2.2.101/NuGet.targets;/usr/share/dotnet/sdk/2.2.101/15.0/Microsoft.Common.targets/ImportAfter/Microsoft.NET.Build.Extensions.targets;/usr/share/dotnet/sdk/2.2.101/Microsoft/Microsoft.NET.Build.Extensions/Microsoft.NET.Build.Extensions.targets;/usr/share/dotnet/sdk/2.2.101/15.0/Microsoft.Common.targets/ImportAfter/Microsoft.TestPlatform.ImportAfter.targets;/usr/share/dotnet/sdk/2.2.101/Microsoft.TestPlatform.targets;/home/mdegallaix/Projects/yaml-parser/yaml-parser-tests/obj/yaml-parser-tests.fsproj.nuget.g.targets;/home/mdegallaix/Projects/yaml-parser/yaml-parser-tests/obj/yaml-parser-tests.fsproj.proj-info.targets;/usr/share/dotnet/sdk/2.2.101/Sdks/Microsoft.NET.Sdk/targets/Microsoft.NET.Sdk.targets;/usr/share/dotnet/sdk/2.2.101/Sdks/Microsoft.NET.Sdk/targets/Microsoft.NET.Sdk.Common.targets" (previous value: ";/usr/share/dotnet/sdk/2.2.101/Sdks/Microsoft.NET.Sdk/Sdk/Sdk.props;/home/mdegallaix/Projects/yaml-parser/yaml-parser-tests/obj/yaml-parser-tests.fsproj.nuget.g.props;/home/mdegallaix/Projects/yaml-parser/yaml-parser-tests/obj/yaml-parser-tests.fsproj.paket.props;/usr/share/dotnet/sdk/2.2.101/Sdks/Microsoft.NET.Sdk/targets/Microsoft.NET.Sdk.props;/usr/share/dotnet/sdk/2.2.101/Sdks/Microsoft.NET.Sdk/targets/Microsoft.NET.Sdk.DefaultItems.props;/usr/share/dotnet/sdk/2.2.101/Sdks/Microsoft.NET.Sdk/targets/Microsoft.NET.SupportedTargetFrameworks.props;/usr/share/dotnet/sdk/2.2.101/Sdks/Microsoft.NET.Sdk/targets/Microsoft.NET.Sdk.FSharp.props;/usr/share/dotnet/sdk/2.2.101/FSharp/Microsoft.FSharp.NetSdk.props;/home/mdegallaix/Projects/yaml-parser/.paket/Paket.Restore.targets;/usr/share/dotnet/sdk/2.2.101/Sdks/Microsoft.NET.Sdk/Sdk/Sdk.targets;/usr/share/dotnet/sdk/2.2.101/Sdks/Microsoft.NET.Sdk/targets/Microsoft.NET.Sdk.BeforeCommon.targets;/usr/share/dotnet/sdk/2.2.101/Sdks/Microsoft.NET.Sdk/targets/Microsoft.NET.DefaultAssemblyInfo.targets;/usr/share/dotnet/sdk/2.2.101/Sdks/Microsoft.NET.Sdk/targets/Microsoft.NET.DefaultOutputPaths.targets;/usr/share/dotnet/sdk/2.2.101/Sdks/Microsoft.NET.Sdk/targets/Microsoft.NET.TargetFrameworkInference.targets;/usr/share/dotnet/sdk/2.2.101/Sdks/Microsoft.NET.Sdk/targets/Microsoft.NET.RuntimeIdentifierInference.targets;/usr/share/dotnet/sdk/2.2.101/Sdks/Microsoft.NET.Sdk/targets/Microsoft.NET.NuGetOfflineCache.targets;/usr/share/dotnet/sdk/2.2.101/Sdks/Microsoft.NET.Sdk/targets/Microsoft.NET.Sdk.FSharpTargetsShim.targets;/usr/share/dotnet/sdk/2.2.101/FSharp/Microsoft.FSharp.NetSdk.targets;/usr/share/dotnet/sdk/2.2.101/FSharp/Microsoft.FSharp.Targets;/home/mdegallaix/Projects/yaml-parser/yaml-parser-tests/yaml-parser-tests.fsproj;/usr/share/dotnet/sdk/2.2.101/Microsoft.Common.CurrentVersion.targets;/usr/share/dotnet/sdk/2.2.101/NuGet.targets;/usr/share/dotnet/sdk/2.2.101/15.0/Microsoft.Common.targets/ImportAfter/Microsoft.NET.Build.Extensions.targets;/usr/share/dotnet/sdk/2.2.101/Microsoft/Microsoft.NET.Build.Extensions/Microsoft.NET.Build.Extensions.targets;/usr/share/dotnet/sdk/2.2.101/15.0/Microsoft.Common.targets/ImportAfter/Microsoft.TestPlatform.ImportAfter.targets;/usr/share/dotnet/sdk/2.2.101/Microsoft.TestPlatform.targets;/home/mdegallaix/Projects/yaml-parser/yaml-parser-tests/obj/yaml-parser-tests.fsproj.nuget.g.targets;/home/mdegallaix/Projects/yaml-parser/yaml-parser-tests/obj/yaml-parser-tests.fsproj.proj-info.targets;/usr/share/dotnet/sdk/2.2.101/Sdks/Microsoft.NET.Sdk/targets/Microsoft.NET.Sdk.targets") at /usr/share/dotnet/sdk/2.2.101/Sdks/Microsoft.NET.Sdk/targets/Microsoft.NET.Sdk.Common.targets (17,5)
       Property reassignment: $(MSBuildAllProjects)=";/usr/share/dotnet/sdk/2.2.101/Sdks/Microsoft.NET.Sdk/Sdk/Sdk.props;/home/mdegallaix/Projects/yaml-parser/yaml-parser-tests/obj/yaml-parser-tests.fsproj.nuget.g.props;/home/mdegallaix/Projects/yaml-parser/yaml-parser-tests/obj/yaml-parser-tests.fsproj.paket.props;/usr/share/dotnet/sdk/2.2.101/Sdks/Microsoft.NET.Sdk/targets/Microsoft.NET.Sdk.props;/usr/share/dotnet/sdk/2.2.101/Sdks/Microsoft.NET.Sdk/targets/Microsoft.NET.Sdk.DefaultItems.props;/usr/share/dotnet/sdk/2.2.101/Sdks/Microsoft.NET.Sdk/targets/Microsoft.NET.SupportedTargetFrameworks.props;/usr/share/dotnet/sdk/2.2.101/Sdks/Microsoft.NET.Sdk/targets/Microsoft.NET.Sdk.FSharp.props;/usr/share/dotnet/sdk/2.2.101/FSharp/Microsoft.FSharp.NetSdk.props;/home/mdegallaix/Projects/yaml-parser/.paket/Paket.Restore.targets;/usr/share/dotnet/sdk/2.2.101/Sdks/Microsoft.NET.Sdk/Sdk/Sdk.targets;/usr/share/dotnet/sdk/2.2.101/Sdks/Microsoft.NET.Sdk/targets/Microsoft.NET.Sdk.BeforeCommon.targets;/usr/share/dotnet/sdk/2.2.101/Sdks/Microsoft.NET.Sdk/targets/Microsoft.NET.DefaultAssemblyInfo.targets;/usr/share/dotnet/sdk/2.2.101/Sdks/Microsoft.NET.Sdk/targets/Microsoft.NET.DefaultOutputPaths.targets;/usr/share/dotnet/sdk/2.2.101/Sdks/Microsoft.NET.Sdk/targets/Microsoft.NET.TargetFrameworkInference.targets;/usr/share/dotnet/sdk/2.2.101/Sdks/Microsoft.NET.Sdk/targets/Microsoft.NET.RuntimeIdentifierInference.targets;/usr/share/dotnet/sdk/2.2.101/Sdks/Microsoft.NET.Sdk/targets/Microsoft.NET.NuGetOfflineCache.targets;/usr/share/dotnet/sdk/2.2.101/Sdks/Microsoft.NET.Sdk/targets/Microsoft.NET.Sdk.FSharpTargetsShim.targets;/usr/share/dotnet/sdk/2.2.101/FSharp/Microsoft.FSharp.NetSdk.targets;/usr/share/dotnet/sdk/2.2.101/FSharp/Microsoft.FSharp.Targets;/home/mdegallaix/Projects/yaml-parser/yaml-parser-tests/yaml-parser-tests.fsproj;/usr/share/dotnet/sdk/2.2.101/Microsoft.Common.CurrentVersion.targets;/usr/share/dotnet/sdk/2.2.101/NuGet.targets;/usr/share/dotnet/sdk/2.2.101/15.0/Microsoft.Common.targets/ImportAfter/Microsoft.NET.Build.Extensions.targets;/usr/share/dotnet/sdk/2.2.101/Microsoft/Microsoft.NET.Build.Extensions/Microsoft.NET.Build.Extensions.targets;/usr/share/dotnet/sdk/2.2.101/15.0/Microsoft.Common.targets/ImportAfter/Microsoft.TestPlatform.ImportAfter.targets;/usr/share/dotnet/sdk/2.2.101/Microsoft.TestPlatform.targets;/home/mdegallaix/Projects/yaml-parser/yaml-parser-tests/obj/yaml-parser-tests.fsproj.nuget.g.targets;/home/mdegallaix/Projects/yaml-parser/yaml-parser-tests/obj/yaml-parser-tests.fsproj.proj-info.targets;/usr/share/dotnet/sdk/2.2.101/Sdks/Microsoft.NET.Sdk/targets/Microsoft.NET.Sdk.targets;/usr/share/dotnet/sdk/2.2.101/Sdks/Microsoft.NET.Sdk/targets/Microsoft.NET.Sdk.Common.targets;/usr/share/dotnet/sdk/2.2.101/Sdks/Microsoft.NET.Sdk/targets/Microsoft.PackageDependencyResolution.targets" (previous value: ";/usr/share/dotnet/sdk/2.2.101/Sdks/Microsoft.NET.Sdk/Sdk/Sdk.props;/home/mdegallaix/Projects/yaml-parser/yaml-parser-tests/obj/yaml-parser-tests.fsproj.nuget.g.props;/home/mdegallaix/Projects/yaml-parser/yaml-parser-tests/obj/yaml-parser-tests.fsproj.paket.props;/usr/share/dotnet/sdk/2.2.101/Sdks/Microsoft.NET.Sdk/targets/Microsoft.NET.Sdk.props;/usr/share/dotnet/sdk/2.2.101/Sdks/Microsoft.NET.Sdk/targets/Microsoft.NET.Sdk.DefaultItems.props;/usr/share/dotnet/sdk/2.2.101/Sdks/Microsoft.NET.Sdk/targets/Microsoft.NET.SupportedTargetFrameworks.props;/usr/share/dotnet/sdk/2.2.101/Sdks/Microsoft.NET.Sdk/targets/Microsoft.NET.Sdk.FSharp.props;/usr/share/dotnet/sdk/2.2.101/FSharp/Microsoft.FSharp.NetSdk.props;/home/mdegallaix/Projects/yaml-parser/.paket/Paket.Restore.targets;/usr/share/dotnet/sdk/2.2.101/Sdks/Microsoft.NET.Sdk/Sdk/Sdk.targets;/usr/share/dotnet/sdk/2.2.101/Sdks/Microsoft.NET.Sdk/targets/Microsoft.NET.Sdk.BeforeCommon.targets;/usr/share/dotnet/sdk/2.2.101/Sdks/Microsoft.NET.Sdk/targets/Microsoft.NET.DefaultAssemblyInfo.targets;/usr/share/dotnet/sdk/2.2.101/Sdks/Microsoft.NET.Sdk/targets/Microsoft.NET.DefaultOutputPaths.targets;/usr/share/dotnet/sdk/2.2.101/Sdks/Microsoft.NET.Sdk/targets/Microsoft.NET.TargetFrameworkInference.targets;/usr/share/dotnet/sdk/2.2.101/Sdks/Microsoft.NET.Sdk/targets/Microsoft.NET.RuntimeIdentifierInference.targets;/usr/share/dotnet/sdk/2.2.101/Sdks/Microsoft.NET.Sdk/targets/Microsoft.NET.NuGetOfflineCache.targets;/usr/share/dotnet/sdk/2.2.101/Sdks/Microsoft.NET.Sdk/targets/Microsoft.NET.Sdk.FSharpTargetsShim.targets;/usr/share/dotnet/sdk/2.2.101/FSharp/Microsoft.FSharp.NetSdk.targets;/usr/share/dotnet/sdk/2.2.101/FSharp/Microsoft.FSharp.Targets;/home/mdegallaix/Projects/yaml-parser/yaml-parser-tests/yaml-parser-tests.fsproj;/usr/share/dotnet/sdk/2.2.101/Microsoft.Common.CurrentVersion.targets;/usr/share/dotnet/sdk/2.2.101/NuGet.targets;/usr/share/dotnet/sdk/2.2.101/15.0/Microsoft.Common.targets/ImportAfter/Microsoft.NET.Build.Extensions.targets;/usr/share/dotnet/sdk/2.2.101/Microsoft/Microsoft.NET.Build.Extensions/Microsoft.NET.Build.Extensions.targets;/usr/share/dotnet/sdk/2.2.101/15.0/Microsoft.Common.targets/ImportAfter/Microsoft.TestPlatform.ImportAfter.targets;/usr/share/dotnet/sdk/2.2.101/Microsoft.TestPlatform.targets;/home/mdegallaix/Projects/yaml-parser/yaml-parser-tests/obj/yaml-parser-tests.fsproj.nuget.g.targets;/home/mdegallaix/Projects/yaml-parser/yaml-parser-tests/obj/yaml-parser-tests.fsproj.proj-info.targets;/usr/share/dotnet/sdk/2.2.101/Sdks/Microsoft.NET.Sdk/targets/Microsoft.NET.Sdk.targets;/usr/share/dotnet/sdk/2.2.101/Sdks/Microsoft.NET.Sdk/targets/Microsoft.NET.Sdk.Common.targets") at /usr/share/dotnet/sdk/2.2.101/Sdks/Microsoft.NET.Sdk/targets/Microsoft.PackageDependencyResolution.targets (23,5)
       Property reassignment: $(ProjectAssetsFile)="/home/mdegallaix/Projects/yaml-parser/yaml-parser-tests/obj/project.assets.json" (previous value: "/home/mdegallaix/Projects/yaml-parser/yaml-parser-tests/obj//project.assets.json") at /usr/share/dotnet/sdk/2.2.101/Sdks/Microsoft.NET.Sdk/targets/Microsoft.PackageDependencyResolution.targets (28,5)
       Property reassignment: $(ProjectAssetsCacheFile)="/home/mdegallaix/Projects/yaml-parser/yaml-parser-tests/obj/Debug/netcoreapp2.1/yaml-parser-tests.assets.cache" (previous value: "obj\Debug\netcoreapp2.1\yaml-parser-tests.assets.cache") at /usr/share/dotnet/sdk/2.2.101/Sdks/Microsoft.NET.Sdk/targets/Microsoft.PackageDependencyResolution.targets (33,5)
       Property reassignment: $(ResolveAssemblyReferencesDependsOn)="
             
             ResolveProjectReferences;
             FindInvalidProjectReferences;
             GetFrameworkPaths;
             GetReferenceAssemblyPaths;
             PrepareForBuild;
             ResolveSDKReferences;
             ExpandSDKReferences;
           ;
             ResolvePackageDependenciesForBuild;
             _HandlePackageFileConflicts;
           " (previous value: "
             ResolveProjectReferences;
             FindInvalidProjectReferences;
             GetFrameworkPaths;
             GetReferenceAssemblyPaths;
             PrepareForBuild;
             ResolveSDKReferences;
             ExpandSDKReferences;
           ") at /usr/share/dotnet/sdk/2.2.101/Sdks/Microsoft.NET.Sdk/targets/Microsoft.PackageDependencyResolution.targets (60,5)
       Property reassignment: $(PrepareResourcesDependsOn)="
             ResolvePackageDependenciesForBuild;
             _HandlePackageFileConflicts;
             
             PrepareResourceNames;
             ResGen;
             CompileLicxFiles
           
           " (previous value: "
             PrepareResourceNames;
             ResGen;
             CompileLicxFiles
           ") at /usr/share/dotnet/sdk/2.2.101/Sdks/Microsoft.NET.Sdk/targets/Microsoft.PackageDependencyResolution.targets (66,5)
       Property reassignment: $(MSBuildAllProjects)=";/usr/share/dotnet/sdk/2.2.101/Sdks/Microsoft.NET.Sdk/Sdk/Sdk.props;/home/mdegallaix/Projects/yaml-parser/yaml-parser-tests/obj/yaml-parser-tests.fsproj.nuget.g.props;/home/mdegallaix/Projects/yaml-parser/yaml-parser-tests/obj/yaml-parser-tests.fsproj.paket.props;/usr/share/dotnet/sdk/2.2.101/Sdks/Microsoft.NET.Sdk/targets/Microsoft.NET.Sdk.props;/usr/share/dotnet/sdk/2.2.101/Sdks/Microsoft.NET.Sdk/targets/Microsoft.NET.Sdk.DefaultItems.props;/usr/share/dotnet/sdk/2.2.101/Sdks/Microsoft.NET.Sdk/targets/Microsoft.NET.SupportedTargetFrameworks.props;/usr/share/dotnet/sdk/2.2.101/Sdks/Microsoft.NET.Sdk/targets/Microsoft.NET.Sdk.FSharp.props;/usr/share/dotnet/sdk/2.2.101/FSharp/Microsoft.FSharp.NetSdk.props;/home/mdegallaix/Projects/yaml-parser/.paket/Paket.Restore.targets;/usr/share/dotnet/sdk/2.2.101/Sdks/Microsoft.NET.Sdk/Sdk/Sdk.targets;/usr/share/dotnet/sdk/2.2.101/Sdks/Microsoft.NET.Sdk/targets/Microsoft.NET.Sdk.BeforeCommon.targets;/usr/share/dotnet/sdk/2.2.101/Sdks/Microsoft.NET.Sdk/targets/Microsoft.NET.DefaultAssemblyInfo.targets;/usr/share/dotnet/sdk/2.2.101/Sdks/Microsoft.NET.Sdk/targets/Microsoft.NET.DefaultOutputPaths.targets;/usr/share/dotnet/sdk/2.2.101/Sdks/Microsoft.NET.Sdk/targets/Microsoft.NET.TargetFrameworkInference.targets;/usr/share/dotnet/sdk/2.2.101/Sdks/Microsoft.NET.Sdk/targets/Microsoft.NET.RuntimeIdentifierInference.targets;/usr/share/dotnet/sdk/2.2.101/Sdks/Microsoft.NET.Sdk/targets/Microsoft.NET.NuGetOfflineCache.targets;/usr/share/dotnet/sdk/2.2.101/Sdks/Microsoft.NET.Sdk/targets/Microsoft.NET.Sdk.FSharpTargetsShim.targets;/usr/share/dotnet/sdk/2.2.101/FSharp/Microsoft.FSharp.NetSdk.targets;/usr/share/dotnet/sdk/2.2.101/FSharp/Microsoft.FSharp.Targets;/home/mdegallaix/Projects/yaml-parser/yaml-parser-tests/yaml-parser-tests.fsproj;/usr/share/dotnet/sdk/2.2.101/Microsoft.Common.CurrentVersion.targets;/usr/share/dotnet/sdk/2.2.101/NuGet.targets;/usr/share/dotnet/sdk/2.2.101/15.0/Microsoft.Common.targets/ImportAfter/Microsoft.NET.Build.Extensions.targets;/usr/share/dotnet/sdk/2.2.101/Microsoft/Microsoft.NET.Build.Extensions/Microsoft.NET.Build.Extensions.targets;/usr/share/dotnet/sdk/2.2.101/15.0/Microsoft.Common.targets/ImportAfter/Microsoft.TestPlatform.ImportAfter.targets;/usr/share/dotnet/sdk/2.2.101/Microsoft.TestPlatform.targets;/home/mdegallaix/Projects/yaml-parser/yaml-parser-tests/obj/yaml-parser-tests.fsproj.nuget.g.targets;/home/mdegallaix/Projects/yaml-parser/yaml-parser-tests/obj/yaml-parser-tests.fsproj.proj-info.targets;/usr/share/dotnet/sdk/2.2.101/Sdks/Microsoft.NET.Sdk/targets/Microsoft.NET.Sdk.targets;/usr/share/dotnet/sdk/2.2.101/Sdks/Microsoft.NET.Sdk/targets/Microsoft.NET.Sdk.Common.targets;/usr/share/dotnet/sdk/2.2.101/Sdks/Microsoft.NET.Sdk/targets/Microsoft.PackageDependencyResolution.targets;/usr/share/dotnet/sdk/2.2.101/Sdks/Microsoft.NET.Sdk/targets/Microsoft.NET.Sdk.DefaultItems.targets" (previous value: ";/usr/share/dotnet/sdk/2.2.101/Sdks/Microsoft.NET.Sdk/Sdk/Sdk.props;/home/mdegallaix/Projects/yaml-parser/yaml-parser-tests/obj/yaml-parser-tests.fsproj.nuget.g.props;/home/mdegallaix/Projects/yaml-parser/yaml-parser-tests/obj/yaml-parser-tests.fsproj.paket.props;/usr/share/dotnet/sdk/2.2.101/Sdks/Microsoft.NET.Sdk/targets/Microsoft.NET.Sdk.props;/usr/share/dotnet/sdk/2.2.101/Sdks/Microsoft.NET.Sdk/targets/Microsoft.NET.Sdk.DefaultItems.props;/usr/share/dotnet/sdk/2.2.101/Sdks/Microsoft.NET.Sdk/targets/Microsoft.NET.SupportedTargetFrameworks.props;/usr/share/dotnet/sdk/2.2.101/Sdks/Microsoft.NET.Sdk/targets/Microsoft.NET.Sdk.FSharp.props;/usr/share/dotnet/sdk/2.2.101/FSharp/Microsoft.FSharp.NetSdk.props;/home/mdegallaix/Projects/yaml-parser/.paket/Paket.Restore.targets;/usr/share/dotnet/sdk/2.2.101/Sdks/Microsoft.NET.Sdk/Sdk/Sdk.targets;/usr/share/dotnet/sdk/2.2.101/Sdks/Microsoft.NET.Sdk/targets/Microsoft.NET.Sdk.BeforeCommon.targets;/usr/share/dotnet/sdk/2.2.101/Sdks/Microsoft.NET.Sdk/targets/Microsoft.NET.DefaultAssemblyInfo.targets;/usr/share/dotnet/sdk/2.2.101/Sdks/Microsoft.NET.Sdk/targets/Microsoft.NET.DefaultOutputPaths.targets;/usr/share/dotnet/sdk/2.2.101/Sdks/Microsoft.NET.Sdk/targets/Microsoft.NET.TargetFrameworkInference.targets;/usr/share/dotnet/sdk/2.2.101/Sdks/Microsoft.NET.Sdk/targets/Microsoft.NET.RuntimeIdentifierInference.targets;/usr/share/dotnet/sdk/2.2.101/Sdks/Microsoft.NET.Sdk/targets/Microsoft.NET.NuGetOfflineCache.targets;/usr/share/dotnet/sdk/2.2.101/Sdks/Microsoft.NET.Sdk/targets/Microsoft.NET.Sdk.FSharpTargetsShim.targets;/usr/share/dotnet/sdk/2.2.101/FSharp/Microsoft.FSharp.NetSdk.targets;/usr/share/dotnet/sdk/2.2.101/FSharp/Microsoft.FSharp.Targets;/home/mdegallaix/Projects/yaml-parser/yaml-parser-tests/yaml-parser-tests.fsproj;/usr/share/dotnet/sdk/2.2.101/Microsoft.Common.CurrentVersion.targets;/usr/share/dotnet/sdk/2.2.101/NuGet.targets;/usr/share/dotnet/sdk/2.2.101/15.0/Microsoft.Common.targets/ImportAfter/Microsoft.NET.Build.Extensions.targets;/usr/share/dotnet/sdk/2.2.101/Microsoft/Microsoft.NET.Build.Extensions/Microsoft.NET.Build.Extensions.targets;/usr/share/dotnet/sdk/2.2.101/15.0/Microsoft.Common.targets/ImportAfter/Microsoft.TestPlatform.ImportAfter.targets;/usr/share/dotnet/sdk/2.2.101/Microsoft.TestPlatform.targets;/home/mdegallaix/Projects/yaml-parser/yaml-parser-tests/obj/yaml-parser-tests.fsproj.nuget.g.targets;/home/mdegallaix/Projects/yaml-parser/yaml-parser-tests/obj/yaml-parser-tests.fsproj.proj-info.targets;/usr/share/dotnet/sdk/2.2.101/Sdks/Microsoft.NET.Sdk/targets/Microsoft.NET.Sdk.targets;/usr/share/dotnet/sdk/2.2.101/Sdks/Microsoft.NET.Sdk/targets/Microsoft.NET.Sdk.Common.targets;/usr/share/dotnet/sdk/2.2.101/Sdks/Microsoft.NET.Sdk/targets/Microsoft.PackageDependencyResolution.targets") at /usr/share/dotnet/sdk/2.2.101/Sdks/Microsoft.NET.Sdk/targets/Microsoft.NET.Sdk.DefaultItems.targets (15,5)
       Property reassignment: $(DefaultItemExcludes)=";bin\Debug\/**;obj\Debug\/**;bin\/**" (previous value: ";bin\Debug\/**;obj\Debug\/**") at /usr/share/dotnet/sdk/2.2.101/Sdks/Microsoft.NET.Sdk/targets/Microsoft.NET.Sdk.DefaultItems.targets (30,5)
       Property reassignment: $(DefaultItemExcludes)=";bin\Debug\/**;obj\Debug\/**;bin\/**;obj\/**" (previous value: ";bin\Debug\/**;obj\Debug\/**;bin\/**") at /usr/share/dotnet/sdk/2.2.101/Sdks/Microsoft.NET.Sdk/targets/Microsoft.NET.Sdk.DefaultItems.targets (32,5)
       Property reassignment: $(DefaultItemExcludes)=";bin\Debug\/**;obj\Debug\/**;bin\/**;obj\/**;**/*.user" (previous value: ";bin\Debug\/**;obj\Debug\/**;bin\/**;obj\/**") at /usr/share/dotnet/sdk/2.2.101/Sdks/Microsoft.NET.Sdk/targets/Microsoft.NET.Sdk.DefaultItems.targets (35,5)
       Property reassignment: $(DefaultItemExcludes)=";bin\Debug\/**;obj\Debug\/**;bin\/**;obj\/**;**/*.user;**/*.*proj" (previous value: ";bin\Debug\/**;obj\Debug\/**;bin\/**;obj\/**;**/*.user") at /usr/share/dotnet/sdk/2.2.101/Sdks/Microsoft.NET.Sdk/targets/Microsoft.NET.Sdk.DefaultItems.targets (36,5)
       Property reassignment: $(DefaultItemExcludes)=";bin\Debug\/**;obj\Debug\/**;bin\/**;obj\/**;**/*.user;**/*.*proj;**/*.sln" (previous value: ";bin\Debug\/**;obj\Debug\/**;bin\/**;obj\/**;**/*.user;**/*.*proj") at /usr/share/dotnet/sdk/2.2.101/Sdks/Microsoft.NET.Sdk/targets/Microsoft.NET.Sdk.DefaultItems.targets (37,5)
       Property reassignment: $(DefaultItemExcludes)=";bin\Debug\/**;obj\Debug\/**;bin\/**;obj\/**;**/*.user;**/*.*proj;**/*.sln;**/*.vssscc" (previous value: ";bin\Debug\/**;obj\Debug\/**;bin\/**;obj\/**;**/*.user;**/*.*proj;**/*.sln") at /usr/share/dotnet/sdk/2.2.101/Sdks/Microsoft.NET.Sdk/targets/Microsoft.NET.Sdk.DefaultItems.targets (38,5)
       Property reassignment: $(_DefaultUserProfileRuntimeStorePath)="/home/mdegallaix/.dotnet/store" (previous value: "/home/mdegallaix") at /usr/share/dotnet/sdk/2.2.101/Sdks/Microsoft.NET.Sdk/targets/Microsoft.NET.Sdk.targets (82,5)
       Property reassignment: $(CoreBuildDependsOn)="
             
             BuildOnlySettings;
             PrepareForBuild;
             PreBuildEvent;
             ResolveReferences;
             PrepareResources;
             ResolveKeySource;
             Compile;
             ExportWindowsMDFile;
             UnmanagedUnregistration;
             GenerateSerializationAssemblies;
             CreateSatelliteAssemblies;
             GenerateManifests;
             GetTargetPath;
             PrepareForRun;
             UnmanagedRegistration;
             IncrementalClean;
             PostBuildEvent
           ;
             GenerateBuildDependencyFile;
             GenerateBuildRuntimeConfigurationFiles
           " (previous value: "
             BuildOnlySettings;
             PrepareForBuild;
             PreBuildEvent;
             ResolveReferences;
             PrepareResources;
             ResolveKeySource;
             Compile;
             ExportWindowsMDFile;
             UnmanagedUnregistration;
             GenerateSerializationAssemblies;
             CreateSatelliteAssemblies;
             GenerateManifests;
             GetTargetPath;
             PrepareForRun;
             UnmanagedRegistration;
             IncrementalClean;
             PostBuildEvent
           ") at /usr/share/dotnet/sdk/2.2.101/Sdks/Microsoft.NET.Sdk/targets/Microsoft.NET.Sdk.targets (87,5)
       Property reassignment: $(CoreCleanDependsOn)="
             _SdkBeforeClean;
             
           " (previous value: "") at /usr/share/dotnet/sdk/2.2.101/Sdks/Microsoft.NET.Sdk/targets/Microsoft.NET.Sdk.targets (95,5)
       Property reassignment: $(RebuildDependsOn)="
             _SdkBeforeRebuild;
             
             BeforeRebuild;
             Clean;
             Build;
             AfterRebuild;
           
           " (previous value: "
             BeforeRebuild;
             Clean;
             Build;
             AfterRebuild;
           ") at /usr/share/dotnet/sdk/2.2.101/Sdks/Microsoft.NET.Sdk/targets/Microsoft.NET.Sdk.targets (102,5)
       Property reassignment: $(CreateSatelliteAssembliesDependsOn)="
             
             _GenerateSatelliteAssemblyInputs;
             ComputeIntermediateSatelliteAssemblies;
             GenerateSatelliteAssemblies
           ;
             CoreGenerateSatelliteAssemblies
           " (previous value: "
             _GenerateSatelliteAssemblyInputs;
             ComputeIntermediateSatelliteAssemblies;
             GenerateSatelliteAssemblies
           ") at /usr/share/dotnet/sdk/2.2.101/Sdks/Microsoft.NET.Sdk/targets/Microsoft.NET.Sdk.targets (436,5)
       Property reassignment: $(MSBuildAllProjects)=";/usr/share/dotnet/sdk/2.2.101/Sdks/Microsoft.NET.Sdk/Sdk/Sdk.props;/home/mdegallaix/Projects/yaml-parser/yaml-parser-tests/obj/yaml-parser-tests.fsproj.nuget.g.props;/home/mdegallaix/Projects/yaml-parser/yaml-parser-tests/obj/yaml-parser-tests.fsproj.paket.props;/usr/share/dotnet/sdk/2.2.101/Sdks/Microsoft.NET.Sdk/targets/Microsoft.NET.Sdk.props;/usr/share/dotnet/sdk/2.2.101/Sdks/Microsoft.NET.Sdk/targets/Microsoft.NET.Sdk.DefaultItems.props;/usr/share/dotnet/sdk/2.2.101/Sdks/Microsoft.NET.Sdk/targets/Microsoft.NET.SupportedTargetFrameworks.props;/usr/share/dotnet/sdk/2.2.101/Sdks/Microsoft.NET.Sdk/targets/Microsoft.NET.Sdk.FSharp.props;/usr/share/dotnet/sdk/2.2.101/FSharp/Microsoft.FSharp.NetSdk.props;/home/mdegallaix/Projects/yaml-parser/.paket/Paket.Restore.targets;/usr/share/dotnet/sdk/2.2.101/Sdks/Microsoft.NET.Sdk/Sdk/Sdk.targets;/usr/share/dotnet/sdk/2.2.101/Sdks/Microsoft.NET.Sdk/targets/Microsoft.NET.Sdk.BeforeCommon.targets;/usr/share/dotnet/sdk/2.2.101/Sdks/Microsoft.NET.Sdk/targets/Microsoft.NET.DefaultAssemblyInfo.targets;/usr/share/dotnet/sdk/2.2.101/Sdks/Microsoft.NET.Sdk/targets/Microsoft.NET.DefaultOutputPaths.targets;/usr/share/dotnet/sdk/2.2.101/Sdks/Microsoft.NET.Sdk/targets/Microsoft.NET.TargetFrameworkInference.targets;/usr/share/dotnet/sdk/2.2.101/Sdks/Microsoft.NET.Sdk/targets/Microsoft.NET.RuntimeIdentifierInference.targets;/usr/share/dotnet/sdk/2.2.101/Sdks/Microsoft.NET.Sdk/targets/Microsoft.NET.NuGetOfflineCache.targets;/usr/share/dotnet/sdk/2.2.101/Sdks/Microsoft.NET.Sdk/targets/Microsoft.NET.Sdk.FSharpTargetsShim.targets;/usr/share/dotnet/sdk/2.2.101/FSharp/Microsoft.FSharp.NetSdk.targets;/usr/share/dotnet/sdk/2.2.101/FSharp/Microsoft.FSharp.Targets;/home/mdegallaix/Projects/yaml-parser/yaml-parser-tests/yaml-parser-tests.fsproj;/usr/share/dotnet/sdk/2.2.101/Microsoft.Common.CurrentVersion.targets;/usr/share/dotnet/sdk/2.2.101/NuGet.targets;/usr/share/dotnet/sdk/2.2.101/15.0/Microsoft.Common.targets/ImportAfter/Microsoft.NET.Build.Extensions.targets;/usr/share/dotnet/sdk/2.2.101/Microsoft/Microsoft.NET.Build.Extensions/Microsoft.NET.Build.Extensions.targets;/usr/share/dotnet/sdk/2.2.101/15.0/Microsoft.Common.targets/ImportAfter/Microsoft.TestPlatform.ImportAfter.targets;/usr/share/dotnet/sdk/2.2.101/Microsoft.TestPlatform.targets;/home/mdegallaix/Projects/yaml-parser/yaml-parser-tests/obj/yaml-parser-tests.fsproj.nuget.g.targets;/home/mdegallaix/Projects/yaml-parser/yaml-parser-tests/obj/yaml-parser-tests.fsproj.proj-info.targets;/usr/share/dotnet/sdk/2.2.101/Sdks/Microsoft.NET.Sdk/targets/Microsoft.NET.Sdk.targets;/usr/share/dotnet/sdk/2.2.101/Sdks/Microsoft.NET.Sdk/targets/Microsoft.NET.Sdk.Common.targets;/usr/share/dotnet/sdk/2.2.101/Sdks/Microsoft.NET.Sdk/targets/Microsoft.PackageDependencyResolution.targets;/usr/share/dotnet/sdk/2.2.101/Sdks/Microsoft.NET.Sdk/targets/Microsoft.NET.Sdk.DefaultItems.targets;/usr/share/dotnet/sdk/2.2.101/Sdks/Microsoft.NET.Sdk/targets/Microsoft.NET.DisableStandardFrameworkResolution.targets" (previous value: ";/usr/share/dotnet/sdk/2.2.101/Sdks/Microsoft.NET.Sdk/Sdk/Sdk.props;/home/mdegallaix/Projects/yaml-parser/yaml-parser-tests/obj/yaml-parser-tests.fsproj.nuget.g.props;/home/mdegallaix/Projects/yaml-parser/yaml-parser-tests/obj/yaml-parser-tests.fsproj.paket.props;/usr/share/dotnet/sdk/2.2.101/Sdks/Microsoft.NET.Sdk/targets/Microsoft.NET.Sdk.props;/usr/share/dotnet/sdk/2.2.101/Sdks/Microsoft.NET.Sdk/targets/Microsoft.NET.Sdk.DefaultItems.props;/usr/share/dotnet/sdk/2.2.101/Sdks/Microsoft.NET.Sdk/targets/Microsoft.NET.SupportedTargetFrameworks.props;/usr/share/dotnet/sdk/2.2.101/Sdks/Microsoft.NET.Sdk/targets/Microsoft.NET.Sdk.FSharp.props;/usr/share/dotnet/sdk/2.2.101/FSharp/Microsoft.FSharp.NetSdk.props;/home/mdegallaix/Projects/yaml-parser/.paket/Paket.Restore.targets;/usr/share/dotnet/sdk/2.2.101/Sdks/Microsoft.NET.Sdk/Sdk/Sdk.targets;/usr/share/dotnet/sdk/2.2.101/Sdks/Microsoft.NET.Sdk/targets/Microsoft.NET.Sdk.BeforeCommon.targets;/usr/share/dotnet/sdk/2.2.101/Sdks/Microsoft.NET.Sdk/targets/Microsoft.NET.DefaultAssemblyInfo.targets;/usr/share/dotnet/sdk/2.2.101/Sdks/Microsoft.NET.Sdk/targets/Microsoft.NET.DefaultOutputPaths.targets;/usr/share/dotnet/sdk/2.2.101/Sdks/Microsoft.NET.Sdk/targets/Microsoft.NET.TargetFrameworkInference.targets;/usr/share/dotnet/sdk/2.2.101/Sdks/Microsoft.NET.Sdk/targets/Microsoft.NET.RuntimeIdentifierInference.targets;/usr/share/dotnet/sdk/2.2.101/Sdks/Microsoft.NET.Sdk/targets/Microsoft.NET.NuGetOfflineCache.targets;/usr/share/dotnet/sdk/2.2.101/Sdks/Microsoft.NET.Sdk/targets/Microsoft.NET.Sdk.FSharpTargetsShim.targets;/usr/share/dotnet/sdk/2.2.101/FSharp/Microsoft.FSharp.NetSdk.targets;/usr/share/dotnet/sdk/2.2.101/FSharp/Microsoft.FSharp.Targets;/home/mdegallaix/Projects/yaml-parser/yaml-parser-tests/yaml-parser-tests.fsproj;/usr/share/dotnet/sdk/2.2.101/Microsoft.Common.CurrentVersion.targets;/usr/share/dotnet/sdk/2.2.101/NuGet.targets;/usr/share/dotnet/sdk/2.2.101/15.0/Microsoft.Common.targets/ImportAfter/Microsoft.NET.Build.Extensions.targets;/usr/share/dotnet/sdk/2.2.101/Microsoft/Microsoft.NET.Build.Extensions/Microsoft.NET.Build.Extensions.targets;/usr/share/dotnet/sdk/2.2.101/15.0/Microsoft.Common.targets/ImportAfter/Microsoft.TestPlatform.ImportAfter.targets;/usr/share/dotnet/sdk/2.2.101/Microsoft.TestPlatform.targets;/home/mdegallaix/Projects/yaml-parser/yaml-parser-tests/obj/yaml-parser-tests.fsproj.nuget.g.targets;/home/mdegallaix/Projects/yaml-parser/yaml-parser-tests/obj/yaml-parser-tests.fsproj.proj-info.targets;/usr/share/dotnet/sdk/2.2.101/Sdks/Microsoft.NET.Sdk/targets/Microsoft.NET.Sdk.targets;/usr/share/dotnet/sdk/2.2.101/Sdks/Microsoft.NET.Sdk/targets/Microsoft.NET.Sdk.Common.targets;/usr/share/dotnet/sdk/2.2.101/Sdks/Microsoft.NET.Sdk/targets/Microsoft.PackageDependencyResolution.targets;/usr/share/dotnet/sdk/2.2.101/Sdks/Microsoft.NET.Sdk/targets/Microsoft.NET.Sdk.DefaultItems.targets") at /usr/share/dotnet/sdk/2.2.101/Sdks/Microsoft.NET.Sdk/targets/Microsoft.NET.DisableStandardFrameworkResolution.targets (18,5)
       Property reassignment: $(MSBuildAllProjects)=";/usr/share/dotnet/sdk/2.2.101/Sdks/Microsoft.NET.Sdk/Sdk/Sdk.props;/home/mdegallaix/Projects/yaml-parser/yaml-parser-tests/obj/yaml-parser-tests.fsproj.nuget.g.props;/home/mdegallaix/Projects/yaml-parser/yaml-parser-tests/obj/yaml-parser-tests.fsproj.paket.props;/usr/share/dotnet/sdk/2.2.101/Sdks/Microsoft.NET.Sdk/targets/Microsoft.NET.Sdk.props;/usr/share/dotnet/sdk/2.2.101/Sdks/Microsoft.NET.Sdk/targets/Microsoft.NET.Sdk.DefaultItems.props;/usr/share/dotnet/sdk/2.2.101/Sdks/Microsoft.NET.Sdk/targets/Microsoft.NET.SupportedTargetFrameworks.props;/usr/share/dotnet/sdk/2.2.101/Sdks/Microsoft.NET.Sdk/targets/Microsoft.NET.Sdk.FSharp.props;/usr/share/dotnet/sdk/2.2.101/FSharp/Microsoft.FSharp.NetSdk.props;/home/mdegallaix/Projects/yaml-parser/.paket/Paket.Restore.targets;/usr/share/dotnet/sdk/2.2.101/Sdks/Microsoft.NET.Sdk/Sdk/Sdk.targets;/usr/share/dotnet/sdk/2.2.101/Sdks/Microsoft.NET.Sdk/targets/Microsoft.NET.Sdk.BeforeCommon.targets;/usr/share/dotnet/sdk/2.2.101/Sdks/Microsoft.NET.Sdk/targets/Microsoft.NET.DefaultAssemblyInfo.targets;/usr/share/dotnet/sdk/2.2.101/Sdks/Microsoft.NET.Sdk/targets/Microsoft.NET.DefaultOutputPaths.targets;/usr/share/dotnet/sdk/2.2.101/Sdks/Microsoft.NET.Sdk/targets/Microsoft.NET.TargetFrameworkInference.targets;/usr/share/dotnet/sdk/2.2.101/Sdks/Microsoft.NET.Sdk/targets/Microsoft.NET.RuntimeIdentifierInference.targets;/usr/share/dotnet/sdk/2.2.101/Sdks/Microsoft.NET.Sdk/targets/Microsoft.NET.NuGetOfflineCache.targets;/usr/share/dotnet/sdk/2.2.101/Sdks/Microsoft.NET.Sdk/targets/Microsoft.NET.Sdk.FSharpTargetsShim.targets;/usr/share/dotnet/sdk/2.2.101/FSharp/Microsoft.FSharp.NetSdk.targets;/usr/share/dotnet/sdk/2.2.101/FSharp/Microsoft.FSharp.Targets;/home/mdegallaix/Projects/yaml-parser/yaml-parser-tests/yaml-parser-tests.fsproj;/usr/share/dotnet/sdk/2.2.101/Microsoft.Common.CurrentVersion.targets;/usr/share/dotnet/sdk/2.2.101/NuGet.targets;/usr/share/dotnet/sdk/2.2.101/15.0/Microsoft.Common.targets/ImportAfter/Microsoft.NET.Build.Extensions.targets;/usr/share/dotnet/sdk/2.2.101/Microsoft/Microsoft.NET.Build.Extensions/Microsoft.NET.Build.Extensions.targets;/usr/share/dotnet/sdk/2.2.101/15.0/Microsoft.Common.targets/ImportAfter/Microsoft.TestPlatform.ImportAfter.targets;/usr/share/dotnet/sdk/2.2.101/Microsoft.TestPlatform.targets;/home/mdegallaix/Projects/yaml-parser/yaml-parser-tests/obj/yaml-parser-tests.fsproj.nuget.g.targets;/home/mdegallaix/Projects/yaml-parser/yaml-parser-tests/obj/yaml-parser-tests.fsproj.proj-info.targets;/usr/share/dotnet/sdk/2.2.101/Sdks/Microsoft.NET.Sdk/targets/Microsoft.NET.Sdk.targets;/usr/share/dotnet/sdk/2.2.101/Sdks/Microsoft.NET.Sdk/targets/Microsoft.NET.Sdk.Common.targets;/usr/share/dotnet/sdk/2.2.101/Sdks/Microsoft.NET.Sdk/targets/Microsoft.PackageDependencyResolution.targets;/usr/share/dotnet/sdk/2.2.101/Sdks/Microsoft.NET.Sdk/targets/Microsoft.NET.Sdk.DefaultItems.targets;/usr/share/dotnet/sdk/2.2.101/Sdks/Microsoft.NET.Sdk/targets/Microsoft.NET.DisableStandardFrameworkResolution.targets;/usr/share/dotnet/sdk/2.2.101/Sdks/Microsoft.NET.Sdk/targets/Microsoft.NET.GenerateAssemblyInfo.targets" (previous value: ";/usr/share/dotnet/sdk/2.2.101/Sdks/Microsoft.NET.Sdk/Sdk/Sdk.props;/home/mdegallaix/Projects/yaml-parser/yaml-parser-tests/obj/yaml-parser-tests.fsproj.nuget.g.props;/home/mdegallaix/Projects/yaml-parser/yaml-parser-tests/obj/yaml-parser-tests.fsproj.paket.props;/usr/share/dotnet/sdk/2.2.101/Sdks/Microsoft.NET.Sdk/targets/Microsoft.NET.Sdk.props;/usr/share/dotnet/sdk/2.2.101/Sdks/Microsoft.NET.Sdk/targets/Microsoft.NET.Sdk.DefaultItems.props;/usr/share/dotnet/sdk/2.2.101/Sdks/Microsoft.NET.Sdk/targets/Microsoft.NET.SupportedTargetFrameworks.props;/usr/share/dotnet/sdk/2.2.101/Sdks/Microsoft.NET.Sdk/targets/Microsoft.NET.Sdk.FSharp.props;/usr/share/dotnet/sdk/2.2.101/FSharp/Microsoft.FSharp.NetSdk.props;/home/mdegallaix/Projects/yaml-parser/.paket/Paket.Restore.targets;/usr/share/dotnet/sdk/2.2.101/Sdks/Microsoft.NET.Sdk/Sdk/Sdk.targets;/usr/share/dotnet/sdk/2.2.101/Sdks/Microsoft.NET.Sdk/targets/Microsoft.NET.Sdk.BeforeCommon.targets;/usr/share/dotnet/sdk/2.2.101/Sdks/Microsoft.NET.Sdk/targets/Microsoft.NET.DefaultAssemblyInfo.targets;/usr/share/dotnet/sdk/2.2.101/Sdks/Microsoft.NET.Sdk/targets/Microsoft.NET.DefaultOutputPaths.targets;/usr/share/dotnet/sdk/2.2.101/Sdks/Microsoft.NET.Sdk/targets/Microsoft.NET.TargetFrameworkInference.targets;/usr/share/dotnet/sdk/2.2.101/Sdks/Microsoft.NET.Sdk/targets/Microsoft.NET.RuntimeIdentifierInference.targets;/usr/share/dotnet/sdk/2.2.101/Sdks/Microsoft.NET.Sdk/targets/Microsoft.NET.NuGetOfflineCache.targets;/usr/share/dotnet/sdk/2.2.101/Sdks/Microsoft.NET.Sdk/targets/Microsoft.NET.Sdk.FSharpTargetsShim.targets;/usr/share/dotnet/sdk/2.2.101/FSharp/Microsoft.FSharp.NetSdk.targets;/usr/share/dotnet/sdk/2.2.101/FSharp/Microsoft.FSharp.Targets;/home/mdegallaix/Projects/yaml-parser/yaml-parser-tests/yaml-parser-tests.fsproj;/usr/share/dotnet/sdk/2.2.101/Microsoft.Common.CurrentVersion.targets;/usr/share/dotnet/sdk/2.2.101/NuGet.targets;/usr/share/dotnet/sdk/2.2.101/15.0/Microsoft.Common.targets/ImportAfter/Microsoft.NET.Build.Extensions.targets;/usr/share/dotnet/sdk/2.2.101/Microsoft/Microsoft.NET.Build.Extensions/Microsoft.NET.Build.Extensions.targets;/usr/share/dotnet/sdk/2.2.101/15.0/Microsoft.Common.targets/ImportAfter/Microsoft.TestPlatform.ImportAfter.targets;/usr/share/dotnet/sdk/2.2.101/Microsoft.TestPlatform.targets;/home/mdegallaix/Projects/yaml-parser/yaml-parser-tests/obj/yaml-parser-tests.fsproj.nuget.g.targets;/home/mdegallaix/Projects/yaml-parser/yaml-parser-tests/obj/yaml-parser-tests.fsproj.proj-info.targets;/usr/share/dotnet/sdk/2.2.101/Sdks/Microsoft.NET.Sdk/targets/Microsoft.NET.Sdk.targets;/usr/share/dotnet/sdk/2.2.101/Sdks/Microsoft.NET.Sdk/targets/Microsoft.NET.Sdk.Common.targets;/usr/share/dotnet/sdk/2.2.101/Sdks/Microsoft.NET.Sdk/targets/Microsoft.PackageDependencyResolution.targets;/usr/share/dotnet/sdk/2.2.101/Sdks/Microsoft.NET.Sdk/targets/Microsoft.NET.Sdk.DefaultItems.targets;/usr/share/dotnet/sdk/2.2.101/Sdks/Microsoft.NET.Sdk/targets/Microsoft.NET.DisableStandardFrameworkResolution.targets") at /usr/share/dotnet/sdk/2.2.101/Sdks/Microsoft.NET.Sdk/targets/Microsoft.NET.GenerateAssemblyInfo.targets (21,5)
       Property reassignment: $(MSBuildAllProjects)=";/usr/share/dotnet/sdk/2.2.101/Sdks/Microsoft.NET.Sdk/Sdk/Sdk.props;/home/mdegallaix/Projects/yaml-parser/yaml-parser-tests/obj/yaml-parser-tests.fsproj.nuget.g.props;/home/mdegallaix/Projects/yaml-parser/yaml-parser-tests/obj/yaml-parser-tests.fsproj.paket.props;/usr/share/dotnet/sdk/2.2.101/Sdks/Microsoft.NET.Sdk/targets/Microsoft.NET.Sdk.props;/usr/share/dotnet/sdk/2.2.101/Sdks/Microsoft.NET.Sdk/targets/Microsoft.NET.Sdk.DefaultItems.props;/usr/share/dotnet/sdk/2.2.101/Sdks/Microsoft.NET.Sdk/targets/Microsoft.NET.SupportedTargetFrameworks.props;/usr/share/dotnet/sdk/2.2.101/Sdks/Microsoft.NET.Sdk/targets/Microsoft.NET.Sdk.FSharp.props;/usr/share/dotnet/sdk/2.2.101/FSharp/Microsoft.FSharp.NetSdk.props;/home/mdegallaix/Projects/yaml-parser/.paket/Paket.Restore.targets;/usr/share/dotnet/sdk/2.2.101/Sdks/Microsoft.NET.Sdk/Sdk/Sdk.targets;/usr/share/dotnet/sdk/2.2.101/Sdks/Microsoft.NET.Sdk/targets/Microsoft.NET.Sdk.BeforeCommon.targets;/usr/share/dotnet/sdk/2.2.101/Sdks/Microsoft.NET.Sdk/targets/Microsoft.NET.DefaultAssemblyInfo.targets;/usr/share/dotnet/sdk/2.2.101/Sdks/Microsoft.NET.Sdk/targets/Microsoft.NET.DefaultOutputPaths.targets;/usr/share/dotnet/sdk/2.2.101/Sdks/Microsoft.NET.Sdk/targets/Microsoft.NET.TargetFrameworkInference.targets;/usr/share/dotnet/sdk/2.2.101/Sdks/Microsoft.NET.Sdk/targets/Microsoft.NET.RuntimeIdentifierInference.targets;/usr/share/dotnet/sdk/2.2.101/Sdks/Microsoft.NET.Sdk/targets/Microsoft.NET.NuGetOfflineCache.targets;/usr/share/dotnet/sdk/2.2.101/Sdks/Microsoft.NET.Sdk/targets/Microsoft.NET.Sdk.FSharpTargetsShim.targets;/usr/share/dotnet/sdk/2.2.101/FSharp/Microsoft.FSharp.NetSdk.targets;/usr/share/dotnet/sdk/2.2.101/FSharp/Microsoft.FSharp.Targets;/home/mdegallaix/Projects/yaml-parser/yaml-parser-tests/yaml-parser-tests.fsproj;/usr/share/dotnet/sdk/2.2.101/Microsoft.Common.CurrentVersion.targets;/usr/share/dotnet/sdk/2.2.101/NuGet.targets;/usr/share/dotnet/sdk/2.2.101/15.0/Microsoft.Common.targets/ImportAfter/Microsoft.NET.Build.Extensions.targets;/usr/share/dotnet/sdk/2.2.101/Microsoft/Microsoft.NET.Build.Extensions/Microsoft.NET.Build.Extensions.targets;/usr/share/dotnet/sdk/2.2.101/15.0/Microsoft.Common.targets/ImportAfter/Microsoft.TestPlatform.ImportAfter.targets;/usr/share/dotnet/sdk/2.2.101/Microsoft.TestPlatform.targets;/home/mdegallaix/Projects/yaml-parser/yaml-parser-tests/obj/yaml-parser-tests.fsproj.nuget.g.targets;/home/mdegallaix/Projects/yaml-parser/yaml-parser-tests/obj/yaml-parser-tests.fsproj.proj-info.targets;/usr/share/dotnet/sdk/2.2.101/Sdks/Microsoft.NET.Sdk/targets/Microsoft.NET.Sdk.targets;/usr/share/dotnet/sdk/2.2.101/Sdks/Microsoft.NET.Sdk/targets/Microsoft.NET.Sdk.Common.targets;/usr/share/dotnet/sdk/2.2.101/Sdks/Microsoft.NET.Sdk/targets/Microsoft.PackageDependencyResolution.targets;/usr/share/dotnet/sdk/2.2.101/Sdks/Microsoft.NET.Sdk/targets/Microsoft.NET.Sdk.DefaultItems.targets;/usr/share/dotnet/sdk/2.2.101/Sdks/Microsoft.NET.Sdk/targets/Microsoft.NET.DisableStandardFrameworkResolution.targets;/usr/share/dotnet/sdk/2.2.101/Sdks/Microsoft.NET.Sdk/targets/Microsoft.NET.GenerateAssemblyInfo.targets;/usr/share/dotnet/sdk/2.2.101/Sdks/Microsoft.NET.Sdk/targets/Microsoft.NET.ComposeStore.targets" (previous value: ";/usr/share/dotnet/sdk/2.2.101/Sdks/Microsoft.NET.Sdk/Sdk/Sdk.props;/home/mdegallaix/Projects/yaml-parser/yaml-parser-tests/obj/yaml-parser-tests.fsproj.nuget.g.props;/home/mdegallaix/Projects/yaml-parser/yaml-parser-tests/obj/yaml-parser-tests.fsproj.paket.props;/usr/share/dotnet/sdk/2.2.101/Sdks/Microsoft.NET.Sdk/targets/Microsoft.NET.Sdk.props;/usr/share/dotnet/sdk/2.2.101/Sdks/Microsoft.NET.Sdk/targets/Microsoft.NET.Sdk.DefaultItems.props;/usr/share/dotnet/sdk/2.2.101/Sdks/Microsoft.NET.Sdk/targets/Microsoft.NET.SupportedTargetFrameworks.props;/usr/share/dotnet/sdk/2.2.101/Sdks/Microsoft.NET.Sdk/targets/Microsoft.NET.Sdk.FSharp.props;/usr/share/dotnet/sdk/2.2.101/FSharp/Microsoft.FSharp.NetSdk.props;/home/mdegallaix/Projects/yaml-parser/.paket/Paket.Restore.targets;/usr/share/dotnet/sdk/2.2.101/Sdks/Microsoft.NET.Sdk/Sdk/Sdk.targets;/usr/share/dotnet/sdk/2.2.101/Sdks/Microsoft.NET.Sdk/targets/Microsoft.NET.Sdk.BeforeCommon.targets;/usr/share/dotnet/sdk/2.2.101/Sdks/Microsoft.NET.Sdk/targets/Microsoft.NET.DefaultAssemblyInfo.targets;/usr/share/dotnet/sdk/2.2.101/Sdks/Microsoft.NET.Sdk/targets/Microsoft.NET.DefaultOutputPaths.targets;/usr/share/dotnet/sdk/2.2.101/Sdks/Microsoft.NET.Sdk/targets/Microsoft.NET.TargetFrameworkInference.targets;/usr/share/dotnet/sdk/2.2.101/Sdks/Microsoft.NET.Sdk/targets/Microsoft.NET.RuntimeIdentifierInference.targets;/usr/share/dotnet/sdk/2.2.101/Sdks/Microsoft.NET.Sdk/targets/Microsoft.NET.NuGetOfflineCache.targets;/usr/share/dotnet/sdk/2.2.101/Sdks/Microsoft.NET.Sdk/targets/Microsoft.NET.Sdk.FSharpTargetsShim.targets;/usr/share/dotnet/sdk/2.2.101/FSharp/Microsoft.FSharp.NetSdk.targets;/usr/share/dotnet/sdk/2.2.101/FSharp/Microsoft.FSharp.Targets;/home/mdegallaix/Projects/yaml-parser/yaml-parser-tests/yaml-parser-tests.fsproj;/usr/share/dotnet/sdk/2.2.101/Microsoft.Common.CurrentVersion.targets;/usr/share/dotnet/sdk/2.2.101/NuGet.targets;/usr/share/dotnet/sdk/2.2.101/15.0/Microsoft.Common.targets/ImportAfter/Microsoft.NET.Build.Extensions.targets;/usr/share/dotnet/sdk/2.2.101/Microsoft/Microsoft.NET.Build.Extensions/Microsoft.NET.Build.Extensions.targets;/usr/share/dotnet/sdk/2.2.101/15.0/Microsoft.Common.targets/ImportAfter/Microsoft.TestPlatform.ImportAfter.targets;/usr/share/dotnet/sdk/2.2.101/Microsoft.TestPlatform.targets;/home/mdegallaix/Projects/yaml-parser/yaml-parser-tests/obj/yaml-parser-tests.fsproj.nuget.g.targets;/home/mdegallaix/Projects/yaml-parser/yaml-parser-tests/obj/yaml-parser-tests.fsproj.proj-info.targets;/usr/share/dotnet/sdk/2.2.101/Sdks/Microsoft.NET.Sdk/targets/Microsoft.NET.Sdk.targets;/usr/share/dotnet/sdk/2.2.101/Sdks/Microsoft.NET.Sdk/targets/Microsoft.NET.Sdk.Common.targets;/usr/share/dotnet/sdk/2.2.101/Sdks/Microsoft.NET.Sdk/targets/Microsoft.PackageDependencyResolution.targets;/usr/share/dotnet/sdk/2.2.101/Sdks/Microsoft.NET.Sdk/targets/Microsoft.NET.Sdk.DefaultItems.targets;/usr/share/dotnet/sdk/2.2.101/Sdks/Microsoft.NET.Sdk/targets/Microsoft.NET.DisableStandardFrameworkResolution.targets;/usr/share/dotnet/sdk/2.2.101/Sdks/Microsoft.NET.Sdk/targets/Microsoft.NET.GenerateAssemblyInfo.targets") at /usr/share/dotnet/sdk/2.2.101/Sdks/Microsoft.NET.Sdk/targets/Microsoft.NET.ComposeStore.targets (22,5)
       Property reassignment: $(MSBuildAllProjects)=";/usr/share/dotnet/sdk/2.2.101/Sdks/Microsoft.NET.Sdk/Sdk/Sdk.props;/home/mdegallaix/Projects/yaml-parser/yaml-parser-tests/obj/yaml-parser-tests.fsproj.nuget.g.props;/home/mdegallaix/Projects/yaml-parser/yaml-parser-tests/obj/yaml-parser-tests.fsproj.paket.props;/usr/share/dotnet/sdk/2.2.101/Sdks/Microsoft.NET.Sdk/targets/Microsoft.NET.Sdk.props;/usr/share/dotnet/sdk/2.2.101/Sdks/Microsoft.NET.Sdk/targets/Microsoft.NET.Sdk.DefaultItems.props;/usr/share/dotnet/sdk/2.2.101/Sdks/Microsoft.NET.Sdk/targets/Microsoft.NET.SupportedTargetFrameworks.props;/usr/share/dotnet/sdk/2.2.101/Sdks/Microsoft.NET.Sdk/targets/Microsoft.NET.Sdk.FSharp.props;/usr/share/dotnet/sdk/2.2.101/FSharp/Microsoft.FSharp.NetSdk.props;/home/mdegallaix/Projects/yaml-parser/.paket/Paket.Restore.targets;/usr/share/dotnet/sdk/2.2.101/Sdks/Microsoft.NET.Sdk/Sdk/Sdk.targets;/usr/share/dotnet/sdk/2.2.101/Sdks/Microsoft.NET.Sdk/targets/Microsoft.NET.Sdk.BeforeCommon.targets;/usr/share/dotnet/sdk/2.2.101/Sdks/Microsoft.NET.Sdk/targets/Microsoft.NET.DefaultAssemblyInfo.targets;/usr/share/dotnet/sdk/2.2.101/Sdks/Microsoft.NET.Sdk/targets/Microsoft.NET.DefaultOutputPaths.targets;/usr/share/dotnet/sdk/2.2.101/Sdks/Microsoft.NET.Sdk/targets/Microsoft.NET.TargetFrameworkInference.targets;/usr/share/dotnet/sdk/2.2.101/Sdks/Microsoft.NET.Sdk/targets/Microsoft.NET.RuntimeIdentifierInference.targets;/usr/share/dotnet/sdk/2.2.101/Sdks/Microsoft.NET.Sdk/targets/Microsoft.NET.NuGetOfflineCache.targets;/usr/share/dotnet/sdk/2.2.101/Sdks/Microsoft.NET.Sdk/targets/Microsoft.NET.Sdk.FSharpTargetsShim.targets;/usr/share/dotnet/sdk/2.2.101/FSharp/Microsoft.FSharp.NetSdk.targets;/usr/share/dotnet/sdk/2.2.101/FSharp/Microsoft.FSharp.Targets;/home/mdegallaix/Projects/yaml-parser/yaml-parser-tests/yaml-parser-tests.fsproj;/usr/share/dotnet/sdk/2.2.101/Microsoft.Common.CurrentVersion.targets;/usr/share/dotnet/sdk/2.2.101/NuGet.targets;/usr/share/dotnet/sdk/2.2.101/15.0/Microsoft.Common.targets/ImportAfter/Microsoft.NET.Build.Extensions.targets;/usr/share/dotnet/sdk/2.2.101/Microsoft/Microsoft.NET.Build.Extensions/Microsoft.NET.Build.Extensions.targets;/usr/share/dotnet/sdk/2.2.101/15.0/Microsoft.Common.targets/ImportAfter/Microsoft.TestPlatform.ImportAfter.targets;/usr/share/dotnet/sdk/2.2.101/Microsoft.TestPlatform.targets;/home/mdegallaix/Projects/yaml-parser/yaml-parser-tests/obj/yaml-parser-tests.fsproj.nuget.g.targets;/home/mdegallaix/Projects/yaml-parser/yaml-parser-tests/obj/yaml-parser-tests.fsproj.proj-info.targets;/usr/share/dotnet/sdk/2.2.101/Sdks/Microsoft.NET.Sdk/targets/Microsoft.NET.Sdk.targets;/usr/share/dotnet/sdk/2.2.101/Sdks/Microsoft.NET.Sdk/targets/Microsoft.NET.Sdk.Common.targets;/usr/share/dotnet/sdk/2.2.101/Sdks/Microsoft.NET.Sdk/targets/Microsoft.PackageDependencyResolution.targets;/usr/share/dotnet/sdk/2.2.101/Sdks/Microsoft.NET.Sdk/targets/Microsoft.NET.Sdk.DefaultItems.targets;/usr/share/dotnet/sdk/2.2.101/Sdks/Microsoft.NET.Sdk/targets/Microsoft.NET.DisableStandardFrameworkResolution.targets;/usr/share/dotnet/sdk/2.2.101/Sdks/Microsoft.NET.Sdk/targets/Microsoft.NET.GenerateAssemblyInfo.targets;/usr/share/dotnet/sdk/2.2.101/Sdks/Microsoft.NET.Sdk/targets/Microsoft.NET.ComposeStore.targets;/usr/share/dotnet/sdk/2.2.101/Sdks/Microsoft.NET.Sdk/targets/Microsoft.NET.CrossGen.targets" (previous value: ";/usr/share/dotnet/sdk/2.2.101/Sdks/Microsoft.NET.Sdk/Sdk/Sdk.props;/home/mdegallaix/Projects/yaml-parser/yaml-parser-tests/obj/yaml-parser-tests.fsproj.nuget.g.props;/home/mdegallaix/Projects/yaml-parser/yaml-parser-tests/obj/yaml-parser-tests.fsproj.paket.props;/usr/share/dotnet/sdk/2.2.101/Sdks/Microsoft.NET.Sdk/targets/Microsoft.NET.Sdk.props;/usr/share/dotnet/sdk/2.2.101/Sdks/Microsoft.NET.Sdk/targets/Microsoft.NET.Sdk.DefaultItems.props;/usr/share/dotnet/sdk/2.2.101/Sdks/Microsoft.NET.Sdk/targets/Microsoft.NET.SupportedTargetFrameworks.props;/usr/share/dotnet/sdk/2.2.101/Sdks/Microsoft.NET.Sdk/targets/Microsoft.NET.Sdk.FSharp.props;/usr/share/dotnet/sdk/2.2.101/FSharp/Microsoft.FSharp.NetSdk.props;/home/mdegallaix/Projects/yaml-parser/.paket/Paket.Restore.targets;/usr/share/dotnet/sdk/2.2.101/Sdks/Microsoft.NET.Sdk/Sdk/Sdk.targets;/usr/share/dotnet/sdk/2.2.101/Sdks/Microsoft.NET.Sdk/targets/Microsoft.NET.Sdk.BeforeCommon.targets;/usr/share/dotnet/sdk/2.2.101/Sdks/Microsoft.NET.Sdk/targets/Microsoft.NET.DefaultAssemblyInfo.targets;/usr/share/dotnet/sdk/2.2.101/Sdks/Microsoft.NET.Sdk/targets/Microsoft.NET.DefaultOutputPaths.targets;/usr/share/dotnet/sdk/2.2.101/Sdks/Microsoft.NET.Sdk/targets/Microsoft.NET.TargetFrameworkInference.targets;/usr/share/dotnet/sdk/2.2.101/Sdks/Microsoft.NET.Sdk/targets/Microsoft.NET.RuntimeIdentifierInference.targets;/usr/share/dotnet/sdk/2.2.101/Sdks/Microsoft.NET.Sdk/targets/Microsoft.NET.NuGetOfflineCache.targets;/usr/share/dotnet/sdk/2.2.101/Sdks/Microsoft.NET.Sdk/targets/Microsoft.NET.Sdk.FSharpTargetsShim.targets;/usr/share/dotnet/sdk/2.2.101/FSharp/Microsoft.FSharp.NetSdk.targets;/usr/share/dotnet/sdk/2.2.101/FSharp/Microsoft.FSharp.Targets;/home/mdegallaix/Projects/yaml-parser/yaml-parser-tests/yaml-parser-tests.fsproj;/usr/share/dotnet/sdk/2.2.101/Microsoft.Common.CurrentVersion.targets;/usr/share/dotnet/sdk/2.2.101/NuGet.targets;/usr/share/dotnet/sdk/2.2.101/15.0/Microsoft.Common.targets/ImportAfter/Microsoft.NET.Build.Extensions.targets;/usr/share/dotnet/sdk/2.2.101/Microsoft/Microsoft.NET.Build.Extensions/Microsoft.NET.Build.Extensions.targets;/usr/share/dotnet/sdk/2.2.101/15.0/Microsoft.Common.targets/ImportAfter/Microsoft.TestPlatform.ImportAfter.targets;/usr/share/dotnet/sdk/2.2.101/Microsoft.TestPlatform.targets;/home/mdegallaix/Projects/yaml-parser/yaml-parser-tests/obj/yaml-parser-tests.fsproj.nuget.g.targets;/home/mdegallaix/Projects/yaml-parser/yaml-parser-tests/obj/yaml-parser-tests.fsproj.proj-info.targets;/usr/share/dotnet/sdk/2.2.101/Sdks/Microsoft.NET.Sdk/targets/Microsoft.NET.Sdk.targets;/usr/share/dotnet/sdk/2.2.101/Sdks/Microsoft.NET.Sdk/targets/Microsoft.NET.Sdk.Common.targets;/usr/share/dotnet/sdk/2.2.101/Sdks/Microsoft.NET.Sdk/targets/Microsoft.PackageDependencyResolution.targets;/usr/share/dotnet/sdk/2.2.101/Sdks/Microsoft.NET.Sdk/targets/Microsoft.NET.Sdk.DefaultItems.targets;/usr/share/dotnet/sdk/2.2.101/Sdks/Microsoft.NET.Sdk/targets/Microsoft.NET.DisableStandardFrameworkResolution.targets;/usr/share/dotnet/sdk/2.2.101/Sdks/Microsoft.NET.Sdk/targets/Microsoft.NET.GenerateAssemblyInfo.targets;/usr/share/dotnet/sdk/2.2.101/Sdks/Microsoft.NET.Sdk/targets/Microsoft.NET.ComposeStore.targets") at /usr/share/dotnet/sdk/2.2.101/Sdks/Microsoft.NET.Sdk/targets/Microsoft.NET.CrossGen.targets (15,5)
       Property reassignment: $(MSBuildAllProjects)=";/usr/share/dotnet/sdk/2.2.101/Sdks/Microsoft.NET.Sdk/Sdk/Sdk.props;/home/mdegallaix/Projects/yaml-parser/yaml-parser-tests/obj/yaml-parser-tests.fsproj.nuget.g.props;/home/mdegallaix/Projects/yaml-parser/yaml-parser-tests/obj/yaml-parser-tests.fsproj.paket.props;/usr/share/dotnet/sdk/2.2.101/Sdks/Microsoft.NET.Sdk/targets/Microsoft.NET.Sdk.props;/usr/share/dotnet/sdk/2.2.101/Sdks/Microsoft.NET.Sdk/targets/Microsoft.NET.Sdk.DefaultItems.props;/usr/share/dotnet/sdk/2.2.101/Sdks/Microsoft.NET.Sdk/targets/Microsoft.NET.SupportedTargetFrameworks.props;/usr/share/dotnet/sdk/2.2.101/Sdks/Microsoft.NET.Sdk/targets/Microsoft.NET.Sdk.FSharp.props;/usr/share/dotnet/sdk/2.2.101/FSharp/Microsoft.FSharp.NetSdk.props;/home/mdegallaix/Projects/yaml-parser/.paket/Paket.Restore.targets;/usr/share/dotnet/sdk/2.2.101/Sdks/Microsoft.NET.Sdk/Sdk/Sdk.targets;/usr/share/dotnet/sdk/2.2.101/Sdks/Microsoft.NET.Sdk/targets/Microsoft.NET.Sdk.BeforeCommon.targets;/usr/share/dotnet/sdk/2.2.101/Sdks/Microsoft.NET.Sdk/targets/Microsoft.NET.DefaultAssemblyInfo.targets;/usr/share/dotnet/sdk/2.2.101/Sdks/Microsoft.NET.Sdk/targets/Microsoft.NET.DefaultOutputPaths.targets;/usr/share/dotnet/sdk/2.2.101/Sdks/Microsoft.NET.Sdk/targets/Microsoft.NET.TargetFrameworkInference.targets;/usr/share/dotnet/sdk/2.2.101/Sdks/Microsoft.NET.Sdk/targets/Microsoft.NET.RuntimeIdentifierInference.targets;/usr/share/dotnet/sdk/2.2.101/Sdks/Microsoft.NET.Sdk/targets/Microsoft.NET.NuGetOfflineCache.targets;/usr/share/dotnet/sdk/2.2.101/Sdks/Microsoft.NET.Sdk/targets/Microsoft.NET.Sdk.FSharpTargetsShim.targets;/usr/share/dotnet/sdk/2.2.101/FSharp/Microsoft.FSharp.NetSdk.targets;/usr/share/dotnet/sdk/2.2.101/FSharp/Microsoft.FSharp.Targets;/home/mdegallaix/Projects/yaml-parser/yaml-parser-tests/yaml-parser-tests.fsproj;/usr/share/dotnet/sdk/2.2.101/Microsoft.Common.CurrentVersion.targets;/usr/share/dotnet/sdk/2.2.101/NuGet.targets;/usr/share/dotnet/sdk/2.2.101/15.0/Microsoft.Common.targets/ImportAfter/Microsoft.NET.Build.Extensions.targets;/usr/share/dotnet/sdk/2.2.101/Microsoft/Microsoft.NET.Build.Extensions/Microsoft.NET.Build.Extensions.targets;/usr/share/dotnet/sdk/2.2.101/15.0/Microsoft.Common.targets/ImportAfter/Microsoft.TestPlatform.ImportAfter.targets;/usr/share/dotnet/sdk/2.2.101/Microsoft.TestPlatform.targets;/home/mdegallaix/Projects/yaml-parser/yaml-parser-tests/obj/yaml-parser-tests.fsproj.nuget.g.targets;/home/mdegallaix/Projects/yaml-parser/yaml-parser-tests/obj/yaml-parser-tests.fsproj.proj-info.targets;/usr/share/dotnet/sdk/2.2.101/Sdks/Microsoft.NET.Sdk/targets/Microsoft.NET.Sdk.targets;/usr/share/dotnet/sdk/2.2.101/Sdks/Microsoft.NET.Sdk/targets/Microsoft.NET.Sdk.Common.targets;/usr/share/dotnet/sdk/2.2.101/Sdks/Microsoft.NET.Sdk/targets/Microsoft.PackageDependencyResolution.targets;/usr/share/dotnet/sdk/2.2.101/Sdks/Microsoft.NET.Sdk/targets/Microsoft.NET.Sdk.DefaultItems.targets;/usr/share/dotnet/sdk/2.2.101/Sdks/Microsoft.NET.Sdk/targets/Microsoft.NET.DisableStandardFrameworkResolution.targets;/usr/share/dotnet/sdk/2.2.101/Sdks/Microsoft.NET.Sdk/targets/Microsoft.NET.GenerateAssemblyInfo.targets;/usr/share/dotnet/sdk/2.2.101/Sdks/Microsoft.NET.Sdk/targets/Microsoft.NET.ComposeStore.targets;/usr/share/dotnet/sdk/2.2.101/Sdks/Microsoft.NET.Sdk/targets/Microsoft.NET.CrossGen.targets;/usr/share/dotnet/sdk/2.2.101/Sdks/Microsoft.NET.Sdk/targets/Microsoft.NET.ObsoleteReferences.targets" (previous value: ";/usr/share/dotnet/sdk/2.2.101/Sdks/Microsoft.NET.Sdk/Sdk/Sdk.props;/home/mdegallaix/Projects/yaml-parser/yaml-parser-tests/obj/yaml-parser-tests.fsproj.nuget.g.props;/home/mdegallaix/Projects/yaml-parser/yaml-parser-tests/obj/yaml-parser-tests.fsproj.paket.props;/usr/share/dotnet/sdk/2.2.101/Sdks/Microsoft.NET.Sdk/targets/Microsoft.NET.Sdk.props;/usr/share/dotnet/sdk/2.2.101/Sdks/Microsoft.NET.Sdk/targets/Microsoft.NET.Sdk.DefaultItems.props;/usr/share/dotnet/sdk/2.2.101/Sdks/Microsoft.NET.Sdk/targets/Microsoft.NET.SupportedTargetFrameworks.props;/usr/share/dotnet/sdk/2.2.101/Sdks/Microsoft.NET.Sdk/targets/Microsoft.NET.Sdk.FSharp.props;/usr/share/dotnet/sdk/2.2.101/FSharp/Microsoft.FSharp.NetSdk.props;/home/mdegallaix/Projects/yaml-parser/.paket/Paket.Restore.targets;/usr/share/dotnet/sdk/2.2.101/Sdks/Microsoft.NET.Sdk/Sdk/Sdk.targets;/usr/share/dotnet/sdk/2.2.101/Sdks/Microsoft.NET.Sdk/targets/Microsoft.NET.Sdk.BeforeCommon.targets;/usr/share/dotnet/sdk/2.2.101/Sdks/Microsoft.NET.Sdk/targets/Microsoft.NET.DefaultAssemblyInfo.targets;/usr/share/dotnet/sdk/2.2.101/Sdks/Microsoft.NET.Sdk/targets/Microsoft.NET.DefaultOutputPaths.targets;/usr/share/dotnet/sdk/2.2.101/Sdks/Microsoft.NET.Sdk/targets/Microsoft.NET.TargetFrameworkInference.targets;/usr/share/dotnet/sdk/2.2.101/Sdks/Microsoft.NET.Sdk/targets/Microsoft.NET.RuntimeIdentifierInference.targets;/usr/share/dotnet/sdk/2.2.101/Sdks/Microsoft.NET.Sdk/targets/Microsoft.NET.NuGetOfflineCache.targets;/usr/share/dotnet/sdk/2.2.101/Sdks/Microsoft.NET.Sdk/targets/Microsoft.NET.Sdk.FSharpTargetsShim.targets;/usr/share/dotnet/sdk/2.2.101/FSharp/Microsoft.FSharp.NetSdk.targets;/usr/share/dotnet/sdk/2.2.101/FSharp/Microsoft.FSharp.Targets;/home/mdegallaix/Projects/yaml-parser/yaml-parser-tests/yaml-parser-tests.fsproj;/usr/share/dotnet/sdk/2.2.101/Microsoft.Common.CurrentVersion.targets;/usr/share/dotnet/sdk/2.2.101/NuGet.targets;/usr/share/dotnet/sdk/2.2.101/15.0/Microsoft.Common.targets/ImportAfter/Microsoft.NET.Build.Extensions.targets;/usr/share/dotnet/sdk/2.2.101/Microsoft/Microsoft.NET.Build.Extensions/Microsoft.NET.Build.Extensions.targets;/usr/share/dotnet/sdk/2.2.101/15.0/Microsoft.Common.targets/ImportAfter/Microsoft.TestPlatform.ImportAfter.targets;/usr/share/dotnet/sdk/2.2.101/Microsoft.TestPlatform.targets;/home/mdegallaix/Projects/yaml-parser/yaml-parser-tests/obj/yaml-parser-tests.fsproj.nuget.g.targets;/home/mdegallaix/Projects/yaml-parser/yaml-parser-tests/obj/yaml-parser-tests.fsproj.proj-info.targets;/usr/share/dotnet/sdk/2.2.101/Sdks/Microsoft.NET.Sdk/targets/Microsoft.NET.Sdk.targets;/usr/share/dotnet/sdk/2.2.101/Sdks/Microsoft.NET.Sdk/targets/Microsoft.NET.Sdk.Common.targets;/usr/share/dotnet/sdk/2.2.101/Sdks/Microsoft.NET.Sdk/targets/Microsoft.PackageDependencyResolution.targets;/usr/share/dotnet/sdk/2.2.101/Sdks/Microsoft.NET.Sdk/targets/Microsoft.NET.Sdk.DefaultItems.targets;/usr/share/dotnet/sdk/2.2.101/Sdks/Microsoft.NET.Sdk/targets/Microsoft.NET.DisableStandardFrameworkResolution.targets;/usr/share/dotnet/sdk/2.2.101/Sdks/Microsoft.NET.Sdk/targets/Microsoft.NET.GenerateAssemblyInfo.targets;/usr/share/dotnet/sdk/2.2.101/Sdks/Microsoft.NET.Sdk/targets/Microsoft.NET.ComposeStore.targets;/usr/share/dotnet/sdk/2.2.101/Sdks/Microsoft.NET.Sdk/targets/Microsoft.NET.CrossGen.targets") at /usr/share/dotnet/sdk/2.2.101/Sdks/Microsoft.NET.Sdk/targets/Microsoft.NET.ObsoleteReferences.targets (15,5)
       Property reassignment: $(MSBuildAllProjects)=";/usr/share/dotnet/sdk/2.2.101/Sdks/Microsoft.NET.Sdk/Sdk/Sdk.props;/home/mdegallaix/Projects/yaml-parser/yaml-parser-tests/obj/yaml-parser-tests.fsproj.nuget.g.props;/home/mdegallaix/Projects/yaml-parser/yaml-parser-tests/obj/yaml-parser-tests.fsproj.paket.props;/usr/share/dotnet/sdk/2.2.101/Sdks/Microsoft.NET.Sdk/targets/Microsoft.NET.Sdk.props;/usr/share/dotnet/sdk/2.2.101/Sdks/Microsoft.NET.Sdk/targets/Microsoft.NET.Sdk.DefaultItems.props;/usr/share/dotnet/sdk/2.2.101/Sdks/Microsoft.NET.Sdk/targets/Microsoft.NET.SupportedTargetFrameworks.props;/usr/share/dotnet/sdk/2.2.101/Sdks/Microsoft.NET.Sdk/targets/Microsoft.NET.Sdk.FSharp.props;/usr/share/dotnet/sdk/2.2.101/FSharp/Microsoft.FSharp.NetSdk.props;/home/mdegallaix/Projects/yaml-parser/.paket/Paket.Restore.targets;/usr/share/dotnet/sdk/2.2.101/Sdks/Microsoft.NET.Sdk/Sdk/Sdk.targets;/usr/share/dotnet/sdk/2.2.101/Sdks/Microsoft.NET.Sdk/targets/Microsoft.NET.Sdk.BeforeCommon.targets;/usr/share/dotnet/sdk/2.2.101/Sdks/Microsoft.NET.Sdk/targets/Microsoft.NET.DefaultAssemblyInfo.targets;/usr/share/dotnet/sdk/2.2.101/Sdks/Microsoft.NET.Sdk/targets/Microsoft.NET.DefaultOutputPaths.targets;/usr/share/dotnet/sdk/2.2.101/Sdks/Microsoft.NET.Sdk/targets/Microsoft.NET.TargetFrameworkInference.targets;/usr/share/dotnet/sdk/2.2.101/Sdks/Microsoft.NET.Sdk/targets/Microsoft.NET.RuntimeIdentifierInference.targets;/usr/share/dotnet/sdk/2.2.101/Sdks/Microsoft.NET.Sdk/targets/Microsoft.NET.NuGetOfflineCache.targets;/usr/share/dotnet/sdk/2.2.101/Sdks/Microsoft.NET.Sdk/targets/Microsoft.NET.Sdk.FSharpTargetsShim.targets;/usr/share/dotnet/sdk/2.2.101/FSharp/Microsoft.FSharp.NetSdk.targets;/usr/share/dotnet/sdk/2.2.101/FSharp/Microsoft.FSharp.Targets;/home/mdegallaix/Projects/yaml-parser/yaml-parser-tests/yaml-parser-tests.fsproj;/usr/share/dotnet/sdk/2.2.101/Microsoft.Common.CurrentVersion.targets;/usr/share/dotnet/sdk/2.2.101/NuGet.targets;/usr/share/dotnet/sdk/2.2.101/15.0/Microsoft.Common.targets/ImportAfter/Microsoft.NET.Build.Extensions.targets;/usr/share/dotnet/sdk/2.2.101/Microsoft/Microsoft.NET.Build.Extensions/Microsoft.NET.Build.Extensions.targets;/usr/share/dotnet/sdk/2.2.101/15.0/Microsoft.Common.targets/ImportAfter/Microsoft.TestPlatform.ImportAfter.targets;/usr/share/dotnet/sdk/2.2.101/Microsoft.TestPlatform.targets;/home/mdegallaix/Projects/yaml-parser/yaml-parser-tests/obj/yaml-parser-tests.fsproj.nuget.g.targets;/home/mdegallaix/Projects/yaml-parser/yaml-parser-tests/obj/yaml-parser-tests.fsproj.proj-info.targets;/usr/share/dotnet/sdk/2.2.101/Sdks/Microsoft.NET.Sdk/targets/Microsoft.NET.Sdk.targets;/usr/share/dotnet/sdk/2.2.101/Sdks/Microsoft.NET.Sdk/targets/Microsoft.NET.Sdk.Common.targets;/usr/share/dotnet/sdk/2.2.101/Sdks/Microsoft.NET.Sdk/targets/Microsoft.PackageDependencyResolution.targets;/usr/share/dotnet/sdk/2.2.101/Sdks/Microsoft.NET.Sdk/targets/Microsoft.NET.Sdk.DefaultItems.targets;/usr/share/dotnet/sdk/2.2.101/Sdks/Microsoft.NET.Sdk/targets/Microsoft.NET.DisableStandardFrameworkResolution.targets;/usr/share/dotnet/sdk/2.2.101/Sdks/Microsoft.NET.Sdk/targets/Microsoft.NET.GenerateAssemblyInfo.targets;/usr/share/dotnet/sdk/2.2.101/Sdks/Microsoft.NET.Sdk/targets/Microsoft.NET.ComposeStore.targets;/usr/share/dotnet/sdk/2.2.101/Sdks/Microsoft.NET.Sdk/targets/Microsoft.NET.CrossGen.targets;/usr/share/dotnet/sdk/2.2.101/Sdks/Microsoft.NET.Sdk/targets/Microsoft.NET.ObsoleteReferences.targets;/usr/share/dotnet/sdk/2.2.101/Sdks/Microsoft.NET.Sdk/targets/Microsoft.NET.Publish.targets" (previous value: ";/usr/share/dotnet/sdk/2.2.101/Sdks/Microsoft.NET.Sdk/Sdk/Sdk.props;/home/mdegallaix/Projects/yaml-parser/yaml-parser-tests/obj/yaml-parser-tests.fsproj.nuget.g.props;/home/mdegallaix/Projects/yaml-parser/yaml-parser-tests/obj/yaml-parser-tests.fsproj.paket.props;/usr/share/dotnet/sdk/2.2.101/Sdks/Microsoft.NET.Sdk/targets/Microsoft.NET.Sdk.props;/usr/share/dotnet/sdk/2.2.101/Sdks/Microsoft.NET.Sdk/targets/Microsoft.NET.Sdk.DefaultItems.props;/usr/share/dotnet/sdk/2.2.101/Sdks/Microsoft.NET.Sdk/targets/Microsoft.NET.SupportedTargetFrameworks.props;/usr/share/dotnet/sdk/2.2.101/Sdks/Microsoft.NET.Sdk/targets/Microsoft.NET.Sdk.FSharp.props;/usr/share/dotnet/sdk/2.2.101/FSharp/Microsoft.FSharp.NetSdk.props;/home/mdegallaix/Projects/yaml-parser/.paket/Paket.Restore.targets;/usr/share/dotnet/sdk/2.2.101/Sdks/Microsoft.NET.Sdk/Sdk/Sdk.targets;/usr/share/dotnet/sdk/2.2.101/Sdks/Microsoft.NET.Sdk/targets/Microsoft.NET.Sdk.BeforeCommon.targets;/usr/share/dotnet/sdk/2.2.101/Sdks/Microsoft.NET.Sdk/targets/Microsoft.NET.DefaultAssemblyInfo.targets;/usr/share/dotnet/sdk/2.2.101/Sdks/Microsoft.NET.Sdk/targets/Microsoft.NET.DefaultOutputPaths.targets;/usr/share/dotnet/sdk/2.2.101/Sdks/Microsoft.NET.Sdk/targets/Microsoft.NET.TargetFrameworkInference.targets;/usr/share/dotnet/sdk/2.2.101/Sdks/Microsoft.NET.Sdk/targets/Microsoft.NET.RuntimeIdentifierInference.targets;/usr/share/dotnet/sdk/2.2.101/Sdks/Microsoft.NET.Sdk/targets/Microsoft.NET.NuGetOfflineCache.targets;/usr/share/dotnet/sdk/2.2.101/Sdks/Microsoft.NET.Sdk/targets/Microsoft.NET.Sdk.FSharpTargetsShim.targets;/usr/share/dotnet/sdk/2.2.101/FSharp/Microsoft.FSharp.NetSdk.targets;/usr/share/dotnet/sdk/2.2.101/FSharp/Microsoft.FSharp.Targets;/home/mdegallaix/Projects/yaml-parser/yaml-parser-tests/yaml-parser-tests.fsproj;/usr/share/dotnet/sdk/2.2.101/Microsoft.Common.CurrentVersion.targets;/usr/share/dotnet/sdk/2.2.101/NuGet.targets;/usr/share/dotnet/sdk/2.2.101/15.0/Microsoft.Common.targets/ImportAfter/Microsoft.NET.Build.Extensions.targets;/usr/share/dotnet/sdk/2.2.101/Microsoft/Microsoft.NET.Build.Extensions/Microsoft.NET.Build.Extensions.targets;/usr/share/dotnet/sdk/2.2.101/15.0/Microsoft.Common.targets/ImportAfter/Microsoft.TestPlatform.ImportAfter.targets;/usr/share/dotnet/sdk/2.2.101/Microsoft.TestPlatform.targets;/home/mdegallaix/Projects/yaml-parser/yaml-parser-tests/obj/yaml-parser-tests.fsproj.nuget.g.targets;/home/mdegallaix/Projects/yaml-parser/yaml-parser-tests/obj/yaml-parser-tests.fsproj.proj-info.targets;/usr/share/dotnet/sdk/2.2.101/Sdks/Microsoft.NET.Sdk/targets/Microsoft.NET.Sdk.targets;/usr/share/dotnet/sdk/2.2.101/Sdks/Microsoft.NET.Sdk/targets/Microsoft.NET.Sdk.Common.targets;/usr/share/dotnet/sdk/2.2.101/Sdks/Microsoft.NET.Sdk/targets/Microsoft.PackageDependencyResolution.targets;/usr/share/dotnet/sdk/2.2.101/Sdks/Microsoft.NET.Sdk/targets/Microsoft.NET.Sdk.DefaultItems.targets;/usr/share/dotnet/sdk/2.2.101/Sdks/Microsoft.NET.Sdk/targets/Microsoft.NET.DisableStandardFrameworkResolution.targets;/usr/share/dotnet/sdk/2.2.101/Sdks/Microsoft.NET.Sdk/targets/Microsoft.NET.GenerateAssemblyInfo.targets;/usr/share/dotnet/sdk/2.2.101/Sdks/Microsoft.NET.Sdk/targets/Microsoft.NET.ComposeStore.targets;/usr/share/dotnet/sdk/2.2.101/Sdks/Microsoft.NET.Sdk/targets/Microsoft.NET.CrossGen.targets;/usr/share/dotnet/sdk/2.2.101/Sdks/Microsoft.NET.Sdk/targets/Microsoft.NET.ObsoleteReferences.targets") at /usr/share/dotnet/sdk/2.2.101/Sdks/Microsoft.NET.Sdk/targets/Microsoft.NET.Publish.targets (15,5)
       Property reassignment: $(_ShimInputCacheFile)="/home/mdegallaix/Projects/yaml-parser/yaml-parser-tests/obj/Debug/netcoreapp2.1/yaml-parser-tests.shiminput.cache" (previous value: "obj\Debug\netcoreapp2.1\yaml-parser-tests.shiminput.cache") at /usr/share/dotnet/sdk/2.2.101/Sdks/Microsoft.NET.Sdk/targets/Microsoft.NET.PackTool.targets (91,5)
       Property reassignment: $(_ShimCreatedSentinelFile)="/home/mdegallaix/Projects/yaml-parser/yaml-parser-tests/obj/Debug/netcoreapp2.1/yaml-parser-tests.shimcreated.sentinel" (previous value: "obj\Debug\netcoreapp2.1\yaml-parser-tests.shimcreated.sentinel") at /usr/share/dotnet/sdk/2.2.101/Sdks/Microsoft.NET.Sdk/targets/Microsoft.NET.PackTool.targets (93,5)
       Property reassignment: $(MSBuildAllProjects)=";/usr/share/dotnet/sdk/2.2.101/Sdks/Microsoft.NET.Sdk/Sdk/Sdk.props;/home/mdegallaix/Projects/yaml-parser/yaml-parser-tests/obj/yaml-parser-tests.fsproj.nuget.g.props;/home/mdegallaix/Projects/yaml-parser/yaml-parser-tests/obj/yaml-parser-tests.fsproj.paket.props;/usr/share/dotnet/sdk/2.2.101/Sdks/Microsoft.NET.Sdk/targets/Microsoft.NET.Sdk.props;/usr/share/dotnet/sdk/2.2.101/Sdks/Microsoft.NET.Sdk/targets/Microsoft.NET.Sdk.DefaultItems.props;/usr/share/dotnet/sdk/2.2.101/Sdks/Microsoft.NET.Sdk/targets/Microsoft.NET.SupportedTargetFrameworks.props;/usr/share/dotnet/sdk/2.2.101/Sdks/Microsoft.NET.Sdk/targets/Microsoft.NET.Sdk.FSharp.props;/usr/share/dotnet/sdk/2.2.101/FSharp/Microsoft.FSharp.NetSdk.props;/home/mdegallaix/Projects/yaml-parser/.paket/Paket.Restore.targets;/usr/share/dotnet/sdk/2.2.101/Sdks/Microsoft.NET.Sdk/Sdk/Sdk.targets;/usr/share/dotnet/sdk/2.2.101/Sdks/Microsoft.NET.Sdk/targets/Microsoft.NET.Sdk.BeforeCommon.targets;/usr/share/dotnet/sdk/2.2.101/Sdks/Microsoft.NET.Sdk/targets/Microsoft.NET.DefaultAssemblyInfo.targets;/usr/share/dotnet/sdk/2.2.101/Sdks/Microsoft.NET.Sdk/targets/Microsoft.NET.DefaultOutputPaths.targets;/usr/share/dotnet/sdk/2.2.101/Sdks/Microsoft.NET.Sdk/targets/Microsoft.NET.TargetFrameworkInference.targets;/usr/share/dotnet/sdk/2.2.101/Sdks/Microsoft.NET.Sdk/targets/Microsoft.NET.RuntimeIdentifierInference.targets;/usr/share/dotnet/sdk/2.2.101/Sdks/Microsoft.NET.Sdk/targets/Microsoft.NET.NuGetOfflineCache.targets;/usr/share/dotnet/sdk/2.2.101/Sdks/Microsoft.NET.Sdk/targets/Microsoft.NET.Sdk.FSharpTargetsShim.targets;/usr/share/dotnet/sdk/2.2.101/FSharp/Microsoft.FSharp.NetSdk.targets;/usr/share/dotnet/sdk/2.2.101/FSharp/Microsoft.FSharp.Targets;/home/mdegallaix/Projects/yaml-parser/yaml-parser-tests/yaml-parser-tests.fsproj;/usr/share/dotnet/sdk/2.2.101/Microsoft.Common.CurrentVersion.targets;/usr/share/dotnet/sdk/2.2.101/NuGet.targets;/usr/share/dotnet/sdk/2.2.101/15.0/Microsoft.Common.targets/ImportAfter/Microsoft.NET.Build.Extensions.targets;/usr/share/dotnet/sdk/2.2.101/Microsoft/Microsoft.NET.Build.Extensions/Microsoft.NET.Build.Extensions.targets;/usr/share/dotnet/sdk/2.2.101/15.0/Microsoft.Common.targets/ImportAfter/Microsoft.TestPlatform.ImportAfter.targets;/usr/share/dotnet/sdk/2.2.101/Microsoft.TestPlatform.targets;/home/mdegallaix/Projects/yaml-parser/yaml-parser-tests/obj/yaml-parser-tests.fsproj.nuget.g.targets;/home/mdegallaix/Projects/yaml-parser/yaml-parser-tests/obj/yaml-parser-tests.fsproj.proj-info.targets;/usr/share/dotnet/sdk/2.2.101/Sdks/Microsoft.NET.Sdk/targets/Microsoft.NET.Sdk.targets;/usr/share/dotnet/sdk/2.2.101/Sdks/Microsoft.NET.Sdk/targets/Microsoft.NET.Sdk.Common.targets;/usr/share/dotnet/sdk/2.2.101/Sdks/Microsoft.NET.Sdk/targets/Microsoft.PackageDependencyResolution.targets;/usr/share/dotnet/sdk/2.2.101/Sdks/Microsoft.NET.Sdk/targets/Microsoft.NET.Sdk.DefaultItems.targets;/usr/share/dotnet/sdk/2.2.101/Sdks/Microsoft.NET.Sdk/targets/Microsoft.NET.DisableStandardFrameworkResolution.targets;/usr/share/dotnet/sdk/2.2.101/Sdks/Microsoft.NET.Sdk/targets/Microsoft.NET.GenerateAssemblyInfo.targets;/usr/share/dotnet/sdk/2.2.101/Sdks/Microsoft.NET.Sdk/targets/Microsoft.NET.ComposeStore.targets;/usr/share/dotnet/sdk/2.2.101/Sdks/Microsoft.NET.Sdk/targets/Microsoft.NET.CrossGen.targets;/usr/share/dotnet/sdk/2.2.101/Sdks/Microsoft.NET.Sdk/targets/Microsoft.NET.ObsoleteReferences.targets;/usr/share/dotnet/sdk/2.2.101/Sdks/Microsoft.NET.Sdk/targets/Microsoft.NET.Publish.targets;/usr/share/dotnet/sdk/2.2.101/Sdks/Microsoft.NET.Sdk/targets/Microsoft.NET.PreserveCompilationContext.targets" (previous value: ";/usr/share/dotnet/sdk/2.2.101/Sdks/Microsoft.NET.Sdk/Sdk/Sdk.props;/home/mdegallaix/Projects/yaml-parser/yaml-parser-tests/obj/yaml-parser-tests.fsproj.nuget.g.props;/home/mdegallaix/Projects/yaml-parser/yaml-parser-tests/obj/yaml-parser-tests.fsproj.paket.props;/usr/share/dotnet/sdk/2.2.101/Sdks/Microsoft.NET.Sdk/targets/Microsoft.NET.Sdk.props;/usr/share/dotnet/sdk/2.2.101/Sdks/Microsoft.NET.Sdk/targets/Microsoft.NET.Sdk.DefaultItems.props;/usr/share/dotnet/sdk/2.2.101/Sdks/Microsoft.NET.Sdk/targets/Microsoft.NET.SupportedTargetFrameworks.props;/usr/share/dotnet/sdk/2.2.101/Sdks/Microsoft.NET.Sdk/targets/Microsoft.NET.Sdk.FSharp.props;/usr/share/dotnet/sdk/2.2.101/FSharp/Microsoft.FSharp.NetSdk.props;/home/mdegallaix/Projects/yaml-parser/.paket/Paket.Restore.targets;/usr/share/dotnet/sdk/2.2.101/Sdks/Microsoft.NET.Sdk/Sdk/Sdk.targets;/usr/share/dotnet/sdk/2.2.101/Sdks/Microsoft.NET.Sdk/targets/Microsoft.NET.Sdk.BeforeCommon.targets;/usr/share/dotnet/sdk/2.2.101/Sdks/Microsoft.NET.Sdk/targets/Microsoft.NET.DefaultAssemblyInfo.targets;/usr/share/dotnet/sdk/2.2.101/Sdks/Microsoft.NET.Sdk/targets/Microsoft.NET.DefaultOutputPaths.targets;/usr/share/dotnet/sdk/2.2.101/Sdks/Microsoft.NET.Sdk/targets/Microsoft.NET.TargetFrameworkInference.targets;/usr/share/dotnet/sdk/2.2.101/Sdks/Microsoft.NET.Sdk/targets/Microsoft.NET.RuntimeIdentifierInference.targets;/usr/share/dotnet/sdk/2.2.101/Sdks/Microsoft.NET.Sdk/targets/Microsoft.NET.NuGetOfflineCache.targets;/usr/share/dotnet/sdk/2.2.101/Sdks/Microsoft.NET.Sdk/targets/Microsoft.NET.Sdk.FSharpTargetsShim.targets;/usr/share/dotnet/sdk/2.2.101/FSharp/Microsoft.FSharp.NetSdk.targets;/usr/share/dotnet/sdk/2.2.101/FSharp/Microsoft.FSharp.Targets;/home/mdegallaix/Projects/yaml-parser/yaml-parser-tests/yaml-parser-tests.fsproj;/usr/share/dotnet/sdk/2.2.101/Microsoft.Common.CurrentVersion.targets;/usr/share/dotnet/sdk/2.2.101/NuGet.targets;/usr/share/dotnet/sdk/2.2.101/15.0/Microsoft.Common.targets/ImportAfter/Microsoft.NET.Build.Extensions.targets;/usr/share/dotnet/sdk/2.2.101/Microsoft/Microsoft.NET.Build.Extensions/Microsoft.NET.Build.Extensions.targets;/usr/share/dotnet/sdk/2.2.101/15.0/Microsoft.Common.targets/ImportAfter/Microsoft.TestPlatform.ImportAfter.targets;/usr/share/dotnet/sdk/2.2.101/Microsoft.TestPlatform.targets;/home/mdegallaix/Projects/yaml-parser/yaml-parser-tests/obj/yaml-parser-tests.fsproj.nuget.g.targets;/home/mdegallaix/Projects/yaml-parser/yaml-parser-tests/obj/yaml-parser-tests.fsproj.proj-info.targets;/usr/share/dotnet/sdk/2.2.101/Sdks/Microsoft.NET.Sdk/targets/Microsoft.NET.Sdk.targets;/usr/share/dotnet/sdk/2.2.101/Sdks/Microsoft.NET.Sdk/targets/Microsoft.NET.Sdk.Common.targets;/usr/share/dotnet/sdk/2.2.101/Sdks/Microsoft.NET.Sdk/targets/Microsoft.PackageDependencyResolution.targets;/usr/share/dotnet/sdk/2.2.101/Sdks/Microsoft.NET.Sdk/targets/Microsoft.NET.Sdk.DefaultItems.targets;/usr/share/dotnet/sdk/2.2.101/Sdks/Microsoft.NET.Sdk/targets/Microsoft.NET.DisableStandardFrameworkResolution.targets;/usr/share/dotnet/sdk/2.2.101/Sdks/Microsoft.NET.Sdk/targets/Microsoft.NET.GenerateAssemblyInfo.targets;/usr/share/dotnet/sdk/2.2.101/Sdks/Microsoft.NET.Sdk/targets/Microsoft.NET.ComposeStore.targets;/usr/share/dotnet/sdk/2.2.101/Sdks/Microsoft.NET.Sdk/targets/Microsoft.NET.CrossGen.targets;/usr/share/dotnet/sdk/2.2.101/Sdks/Microsoft.NET.Sdk/targets/Microsoft.NET.ObsoleteReferences.targets;/usr/share/dotnet/sdk/2.2.101/Sdks/Microsoft.NET.Sdk/targets/Microsoft.NET.Publish.targets") at /usr/share/dotnet/sdk/2.2.101/Sdks/Microsoft.NET.Sdk/targets/Microsoft.NET.PreserveCompilationContext.targets (15,5)
       Property reassignment: $(MSBuildAllProjects)=";/usr/share/dotnet/sdk/2.2.101/Sdks/Microsoft.NET.Sdk/Sdk/Sdk.props;/home/mdegallaix/Projects/yaml-parser/yaml-parser-tests/obj/yaml-parser-tests.fsproj.nuget.g.props;/home/mdegallaix/Projects/yaml-parser/yaml-parser-tests/obj/yaml-parser-tests.fsproj.paket.props;/usr/share/dotnet/sdk/2.2.101/Sdks/Microsoft.NET.Sdk/targets/Microsoft.NET.Sdk.props;/usr/share/dotnet/sdk/2.2.101/Sdks/Microsoft.NET.Sdk/targets/Microsoft.NET.Sdk.DefaultItems.props;/usr/share/dotnet/sdk/2.2.101/Sdks/Microsoft.NET.Sdk/targets/Microsoft.NET.SupportedTargetFrameworks.props;/usr/share/dotnet/sdk/2.2.101/Sdks/Microsoft.NET.Sdk/targets/Microsoft.NET.Sdk.FSharp.props;/usr/share/dotnet/sdk/2.2.101/FSharp/Microsoft.FSharp.NetSdk.props;/home/mdegallaix/Projects/yaml-parser/.paket/Paket.Restore.targets;/usr/share/dotnet/sdk/2.2.101/Sdks/Microsoft.NET.Sdk/Sdk/Sdk.targets;/usr/share/dotnet/sdk/2.2.101/Sdks/Microsoft.NET.Sdk/targets/Microsoft.NET.Sdk.BeforeCommon.targets;/usr/share/dotnet/sdk/2.2.101/Sdks/Microsoft.NET.Sdk/targets/Microsoft.NET.DefaultAssemblyInfo.targets;/usr/share/dotnet/sdk/2.2.101/Sdks/Microsoft.NET.Sdk/targets/Microsoft.NET.DefaultOutputPaths.targets;/usr/share/dotnet/sdk/2.2.101/Sdks/Microsoft.NET.Sdk/targets/Microsoft.NET.TargetFrameworkInference.targets;/usr/share/dotnet/sdk/2.2.101/Sdks/Microsoft.NET.Sdk/targets/Microsoft.NET.RuntimeIdentifierInference.targets;/usr/share/dotnet/sdk/2.2.101/Sdks/Microsoft.NET.Sdk/targets/Microsoft.NET.NuGetOfflineCache.targets;/usr/share/dotnet/sdk/2.2.101/Sdks/Microsoft.NET.Sdk/targets/Microsoft.NET.Sdk.FSharpTargetsShim.targets;/usr/share/dotnet/sdk/2.2.101/FSharp/Microsoft.FSharp.NetSdk.targets;/usr/share/dotnet/sdk/2.2.101/FSharp/Microsoft.FSharp.Targets;/home/mdegallaix/Projects/yaml-parser/yaml-parser-tests/yaml-parser-tests.fsproj;/usr/share/dotnet/sdk/2.2.101/Microsoft.Common.CurrentVersion.targets;/usr/share/dotnet/sdk/2.2.101/NuGet.targets;/usr/share/dotnet/sdk/2.2.101/15.0/Microsoft.Common.targets/ImportAfter/Microsoft.NET.Build.Extensions.targets;/usr/share/dotnet/sdk/2.2.101/Microsoft/Microsoft.NET.Build.Extensions/Microsoft.NET.Build.Extensions.targets;/usr/share/dotnet/sdk/2.2.101/15.0/Microsoft.Common.targets/ImportAfter/Microsoft.TestPlatform.ImportAfter.targets;/usr/share/dotnet/sdk/2.2.101/Microsoft.TestPlatform.targets;/home/mdegallaix/Projects/yaml-parser/yaml-parser-tests/obj/yaml-parser-tests.fsproj.nuget.g.targets;/home/mdegallaix/Projects/yaml-parser/yaml-parser-tests/obj/yaml-parser-tests.fsproj.proj-info.targets;/usr/share/dotnet/sdk/2.2.101/Sdks/Microsoft.NET.Sdk/targets/Microsoft.NET.Sdk.targets;/usr/share/dotnet/sdk/2.2.101/Sdks/Microsoft.NET.Sdk/targets/Microsoft.NET.Sdk.Common.targets;/usr/share/dotnet/sdk/2.2.101/Sdks/Microsoft.NET.Sdk/targets/Microsoft.PackageDependencyResolution.targets;/usr/share/dotnet/sdk/2.2.101/Sdks/Microsoft.NET.Sdk/targets/Microsoft.NET.Sdk.DefaultItems.targets;/usr/share/dotnet/sdk/2.2.101/Sdks/Microsoft.NET.Sdk/targets/Microsoft.NET.DisableStandardFrameworkResolution.targets;/usr/share/dotnet/sdk/2.2.101/Sdks/Microsoft.NET.Sdk/targets/Microsoft.NET.GenerateAssemblyInfo.targets;/usr/share/dotnet/sdk/2.2.101/Sdks/Microsoft.NET.Sdk/targets/Microsoft.NET.ComposeStore.targets;/usr/share/dotnet/sdk/2.2.101/Sdks/Microsoft.NET.Sdk/targets/Microsoft.NET.CrossGen.targets;/usr/share/dotnet/sdk/2.2.101/Sdks/Microsoft.NET.Sdk/targets/Microsoft.NET.ObsoleteReferences.targets;/usr/share/dotnet/sdk/2.2.101/Sdks/Microsoft.NET.Sdk/targets/Microsoft.NET.Publish.targets;/usr/share/dotnet/sdk/2.2.101/Sdks/Microsoft.NET.Sdk/targets/Microsoft.NET.PreserveCompilationContext.targets;/usr/share/dotnet/sdk/2.2.101/Sdks/Microsoft.NET.Sdk/targets/Microsoft.NET.ConflictResolution.targets" (previous value: ";/usr/share/dotnet/sdk/2.2.101/Sdks/Microsoft.NET.Sdk/Sdk/Sdk.props;/home/mdegallaix/Projects/yaml-parser/yaml-parser-tests/obj/yaml-parser-tests.fsproj.nuget.g.props;/home/mdegallaix/Projects/yaml-parser/yaml-parser-tests/obj/yaml-parser-tests.fsproj.paket.props;/usr/share/dotnet/sdk/2.2.101/Sdks/Microsoft.NET.Sdk/targets/Microsoft.NET.Sdk.props;/usr/share/dotnet/sdk/2.2.101/Sdks/Microsoft.NET.Sdk/targets/Microsoft.NET.Sdk.DefaultItems.props;/usr/share/dotnet/sdk/2.2.101/Sdks/Microsoft.NET.Sdk/targets/Microsoft.NET.SupportedTargetFrameworks.props;/usr/share/dotnet/sdk/2.2.101/Sdks/Microsoft.NET.Sdk/targets/Microsoft.NET.Sdk.FSharp.props;/usr/share/dotnet/sdk/2.2.101/FSharp/Microsoft.FSharp.NetSdk.props;/home/mdegallaix/Projects/yaml-parser/.paket/Paket.Restore.targets;/usr/share/dotnet/sdk/2.2.101/Sdks/Microsoft.NET.Sdk/Sdk/Sdk.targets;/usr/share/dotnet/sdk/2.2.101/Sdks/Microsoft.NET.Sdk/targets/Microsoft.NET.Sdk.BeforeCommon.targets;/usr/share/dotnet/sdk/2.2.101/Sdks/Microsoft.NET.Sdk/targets/Microsoft.NET.DefaultAssemblyInfo.targets;/usr/share/dotnet/sdk/2.2.101/Sdks/Microsoft.NET.Sdk/targets/Microsoft.NET.DefaultOutputPaths.targets;/usr/share/dotnet/sdk/2.2.101/Sdks/Microsoft.NET.Sdk/targets/Microsoft.NET.TargetFrameworkInference.targets;/usr/share/dotnet/sdk/2.2.101/Sdks/Microsoft.NET.Sdk/targets/Microsoft.NET.RuntimeIdentifierInference.targets;/usr/share/dotnet/sdk/2.2.101/Sdks/Microsoft.NET.Sdk/targets/Microsoft.NET.NuGetOfflineCache.targets;/usr/share/dotnet/sdk/2.2.101/Sdks/Microsoft.NET.Sdk/targets/Microsoft.NET.Sdk.FSharpTargetsShim.targets;/usr/share/dotnet/sdk/2.2.101/FSharp/Microsoft.FSharp.NetSdk.targets;/usr/share/dotnet/sdk/2.2.101/FSharp/Microsoft.FSharp.Targets;/home/mdegallaix/Projects/yaml-parser/yaml-parser-tests/yaml-parser-tests.fsproj;/usr/share/dotnet/sdk/2.2.101/Microsoft.Common.CurrentVersion.targets;/usr/share/dotnet/sdk/2.2.101/NuGet.targets;/usr/share/dotnet/sdk/2.2.101/15.0/Microsoft.Common.targets/ImportAfter/Microsoft.NET.Build.Extensions.targets;/usr/share/dotnet/sdk/2.2.101/Microsoft/Microsoft.NET.Build.Extensions/Microsoft.NET.Build.Extensions.targets;/usr/share/dotnet/sdk/2.2.101/15.0/Microsoft.Common.targets/ImportAfter/Microsoft.TestPlatform.ImportAfter.targets;/usr/share/dotnet/sdk/2.2.101/Microsoft.TestPlatform.targets;/home/mdegallaix/Projects/yaml-parser/yaml-parser-tests/obj/yaml-parser-tests.fsproj.nuget.g.targets;/home/mdegallaix/Projects/yaml-parser/yaml-parser-tests/obj/yaml-parser-tests.fsproj.proj-info.targets;/usr/share/dotnet/sdk/2.2.101/Sdks/Microsoft.NET.Sdk/targets/Microsoft.NET.Sdk.targets;/usr/share/dotnet/sdk/2.2.101/Sdks/Microsoft.NET.Sdk/targets/Microsoft.NET.Sdk.Common.targets;/usr/share/dotnet/sdk/2.2.101/Sdks/Microsoft.NET.Sdk/targets/Microsoft.PackageDependencyResolution.targets;/usr/share/dotnet/sdk/2.2.101/Sdks/Microsoft.NET.Sdk/targets/Microsoft.NET.Sdk.DefaultItems.targets;/usr/share/dotnet/sdk/2.2.101/Sdks/Microsoft.NET.Sdk/targets/Microsoft.NET.DisableStandardFrameworkResolution.targets;/usr/share/dotnet/sdk/2.2.101/Sdks/Microsoft.NET.Sdk/targets/Microsoft.NET.GenerateAssemblyInfo.targets;/usr/share/dotnet/sdk/2.2.101/Sdks/Microsoft.NET.Sdk/targets/Microsoft.NET.ComposeStore.targets;/usr/share/dotnet/sdk/2.2.101/Sdks/Microsoft.NET.Sdk/targets/Microsoft.NET.CrossGen.targets;/usr/share/dotnet/sdk/2.2.101/Sdks/Microsoft.NET.Sdk/targets/Microsoft.NET.ObsoleteReferences.targets;/usr/share/dotnet/sdk/2.2.101/Sdks/Microsoft.NET.Sdk/targets/Microsoft.NET.Publish.targets;/usr/share/dotnet/sdk/2.2.101/Sdks/Microsoft.NET.Sdk/targets/Microsoft.NET.PreserveCompilationContext.targets") at /usr/share/dotnet/sdk/2.2.101/Sdks/Microsoft.NET.Sdk/targets/Microsoft.NET.ConflictResolution.targets (16,5)
       Property reassignment: $(MSBuildAllProjects)=";/usr/share/dotnet/sdk/2.2.101/Sdks/Microsoft.NET.Sdk/Sdk/Sdk.props;/home/mdegallaix/Projects/yaml-parser/yaml-parser-tests/obj/yaml-parser-tests.fsproj.nuget.g.props;/home/mdegallaix/Projects/yaml-parser/yaml-parser-tests/obj/yaml-parser-tests.fsproj.paket.props;/usr/share/dotnet/sdk/2.2.101/Sdks/Microsoft.NET.Sdk/targets/Microsoft.NET.Sdk.props;/usr/share/dotnet/sdk/2.2.101/Sdks/Microsoft.NET.Sdk/targets/Microsoft.NET.Sdk.DefaultItems.props;/usr/share/dotnet/sdk/2.2.101/Sdks/Microsoft.NET.Sdk/targets/Microsoft.NET.SupportedTargetFrameworks.props;/usr/share/dotnet/sdk/2.2.101/Sdks/Microsoft.NET.Sdk/targets/Microsoft.NET.Sdk.FSharp.props;/usr/share/dotnet/sdk/2.2.101/FSharp/Microsoft.FSharp.NetSdk.props;/home/mdegallaix/Projects/yaml-parser/.paket/Paket.Restore.targets;/usr/share/dotnet/sdk/2.2.101/Sdks/Microsoft.NET.Sdk/Sdk/Sdk.targets;/usr/share/dotnet/sdk/2.2.101/Sdks/Microsoft.NET.Sdk/targets/Microsoft.NET.Sdk.BeforeCommon.targets;/usr/share/dotnet/sdk/2.2.101/Sdks/Microsoft.NET.Sdk/targets/Microsoft.NET.DefaultAssemblyInfo.targets;/usr/share/dotnet/sdk/2.2.101/Sdks/Microsoft.NET.Sdk/targets/Microsoft.NET.DefaultOutputPaths.targets;/usr/share/dotnet/sdk/2.2.101/Sdks/Microsoft.NET.Sdk/targets/Microsoft.NET.TargetFrameworkInference.targets;/usr/share/dotnet/sdk/2.2.101/Sdks/Microsoft.NET.Sdk/targets/Microsoft.NET.RuntimeIdentifierInference.targets;/usr/share/dotnet/sdk/2.2.101/Sdks/Microsoft.NET.Sdk/targets/Microsoft.NET.NuGetOfflineCache.targets;/usr/share/dotnet/sdk/2.2.101/Sdks/Microsoft.NET.Sdk/targets/Microsoft.NET.Sdk.FSharpTargetsShim.targets;/usr/share/dotnet/sdk/2.2.101/FSharp/Microsoft.FSharp.NetSdk.targets;/usr/share/dotnet/sdk/2.2.101/FSharp/Microsoft.FSharp.Targets;/home/mdegallaix/Projects/yaml-parser/yaml-parser-tests/yaml-parser-tests.fsproj;/usr/share/dotnet/sdk/2.2.101/Microsoft.Common.CurrentVersion.targets;/usr/share/dotnet/sdk/2.2.101/NuGet.targets;/usr/share/dotnet/sdk/2.2.101/15.0/Microsoft.Common.targets/ImportAfter/Microsoft.NET.Build.Extensions.targets;/usr/share/dotnet/sdk/2.2.101/Microsoft/Microsoft.NET.Build.Extensions/Microsoft.NET.Build.Extensions.targets;/usr/share/dotnet/sdk/2.2.101/15.0/Microsoft.Common.targets/ImportAfter/Microsoft.TestPlatform.ImportAfter.targets;/usr/share/dotnet/sdk/2.2.101/Microsoft.TestPlatform.targets;/home/mdegallaix/Projects/yaml-parser/yaml-parser-tests/obj/yaml-parser-tests.fsproj.nuget.g.targets;/home/mdegallaix/Projects/yaml-parser/yaml-parser-tests/obj/yaml-parser-tests.fsproj.proj-info.targets;/usr/share/dotnet/sdk/2.2.101/Sdks/Microsoft.NET.Sdk/targets/Microsoft.NET.Sdk.targets;/usr/share/dotnet/sdk/2.2.101/Sdks/Microsoft.NET.Sdk/targets/Microsoft.NET.Sdk.Common.targets;/usr/share/dotnet/sdk/2.2.101/Sdks/Microsoft.NET.Sdk/targets/Microsoft.PackageDependencyResolution.targets;/usr/share/dotnet/sdk/2.2.101/Sdks/Microsoft.NET.Sdk/targets/Microsoft.NET.Sdk.DefaultItems.targets;/usr/share/dotnet/sdk/2.2.101/Sdks/Microsoft.NET.Sdk/targets/Microsoft.NET.DisableStandardFrameworkResolution.targets;/usr/share/dotnet/sdk/2.2.101/Sdks/Microsoft.NET.Sdk/targets/Microsoft.NET.GenerateAssemblyInfo.targets;/usr/share/dotnet/sdk/2.2.101/Sdks/Microsoft.NET.Sdk/targets/Microsoft.NET.ComposeStore.targets;/usr/share/dotnet/sdk/2.2.101/Sdks/Microsoft.NET.Sdk/targets/Microsoft.NET.CrossGen.targets;/usr/share/dotnet/sdk/2.2.101/Sdks/Microsoft.NET.Sdk/targets/Microsoft.NET.ObsoleteReferences.targets;/usr/share/dotnet/sdk/2.2.101/Sdks/Microsoft.NET.Sdk/targets/Microsoft.NET.Publish.targets;/usr/share/dotnet/sdk/2.2.101/Sdks/Microsoft.NET.Sdk/targets/Microsoft.NET.PreserveCompilationContext.targets;/usr/share/dotnet/sdk/2.2.101/Sdks/Microsoft.NET.Sdk/targets/Microsoft.NET.ConflictResolution.targets;/usr/share/dotnet/sdk/2.2.101/Sdks/Microsoft.NET.Sdk/targets/Microsoft.NET.DefaultPackageConflictOverrides.targets" (previous value: ";/usr/share/dotnet/sdk/2.2.101/Sdks/Microsoft.NET.Sdk/Sdk/Sdk.props;/home/mdegallaix/Projects/yaml-parser/yaml-parser-tests/obj/yaml-parser-tests.fsproj.nuget.g.props;/home/mdegallaix/Projects/yaml-parser/yaml-parser-tests/obj/yaml-parser-tests.fsproj.paket.props;/usr/share/dotnet/sdk/2.2.101/Sdks/Microsoft.NET.Sdk/targets/Microsoft.NET.Sdk.props;/usr/share/dotnet/sdk/2.2.101/Sdks/Microsoft.NET.Sdk/targets/Microsoft.NET.Sdk.DefaultItems.props;/usr/share/dotnet/sdk/2.2.101/Sdks/Microsoft.NET.Sdk/targets/Microsoft.NET.SupportedTargetFrameworks.props;/usr/share/dotnet/sdk/2.2.101/Sdks/Microsoft.NET.Sdk/targets/Microsoft.NET.Sdk.FSharp.props;/usr/share/dotnet/sdk/2.2.101/FSharp/Microsoft.FSharp.NetSdk.props;/home/mdegallaix/Projects/yaml-parser/.paket/Paket.Restore.targets;/usr/share/dotnet/sdk/2.2.101/Sdks/Microsoft.NET.Sdk/Sdk/Sdk.targets;/usr/share/dotnet/sdk/2.2.101/Sdks/Microsoft.NET.Sdk/targets/Microsoft.NET.Sdk.BeforeCommon.targets;/usr/share/dotnet/sdk/2.2.101/Sdks/Microsoft.NET.Sdk/targets/Microsoft.NET.DefaultAssemblyInfo.targets;/usr/share/dotnet/sdk/2.2.101/Sdks/Microsoft.NET.Sdk/targets/Microsoft.NET.DefaultOutputPaths.targets;/usr/share/dotnet/sdk/2.2.101/Sdks/Microsoft.NET.Sdk/targets/Microsoft.NET.TargetFrameworkInference.targets;/usr/share/dotnet/sdk/2.2.101/Sdks/Microsoft.NET.Sdk/targets/Microsoft.NET.RuntimeIdentifierInference.targets;/usr/share/dotnet/sdk/2.2.101/Sdks/Microsoft.NET.Sdk/targets/Microsoft.NET.NuGetOfflineCache.targets;/usr/share/dotnet/sdk/2.2.101/Sdks/Microsoft.NET.Sdk/targets/Microsoft.NET.Sdk.FSharpTargetsShim.targets;/usr/share/dotnet/sdk/2.2.101/FSharp/Microsoft.FSharp.NetSdk.targets;/usr/share/dotnet/sdk/2.2.101/FSharp/Microsoft.FSharp.Targets;/home/mdegallaix/Projects/yaml-parser/yaml-parser-tests/yaml-parser-tests.fsproj;/usr/share/dotnet/sdk/2.2.101/Microsoft.Common.CurrentVersion.targets;/usr/share/dotnet/sdk/2.2.101/NuGet.targets;/usr/share/dotnet/sdk/2.2.101/15.0/Microsoft.Common.targets/ImportAfter/Microsoft.NET.Build.Extensions.targets;/usr/share/dotnet/sdk/2.2.101/Microsoft/Microsoft.NET.Build.Extensions/Microsoft.NET.Build.Extensions.targets;/usr/share/dotnet/sdk/2.2.101/15.0/Microsoft.Common.targets/ImportAfter/Microsoft.TestPlatform.ImportAfter.targets;/usr/share/dotnet/sdk/2.2.101/Microsoft.TestPlatform.targets;/home/mdegallaix/Projects/yaml-parser/yaml-parser-tests/obj/yaml-parser-tests.fsproj.nuget.g.targets;/home/mdegallaix/Projects/yaml-parser/yaml-parser-tests/obj/yaml-parser-tests.fsproj.proj-info.targets;/usr/share/dotnet/sdk/2.2.101/Sdks/Microsoft.NET.Sdk/targets/Microsoft.NET.Sdk.targets;/usr/share/dotnet/sdk/2.2.101/Sdks/Microsoft.NET.Sdk/targets/Microsoft.NET.Sdk.Common.targets;/usr/share/dotnet/sdk/2.2.101/Sdks/Microsoft.NET.Sdk/targets/Microsoft.PackageDependencyResolution.targets;/usr/share/dotnet/sdk/2.2.101/Sdks/Microsoft.NET.Sdk/targets/Microsoft.NET.Sdk.DefaultItems.targets;/usr/share/dotnet/sdk/2.2.101/Sdks/Microsoft.NET.Sdk/targets/Microsoft.NET.DisableStandardFrameworkResolution.targets;/usr/share/dotnet/sdk/2.2.101/Sdks/Microsoft.NET.Sdk/targets/Microsoft.NET.GenerateAssemblyInfo.targets;/usr/share/dotnet/sdk/2.2.101/Sdks/Microsoft.NET.Sdk/targets/Microsoft.NET.ComposeStore.targets;/usr/share/dotnet/sdk/2.2.101/Sdks/Microsoft.NET.Sdk/targets/Microsoft.NET.CrossGen.targets;/usr/share/dotnet/sdk/2.2.101/Sdks/Microsoft.NET.Sdk/targets/Microsoft.NET.ObsoleteReferences.targets;/usr/share/dotnet/sdk/2.2.101/Sdks/Microsoft.NET.Sdk/targets/Microsoft.NET.Publish.targets;/usr/share/dotnet/sdk/2.2.101/Sdks/Microsoft.NET.Sdk/targets/Microsoft.NET.PreserveCompilationContext.targets;/usr/share/dotnet/sdk/2.2.101/Sdks/Microsoft.NET.Sdk/targets/Microsoft.NET.ConflictResolution.targets") at /usr/share/dotnet/sdk/2.2.101/Sdks/Microsoft.NET.Sdk/targets/Microsoft.NET.DefaultPackageConflictOverrides.targets (15,5)
       Property reassignment: $(MSBuildAllProjects)=";/usr/share/dotnet/sdk/2.2.101/Sdks/Microsoft.NET.Sdk/Sdk/Sdk.props;/home/mdegallaix/Projects/yaml-parser/yaml-parser-tests/obj/yaml-parser-tests.fsproj.nuget.g.props;/home/mdegallaix/Projects/yaml-parser/yaml-parser-tests/obj/yaml-parser-tests.fsproj.paket.props;/usr/share/dotnet/sdk/2.2.101/Sdks/Microsoft.NET.Sdk/targets/Microsoft.NET.Sdk.props;/usr/share/dotnet/sdk/2.2.101/Sdks/Microsoft.NET.Sdk/targets/Microsoft.NET.Sdk.DefaultItems.props;/usr/share/dotnet/sdk/2.2.101/Sdks/Microsoft.NET.Sdk/targets/Microsoft.NET.SupportedTargetFrameworks.props;/usr/share/dotnet/sdk/2.2.101/Sdks/Microsoft.NET.Sdk/targets/Microsoft.NET.Sdk.FSharp.props;/usr/share/dotnet/sdk/2.2.101/FSharp/Microsoft.FSharp.NetSdk.props;/home/mdegallaix/Projects/yaml-parser/.paket/Paket.Restore.targets;/usr/share/dotnet/sdk/2.2.101/Sdks/Microsoft.NET.Sdk/Sdk/Sdk.targets;/usr/share/dotnet/sdk/2.2.101/Sdks/Microsoft.NET.Sdk/targets/Microsoft.NET.Sdk.BeforeCommon.targets;/usr/share/dotnet/sdk/2.2.101/Sdks/Microsoft.NET.Sdk/targets/Microsoft.NET.DefaultAssemblyInfo.targets;/usr/share/dotnet/sdk/2.2.101/Sdks/Microsoft.NET.Sdk/targets/Microsoft.NET.DefaultOutputPaths.targets;/usr/share/dotnet/sdk/2.2.101/Sdks/Microsoft.NET.Sdk/targets/Microsoft.NET.TargetFrameworkInference.targets;/usr/share/dotnet/sdk/2.2.101/Sdks/Microsoft.NET.Sdk/targets/Microsoft.NET.RuntimeIdentifierInference.targets;/usr/share/dotnet/sdk/2.2.101/Sdks/Microsoft.NET.Sdk/targets/Microsoft.NET.NuGetOfflineCache.targets;/usr/share/dotnet/sdk/2.2.101/Sdks/Microsoft.NET.Sdk/targets/Microsoft.NET.Sdk.FSharpTargetsShim.targets;/usr/share/dotnet/sdk/2.2.101/FSharp/Microsoft.FSharp.NetSdk.targets;/usr/share/dotnet/sdk/2.2.101/FSharp/Microsoft.FSharp.Targets;/home/mdegallaix/Projects/yaml-parser/yaml-parser-tests/yaml-parser-tests.fsproj;/usr/share/dotnet/sdk/2.2.101/Microsoft.Common.CurrentVersion.targets;/usr/share/dotnet/sdk/2.2.101/NuGet.targets;/usr/share/dotnet/sdk/2.2.101/15.0/Microsoft.Common.targets/ImportAfter/Microsoft.NET.Build.Extensions.targets;/usr/share/dotnet/sdk/2.2.101/Microsoft/Microsoft.NET.Build.Extensions/Microsoft.NET.Build.Extensions.targets;/usr/share/dotnet/sdk/2.2.101/15.0/Microsoft.Common.targets/ImportAfter/Microsoft.TestPlatform.ImportAfter.targets;/usr/share/dotnet/sdk/2.2.101/Microsoft.TestPlatform.targets;/home/mdegallaix/Projects/yaml-parser/yaml-parser-tests/obj/yaml-parser-tests.fsproj.nuget.g.targets;/home/mdegallaix/Projects/yaml-parser/yaml-parser-tests/obj/yaml-parser-tests.fsproj.proj-info.targets;/usr/share/dotnet/sdk/2.2.101/Sdks/Microsoft.NET.Sdk/targets/Microsoft.NET.Sdk.targets;/usr/share/dotnet/sdk/2.2.101/Sdks/Microsoft.NET.Sdk/targets/Microsoft.NET.Sdk.Common.targets;/usr/share/dotnet/sdk/2.2.101/Sdks/Microsoft.NET.Sdk/targets/Microsoft.PackageDependencyResolution.targets;/usr/share/dotnet/sdk/2.2.101/Sdks/Microsoft.NET.Sdk/targets/Microsoft.NET.Sdk.DefaultItems.targets;/usr/share/dotnet/sdk/2.2.101/Sdks/Microsoft.NET.Sdk/targets/Microsoft.NET.DisableStandardFrameworkResolution.targets;/usr/share/dotnet/sdk/2.2.101/Sdks/Microsoft.NET.Sdk/targets/Microsoft.NET.GenerateAssemblyInfo.targets;/usr/share/dotnet/sdk/2.2.101/Sdks/Microsoft.NET.Sdk/targets/Microsoft.NET.ComposeStore.targets;/usr/share/dotnet/sdk/2.2.101/Sdks/Microsoft.NET.Sdk/targets/Microsoft.NET.CrossGen.targets;/usr/share/dotnet/sdk/2.2.101/Sdks/Microsoft.NET.Sdk/targets/Microsoft.NET.ObsoleteReferences.targets;/usr/share/dotnet/sdk/2.2.101/Sdks/Microsoft.NET.Sdk/targets/Microsoft.NET.Publish.targets;/usr/share/dotnet/sdk/2.2.101/Sdks/Microsoft.NET.Sdk/targets/Microsoft.NET.PreserveCompilationContext.targets;/usr/share/dotnet/sdk/2.2.101/Sdks/Microsoft.NET.Sdk/targets/Microsoft.NET.ConflictResolution.targets;/usr/share/dotnet/sdk/2.2.101/Sdks/Microsoft.NET.Sdk/targets/Microsoft.NET.DefaultPackageConflictOverrides.targets;/usr/share/dotnet/sdk/2.2.101/Sdks/Microsoft.NET.Sdk/targets/Microsoft.NET.Sdk.FSharp.targets" (previous value: ";/usr/share/dotnet/sdk/2.2.101/Sdks/Microsoft.NET.Sdk/Sdk/Sdk.props;/home/mdegallaix/Projects/yaml-parser/yaml-parser-tests/obj/yaml-parser-tests.fsproj.nuget.g.props;/home/mdegallaix/Projects/yaml-parser/yaml-parser-tests/obj/yaml-parser-tests.fsproj.paket.props;/usr/share/dotnet/sdk/2.2.101/Sdks/Microsoft.NET.Sdk/targets/Microsoft.NET.Sdk.props;/usr/share/dotnet/sdk/2.2.101/Sdks/Microsoft.NET.Sdk/targets/Microsoft.NET.Sdk.DefaultItems.props;/usr/share/dotnet/sdk/2.2.101/Sdks/Microsoft.NET.Sdk/targets/Microsoft.NET.SupportedTargetFrameworks.props;/usr/share/dotnet/sdk/2.2.101/Sdks/Microsoft.NET.Sdk/targets/Microsoft.NET.Sdk.FSharp.props;/usr/share/dotnet/sdk/2.2.101/FSharp/Microsoft.FSharp.NetSdk.props;/home/mdegallaix/Projects/yaml-parser/.paket/Paket.Restore.targets;/usr/share/dotnet/sdk/2.2.101/Sdks/Microsoft.NET.Sdk/Sdk/Sdk.targets;/usr/share/dotnet/sdk/2.2.101/Sdks/Microsoft.NET.Sdk/targets/Microsoft.NET.Sdk.BeforeCommon.targets;/usr/share/dotnet/sdk/2.2.101/Sdks/Microsoft.NET.Sdk/targets/Microsoft.NET.DefaultAssemblyInfo.targets;/usr/share/dotnet/sdk/2.2.101/Sdks/Microsoft.NET.Sdk/targets/Microsoft.NET.DefaultOutputPaths.targets;/usr/share/dotnet/sdk/2.2.101/Sdks/Microsoft.NET.Sdk/targets/Microsoft.NET.TargetFrameworkInference.targets;/usr/share/dotnet/sdk/2.2.101/Sdks/Microsoft.NET.Sdk/targets/Microsoft.NET.RuntimeIdentifierInference.targets;/usr/share/dotnet/sdk/2.2.101/Sdks/Microsoft.NET.Sdk/targets/Microsoft.NET.NuGetOfflineCache.targets;/usr/share/dotnet/sdk/2.2.101/Sdks/Microsoft.NET.Sdk/targets/Microsoft.NET.Sdk.FSharpTargetsShim.targets;/usr/share/dotnet/sdk/2.2.101/FSharp/Microsoft.FSharp.NetSdk.targets;/usr/share/dotnet/sdk/2.2.101/FSharp/Microsoft.FSharp.Targets;/home/mdegallaix/Projects/yaml-parser/yaml-parser-tests/yaml-parser-tests.fsproj;/usr/share/dotnet/sdk/2.2.101/Microsoft.Common.CurrentVersion.targets;/usr/share/dotnet/sdk/2.2.101/NuGet.targets;/usr/share/dotnet/sdk/2.2.101/15.0/Microsoft.Common.targets/ImportAfter/Microsoft.NET.Build.Extensions.targets;/usr/share/dotnet/sdk/2.2.101/Microsoft/Microsoft.NET.Build.Extensions/Microsoft.NET.Build.Extensions.targets;/usr/share/dotnet/sdk/2.2.101/15.0/Microsoft.Common.targets/ImportAfter/Microsoft.TestPlatform.ImportAfter.targets;/usr/share/dotnet/sdk/2.2.101/Microsoft.TestPlatform.targets;/home/mdegallaix/Projects/yaml-parser/yaml-parser-tests/obj/yaml-parser-tests.fsproj.nuget.g.targets;/home/mdegallaix/Projects/yaml-parser/yaml-parser-tests/obj/yaml-parser-tests.fsproj.proj-info.targets;/usr/share/dotnet/sdk/2.2.101/Sdks/Microsoft.NET.Sdk/targets/Microsoft.NET.Sdk.targets;/usr/share/dotnet/sdk/2.2.101/Sdks/Microsoft.NET.Sdk/targets/Microsoft.NET.Sdk.Common.targets;/usr/share/dotnet/sdk/2.2.101/Sdks/Microsoft.NET.Sdk/targets/Microsoft.PackageDependencyResolution.targets;/usr/share/dotnet/sdk/2.2.101/Sdks/Microsoft.NET.Sdk/targets/Microsoft.NET.Sdk.DefaultItems.targets;/usr/share/dotnet/sdk/2.2.101/Sdks/Microsoft.NET.Sdk/targets/Microsoft.NET.DisableStandardFrameworkResolution.targets;/usr/share/dotnet/sdk/2.2.101/Sdks/Microsoft.NET.Sdk/targets/Microsoft.NET.GenerateAssemblyInfo.targets;/usr/share/dotnet/sdk/2.2.101/Sdks/Microsoft.NET.Sdk/targets/Microsoft.NET.ComposeStore.targets;/usr/share/dotnet/sdk/2.2.101/Sdks/Microsoft.NET.Sdk/targets/Microsoft.NET.CrossGen.targets;/usr/share/dotnet/sdk/2.2.101/Sdks/Microsoft.NET.Sdk/targets/Microsoft.NET.ObsoleteReferences.targets;/usr/share/dotnet/sdk/2.2.101/Sdks/Microsoft.NET.Sdk/targets/Microsoft.NET.Publish.targets;/usr/share/dotnet/sdk/2.2.101/Sdks/Microsoft.NET.Sdk/targets/Microsoft.NET.PreserveCompilationContext.targets;/usr/share/dotnet/sdk/2.2.101/Sdks/Microsoft.NET.Sdk/targets/Microsoft.NET.ConflictResolution.targets;/usr/share/dotnet/sdk/2.2.101/Sdks/Microsoft.NET.Sdk/targets/Microsoft.NET.DefaultPackageConflictOverrides.targets") at /usr/share/dotnet/sdk/2.2.101/Sdks/Microsoft.NET.Sdk/targets/Microsoft.NET.Sdk.FSharp.targets (16,6)
       Property reassignment: $(MSBuildAllProjects)=";/usr/share/dotnet/sdk/2.2.101/Sdks/Microsoft.NET.Sdk/Sdk/Sdk.props;/home/mdegallaix/Projects/yaml-parser/yaml-parser-tests/obj/yaml-parser-tests.fsproj.nuget.g.props;/home/mdegallaix/Projects/yaml-parser/yaml-parser-tests/obj/yaml-parser-tests.fsproj.paket.props;/usr/share/dotnet/sdk/2.2.101/Sdks/Microsoft.NET.Sdk/targets/Microsoft.NET.Sdk.props;/usr/share/dotnet/sdk/2.2.101/Sdks/Microsoft.NET.Sdk/targets/Microsoft.NET.Sdk.DefaultItems.props;/usr/share/dotnet/sdk/2.2.101/Sdks/Microsoft.NET.Sdk/targets/Microsoft.NET.SupportedTargetFrameworks.props;/usr/share/dotnet/sdk/2.2.101/Sdks/Microsoft.NET.Sdk/targets/Microsoft.NET.Sdk.FSharp.props;/usr/share/dotnet/sdk/2.2.101/FSharp/Microsoft.FSharp.NetSdk.props;/home/mdegallaix/Projects/yaml-parser/.paket/Paket.Restore.targets;/usr/share/dotnet/sdk/2.2.101/Sdks/Microsoft.NET.Sdk/Sdk/Sdk.targets;/usr/share/dotnet/sdk/2.2.101/Sdks/Microsoft.NET.Sdk/targets/Microsoft.NET.Sdk.BeforeCommon.targets;/usr/share/dotnet/sdk/2.2.101/Sdks/Microsoft.NET.Sdk/targets/Microsoft.NET.DefaultAssemblyInfo.targets;/usr/share/dotnet/sdk/2.2.101/Sdks/Microsoft.NET.Sdk/targets/Microsoft.NET.DefaultOutputPaths.targets;/usr/share/dotnet/sdk/2.2.101/Sdks/Microsoft.NET.Sdk/targets/Microsoft.NET.TargetFrameworkInference.targets;/usr/share/dotnet/sdk/2.2.101/Sdks/Microsoft.NET.Sdk/targets/Microsoft.NET.RuntimeIdentifierInference.targets;/usr/share/dotnet/sdk/2.2.101/Sdks/Microsoft.NET.Sdk/targets/Microsoft.NET.NuGetOfflineCache.targets;/usr/share/dotnet/sdk/2.2.101/Sdks/Microsoft.NET.Sdk/targets/Microsoft.NET.Sdk.FSharpTargetsShim.targets;/usr/share/dotnet/sdk/2.2.101/FSharp/Microsoft.FSharp.NetSdk.targets;/usr/share/dotnet/sdk/2.2.101/FSharp/Microsoft.FSharp.Targets;/home/mdegallaix/Projects/yaml-parser/yaml-parser-tests/yaml-parser-tests.fsproj;/usr/share/dotnet/sdk/2.2.101/Microsoft.Common.CurrentVersion.targets;/usr/share/dotnet/sdk/2.2.101/NuGet.targets;/usr/share/dotnet/sdk/2.2.101/15.0/Microsoft.Common.targets/ImportAfter/Microsoft.NET.Build.Extensions.targets;/usr/share/dotnet/sdk/2.2.101/Microsoft/Microsoft.NET.Build.Extensions/Microsoft.NET.Build.Extensions.targets;/usr/share/dotnet/sdk/2.2.101/15.0/Microsoft.Common.targets/ImportAfter/Microsoft.TestPlatform.ImportAfter.targets;/usr/share/dotnet/sdk/2.2.101/Microsoft.TestPlatform.targets;/home/mdegallaix/Projects/yaml-parser/yaml-parser-tests/obj/yaml-parser-tests.fsproj.nuget.g.targets;/home/mdegallaix/Projects/yaml-parser/yaml-parser-tests/obj/yaml-parser-tests.fsproj.proj-info.targets;/usr/share/dotnet/sdk/2.2.101/Sdks/Microsoft.NET.Sdk/targets/Microsoft.NET.Sdk.targets;/usr/share/dotnet/sdk/2.2.101/Sdks/Microsoft.NET.Sdk/targets/Microsoft.NET.Sdk.Common.targets;/usr/share/dotnet/sdk/2.2.101/Sdks/Microsoft.NET.Sdk/targets/Microsoft.PackageDependencyResolution.targets;/usr/share/dotnet/sdk/2.2.101/Sdks/Microsoft.NET.Sdk/targets/Microsoft.NET.Sdk.DefaultItems.targets;/usr/share/dotnet/sdk/2.2.101/Sdks/Microsoft.NET.Sdk/targets/Microsoft.NET.DisableStandardFrameworkResolution.targets;/usr/share/dotnet/sdk/2.2.101/Sdks/Microsoft.NET.Sdk/targets/Microsoft.NET.GenerateAssemblyInfo.targets;/usr/share/dotnet/sdk/2.2.101/Sdks/Microsoft.NET.Sdk/targets/Microsoft.NET.ComposeStore.targets;/usr/share/dotnet/sdk/2.2.101/Sdks/Microsoft.NET.Sdk/targets/Microsoft.NET.CrossGen.targets;/usr/share/dotnet/sdk/2.2.101/Sdks/Microsoft.NET.Sdk/targets/Microsoft.NET.ObsoleteReferences.targets;/usr/share/dotnet/sdk/2.2.101/Sdks/Microsoft.NET.Sdk/targets/Microsoft.NET.Publish.targets;/usr/share/dotnet/sdk/2.2.101/Sdks/Microsoft.NET.Sdk/targets/Microsoft.NET.PreserveCompilationContext.targets;/usr/share/dotnet/sdk/2.2.101/Sdks/Microsoft.NET.Sdk/targets/Microsoft.NET.ConflictResolution.targets;/usr/share/dotnet/sdk/2.2.101/Sdks/Microsoft.NET.Sdk/targets/Microsoft.NET.DefaultPackageConflictOverrides.targets;/usr/share/dotnet/sdk/2.2.101/Sdks/Microsoft.NET.Sdk/targets/Microsoft.NET.Sdk.FSharp.targets;/usr/share/dotnet/sdk/2.2.101/FSharp/Microsoft.FSharp.Overrides.NetSdk.targets" (previous value: ";/usr/share/dotnet/sdk/2.2.101/Sdks/Microsoft.NET.Sdk/Sdk/Sdk.props;/home/mdegallaix/Projects/yaml-parser/yaml-parser-tests/obj/yaml-parser-tests.fsproj.nuget.g.props;/home/mdegallaix/Projects/yaml-parser/yaml-parser-tests/obj/yaml-parser-tests.fsproj.paket.props;/usr/share/dotnet/sdk/2.2.101/Sdks/Microsoft.NET.Sdk/targets/Microsoft.NET.Sdk.props;/usr/share/dotnet/sdk/2.2.101/Sdks/Microsoft.NET.Sdk/targets/Microsoft.NET.Sdk.DefaultItems.props;/usr/share/dotnet/sdk/2.2.101/Sdks/Microsoft.NET.Sdk/targets/Microsoft.NET.SupportedTargetFrameworks.props;/usr/share/dotnet/sdk/2.2.101/Sdks/Microsoft.NET.Sdk/targets/Microsoft.NET.Sdk.FSharp.props;/usr/share/dotnet/sdk/2.2.101/FSharp/Microsoft.FSharp.NetSdk.props;/home/mdegallaix/Projects/yaml-parser/.paket/Paket.Restore.targets;/usr/share/dotnet/sdk/2.2.101/Sdks/Microsoft.NET.Sdk/Sdk/Sdk.targets;/usr/share/dotnet/sdk/2.2.101/Sdks/Microsoft.NET.Sdk/targets/Microsoft.NET.Sdk.BeforeCommon.targets;/usr/share/dotnet/sdk/2.2.101/Sdks/Microsoft.NET.Sdk/targets/Microsoft.NET.DefaultAssemblyInfo.targets;/usr/share/dotnet/sdk/2.2.101/Sdks/Microsoft.NET.Sdk/targets/Microsoft.NET.DefaultOutputPaths.targets;/usr/share/dotnet/sdk/2.2.101/Sdks/Microsoft.NET.Sdk/targets/Microsoft.NET.TargetFrameworkInference.targets;/usr/share/dotnet/sdk/2.2.101/Sdks/Microsoft.NET.Sdk/targets/Microsoft.NET.RuntimeIdentifierInference.targets;/usr/share/dotnet/sdk/2.2.101/Sdks/Microsoft.NET.Sdk/targets/Microsoft.NET.NuGetOfflineCache.targets;/usr/share/dotnet/sdk/2.2.101/Sdks/Microsoft.NET.Sdk/targets/Microsoft.NET.Sdk.FSharpTargetsShim.targets;/usr/share/dotnet/sdk/2.2.101/FSharp/Microsoft.FSharp.NetSdk.targets;/usr/share/dotnet/sdk/2.2.101/FSharp/Microsoft.FSharp.Targets;/home/mdegallaix/Projects/yaml-parser/yaml-parser-tests/yaml-parser-tests.fsproj;/usr/share/dotnet/sdk/2.2.101/Microsoft.Common.CurrentVersion.targets;/usr/share/dotnet/sdk/2.2.101/NuGet.targets;/usr/share/dotnet/sdk/2.2.101/15.0/Microsoft.Common.targets/ImportAfter/Microsoft.NET.Build.Extensions.targets;/usr/share/dotnet/sdk/2.2.101/Microsoft/Microsoft.NET.Build.Extensions/Microsoft.NET.Build.Extensions.targets;/usr/share/dotnet/sdk/2.2.101/15.0/Microsoft.Common.targets/ImportAfter/Microsoft.TestPlatform.ImportAfter.targets;/usr/share/dotnet/sdk/2.2.101/Microsoft.TestPlatform.targets;/home/mdegallaix/Projects/yaml-parser/yaml-parser-tests/obj/yaml-parser-tests.fsproj.nuget.g.targets;/home/mdegallaix/Projects/yaml-parser/yaml-parser-tests/obj/yaml-parser-tests.fsproj.proj-info.targets;/usr/share/dotnet/sdk/2.2.101/Sdks/Microsoft.NET.Sdk/targets/Microsoft.NET.Sdk.targets;/usr/share/dotnet/sdk/2.2.101/Sdks/Microsoft.NET.Sdk/targets/Microsoft.NET.Sdk.Common.targets;/usr/share/dotnet/sdk/2.2.101/Sdks/Microsoft.NET.Sdk/targets/Microsoft.PackageDependencyResolution.targets;/usr/share/dotnet/sdk/2.2.101/Sdks/Microsoft.NET.Sdk/targets/Microsoft.NET.Sdk.DefaultItems.targets;/usr/share/dotnet/sdk/2.2.101/Sdks/Microsoft.NET.Sdk/targets/Microsoft.NET.DisableStandardFrameworkResolution.targets;/usr/share/dotnet/sdk/2.2.101/Sdks/Microsoft.NET.Sdk/targets/Microsoft.NET.GenerateAssemblyInfo.targets;/usr/share/dotnet/sdk/2.2.101/Sdks/Microsoft.NET.Sdk/targets/Microsoft.NET.ComposeStore.targets;/usr/share/dotnet/sdk/2.2.101/Sdks/Microsoft.NET.Sdk/targets/Microsoft.NET.CrossGen.targets;/usr/share/dotnet/sdk/2.2.101/Sdks/Microsoft.NET.Sdk/targets/Microsoft.NET.ObsoleteReferences.targets;/usr/share/dotnet/sdk/2.2.101/Sdks/Microsoft.NET.Sdk/targets/Microsoft.NET.Publish.targets;/usr/share/dotnet/sdk/2.2.101/Sdks/Microsoft.NET.Sdk/targets/Microsoft.NET.PreserveCompilationContext.targets;/usr/share/dotnet/sdk/2.2.101/Sdks/Microsoft.NET.Sdk/targets/Microsoft.NET.ConflictResolution.targets;/usr/share/dotnet/sdk/2.2.101/Sdks/Microsoft.NET.Sdk/targets/Microsoft.NET.DefaultPackageConflictOverrides.targets;/usr/share/dotnet/sdk/2.2.101/Sdks/Microsoft.NET.Sdk/targets/Microsoft.NET.Sdk.FSharp.targets") at /usr/share/dotnet/sdk/2.2.101/FSharp/Microsoft.FSharp.Overrides.NetSdk.targets (17,5)
       Property reassignment: $(DefineConstants)="TRACE;DEBUG;NETCOREAPP;NETCOREAPP2_1" (previous value: "TRACE;DEBUG") at /usr/share/dotnet/sdk/2.2.101/Sdks/Microsoft.NET.Sdk/targets/Microsoft.NET.Sdk.FSharp.targets (32,5)
       Property reassignment: $(MSBuildAllProjects)=";/usr/share/dotnet/sdk/2.2.101/Sdks/Microsoft.NET.Sdk/Sdk/Sdk.props;/home/mdegallaix/Projects/yaml-parser/yaml-parser-tests/obj/yaml-parser-tests.fsproj.nuget.g.props;/home/mdegallaix/Projects/yaml-parser/yaml-parser-tests/obj/yaml-parser-tests.fsproj.paket.props;/usr/share/dotnet/sdk/2.2.101/Sdks/Microsoft.NET.Sdk/targets/Microsoft.NET.Sdk.props;/usr/share/dotnet/sdk/2.2.101/Sdks/Microsoft.NET.Sdk/targets/Microsoft.NET.Sdk.DefaultItems.props;/usr/share/dotnet/sdk/2.2.101/Sdks/Microsoft.NET.Sdk/targets/Microsoft.NET.SupportedTargetFrameworks.props;/usr/share/dotnet/sdk/2.2.101/Sdks/Microsoft.NET.Sdk/targets/Microsoft.NET.Sdk.FSharp.props;/usr/share/dotnet/sdk/2.2.101/FSharp/Microsoft.FSharp.NetSdk.props;/home/mdegallaix/Projects/yaml-parser/.paket/Paket.Restore.targets;/usr/share/dotnet/sdk/2.2.101/Sdks/Microsoft.NET.Sdk/Sdk/Sdk.targets;/usr/share/dotnet/sdk/2.2.101/Sdks/Microsoft.NET.Sdk/targets/Microsoft.NET.Sdk.BeforeCommon.targets;/usr/share/dotnet/sdk/2.2.101/Sdks/Microsoft.NET.Sdk/targets/Microsoft.NET.DefaultAssemblyInfo.targets;/usr/share/dotnet/sdk/2.2.101/Sdks/Microsoft.NET.Sdk/targets/Microsoft.NET.DefaultOutputPaths.targets;/usr/share/dotnet/sdk/2.2.101/Sdks/Microsoft.NET.Sdk/targets/Microsoft.NET.TargetFrameworkInference.targets;/usr/share/dotnet/sdk/2.2.101/Sdks/Microsoft.NET.Sdk/targets/Microsoft.NET.RuntimeIdentifierInference.targets;/usr/share/dotnet/sdk/2.2.101/Sdks/Microsoft.NET.Sdk/targets/Microsoft.NET.NuGetOfflineCache.targets;/usr/share/dotnet/sdk/2.2.101/Sdks/Microsoft.NET.Sdk/targets/Microsoft.NET.Sdk.FSharpTargetsShim.targets;/usr/share/dotnet/sdk/2.2.101/FSharp/Microsoft.FSharp.NetSdk.targets;/usr/share/dotnet/sdk/2.2.101/FSharp/Microsoft.FSharp.Targets;/home/mdegallaix/Projects/yaml-parser/yaml-parser-tests/yaml-parser-tests.fsproj;/usr/share/dotnet/sdk/2.2.101/Microsoft.Common.CurrentVersion.targets;/usr/share/dotnet/sdk/2.2.101/NuGet.targets;/usr/share/dotnet/sdk/2.2.101/15.0/Microsoft.Common.targets/ImportAfter/Microsoft.NET.Build.Extensions.targets;/usr/share/dotnet/sdk/2.2.101/Microsoft/Microsoft.NET.Build.Extensions/Microsoft.NET.Build.Extensions.targets;/usr/share/dotnet/sdk/2.2.101/15.0/Microsoft.Common.targets/ImportAfter/Microsoft.TestPlatform.ImportAfter.targets;/usr/share/dotnet/sdk/2.2.101/Microsoft.TestPlatform.targets;/home/mdegallaix/Projects/yaml-parser/yaml-parser-tests/obj/yaml-parser-tests.fsproj.nuget.g.targets;/home/mdegallaix/Projects/yaml-parser/yaml-parser-tests/obj/yaml-parser-tests.fsproj.proj-info.targets;/usr/share/dotnet/sdk/2.2.101/Sdks/Microsoft.NET.Sdk/targets/Microsoft.NET.Sdk.targets;/usr/share/dotnet/sdk/2.2.101/Sdks/Microsoft.NET.Sdk/targets/Microsoft.NET.Sdk.Common.targets;/usr/share/dotnet/sdk/2.2.101/Sdks/Microsoft.NET.Sdk/targets/Microsoft.PackageDependencyResolution.targets;/usr/share/dotnet/sdk/2.2.101/Sdks/Microsoft.NET.Sdk/targets/Microsoft.NET.Sdk.DefaultItems.targets;/usr/share/dotnet/sdk/2.2.101/Sdks/Microsoft.NET.Sdk/targets/Microsoft.NET.DisableStandardFrameworkResolution.targets;/usr/share/dotnet/sdk/2.2.101/Sdks/Microsoft.NET.Sdk/targets/Microsoft.NET.GenerateAssemblyInfo.targets;/usr/share/dotnet/sdk/2.2.101/Sdks/Microsoft.NET.Sdk/targets/Microsoft.NET.ComposeStore.targets;/usr/share/dotnet/sdk/2.2.101/Sdks/Microsoft.NET.Sdk/targets/Microsoft.NET.CrossGen.targets;/usr/share/dotnet/sdk/2.2.101/Sdks/Microsoft.NET.Sdk/targets/Microsoft.NET.ObsoleteReferences.targets;/usr/share/dotnet/sdk/2.2.101/Sdks/Microsoft.NET.Sdk/targets/Microsoft.NET.Publish.targets;/usr/share/dotnet/sdk/2.2.101/Sdks/Microsoft.NET.Sdk/targets/Microsoft.NET.PreserveCompilationContext.targets;/usr/share/dotnet/sdk/2.2.101/Sdks/Microsoft.NET.Sdk/targets/Microsoft.NET.ConflictResolution.targets;/usr/share/dotnet/sdk/2.2.101/Sdks/Microsoft.NET.Sdk/targets/Microsoft.NET.DefaultPackageConflictOverrides.targets;/usr/share/dotnet/sdk/2.2.101/Sdks/Microsoft.NET.Sdk/targets/Microsoft.NET.Sdk.FSharp.targets;/usr/share/dotnet/sdk/2.2.101/FSharp/Microsoft.FSharp.Overrides.NetSdk.targets;/usr/share/dotnet/sdk/2.2.101/Sdks/NuGet.Build.Tasks.Pack/build/NuGet.Build.Tasks.Pack.targets" (previous value: ";/usr/share/dotnet/sdk/2.2.101/Sdks/Microsoft.NET.Sdk/Sdk/Sdk.props;/home/mdegallaix/Projects/yaml-parser/yaml-parser-tests/obj/yaml-parser-tests.fsproj.nuget.g.props;/home/mdegallaix/Projects/yaml-parser/yaml-parser-tests/obj/yaml-parser-tests.fsproj.paket.props;/usr/share/dotnet/sdk/2.2.101/Sdks/Microsoft.NET.Sdk/targets/Microsoft.NET.Sdk.props;/usr/share/dotnet/sdk/2.2.101/Sdks/Microsoft.NET.Sdk/targets/Microsoft.NET.Sdk.DefaultItems.props;/usr/share/dotnet/sdk/2.2.101/Sdks/Microsoft.NET.Sdk/targets/Microsoft.NET.SupportedTargetFrameworks.props;/usr/share/dotnet/sdk/2.2.101/Sdks/Microsoft.NET.Sdk/targets/Microsoft.NET.Sdk.FSharp.props;/usr/share/dotnet/sdk/2.2.101/FSharp/Microsoft.FSharp.NetSdk.props;/home/mdegallaix/Projects/yaml-parser/.paket/Paket.Restore.targets;/usr/share/dotnet/sdk/2.2.101/Sdks/Microsoft.NET.Sdk/Sdk/Sdk.targets;/usr/share/dotnet/sdk/2.2.101/Sdks/Microsoft.NET.Sdk/targets/Microsoft.NET.Sdk.BeforeCommon.targets;/usr/share/dotnet/sdk/2.2.101/Sdks/Microsoft.NET.Sdk/targets/Microsoft.NET.DefaultAssemblyInfo.targets;/usr/share/dotnet/sdk/2.2.101/Sdks/Microsoft.NET.Sdk/targets/Microsoft.NET.DefaultOutputPaths.targets;/usr/share/dotnet/sdk/2.2.101/Sdks/Microsoft.NET.Sdk/targets/Microsoft.NET.TargetFrameworkInference.targets;/usr/share/dotnet/sdk/2.2.101/Sdks/Microsoft.NET.Sdk/targets/Microsoft.NET.RuntimeIdentifierInference.targets;/usr/share/dotnet/sdk/2.2.101/Sdks/Microsoft.NET.Sdk/targets/Microsoft.NET.NuGetOfflineCache.targets;/usr/share/dotnet/sdk/2.2.101/Sdks/Microsoft.NET.Sdk/targets/Microsoft.NET.Sdk.FSharpTargetsShim.targets;/usr/share/dotnet/sdk/2.2.101/FSharp/Microsoft.FSharp.NetSdk.targets;/usr/share/dotnet/sdk/2.2.101/FSharp/Microsoft.FSharp.Targets;/home/mdegallaix/Projects/yaml-parser/yaml-parser-tests/yaml-parser-tests.fsproj;/usr/share/dotnet/sdk/2.2.101/Microsoft.Common.CurrentVersion.targets;/usr/share/dotnet/sdk/2.2.101/NuGet.targets;/usr/share/dotnet/sdk/2.2.101/15.0/Microsoft.Common.targets/ImportAfter/Microsoft.NET.Build.Extensions.targets;/usr/share/dotnet/sdk/2.2.101/Microsoft/Microsoft.NET.Build.Extensions/Microsoft.NET.Build.Extensions.targets;/usr/share/dotnet/sdk/2.2.101/15.0/Microsoft.Common.targets/ImportAfter/Microsoft.TestPlatform.ImportAfter.targets;/usr/share/dotnet/sdk/2.2.101/Microsoft.TestPlatform.targets;/home/mdegallaix/Projects/yaml-parser/yaml-parser-tests/obj/yaml-parser-tests.fsproj.nuget.g.targets;/home/mdegallaix/Projects/yaml-parser/yaml-parser-tests/obj/yaml-parser-tests.fsproj.proj-info.targets;/usr/share/dotnet/sdk/2.2.101/Sdks/Microsoft.NET.Sdk/targets/Microsoft.NET.Sdk.targets;/usr/share/dotnet/sdk/2.2.101/Sdks/Microsoft.NET.Sdk/targets/Microsoft.NET.Sdk.Common.targets;/usr/share/dotnet/sdk/2.2.101/Sdks/Microsoft.NET.Sdk/targets/Microsoft.PackageDependencyResolution.targets;/usr/share/dotnet/sdk/2.2.101/Sdks/Microsoft.NET.Sdk/targets/Microsoft.NET.Sdk.DefaultItems.targets;/usr/share/dotnet/sdk/2.2.101/Sdks/Microsoft.NET.Sdk/targets/Microsoft.NET.DisableStandardFrameworkResolution.targets;/usr/share/dotnet/sdk/2.2.101/Sdks/Microsoft.NET.Sdk/targets/Microsoft.NET.GenerateAssemblyInfo.targets;/usr/share/dotnet/sdk/2.2.101/Sdks/Microsoft.NET.Sdk/targets/Microsoft.NET.ComposeStore.targets;/usr/share/dotnet/sdk/2.2.101/Sdks/Microsoft.NET.Sdk/targets/Microsoft.NET.CrossGen.targets;/usr/share/dotnet/sdk/2.2.101/Sdks/Microsoft.NET.Sdk/targets/Microsoft.NET.ObsoleteReferences.targets;/usr/share/dotnet/sdk/2.2.101/Sdks/Microsoft.NET.Sdk/targets/Microsoft.NET.Publish.targets;/usr/share/dotnet/sdk/2.2.101/Sdks/Microsoft.NET.Sdk/targets/Microsoft.NET.PreserveCompilationContext.targets;/usr/share/dotnet/sdk/2.2.101/Sdks/Microsoft.NET.Sdk/targets/Microsoft.NET.ConflictResolution.targets;/usr/share/dotnet/sdk/2.2.101/Sdks/Microsoft.NET.Sdk/targets/Microsoft.NET.DefaultPackageConflictOverrides.targets;/usr/share/dotnet/sdk/2.2.101/Sdks/Microsoft.NET.Sdk/targets/Microsoft.NET.Sdk.FSharp.targets;/usr/share/dotnet/sdk/2.2.101/FSharp/Microsoft.FSharp.Overrides.NetSdk.targets") at /usr/share/dotnet/sdk/2.2.101/Sdks/NuGet.Build.Tasks.Pack/build/NuGet.Build.Tasks.Pack.targets (18,5)
       Property reassignment: $(PackageDescription)="Package Description" (previous value: "") at /usr/share/dotnet/sdk/2.2.101/Sdks/NuGet.Build.Tasks.Pack/build/NuGet.Build.Tasks.Pack.targets (32,5)
       Property reassignment: $(GenerateNuspecDependsOn)="Build;_LoadPackInputItems; _GetTargetFrameworksOutput; _WalkEachTargetPerFramework; _GetPackageFiles; " (previous value: "_LoadPackInputItems; _GetTargetFrameworksOutput; _WalkEachTargetPerFramework; _GetPackageFiles; ") at /usr/share/dotnet/sdk/2.2.101/Sdks/NuGet.Build.Tasks.Pack/build/NuGet.Build.Tasks.Pack.targets (56,5)
       Overriding target "_GenerateCompileDependencyCache" in project "/usr/share/dotnet/sdk/2.2.101/Microsoft.Common.CurrentVersion.targets" with target "_GenerateCompileDependencyCache" from project "/usr/share/dotnet/sdk/2.2.101/FSharp/Microsoft.FSharp.Targets".
       Overriding target "GenerateTargetFrameworkMonikerAttribute" in project "/usr/share/dotnet/sdk/2.2.101/Microsoft.Common.CurrentVersion.targets" with target "GenerateTargetFrameworkMonikerAttribute" from project "/usr/share/dotnet/sdk/2.2.101/FSharp/Microsoft.FSharp.Targets".
       Overriding target "GetTargetFrameworkProperties" in project "/usr/share/dotnet/sdk/2.2.101/Microsoft.Common.CurrentVersion.targets" with target "GetTargetFrameworkProperties" from project "/usr/share/dotnet/sdk/2.2.101/Sdks/Microsoft.NET.Sdk/targets/Microsoft.NET.Sdk.Common.targets".
       Overriding target "GetReferenceAssemblyPaths" in project "/usr/share/dotnet/sdk/2.2.101/Microsoft.Common.CurrentVersion.targets" with target "GetReferenceAssemblyPaths" from project "/usr/share/dotnet/sdk/2.2.101/Sdks/Microsoft.NET.Sdk/targets/Microsoft.NET.DisableStandardFrameworkResolution.targets".
       Overriding target "GetFrameworkPaths" in project "/usr/share/dotnet/sdk/2.2.101/Microsoft.Common.CurrentVersion.targets" with target "GetFrameworkPaths" from project "/usr/share/dotnet/sdk/2.2.101/Sdks/Microsoft.NET.Sdk/targets/Microsoft.NET.DisableStandardFrameworkResolution.targets".
       Overriding target "Publish" in project "/usr/share/dotnet/sdk/2.2.101/Microsoft.Common.CurrentVersion.targets" with target "Publish" from project "/usr/share/dotnet/sdk/2.2.101/Sdks/Microsoft.NET.Sdk/targets/Microsoft.NET.Publish.targets".
       Overriding target "GetCopyToPublishDirectoryItems" in project "/usr/share/dotnet/sdk/2.2.101/Microsoft.Common.CurrentVersion.targets" with target "GetCopyToPublishDirectoryItems" from project "/usr/share/dotnet/sdk/2.2.101/Sdks/Microsoft.NET.Sdk/targets/Microsoft.NET.Publish.targets".
       Overriding target "CoreGenerateAssemblyInfo" in project "/usr/share/dotnet/sdk/2.2.101/Sdks/Microsoft.NET.Sdk/targets/Microsoft.NET.GenerateAssemblyInfo.targets" with target "CoreGenerateAssemblyInfo" from project "/usr/share/dotnet/sdk/2.2.101/FSharp/Microsoft.FSharp.Overrides.NetSdk.targets".
       The target "_GenerateRestoreGraphWalkPerFramework" listed in a BeforeTargets attribute at "/home/mdegallaix/Projects/yaml-parser/.paket/Paket.Restore.targets (71,79)" does not exist in the project, and will be ignored.
     1>Project "/home/mdegallaix/Projects/yaml-parser/yaml-parser.sln" (1) is building "/home/mdegallaix/Projects/yaml-parser/yaml-parser-tests/yaml-parser-tests.fsproj" (2) on node 2 (_IsProjectRestoreSupported target(s)).
     2>Building with tools version "15.0".
     2>Target "_IsProjectRestoreSupported" in file "/usr/share/dotnet/sdk/2.2.101/NuGet.targets" from project "/home/mdegallaix/Projects/yaml-parser/yaml-parser-tests/yaml-parser-tests.fsproj" (entry point):
     2>Done building target "_IsProjectRestoreSupported" in project "yaml-parser-tests.fsproj".
     2>Done Building Project "/home/mdegallaix/Projects/yaml-parser/yaml-parser-tests/yaml-parser-tests.fsproj" (_IsProjectRestoreSupported target(s)).
     0>Property reassignment: $(_DebugSymbolsProduced)="true" (previous value: "false") at /usr/share/dotnet/sdk/2.2.101/Microsoft.Common.CurrentVersion.targets (148,5)
       Property reassignment: $(_DocumentationFileProduced)="false" (previous value: "true") at /usr/share/dotnet/sdk/2.2.101/Microsoft.Common.CurrentVersion.targets (157,5)
       Property reassignment: $(ProcessorArchitecture)="msil" (previous value: "") at /usr/share/dotnet/sdk/2.2.101/Microsoft.Common.CurrentVersion.targets (486,5)
       Property reassignment: $(DelaySign)="" (previous value: "false") at /usr/share/dotnet/sdk/2.2.101/Microsoft.Common.CurrentVersion.targets (525,5)
       Property reassignment: $(MSBuildAllProjects)=";/usr/share/dotnet/sdk/2.2.101/Sdks/Microsoft.NET.Sdk/Sdk/Sdk.props;/home/mdegallaix/Projects/yaml-parser/yaml-parser/obj/yaml-parser.fsproj.nuget.g.props;/home/mdegallaix/Projects/yaml-parser/yaml-parser/obj/yaml-parser.fsproj.paket.props;/usr/share/dotnet/sdk/2.2.101/Sdks/Microsoft.NET.Sdk/targets/Microsoft.NET.Sdk.props;/usr/share/dotnet/sdk/2.2.101/Sdks/Microsoft.NET.Sdk/targets/Microsoft.NET.Sdk.DefaultItems.props;/usr/share/dotnet/sdk/2.2.101/Sdks/Microsoft.NET.Sdk/targets/Microsoft.NET.SupportedTargetFrameworks.props;/usr/share/dotnet/sdk/2.2.101/Sdks/Microsoft.NET.Sdk/targets/Microsoft.NET.Sdk.FSharp.props;/usr/share/dotnet/sdk/2.2.101/FSharp/Microsoft.FSharp.NetSdk.props;/home/mdegallaix/Projects/yaml-parser/.paket/Paket.Restore.targets;/usr/share/dotnet/sdk/2.2.101/Sdks/Microsoft.NET.Sdk/Sdk/Sdk.targets;/usr/share/dotnet/sdk/2.2.101/Sdks/Microsoft.NET.Sdk/targets/Microsoft.NET.Sdk.BeforeCommon.targets;/usr/share/dotnet/sdk/2.2.101/Sdks/Microsoft.NET.Sdk/targets/Microsoft.NET.DefaultAssemblyInfo.targets;/usr/share/dotnet/sdk/2.2.101/Sdks/Microsoft.NET.Sdk/targets/Microsoft.NET.DefaultOutputPaths.targets;/usr/share/dotnet/sdk/2.2.101/Sdks/Microsoft.NET.Sdk/targets/Microsoft.NET.TargetFrameworkInference.targets;/usr/share/dotnet/sdk/2.2.101/Sdks/Microsoft.NET.Sdk/targets/Microsoft.NET.RuntimeIdentifierInference.targets;/usr/share/dotnet/sdk/2.2.101/Sdks/Microsoft.NET.Sdk/targets/Microsoft.NET.NuGetOfflineCache.targets;/usr/share/dotnet/sdk/2.2.101/Sdks/Microsoft.NET.Sdk/targets/Microsoft.NET.Sdk.FSharpTargetsShim.targets;/usr/share/dotnet/sdk/2.2.101/FSharp/Microsoft.FSharp.NetSdk.targets;/usr/share/dotnet/sdk/2.2.101/FSharp/Microsoft.FSharp.Targets;/home/mdegallaix/Projects/yaml-parser/yaml-parser/yaml-parser.fsproj;/usr/share/dotnet/sdk/2.2.101/Microsoft.Common.CurrentVersion.targets" (previous value: ";/usr/share/dotnet/sdk/2.2.101/Sdks/Microsoft.NET.Sdk/Sdk/Sdk.props;/home/mdegallaix/Projects/yaml-parser/yaml-parser/obj/yaml-parser.fsproj.nuget.g.props;/home/mdegallaix/Projects/yaml-parser/yaml-parser/obj/yaml-parser.fsproj.paket.props;/usr/share/dotnet/sdk/2.2.101/Sdks/Microsoft.NET.Sdk/targets/Microsoft.NET.Sdk.props;/usr/share/dotnet/sdk/2.2.101/Sdks/Microsoft.NET.Sdk/targets/Microsoft.NET.Sdk.DefaultItems.props;/usr/share/dotnet/sdk/2.2.101/Sdks/Microsoft.NET.Sdk/targets/Microsoft.NET.SupportedTargetFrameworks.props;/usr/share/dotnet/sdk/2.2.101/Sdks/Microsoft.NET.Sdk/targets/Microsoft.NET.Sdk.FSharp.props;/usr/share/dotnet/sdk/2.2.101/FSharp/Microsoft.FSharp.NetSdk.props;/home/mdegallaix/Projects/yaml-parser/.paket/Paket.Restore.targets;/usr/share/dotnet/sdk/2.2.101/Sdks/Microsoft.NET.Sdk/Sdk/Sdk.targets;/usr/share/dotnet/sdk/2.2.101/Sdks/Microsoft.NET.Sdk/targets/Microsoft.NET.Sdk.BeforeCommon.targets;/usr/share/dotnet/sdk/2.2.101/Sdks/Microsoft.NET.Sdk/targets/Microsoft.NET.DefaultAssemblyInfo.targets;/usr/share/dotnet/sdk/2.2.101/Sdks/Microsoft.NET.Sdk/targets/Microsoft.NET.DefaultOutputPaths.targets;/usr/share/dotnet/sdk/2.2.101/Sdks/Microsoft.NET.Sdk/targets/Microsoft.NET.TargetFrameworkInference.targets;/usr/share/dotnet/sdk/2.2.101/Sdks/Microsoft.NET.Sdk/targets/Microsoft.NET.RuntimeIdentifierInference.targets;/usr/share/dotnet/sdk/2.2.101/Sdks/Microsoft.NET.Sdk/targets/Microsoft.NET.NuGetOfflineCache.targets;/usr/share/dotnet/sdk/2.2.101/Sdks/Microsoft.NET.Sdk/targets/Microsoft.NET.Sdk.FSharpTargetsShim.targets;/usr/share/dotnet/sdk/2.2.101/FSharp/Microsoft.FSharp.NetSdk.targets;/usr/share/dotnet/sdk/2.2.101/FSharp/Microsoft.FSharp.Targets") at /usr/share/dotnet/sdk/2.2.101/Microsoft.Common.CurrentVersion.targets (536,5)
       Property reassignment: $(_SGenGenerateSerializationAssembliesConfig)="Auto" (previous value: "") at /usr/share/dotnet/sdk/2.2.101/Microsoft.Common.CurrentVersion.targets (3500,5)
       Property reassignment: $(_SGenGenerateSerializationAssembliesConfig)="Off" (previous value: "Auto") at /usr/share/dotnet/sdk/2.2.101/Microsoft.Common.CurrentVersion.targets (3501,5)
       Property reassignment: $(MSBuildAllProjects)=";/usr/share/dotnet/sdk/2.2.101/Sdks/Microsoft.NET.Sdk/Sdk/Sdk.props;/home/mdegallaix/Projects/yaml-parser/yaml-parser/obj/yaml-parser.fsproj.nuget.g.props;/home/mdegallaix/Projects/yaml-parser/yaml-parser/obj/yaml-parser.fsproj.paket.props;/usr/share/dotnet/sdk/2.2.101/Sdks/Microsoft.NET.Sdk/targets/Microsoft.NET.Sdk.props;/usr/share/dotnet/sdk/2.2.101/Sdks/Microsoft.NET.Sdk/targets/Microsoft.NET.Sdk.DefaultItems.props;/usr/share/dotnet/sdk/2.2.101/Sdks/Microsoft.NET.Sdk/targets/Microsoft.NET.SupportedTargetFrameworks.props;/usr/share/dotnet/sdk/2.2.101/Sdks/Microsoft.NET.Sdk/targets/Microsoft.NET.Sdk.FSharp.props;/usr/share/dotnet/sdk/2.2.101/FSharp/Microsoft.FSharp.NetSdk.props;/home/mdegallaix/Projects/yaml-parser/.paket/Paket.Restore.targets;/usr/share/dotnet/sdk/2.2.101/Sdks/Microsoft.NET.Sdk/Sdk/Sdk.targets;/usr/share/dotnet/sdk/2.2.101/Sdks/Microsoft.NET.Sdk/targets/Microsoft.NET.Sdk.BeforeCommon.targets;/usr/share/dotnet/sdk/2.2.101/Sdks/Microsoft.NET.Sdk/targets/Microsoft.NET.DefaultAssemblyInfo.targets;/usr/share/dotnet/sdk/2.2.101/Sdks/Microsoft.NET.Sdk/targets/Microsoft.NET.DefaultOutputPaths.targets;/usr/share/dotnet/sdk/2.2.101/Sdks/Microsoft.NET.Sdk/targets/Microsoft.NET.TargetFrameworkInference.targets;/usr/share/dotnet/sdk/2.2.101/Sdks/Microsoft.NET.Sdk/targets/Microsoft.NET.RuntimeIdentifierInference.targets;/usr/share/dotnet/sdk/2.2.101/Sdks/Microsoft.NET.Sdk/targets/Microsoft.NET.NuGetOfflineCache.targets;/usr/share/dotnet/sdk/2.2.101/Sdks/Microsoft.NET.Sdk/targets/Microsoft.NET.Sdk.FSharpTargetsShim.targets;/usr/share/dotnet/sdk/2.2.101/FSharp/Microsoft.FSharp.NetSdk.targets;/usr/share/dotnet/sdk/2.2.101/FSharp/Microsoft.FSharp.Targets;/home/mdegallaix/Projects/yaml-parser/yaml-parser/yaml-parser.fsproj;/usr/share/dotnet/sdk/2.2.101/Microsoft.Common.CurrentVersion.targets;/usr/share/dotnet/sdk/2.2.101/NuGet.targets" (previous value: ";/usr/share/dotnet/sdk/2.2.101/Sdks/Microsoft.NET.Sdk/Sdk/Sdk.props;/home/mdegallaix/Projects/yaml-parser/yaml-parser/obj/yaml-parser.fsproj.nuget.g.props;/home/mdegallaix/Projects/yaml-parser/yaml-parser/obj/yaml-parser.fsproj.paket.props;/usr/share/dotnet/sdk/2.2.101/Sdks/Microsoft.NET.Sdk/targets/Microsoft.NET.Sdk.props;/usr/share/dotnet/sdk/2.2.101/Sdks/Microsoft.NET.Sdk/targets/Microsoft.NET.Sdk.DefaultItems.props;/usr/share/dotnet/sdk/2.2.101/Sdks/Microsoft.NET.Sdk/targets/Microsoft.NET.SupportedTargetFrameworks.props;/usr/share/dotnet/sdk/2.2.101/Sdks/Microsoft.NET.Sdk/targets/Microsoft.NET.Sdk.FSharp.props;/usr/share/dotnet/sdk/2.2.101/FSharp/Microsoft.FSharp.NetSdk.props;/home/mdegallaix/Projects/yaml-parser/.paket/Paket.Restore.targets;/usr/share/dotnet/sdk/2.2.101/Sdks/Microsoft.NET.Sdk/Sdk/Sdk.targets;/usr/share/dotnet/sdk/2.2.101/Sdks/Microsoft.NET.Sdk/targets/Microsoft.NET.Sdk.BeforeCommon.targets;/usr/share/dotnet/sdk/2.2.101/Sdks/Microsoft.NET.Sdk/targets/Microsoft.NET.DefaultAssemblyInfo.targets;/usr/share/dotnet/sdk/2.2.101/Sdks/Microsoft.NET.Sdk/targets/Microsoft.NET.DefaultOutputPaths.targets;/usr/share/dotnet/sdk/2.2.101/Sdks/Microsoft.NET.Sdk/targets/Microsoft.NET.TargetFrameworkInference.targets;/usr/share/dotnet/sdk/2.2.101/Sdks/Microsoft.NET.Sdk/targets/Microsoft.NET.RuntimeIdentifierInference.targets;/usr/share/dotnet/sdk/2.2.101/Sdks/Microsoft.NET.Sdk/targets/Microsoft.NET.NuGetOfflineCache.targets;/usr/share/dotnet/sdk/2.2.101/Sdks/Microsoft.NET.Sdk/targets/Microsoft.NET.Sdk.FSharpTargetsShim.targets;/usr/share/dotnet/sdk/2.2.101/FSharp/Microsoft.FSharp.NetSdk.targets;/usr/share/dotnet/sdk/2.2.101/FSharp/Microsoft.FSharp.Targets;/home/mdegallaix/Projects/yaml-parser/yaml-parser/yaml-parser.fsproj;/usr/share/dotnet/sdk/2.2.101/Microsoft.Common.CurrentVersion.targets") at /usr/share/dotnet/sdk/2.2.101/NuGet.targets (45,5)
       Property reassignment: $(_GenerateRestoreGraphProjectEntryInputProperties)="
             ExcludeRestorePackageImports=true;
             _RestoreSolutionFileUsed=true;
             SolutionDir=/home/mdegallaix/Projects/yaml-parser/;
             SolutionName=yaml-parser;
           " (previous value: "ExcludeRestorePackageImports=true") at /usr/share/dotnet/sdk/2.2.101/NuGet.targets (76,5)
       Property reassignment: $(MSBuildAllProjects)=";/usr/share/dotnet/sdk/2.2.101/Sdks/Microsoft.NET.Sdk/Sdk/Sdk.props;/home/mdegallaix/Projects/yaml-parser/yaml-parser/obj/yaml-parser.fsproj.nuget.g.props;/home/mdegallaix/Projects/yaml-parser/yaml-parser/obj/yaml-parser.fsproj.paket.props;/usr/share/dotnet/sdk/2.2.101/Sdks/Microsoft.NET.Sdk/targets/Microsoft.NET.Sdk.props;/usr/share/dotnet/sdk/2.2.101/Sdks/Microsoft.NET.Sdk/targets/Microsoft.NET.Sdk.DefaultItems.props;/usr/share/dotnet/sdk/2.2.101/Sdks/Microsoft.NET.Sdk/targets/Microsoft.NET.SupportedTargetFrameworks.props;/usr/share/dotnet/sdk/2.2.101/Sdks/Microsoft.NET.Sdk/targets/Microsoft.NET.Sdk.FSharp.props;/usr/share/dotnet/sdk/2.2.101/FSharp/Microsoft.FSharp.NetSdk.props;/home/mdegallaix/Projects/yaml-parser/.paket/Paket.Restore.targets;/usr/share/dotnet/sdk/2.2.101/Sdks/Microsoft.NET.Sdk/Sdk/Sdk.targets;/usr/share/dotnet/sdk/2.2.101/Sdks/Microsoft.NET.Sdk/targets/Microsoft.NET.Sdk.BeforeCommon.targets;/usr/share/dotnet/sdk/2.2.101/Sdks/Microsoft.NET.Sdk/targets/Microsoft.NET.DefaultAssemblyInfo.targets;/usr/share/dotnet/sdk/2.2.101/Sdks/Microsoft.NET.Sdk/targets/Microsoft.NET.DefaultOutputPaths.targets;/usr/share/dotnet/sdk/2.2.101/Sdks/Microsoft.NET.Sdk/targets/Microsoft.NET.TargetFrameworkInference.targets;/usr/share/dotnet/sdk/2.2.101/Sdks/Microsoft.NET.Sdk/targets/Microsoft.NET.RuntimeIdentifierInference.targets;/usr/share/dotnet/sdk/2.2.101/Sdks/Microsoft.NET.Sdk/targets/Microsoft.NET.NuGetOfflineCache.targets;/usr/share/dotnet/sdk/2.2.101/Sdks/Microsoft.NET.Sdk/targets/Microsoft.NET.Sdk.FSharpTargetsShim.targets;/usr/share/dotnet/sdk/2.2.101/FSharp/Microsoft.FSharp.NetSdk.targets;/usr/share/dotnet/sdk/2.2.101/FSharp/Microsoft.FSharp.Targets;/home/mdegallaix/Projects/yaml-parser/yaml-parser/yaml-parser.fsproj;/usr/share/dotnet/sdk/2.2.101/Microsoft.Common.CurrentVersion.targets;/usr/share/dotnet/sdk/2.2.101/NuGet.targets;/usr/share/dotnet/sdk/2.2.101/15.0/Microsoft.Common.targets/ImportAfter/Microsoft.NET.Build.Extensions.targets" (previous value: ";/usr/share/dotnet/sdk/2.2.101/Sdks/Microsoft.NET.Sdk/Sdk/Sdk.props;/home/mdegallaix/Projects/yaml-parser/yaml-parser/obj/yaml-parser.fsproj.nuget.g.props;/home/mdegallaix/Projects/yaml-parser/yaml-parser/obj/yaml-parser.fsproj.paket.props;/usr/share/dotnet/sdk/2.2.101/Sdks/Microsoft.NET.Sdk/targets/Microsoft.NET.Sdk.props;/usr/share/dotnet/sdk/2.2.101/Sdks/Microsoft.NET.Sdk/targets/Microsoft.NET.Sdk.DefaultItems.props;/usr/share/dotnet/sdk/2.2.101/Sdks/Microsoft.NET.Sdk/targets/Microsoft.NET.SupportedTargetFrameworks.props;/usr/share/dotnet/sdk/2.2.101/Sdks/Microsoft.NET.Sdk/targets/Microsoft.NET.Sdk.FSharp.props;/usr/share/dotnet/sdk/2.2.101/FSharp/Microsoft.FSharp.NetSdk.props;/home/mdegallaix/Projects/yaml-parser/.paket/Paket.Restore.targets;/usr/share/dotnet/sdk/2.2.101/Sdks/Microsoft.NET.Sdk/Sdk/Sdk.targets;/usr/share/dotnet/sdk/2.2.101/Sdks/Microsoft.NET.Sdk/targets/Microsoft.NET.Sdk.BeforeCommon.targets;/usr/share/dotnet/sdk/2.2.101/Sdks/Microsoft.NET.Sdk/targets/Microsoft.NET.DefaultAssemblyInfo.targets;/usr/share/dotnet/sdk/2.2.101/Sdks/Microsoft.NET.Sdk/targets/Microsoft.NET.DefaultOutputPaths.targets;/usr/share/dotnet/sdk/2.2.101/Sdks/Microsoft.NET.Sdk/targets/Microsoft.NET.TargetFrameworkInference.targets;/usr/share/dotnet/sdk/2.2.101/Sdks/Microsoft.NET.Sdk/targets/Microsoft.NET.RuntimeIdentifierInference.targets;/usr/share/dotnet/sdk/2.2.101/Sdks/Microsoft.NET.Sdk/targets/Microsoft.NET.NuGetOfflineCache.targets;/usr/share/dotnet/sdk/2.2.101/Sdks/Microsoft.NET.Sdk/targets/Microsoft.NET.Sdk.FSharpTargetsShim.targets;/usr/share/dotnet/sdk/2.2.101/FSharp/Microsoft.FSharp.NetSdk.targets;/usr/share/dotnet/sdk/2.2.101/FSharp/Microsoft.FSharp.Targets;/home/mdegallaix/Projects/yaml-parser/yaml-parser/yaml-parser.fsproj;/usr/share/dotnet/sdk/2.2.101/Microsoft.Common.CurrentVersion.targets;/usr/share/dotnet/sdk/2.2.101/NuGet.targets") at /usr/share/dotnet/sdk/2.2.101/15.0/Microsoft.Common.targets/ImportAfter/Microsoft.NET.Build.Extensions.targets (14,5)
       Property reassignment: $(MSBuildAllProjects)=";/usr/share/dotnet/sdk/2.2.101/Sdks/Microsoft.NET.Sdk/Sdk/Sdk.props;/home/mdegallaix/Projects/yaml-parser/yaml-parser/obj/yaml-parser.fsproj.nuget.g.props;/home/mdegallaix/Projects/yaml-parser/yaml-parser/obj/yaml-parser.fsproj.paket.props;/usr/share/dotnet/sdk/2.2.101/Sdks/Microsoft.NET.Sdk/targets/Microsoft.NET.Sdk.props;/usr/share/dotnet/sdk/2.2.101/Sdks/Microsoft.NET.Sdk/targets/Microsoft.NET.Sdk.DefaultItems.props;/usr/share/dotnet/sdk/2.2.101/Sdks/Microsoft.NET.Sdk/targets/Microsoft.NET.SupportedTargetFrameworks.props;/usr/share/dotnet/sdk/2.2.101/Sdks/Microsoft.NET.Sdk/targets/Microsoft.NET.Sdk.FSharp.props;/usr/share/dotnet/sdk/2.2.101/FSharp/Microsoft.FSharp.NetSdk.props;/home/mdegallaix/Projects/yaml-parser/.paket/Paket.Restore.targets;/usr/share/dotnet/sdk/2.2.101/Sdks/Microsoft.NET.Sdk/Sdk/Sdk.targets;/usr/share/dotnet/sdk/2.2.101/Sdks/Microsoft.NET.Sdk/targets/Microsoft.NET.Sdk.BeforeCommon.targets;/usr/share/dotnet/sdk/2.2.101/Sdks/Microsoft.NET.Sdk/targets/Microsoft.NET.DefaultAssemblyInfo.targets;/usr/share/dotnet/sdk/2.2.101/Sdks/Microsoft.NET.Sdk/targets/Microsoft.NET.DefaultOutputPaths.targets;/usr/share/dotnet/sdk/2.2.101/Sdks/Microsoft.NET.Sdk/targets/Microsoft.NET.TargetFrameworkInference.targets;/usr/share/dotnet/sdk/2.2.101/Sdks/Microsoft.NET.Sdk/targets/Microsoft.NET.RuntimeIdentifierInference.targets;/usr/share/dotnet/sdk/2.2.101/Sdks/Microsoft.NET.Sdk/targets/Microsoft.NET.NuGetOfflineCache.targets;/usr/share/dotnet/sdk/2.2.101/Sdks/Microsoft.NET.Sdk/targets/Microsoft.NET.Sdk.FSharpTargetsShim.targets;/usr/share/dotnet/sdk/2.2.101/FSharp/Microsoft.FSharp.NetSdk.targets;/usr/share/dotnet/sdk/2.2.101/FSharp/Microsoft.FSharp.Targets;/home/mdegallaix/Projects/yaml-parser/yaml-parser/yaml-parser.fsproj;/usr/share/dotnet/sdk/2.2.101/Microsoft.Common.CurrentVersion.targets;/usr/share/dotnet/sdk/2.2.101/NuGet.targets;/usr/share/dotnet/sdk/2.2.101/15.0/Microsoft.Common.targets/ImportAfter/Microsoft.NET.Build.Extensions.targets;/usr/share/dotnet/sdk/2.2.101/Microsoft/Microsoft.NET.Build.Extensions/Microsoft.NET.Build.Extensions.targets" (previous value: ";/usr/share/dotnet/sdk/2.2.101/Sdks/Microsoft.NET.Sdk/Sdk/Sdk.props;/home/mdegallaix/Projects/yaml-parser/yaml-parser/obj/yaml-parser.fsproj.nuget.g.props;/home/mdegallaix/Projects/yaml-parser/yaml-parser/obj/yaml-parser.fsproj.paket.props;/usr/share/dotnet/sdk/2.2.101/Sdks/Microsoft.NET.Sdk/targets/Microsoft.NET.Sdk.props;/usr/share/dotnet/sdk/2.2.101/Sdks/Microsoft.NET.Sdk/targets/Microsoft.NET.Sdk.DefaultItems.props;/usr/share/dotnet/sdk/2.2.101/Sdks/Microsoft.NET.Sdk/targets/Microsoft.NET.SupportedTargetFrameworks.props;/usr/share/dotnet/sdk/2.2.101/Sdks/Microsoft.NET.Sdk/targets/Microsoft.NET.Sdk.FSharp.props;/usr/share/dotnet/sdk/2.2.101/FSharp/Microsoft.FSharp.NetSdk.props;/home/mdegallaix/Projects/yaml-parser/.paket/Paket.Restore.targets;/usr/share/dotnet/sdk/2.2.101/Sdks/Microsoft.NET.Sdk/Sdk/Sdk.targets;/usr/share/dotnet/sdk/2.2.101/Sdks/Microsoft.NET.Sdk/targets/Microsoft.NET.Sdk.BeforeCommon.targets;/usr/share/dotnet/sdk/2.2.101/Sdks/Microsoft.NET.Sdk/targets/Microsoft.NET.DefaultAssemblyInfo.targets;/usr/share/dotnet/sdk/2.2.101/Sdks/Microsoft.NET.Sdk/targets/Microsoft.NET.DefaultOutputPaths.targets;/usr/share/dotnet/sdk/2.2.101/Sdks/Microsoft.NET.Sdk/targets/Microsoft.NET.TargetFrameworkInference.targets;/usr/share/dotnet/sdk/2.2.101/Sdks/Microsoft.NET.Sdk/targets/Microsoft.NET.RuntimeIdentifierInference.targets;/usr/share/dotnet/sdk/2.2.101/Sdks/Microsoft.NET.Sdk/targets/Microsoft.NET.NuGetOfflineCache.targets;/usr/share/dotnet/sdk/2.2.101/Sdks/Microsoft.NET.Sdk/targets/Microsoft.NET.Sdk.FSharpTargetsShim.targets;/usr/share/dotnet/sdk/2.2.101/FSharp/Microsoft.FSharp.NetSdk.targets;/usr/share/dotnet/sdk/2.2.101/FSharp/Microsoft.FSharp.Targets;/home/mdegallaix/Projects/yaml-parser/yaml-parser/yaml-parser.fsproj;/usr/share/dotnet/sdk/2.2.101/Microsoft.Common.CurrentVersion.targets;/usr/share/dotnet/sdk/2.2.101/NuGet.targets;/usr/share/dotnet/sdk/2.2.101/15.0/Microsoft.Common.targets/ImportAfter/Microsoft.NET.Build.Extensions.targets") at /usr/share/dotnet/sdk/2.2.101/Microsoft/Microsoft.NET.Build.Extensions/Microsoft.NET.Build.Extensions.targets (15,5)
       Property reassignment: $(MSBuildAllProjects)=";/usr/share/dotnet/sdk/2.2.101/Sdks/Microsoft.NET.Sdk/Sdk/Sdk.props;/home/mdegallaix/Projects/yaml-parser/yaml-parser/obj/yaml-parser.fsproj.nuget.g.props;/home/mdegallaix/Projects/yaml-parser/yaml-parser/obj/yaml-parser.fsproj.paket.props;/usr/share/dotnet/sdk/2.2.101/Sdks/Microsoft.NET.Sdk/targets/Microsoft.NET.Sdk.props;/usr/share/dotnet/sdk/2.2.101/Sdks/Microsoft.NET.Sdk/targets/Microsoft.NET.Sdk.DefaultItems.props;/usr/share/dotnet/sdk/2.2.101/Sdks/Microsoft.NET.Sdk/targets/Microsoft.NET.SupportedTargetFrameworks.props;/usr/share/dotnet/sdk/2.2.101/Sdks/Microsoft.NET.Sdk/targets/Microsoft.NET.Sdk.FSharp.props;/usr/share/dotnet/sdk/2.2.101/FSharp/Microsoft.FSharp.NetSdk.props;/home/mdegallaix/Projects/yaml-parser/.paket/Paket.Restore.targets;/usr/share/dotnet/sdk/2.2.101/Sdks/Microsoft.NET.Sdk/Sdk/Sdk.targets;/usr/share/dotnet/sdk/2.2.101/Sdks/Microsoft.NET.Sdk/targets/Microsoft.NET.Sdk.BeforeCommon.targets;/usr/share/dotnet/sdk/2.2.101/Sdks/Microsoft.NET.Sdk/targets/Microsoft.NET.DefaultAssemblyInfo.targets;/usr/share/dotnet/sdk/2.2.101/Sdks/Microsoft.NET.Sdk/targets/Microsoft.NET.DefaultOutputPaths.targets;/usr/share/dotnet/sdk/2.2.101/Sdks/Microsoft.NET.Sdk/targets/Microsoft.NET.TargetFrameworkInference.targets;/usr/share/dotnet/sdk/2.2.101/Sdks/Microsoft.NET.Sdk/targets/Microsoft.NET.RuntimeIdentifierInference.targets;/usr/share/dotnet/sdk/2.2.101/Sdks/Microsoft.NET.Sdk/targets/Microsoft.NET.NuGetOfflineCache.targets;/usr/share/dotnet/sdk/2.2.101/Sdks/Microsoft.NET.Sdk/targets/Microsoft.NET.Sdk.FSharpTargetsShim.targets;/usr/share/dotnet/sdk/2.2.101/FSharp/Microsoft.FSharp.NetSdk.targets;/usr/share/dotnet/sdk/2.2.101/FSharp/Microsoft.FSharp.Targets;/home/mdegallaix/Projects/yaml-parser/yaml-parser/yaml-parser.fsproj;/usr/share/dotnet/sdk/2.2.101/Microsoft.Common.CurrentVersion.targets;/usr/share/dotnet/sdk/2.2.101/NuGet.targets;/usr/share/dotnet/sdk/2.2.101/15.0/Microsoft.Common.targets/ImportAfter/Microsoft.NET.Build.Extensions.targets;/usr/share/dotnet/sdk/2.2.101/Microsoft/Microsoft.NET.Build.Extensions/Microsoft.NET.Build.Extensions.targets;/usr/share/dotnet/sdk/2.2.101/15.0/Microsoft.Common.targets/ImportAfter/Microsoft.TestPlatform.ImportAfter.targets" (previous value: ";/usr/share/dotnet/sdk/2.2.101/Sdks/Microsoft.NET.Sdk/Sdk/Sdk.props;/home/mdegallaix/Projects/yaml-parser/yaml-parser/obj/yaml-parser.fsproj.nuget.g.props;/home/mdegallaix/Projects/yaml-parser/yaml-parser/obj/yaml-parser.fsproj.paket.props;/usr/share/dotnet/sdk/2.2.101/Sdks/Microsoft.NET.Sdk/targets/Microsoft.NET.Sdk.props;/usr/share/dotnet/sdk/2.2.101/Sdks/Microsoft.NET.Sdk/targets/Microsoft.NET.Sdk.DefaultItems.props;/usr/share/dotnet/sdk/2.2.101/Sdks/Microsoft.NET.Sdk/targets/Microsoft.NET.SupportedTargetFrameworks.props;/usr/share/dotnet/sdk/2.2.101/Sdks/Microsoft.NET.Sdk/targets/Microsoft.NET.Sdk.FSharp.props;/usr/share/dotnet/sdk/2.2.101/FSharp/Microsoft.FSharp.NetSdk.props;/home/mdegallaix/Projects/yaml-parser/.paket/Paket.Restore.targets;/usr/share/dotnet/sdk/2.2.101/Sdks/Microsoft.NET.Sdk/Sdk/Sdk.targets;/usr/share/dotnet/sdk/2.2.101/Sdks/Microsoft.NET.Sdk/targets/Microsoft.NET.Sdk.BeforeCommon.targets;/usr/share/dotnet/sdk/2.2.101/Sdks/Microsoft.NET.Sdk/targets/Microsoft.NET.DefaultAssemblyInfo.targets;/usr/share/dotnet/sdk/2.2.101/Sdks/Microsoft.NET.Sdk/targets/Microsoft.NET.DefaultOutputPaths.targets;/usr/share/dotnet/sdk/2.2.101/Sdks/Microsoft.NET.Sdk/targets/Microsoft.NET.TargetFrameworkInference.targets;/usr/share/dotnet/sdk/2.2.101/Sdks/Microsoft.NET.Sdk/targets/Microsoft.NET.RuntimeIdentifierInference.targets;/usr/share/dotnet/sdk/2.2.101/Sdks/Microsoft.NET.Sdk/targets/Microsoft.NET.NuGetOfflineCache.targets;/usr/share/dotnet/sdk/2.2.101/Sdks/Microsoft.NET.Sdk/targets/Microsoft.NET.Sdk.FSharpTargetsShim.targets;/usr/share/dotnet/sdk/2.2.101/FSharp/Microsoft.FSharp.NetSdk.targets;/usr/share/dotnet/sdk/2.2.101/FSharp/Microsoft.FSharp.Targets;/home/mdegallaix/Projects/yaml-parser/yaml-parser/yaml-parser.fsproj;/usr/share/dotnet/sdk/2.2.101/Microsoft.Common.CurrentVersion.targets;/usr/share/dotnet/sdk/2.2.101/NuGet.targets;/usr/share/dotnet/sdk/2.2.101/15.0/Microsoft.Common.targets/ImportAfter/Microsoft.NET.Build.Extensions.targets;/usr/share/dotnet/sdk/2.2.101/Microsoft/Microsoft.NET.Build.Extensions/Microsoft.NET.Build.Extensions.targets") at /usr/share/dotnet/sdk/2.2.101/15.0/Microsoft.Common.targets/ImportAfter/Microsoft.TestPlatform.ImportAfter.targets (16,5)
       Property reassignment: $(MSBuildAllProjects)=";/usr/share/dotnet/sdk/2.2.101/Sdks/Microsoft.NET.Sdk/Sdk/Sdk.props;/home/mdegallaix/Projects/yaml-parser/yaml-parser/obj/yaml-parser.fsproj.nuget.g.props;/home/mdegallaix/Projects/yaml-parser/yaml-parser/obj/yaml-parser.fsproj.paket.props;/usr/share/dotnet/sdk/2.2.101/Sdks/Microsoft.NET.Sdk/targets/Microsoft.NET.Sdk.props;/usr/share/dotnet/sdk/2.2.101/Sdks/Microsoft.NET.Sdk/targets/Microsoft.NET.Sdk.DefaultItems.props;/usr/share/dotnet/sdk/2.2.101/Sdks/Microsoft.NET.Sdk/targets/Microsoft.NET.SupportedTargetFrameworks.props;/usr/share/dotnet/sdk/2.2.101/Sdks/Microsoft.NET.Sdk/targets/Microsoft.NET.Sdk.FSharp.props;/usr/share/dotnet/sdk/2.2.101/FSharp/Microsoft.FSharp.NetSdk.props;/home/mdegallaix/Projects/yaml-parser/.paket/Paket.Restore.targets;/usr/share/dotnet/sdk/2.2.101/Sdks/Microsoft.NET.Sdk/Sdk/Sdk.targets;/usr/share/dotnet/sdk/2.2.101/Sdks/Microsoft.NET.Sdk/targets/Microsoft.NET.Sdk.BeforeCommon.targets;/usr/share/dotnet/sdk/2.2.101/Sdks/Microsoft.NET.Sdk/targets/Microsoft.NET.DefaultAssemblyInfo.targets;/usr/share/dotnet/sdk/2.2.101/Sdks/Microsoft.NET.Sdk/targets/Microsoft.NET.DefaultOutputPaths.targets;/usr/share/dotnet/sdk/2.2.101/Sdks/Microsoft.NET.Sdk/targets/Microsoft.NET.TargetFrameworkInference.targets;/usr/share/dotnet/sdk/2.2.101/Sdks/Microsoft.NET.Sdk/targets/Microsoft.NET.RuntimeIdentifierInference.targets;/usr/share/dotnet/sdk/2.2.101/Sdks/Microsoft.NET.Sdk/targets/Microsoft.NET.NuGetOfflineCache.targets;/usr/share/dotnet/sdk/2.2.101/Sdks/Microsoft.NET.Sdk/targets/Microsoft.NET.Sdk.FSharpTargetsShim.targets;/usr/share/dotnet/sdk/2.2.101/FSharp/Microsoft.FSharp.NetSdk.targets;/usr/share/dotnet/sdk/2.2.101/FSharp/Microsoft.FSharp.Targets;/home/mdegallaix/Projects/yaml-parser/yaml-parser/yaml-parser.fsproj;/usr/share/dotnet/sdk/2.2.101/Microsoft.Common.CurrentVersion.targets;/usr/share/dotnet/sdk/2.2.101/NuGet.targets;/usr/share/dotnet/sdk/2.2.101/15.0/Microsoft.Common.targets/ImportAfter/Microsoft.NET.Build.Extensions.targets;/usr/share/dotnet/sdk/2.2.101/Microsoft/Microsoft.NET.Build.Extensions/Microsoft.NET.Build.Extensions.targets;/usr/share/dotnet/sdk/2.2.101/15.0/Microsoft.Common.targets/ImportAfter/Microsoft.TestPlatform.ImportAfter.targets;/usr/share/dotnet/sdk/2.2.101/Microsoft.TestPlatform.targets" (previous value: ";/usr/share/dotnet/sdk/2.2.101/Sdks/Microsoft.NET.Sdk/Sdk/Sdk.props;/home/mdegallaix/Projects/yaml-parser/yaml-parser/obj/yaml-parser.fsproj.nuget.g.props;/home/mdegallaix/Projects/yaml-parser/yaml-parser/obj/yaml-parser.fsproj.paket.props;/usr/share/dotnet/sdk/2.2.101/Sdks/Microsoft.NET.Sdk/targets/Microsoft.NET.Sdk.props;/usr/share/dotnet/sdk/2.2.101/Sdks/Microsoft.NET.Sdk/targets/Microsoft.NET.Sdk.DefaultItems.props;/usr/share/dotnet/sdk/2.2.101/Sdks/Microsoft.NET.Sdk/targets/Microsoft.NET.SupportedTargetFrameworks.props;/usr/share/dotnet/sdk/2.2.101/Sdks/Microsoft.NET.Sdk/targets/Microsoft.NET.Sdk.FSharp.props;/usr/share/dotnet/sdk/2.2.101/FSharp/Microsoft.FSharp.NetSdk.props;/home/mdegallaix/Projects/yaml-parser/.paket/Paket.Restore.targets;/usr/share/dotnet/sdk/2.2.101/Sdks/Microsoft.NET.Sdk/Sdk/Sdk.targets;/usr/share/dotnet/sdk/2.2.101/Sdks/Microsoft.NET.Sdk/targets/Microsoft.NET.Sdk.BeforeCommon.targets;/usr/share/dotnet/sdk/2.2.101/Sdks/Microsoft.NET.Sdk/targets/Microsoft.NET.DefaultAssemblyInfo.targets;/usr/share/dotnet/sdk/2.2.101/Sdks/Microsoft.NET.Sdk/targets/Microsoft.NET.DefaultOutputPaths.targets;/usr/share/dotnet/sdk/2.2.101/Sdks/Microsoft.NET.Sdk/targets/Microsoft.NET.TargetFrameworkInference.targets;/usr/share/dotnet/sdk/2.2.101/Sdks/Microsoft.NET.Sdk/targets/Microsoft.NET.RuntimeIdentifierInference.targets;/usr/share/dotnet/sdk/2.2.101/Sdks/Microsoft.NET.Sdk/targets/Microsoft.NET.NuGetOfflineCache.targets;/usr/share/dotnet/sdk/2.2.101/Sdks/Microsoft.NET.Sdk/targets/Microsoft.NET.Sdk.FSharpTargetsShim.targets;/usr/share/dotnet/sdk/2.2.101/FSharp/Microsoft.FSharp.NetSdk.targets;/usr/share/dotnet/sdk/2.2.101/FSharp/Microsoft.FSharp.Targets;/home/mdegallaix/Projects/yaml-parser/yaml-parser/yaml-parser.fsproj;/usr/share/dotnet/sdk/2.2.101/Microsoft.Common.CurrentVersion.targets;/usr/share/dotnet/sdk/2.2.101/NuGet.targets;/usr/share/dotnet/sdk/2.2.101/15.0/Microsoft.Common.targets/ImportAfter/Microsoft.NET.Build.Extensions.targets;/usr/share/dotnet/sdk/2.2.101/Microsoft/Microsoft.NET.Build.Extensions/Microsoft.NET.Build.Extensions.targets;/usr/share/dotnet/sdk/2.2.101/15.0/Microsoft.Common.targets/ImportAfter/Microsoft.TestPlatform.ImportAfter.targets") at /usr/share/dotnet/sdk/2.2.101/Microsoft.TestPlatform.targets (17,5)
       Property reassignment: $(MSBuildAllProjects)=";/usr/share/dotnet/sdk/2.2.101/Sdks/Microsoft.NET.Sdk/Sdk/Sdk.props;/home/mdegallaix/Projects/yaml-parser/yaml-parser/obj/yaml-parser.fsproj.nuget.g.props;/home/mdegallaix/Projects/yaml-parser/yaml-parser/obj/yaml-parser.fsproj.paket.props;/usr/share/dotnet/sdk/2.2.101/Sdks/Microsoft.NET.Sdk/targets/Microsoft.NET.Sdk.props;/usr/share/dotnet/sdk/2.2.101/Sdks/Microsoft.NET.Sdk/targets/Microsoft.NET.Sdk.DefaultItems.props;/usr/share/dotnet/sdk/2.2.101/Sdks/Microsoft.NET.Sdk/targets/Microsoft.NET.SupportedTargetFrameworks.props;/usr/share/dotnet/sdk/2.2.101/Sdks/Microsoft.NET.Sdk/targets/Microsoft.NET.Sdk.FSharp.props;/usr/share/dotnet/sdk/2.2.101/FSharp/Microsoft.FSharp.NetSdk.props;/home/mdegallaix/Projects/yaml-parser/.paket/Paket.Restore.targets;/usr/share/dotnet/sdk/2.2.101/Sdks/Microsoft.NET.Sdk/Sdk/Sdk.targets;/usr/share/dotnet/sdk/2.2.101/Sdks/Microsoft.NET.Sdk/targets/Microsoft.NET.Sdk.BeforeCommon.targets;/usr/share/dotnet/sdk/2.2.101/Sdks/Microsoft.NET.Sdk/targets/Microsoft.NET.DefaultAssemblyInfo.targets;/usr/share/dotnet/sdk/2.2.101/Sdks/Microsoft.NET.Sdk/targets/Microsoft.NET.DefaultOutputPaths.targets;/usr/share/dotnet/sdk/2.2.101/Sdks/Microsoft.NET.Sdk/targets/Microsoft.NET.TargetFrameworkInference.targets;/usr/share/dotnet/sdk/2.2.101/Sdks/Microsoft.NET.Sdk/targets/Microsoft.NET.RuntimeIdentifierInference.targets;/usr/share/dotnet/sdk/2.2.101/Sdks/Microsoft.NET.Sdk/targets/Microsoft.NET.NuGetOfflineCache.targets;/usr/share/dotnet/sdk/2.2.101/Sdks/Microsoft.NET.Sdk/targets/Microsoft.NET.Sdk.FSharpTargetsShim.targets;/usr/share/dotnet/sdk/2.2.101/FSharp/Microsoft.FSharp.NetSdk.targets;/usr/share/dotnet/sdk/2.2.101/FSharp/Microsoft.FSharp.Targets;/home/mdegallaix/Projects/yaml-parser/yaml-parser/yaml-parser.fsproj;/usr/share/dotnet/sdk/2.2.101/Microsoft.Common.CurrentVersion.targets;/usr/share/dotnet/sdk/2.2.101/NuGet.targets;/usr/share/dotnet/sdk/2.2.101/15.0/Microsoft.Common.targets/ImportAfter/Microsoft.NET.Build.Extensions.targets;/usr/share/dotnet/sdk/2.2.101/Microsoft/Microsoft.NET.Build.Extensions/Microsoft.NET.Build.Extensions.targets;/usr/share/dotnet/sdk/2.2.101/15.0/Microsoft.Common.targets/ImportAfter/Microsoft.TestPlatform.ImportAfter.targets;/usr/share/dotnet/sdk/2.2.101/Microsoft.TestPlatform.targets;/home/mdegallaix/Projects/yaml-parser/yaml-parser/obj/yaml-parser.fsproj.nuget.g.targets" (previous value: ";/usr/share/dotnet/sdk/2.2.101/Sdks/Microsoft.NET.Sdk/Sdk/Sdk.props;/home/mdegallaix/Projects/yaml-parser/yaml-parser/obj/yaml-parser.fsproj.nuget.g.props;/home/mdegallaix/Projects/yaml-parser/yaml-parser/obj/yaml-parser.fsproj.paket.props;/usr/share/dotnet/sdk/2.2.101/Sdks/Microsoft.NET.Sdk/targets/Microsoft.NET.Sdk.props;/usr/share/dotnet/sdk/2.2.101/Sdks/Microsoft.NET.Sdk/targets/Microsoft.NET.Sdk.DefaultItems.props;/usr/share/dotnet/sdk/2.2.101/Sdks/Microsoft.NET.Sdk/targets/Microsoft.NET.SupportedTargetFrameworks.props;/usr/share/dotnet/sdk/2.2.101/Sdks/Microsoft.NET.Sdk/targets/Microsoft.NET.Sdk.FSharp.props;/usr/share/dotnet/sdk/2.2.101/FSharp/Microsoft.FSharp.NetSdk.props;/home/mdegallaix/Projects/yaml-parser/.paket/Paket.Restore.targets;/usr/share/dotnet/sdk/2.2.101/Sdks/Microsoft.NET.Sdk/Sdk/Sdk.targets;/usr/share/dotnet/sdk/2.2.101/Sdks/Microsoft.NET.Sdk/targets/Microsoft.NET.Sdk.BeforeCommon.targets;/usr/share/dotnet/sdk/2.2.101/Sdks/Microsoft.NET.Sdk/targets/Microsoft.NET.DefaultAssemblyInfo.targets;/usr/share/dotnet/sdk/2.2.101/Sdks/Microsoft.NET.Sdk/targets/Microsoft.NET.DefaultOutputPaths.targets;/usr/share/dotnet/sdk/2.2.101/Sdks/Microsoft.NET.Sdk/targets/Microsoft.NET.TargetFrameworkInference.targets;/usr/share/dotnet/sdk/2.2.101/Sdks/Microsoft.NET.Sdk/targets/Microsoft.NET.RuntimeIdentifierInference.targets;/usr/share/dotnet/sdk/2.2.101/Sdks/Microsoft.NET.Sdk/targets/Microsoft.NET.NuGetOfflineCache.targets;/usr/share/dotnet/sdk/2.2.101/Sdks/Microsoft.NET.Sdk/targets/Microsoft.NET.Sdk.FSharpTargetsShim.targets;/usr/share/dotnet/sdk/2.2.101/FSharp/Microsoft.FSharp.NetSdk.targets;/usr/share/dotnet/sdk/2.2.101/FSharp/Microsoft.FSharp.Targets;/home/mdegallaix/Projects/yaml-parser/yaml-parser/yaml-parser.fsproj;/usr/share/dotnet/sdk/2.2.101/Microsoft.Common.CurrentVersion.targets;/usr/share/dotnet/sdk/2.2.101/NuGet.targets;/usr/share/dotnet/sdk/2.2.101/15.0/Microsoft.Common.targets/ImportAfter/Microsoft.NET.Build.Extensions.targets;/usr/share/dotnet/sdk/2.2.101/Microsoft/Microsoft.NET.Build.Extensions/Microsoft.NET.Build.Extensions.targets;/usr/share/dotnet/sdk/2.2.101/15.0/Microsoft.Common.targets/ImportAfter/Microsoft.TestPlatform.ImportAfter.targets;/usr/share/dotnet/sdk/2.2.101/Microsoft.TestPlatform.targets") at /home/mdegallaix/Projects/yaml-parser/yaml-parser/obj/yaml-parser.fsproj.nuget.g.targets (4,5)
       Property reassignment: $(MSBuildAllProjects)=";/usr/share/dotnet/sdk/2.2.101/Sdks/Microsoft.NET.Sdk/Sdk/Sdk.props;/home/mdegallaix/Projects/yaml-parser/yaml-parser/obj/yaml-parser.fsproj.nuget.g.props;/home/mdegallaix/Projects/yaml-parser/yaml-parser/obj/yaml-parser.fsproj.paket.props;/usr/share/dotnet/sdk/2.2.101/Sdks/Microsoft.NET.Sdk/targets/Microsoft.NET.Sdk.props;/usr/share/dotnet/sdk/2.2.101/Sdks/Microsoft.NET.Sdk/targets/Microsoft.NET.Sdk.DefaultItems.props;/usr/share/dotnet/sdk/2.2.101/Sdks/Microsoft.NET.Sdk/targets/Microsoft.NET.SupportedTargetFrameworks.props;/usr/share/dotnet/sdk/2.2.101/Sdks/Microsoft.NET.Sdk/targets/Microsoft.NET.Sdk.FSharp.props;/usr/share/dotnet/sdk/2.2.101/FSharp/Microsoft.FSharp.NetSdk.props;/home/mdegallaix/Projects/yaml-parser/.paket/Paket.Restore.targets;/usr/share/dotnet/sdk/2.2.101/Sdks/Microsoft.NET.Sdk/Sdk/Sdk.targets;/usr/share/dotnet/sdk/2.2.101/Sdks/Microsoft.NET.Sdk/targets/Microsoft.NET.Sdk.BeforeCommon.targets;/usr/share/dotnet/sdk/2.2.101/Sdks/Microsoft.NET.Sdk/targets/Microsoft.NET.DefaultAssemblyInfo.targets;/usr/share/dotnet/sdk/2.2.101/Sdks/Microsoft.NET.Sdk/targets/Microsoft.NET.DefaultOutputPaths.targets;/usr/share/dotnet/sdk/2.2.101/Sdks/Microsoft.NET.Sdk/targets/Microsoft.NET.TargetFrameworkInference.targets;/usr/share/dotnet/sdk/2.2.101/Sdks/Microsoft.NET.Sdk/targets/Microsoft.NET.RuntimeIdentifierInference.targets;/usr/share/dotnet/sdk/2.2.101/Sdks/Microsoft.NET.Sdk/targets/Microsoft.NET.NuGetOfflineCache.targets;/usr/share/dotnet/sdk/2.2.101/Sdks/Microsoft.NET.Sdk/targets/Microsoft.NET.Sdk.FSharpTargetsShim.targets;/usr/share/dotnet/sdk/2.2.101/FSharp/Microsoft.FSharp.NetSdk.targets;/usr/share/dotnet/sdk/2.2.101/FSharp/Microsoft.FSharp.Targets;/home/mdegallaix/Projects/yaml-parser/yaml-parser/yaml-parser.fsproj;/usr/share/dotnet/sdk/2.2.101/Microsoft.Common.CurrentVersion.targets;/usr/share/dotnet/sdk/2.2.101/NuGet.targets;/usr/share/dotnet/sdk/2.2.101/15.0/Microsoft.Common.targets/ImportAfter/Microsoft.NET.Build.Extensions.targets;/usr/share/dotnet/sdk/2.2.101/Microsoft/Microsoft.NET.Build.Extensions/Microsoft.NET.Build.Extensions.targets;/usr/share/dotnet/sdk/2.2.101/15.0/Microsoft.Common.targets/ImportAfter/Microsoft.TestPlatform.ImportAfter.targets;/usr/share/dotnet/sdk/2.2.101/Microsoft.TestPlatform.targets;/home/mdegallaix/Projects/yaml-parser/yaml-parser/obj/yaml-parser.fsproj.nuget.g.targets;/home/mdegallaix/Projects/yaml-parser/yaml-parser/obj/yaml-parser.fsproj.proj-info.targets" (previous value: ";/usr/share/dotnet/sdk/2.2.101/Sdks/Microsoft.NET.Sdk/Sdk/Sdk.props;/home/mdegallaix/Projects/yaml-parser/yaml-parser/obj/yaml-parser.fsproj.nuget.g.props;/home/mdegallaix/Projects/yaml-parser/yaml-parser/obj/yaml-parser.fsproj.paket.props;/usr/share/dotnet/sdk/2.2.101/Sdks/Microsoft.NET.Sdk/targets/Microsoft.NET.Sdk.props;/usr/share/dotnet/sdk/2.2.101/Sdks/Microsoft.NET.Sdk/targets/Microsoft.NET.Sdk.DefaultItems.props;/usr/share/dotnet/sdk/2.2.101/Sdks/Microsoft.NET.Sdk/targets/Microsoft.NET.SupportedTargetFrameworks.props;/usr/share/dotnet/sdk/2.2.101/Sdks/Microsoft.NET.Sdk/targets/Microsoft.NET.Sdk.FSharp.props;/usr/share/dotnet/sdk/2.2.101/FSharp/Microsoft.FSharp.NetSdk.props;/home/mdegallaix/Projects/yaml-parser/.paket/Paket.Restore.targets;/usr/share/dotnet/sdk/2.2.101/Sdks/Microsoft.NET.Sdk/Sdk/Sdk.targets;/usr/share/dotnet/sdk/2.2.101/Sdks/Microsoft.NET.Sdk/targets/Microsoft.NET.Sdk.BeforeCommon.targets;/usr/share/dotnet/sdk/2.2.101/Sdks/Microsoft.NET.Sdk/targets/Microsoft.NET.DefaultAssemblyInfo.targets;/usr/share/dotnet/sdk/2.2.101/Sdks/Microsoft.NET.Sdk/targets/Microsoft.NET.DefaultOutputPaths.targets;/usr/share/dotnet/sdk/2.2.101/Sdks/Microsoft.NET.Sdk/targets/Microsoft.NET.TargetFrameworkInference.targets;/usr/share/dotnet/sdk/2.2.101/Sdks/Microsoft.NET.Sdk/targets/Microsoft.NET.RuntimeIdentifierInference.targets;/usr/share/dotnet/sdk/2.2.101/Sdks/Microsoft.NET.Sdk/targets/Microsoft.NET.NuGetOfflineCache.targets;/usr/share/dotnet/sdk/2.2.101/Sdks/Microsoft.NET.Sdk/targets/Microsoft.NET.Sdk.FSharpTargetsShim.targets;/usr/share/dotnet/sdk/2.2.101/FSharp/Microsoft.FSharp.NetSdk.targets;/usr/share/dotnet/sdk/2.2.101/FSharp/Microsoft.FSharp.Targets;/home/mdegallaix/Projects/yaml-parser/yaml-parser/yaml-parser.fsproj;/usr/share/dotnet/sdk/2.2.101/Microsoft.Common.CurrentVersion.targets;/usr/share/dotnet/sdk/2.2.101/NuGet.targets;/usr/share/dotnet/sdk/2.2.101/15.0/Microsoft.Common.targets/ImportAfter/Microsoft.NET.Build.Extensions.targets;/usr/share/dotnet/sdk/2.2.101/Microsoft/Microsoft.NET.Build.Extensions/Microsoft.NET.Build.Extensions.targets;/usr/share/dotnet/sdk/2.2.101/15.0/Microsoft.Common.targets/ImportAfter/Microsoft.TestPlatform.ImportAfter.targets;/usr/share/dotnet/sdk/2.2.101/Microsoft.TestPlatform.targets;/home/mdegallaix/Projects/yaml-parser/yaml-parser/obj/yaml-parser.fsproj.nuget.g.targets") at /home/mdegallaix/Projects/yaml-parser/yaml-parser/obj/yaml-parser.fsproj.proj-info.targets (4,5)
       Property reassignment: $(TargetsForTfmSpecificContentInPackage)=";PackTool;PackageFSharpDesignTimeTools" (previous value: ";PackTool") at /usr/share/dotnet/sdk/2.2.101/FSharp/Microsoft.FSharp.NetSdk.targets (52,5)
       Property reassignment: $(MSBuildAllProjects)=";/usr/share/dotnet/sdk/2.2.101/Sdks/Microsoft.NET.Sdk/Sdk/Sdk.props;/home/mdegallaix/Projects/yaml-parser/yaml-parser/obj/yaml-parser.fsproj.nuget.g.props;/home/mdegallaix/Projects/yaml-parser/yaml-parser/obj/yaml-parser.fsproj.paket.props;/usr/share/dotnet/sdk/2.2.101/Sdks/Microsoft.NET.Sdk/targets/Microsoft.NET.Sdk.props;/usr/share/dotnet/sdk/2.2.101/Sdks/Microsoft.NET.Sdk/targets/Microsoft.NET.Sdk.DefaultItems.props;/usr/share/dotnet/sdk/2.2.101/Sdks/Microsoft.NET.Sdk/targets/Microsoft.NET.SupportedTargetFrameworks.props;/usr/share/dotnet/sdk/2.2.101/Sdks/Microsoft.NET.Sdk/targets/Microsoft.NET.Sdk.FSharp.props;/usr/share/dotnet/sdk/2.2.101/FSharp/Microsoft.FSharp.NetSdk.props;/home/mdegallaix/Projects/yaml-parser/.paket/Paket.Restore.targets;/usr/share/dotnet/sdk/2.2.101/Sdks/Microsoft.NET.Sdk/Sdk/Sdk.targets;/usr/share/dotnet/sdk/2.2.101/Sdks/Microsoft.NET.Sdk/targets/Microsoft.NET.Sdk.BeforeCommon.targets;/usr/share/dotnet/sdk/2.2.101/Sdks/Microsoft.NET.Sdk/targets/Microsoft.NET.DefaultAssemblyInfo.targets;/usr/share/dotnet/sdk/2.2.101/Sdks/Microsoft.NET.Sdk/targets/Microsoft.NET.DefaultOutputPaths.targets;/usr/share/dotnet/sdk/2.2.101/Sdks/Microsoft.NET.Sdk/targets/Microsoft.NET.TargetFrameworkInference.targets;/usr/share/dotnet/sdk/2.2.101/Sdks/Microsoft.NET.Sdk/targets/Microsoft.NET.RuntimeIdentifierInference.targets;/usr/share/dotnet/sdk/2.2.101/Sdks/Microsoft.NET.Sdk/targets/Microsoft.NET.NuGetOfflineCache.targets;/usr/share/dotnet/sdk/2.2.101/Sdks/Microsoft.NET.Sdk/targets/Microsoft.NET.Sdk.FSharpTargetsShim.targets;/usr/share/dotnet/sdk/2.2.101/FSharp/Microsoft.FSharp.NetSdk.targets;/usr/share/dotnet/sdk/2.2.101/FSharp/Microsoft.FSharp.Targets;/home/mdegallaix/Projects/yaml-parser/yaml-parser/yaml-parser.fsproj;/usr/share/dotnet/sdk/2.2.101/Microsoft.Common.CurrentVersion.targets;/usr/share/dotnet/sdk/2.2.101/NuGet.targets;/usr/share/dotnet/sdk/2.2.101/15.0/Microsoft.Common.targets/ImportAfter/Microsoft.NET.Build.Extensions.targets;/usr/share/dotnet/sdk/2.2.101/Microsoft/Microsoft.NET.Build.Extensions/Microsoft.NET.Build.Extensions.targets;/usr/share/dotnet/sdk/2.2.101/15.0/Microsoft.Common.targets/ImportAfter/Microsoft.TestPlatform.ImportAfter.targets;/usr/share/dotnet/sdk/2.2.101/Microsoft.TestPlatform.targets;/home/mdegallaix/Projects/yaml-parser/yaml-parser/obj/yaml-parser.fsproj.nuget.g.targets;/home/mdegallaix/Projects/yaml-parser/yaml-parser/obj/yaml-parser.fsproj.proj-info.targets;/usr/share/dotnet/sdk/2.2.101/Sdks/Microsoft.NET.Sdk/targets/Microsoft.NET.Sdk.targets" (previous value: ";/usr/share/dotnet/sdk/2.2.101/Sdks/Microsoft.NET.Sdk/Sdk/Sdk.props;/home/mdegallaix/Projects/yaml-parser/yaml-parser/obj/yaml-parser.fsproj.nuget.g.props;/home/mdegallaix/Projects/yaml-parser/yaml-parser/obj/yaml-parser.fsproj.paket.props;/usr/share/dotnet/sdk/2.2.101/Sdks/Microsoft.NET.Sdk/targets/Microsoft.NET.Sdk.props;/usr/share/dotnet/sdk/2.2.101/Sdks/Microsoft.NET.Sdk/targets/Microsoft.NET.Sdk.DefaultItems.props;/usr/share/dotnet/sdk/2.2.101/Sdks/Microsoft.NET.Sdk/targets/Microsoft.NET.SupportedTargetFrameworks.props;/usr/share/dotnet/sdk/2.2.101/Sdks/Microsoft.NET.Sdk/targets/Microsoft.NET.Sdk.FSharp.props;/usr/share/dotnet/sdk/2.2.101/FSharp/Microsoft.FSharp.NetSdk.props;/home/mdegallaix/Projects/yaml-parser/.paket/Paket.Restore.targets;/usr/share/dotnet/sdk/2.2.101/Sdks/Microsoft.NET.Sdk/Sdk/Sdk.targets;/usr/share/dotnet/sdk/2.2.101/Sdks/Microsoft.NET.Sdk/targets/Microsoft.NET.Sdk.BeforeCommon.targets;/usr/share/dotnet/sdk/2.2.101/Sdks/Microsoft.NET.Sdk/targets/Microsoft.NET.DefaultAssemblyInfo.targets;/usr/share/dotnet/sdk/2.2.101/Sdks/Microsoft.NET.Sdk/targets/Microsoft.NET.DefaultOutputPaths.targets;/usr/share/dotnet/sdk/2.2.101/Sdks/Microsoft.NET.Sdk/targets/Microsoft.NET.TargetFrameworkInference.targets;/usr/share/dotnet/sdk/2.2.101/Sdks/Microsoft.NET.Sdk/targets/Microsoft.NET.RuntimeIdentifierInference.targets;/usr/share/dotnet/sdk/2.2.101/Sdks/Microsoft.NET.Sdk/targets/Microsoft.NET.NuGetOfflineCache.targets;/usr/share/dotnet/sdk/2.2.101/Sdks/Microsoft.NET.Sdk/targets/Microsoft.NET.Sdk.FSharpTargetsShim.targets;/usr/share/dotnet/sdk/2.2.101/FSharp/Microsoft.FSharp.NetSdk.targets;/usr/share/dotnet/sdk/2.2.101/FSharp/Microsoft.FSharp.Targets;/home/mdegallaix/Projects/yaml-parser/yaml-parser/yaml-parser.fsproj;/usr/share/dotnet/sdk/2.2.101/Microsoft.Common.CurrentVersion.targets;/usr/share/dotnet/sdk/2.2.101/NuGet.targets;/usr/share/dotnet/sdk/2.2.101/15.0/Microsoft.Common.targets/ImportAfter/Microsoft.NET.Build.Extensions.targets;/usr/share/dotnet/sdk/2.2.101/Microsoft/Microsoft.NET.Build.Extensions/Microsoft.NET.Build.Extensions.targets;/usr/share/dotnet/sdk/2.2.101/15.0/Microsoft.Common.targets/ImportAfter/Microsoft.TestPlatform.ImportAfter.targets;/usr/share/dotnet/sdk/2.2.101/Microsoft.TestPlatform.targets;/home/mdegallaix/Projects/yaml-parser/yaml-parser/obj/yaml-parser.fsproj.nuget.g.targets;/home/mdegallaix/Projects/yaml-parser/yaml-parser/obj/yaml-parser.fsproj.proj-info.targets") at /usr/share/dotnet/sdk/2.2.101/Sdks/Microsoft.NET.Sdk/targets/Microsoft.NET.Sdk.targets (15,5)
       Property reassignment: $(MSBuildAllProjects)=";/usr/share/dotnet/sdk/2.2.101/Sdks/Microsoft.NET.Sdk/Sdk/Sdk.props;/home/mdegallaix/Projects/yaml-parser/yaml-parser/obj/yaml-parser.fsproj.nuget.g.props;/home/mdegallaix/Projects/yaml-parser/yaml-parser/obj/yaml-parser.fsproj.paket.props;/usr/share/dotnet/sdk/2.2.101/Sdks/Microsoft.NET.Sdk/targets/Microsoft.NET.Sdk.props;/usr/share/dotnet/sdk/2.2.101/Sdks/Microsoft.NET.Sdk/targets/Microsoft.NET.Sdk.DefaultItems.props;/usr/share/dotnet/sdk/2.2.101/Sdks/Microsoft.NET.Sdk/targets/Microsoft.NET.SupportedTargetFrameworks.props;/usr/share/dotnet/sdk/2.2.101/Sdks/Microsoft.NET.Sdk/targets/Microsoft.NET.Sdk.FSharp.props;/usr/share/dotnet/sdk/2.2.101/FSharp/Microsoft.FSharp.NetSdk.props;/home/mdegallaix/Projects/yaml-parser/.paket/Paket.Restore.targets;/usr/share/dotnet/sdk/2.2.101/Sdks/Microsoft.NET.Sdk/Sdk/Sdk.targets;/usr/share/dotnet/sdk/2.2.101/Sdks/Microsoft.NET.Sdk/targets/Microsoft.NET.Sdk.BeforeCommon.targets;/usr/share/dotnet/sdk/2.2.101/Sdks/Microsoft.NET.Sdk/targets/Microsoft.NET.DefaultAssemblyInfo.targets;/usr/share/dotnet/sdk/2.2.101/Sdks/Microsoft.NET.Sdk/targets/Microsoft.NET.DefaultOutputPaths.targets;/usr/share/dotnet/sdk/2.2.101/Sdks/Microsoft.NET.Sdk/targets/Microsoft.NET.TargetFrameworkInference.targets;/usr/share/dotnet/sdk/2.2.101/Sdks/Microsoft.NET.Sdk/targets/Microsoft.NET.RuntimeIdentifierInference.targets;/usr/share/dotnet/sdk/2.2.101/Sdks/Microsoft.NET.Sdk/targets/Microsoft.NET.NuGetOfflineCache.targets;/usr/share/dotnet/sdk/2.2.101/Sdks/Microsoft.NET.Sdk/targets/Microsoft.NET.Sdk.FSharpTargetsShim.targets;/usr/share/dotnet/sdk/2.2.101/FSharp/Microsoft.FSharp.NetSdk.targets;/usr/share/dotnet/sdk/2.2.101/FSharp/Microsoft.FSharp.Targets;/home/mdegallaix/Projects/yaml-parser/yaml-parser/yaml-parser.fsproj;/usr/share/dotnet/sdk/2.2.101/Microsoft.Common.CurrentVersion.targets;/usr/share/dotnet/sdk/2.2.101/NuGet.targets;/usr/share/dotnet/sdk/2.2.101/15.0/Microsoft.Common.targets/ImportAfter/Microsoft.NET.Build.Extensions.targets;/usr/share/dotnet/sdk/2.2.101/Microsoft/Microsoft.NET.Build.Extensions/Microsoft.NET.Build.Extensions.targets;/usr/share/dotnet/sdk/2.2.101/15.0/Microsoft.Common.targets/ImportAfter/Microsoft.TestPlatform.ImportAfter.targets;/usr/share/dotnet/sdk/2.2.101/Microsoft.TestPlatform.targets;/home/mdegallaix/Projects/yaml-parser/yaml-parser/obj/yaml-parser.fsproj.nuget.g.targets;/home/mdegallaix/Projects/yaml-parser/yaml-parser/obj/yaml-parser.fsproj.proj-info.targets;/usr/share/dotnet/sdk/2.2.101/Sdks/Microsoft.NET.Sdk/targets/Microsoft.NET.Sdk.targets;/usr/share/dotnet/sdk/2.2.101/Sdks/Microsoft.NET.Sdk/targets/Microsoft.NET.Sdk.Common.targets" (previous value: ";/usr/share/dotnet/sdk/2.2.101/Sdks/Microsoft.NET.Sdk/Sdk/Sdk.props;/home/mdegallaix/Projects/yaml-parser/yaml-parser/obj/yaml-parser.fsproj.nuget.g.props;/home/mdegallaix/Projects/yaml-parser/yaml-parser/obj/yaml-parser.fsproj.paket.props;/usr/share/dotnet/sdk/2.2.101/Sdks/Microsoft.NET.Sdk/targets/Microsoft.NET.Sdk.props;/usr/share/dotnet/sdk/2.2.101/Sdks/Microsoft.NET.Sdk/targets/Microsoft.NET.Sdk.DefaultItems.props;/usr/share/dotnet/sdk/2.2.101/Sdks/Microsoft.NET.Sdk/targets/Microsoft.NET.SupportedTargetFrameworks.props;/usr/share/dotnet/sdk/2.2.101/Sdks/Microsoft.NET.Sdk/targets/Microsoft.NET.Sdk.FSharp.props;/usr/share/dotnet/sdk/2.2.101/FSharp/Microsoft.FSharp.NetSdk.props;/home/mdegallaix/Projects/yaml-parser/.paket/Paket.Restore.targets;/usr/share/dotnet/sdk/2.2.101/Sdks/Microsoft.NET.Sdk/Sdk/Sdk.targets;/usr/share/dotnet/sdk/2.2.101/Sdks/Microsoft.NET.Sdk/targets/Microsoft.NET.Sdk.BeforeCommon.targets;/usr/share/dotnet/sdk/2.2.101/Sdks/Microsoft.NET.Sdk/targets/Microsoft.NET.DefaultAssemblyInfo.targets;/usr/share/dotnet/sdk/2.2.101/Sdks/Microsoft.NET.Sdk/targets/Microsoft.NET.DefaultOutputPaths.targets;/usr/share/dotnet/sdk/2.2.101/Sdks/Microsoft.NET.Sdk/targets/Microsoft.NET.TargetFrameworkInference.targets;/usr/share/dotnet/sdk/2.2.101/Sdks/Microsoft.NET.Sdk/targets/Microsoft.NET.RuntimeIdentifierInference.targets;/usr/share/dotnet/sdk/2.2.101/Sdks/Microsoft.NET.Sdk/targets/Microsoft.NET.NuGetOfflineCache.targets;/usr/share/dotnet/sdk/2.2.101/Sdks/Microsoft.NET.Sdk/targets/Microsoft.NET.Sdk.FSharpTargetsShim.targets;/usr/share/dotnet/sdk/2.2.101/FSharp/Microsoft.FSharp.NetSdk.targets;/usr/share/dotnet/sdk/2.2.101/FSharp/Microsoft.FSharp.Targets;/home/mdegallaix/Projects/yaml-parser/yaml-parser/yaml-parser.fsproj;/usr/share/dotnet/sdk/2.2.101/Microsoft.Common.CurrentVersion.targets;/usr/share/dotnet/sdk/2.2.101/NuGet.targets;/usr/share/dotnet/sdk/2.2.101/15.0/Microsoft.Common.targets/ImportAfter/Microsoft.NET.Build.Extensions.targets;/usr/share/dotnet/sdk/2.2.101/Microsoft/Microsoft.NET.Build.Extensions/Microsoft.NET.Build.Extensions.targets;/usr/share/dotnet/sdk/2.2.101/15.0/Microsoft.Common.targets/ImportAfter/Microsoft.TestPlatform.ImportAfter.targets;/usr/share/dotnet/sdk/2.2.101/Microsoft.TestPlatform.targets;/home/mdegallaix/Projects/yaml-parser/yaml-parser/obj/yaml-parser.fsproj.nuget.g.targets;/home/mdegallaix/Projects/yaml-parser/yaml-parser/obj/yaml-parser.fsproj.proj-info.targets;/usr/share/dotnet/sdk/2.2.101/Sdks/Microsoft.NET.Sdk/targets/Microsoft.NET.Sdk.targets") at /usr/share/dotnet/sdk/2.2.101/Sdks/Microsoft.NET.Sdk/targets/Microsoft.NET.Sdk.Common.targets (17,5)
       Property reassignment: $(MSBuildAllProjects)=";/usr/share/dotnet/sdk/2.2.101/Sdks/Microsoft.NET.Sdk/Sdk/Sdk.props;/home/mdegallaix/Projects/yaml-parser/yaml-parser/obj/yaml-parser.fsproj.nuget.g.props;/home/mdegallaix/Projects/yaml-parser/yaml-parser/obj/yaml-parser.fsproj.paket.props;/usr/share/dotnet/sdk/2.2.101/Sdks/Microsoft.NET.Sdk/targets/Microsoft.NET.Sdk.props;/usr/share/dotnet/sdk/2.2.101/Sdks/Microsoft.NET.Sdk/targets/Microsoft.NET.Sdk.DefaultItems.props;/usr/share/dotnet/sdk/2.2.101/Sdks/Microsoft.NET.Sdk/targets/Microsoft.NET.SupportedTargetFrameworks.props;/usr/share/dotnet/sdk/2.2.101/Sdks/Microsoft.NET.Sdk/targets/Microsoft.NET.Sdk.FSharp.props;/usr/share/dotnet/sdk/2.2.101/FSharp/Microsoft.FSharp.NetSdk.props;/home/mdegallaix/Projects/yaml-parser/.paket/Paket.Restore.targets;/usr/share/dotnet/sdk/2.2.101/Sdks/Microsoft.NET.Sdk/Sdk/Sdk.targets;/usr/share/dotnet/sdk/2.2.101/Sdks/Microsoft.NET.Sdk/targets/Microsoft.NET.Sdk.BeforeCommon.targets;/usr/share/dotnet/sdk/2.2.101/Sdks/Microsoft.NET.Sdk/targets/Microsoft.NET.DefaultAssemblyInfo.targets;/usr/share/dotnet/sdk/2.2.101/Sdks/Microsoft.NET.Sdk/targets/Microsoft.NET.DefaultOutputPaths.targets;/usr/share/dotnet/sdk/2.2.101/Sdks/Microsoft.NET.Sdk/targets/Microsoft.NET.TargetFrameworkInference.targets;/usr/share/dotnet/sdk/2.2.101/Sdks/Microsoft.NET.Sdk/targets/Microsoft.NET.RuntimeIdentifierInference.targets;/usr/share/dotnet/sdk/2.2.101/Sdks/Microsoft.NET.Sdk/targets/Microsoft.NET.NuGetOfflineCache.targets;/usr/share/dotnet/sdk/2.2.101/Sdks/Microsoft.NET.Sdk/targets/Microsoft.NET.Sdk.FSharpTargetsShim.targets;/usr/share/dotnet/sdk/2.2.101/FSharp/Microsoft.FSharp.NetSdk.targets;/usr/share/dotnet/sdk/2.2.101/FSharp/Microsoft.FSharp.Targets;/home/mdegallaix/Projects/yaml-parser/yaml-parser/yaml-parser.fsproj;/usr/share/dotnet/sdk/2.2.101/Microsoft.Common.CurrentVersion.targets;/usr/share/dotnet/sdk/2.2.101/NuGet.targets;/usr/share/dotnet/sdk/2.2.101/15.0/Microsoft.Common.targets/ImportAfter/Microsoft.NET.Build.Extensions.targets;/usr/share/dotnet/sdk/2.2.101/Microsoft/Microsoft.NET.Build.Extensions/Microsoft.NET.Build.Extensions.targets;/usr/share/dotnet/sdk/2.2.101/15.0/Microsoft.Common.targets/ImportAfter/Microsoft.TestPlatform.ImportAfter.targets;/usr/share/dotnet/sdk/2.2.101/Microsoft.TestPlatform.targets;/home/mdegallaix/Projects/yaml-parser/yaml-parser/obj/yaml-parser.fsproj.nuget.g.targets;/home/mdegallaix/Projects/yaml-parser/yaml-parser/obj/yaml-parser.fsproj.proj-info.targets;/usr/share/dotnet/sdk/2.2.101/Sdks/Microsoft.NET.Sdk/targets/Microsoft.NET.Sdk.targets;/usr/share/dotnet/sdk/2.2.101/Sdks/Microsoft.NET.Sdk/targets/Microsoft.NET.Sdk.Common.targets;/usr/share/dotnet/sdk/2.2.101/Sdks/Microsoft.NET.Sdk/targets/Microsoft.PackageDependencyResolution.targets" (previous value: ";/usr/share/dotnet/sdk/2.2.101/Sdks/Microsoft.NET.Sdk/Sdk/Sdk.props;/home/mdegallaix/Projects/yaml-parser/yaml-parser/obj/yaml-parser.fsproj.nuget.g.props;/home/mdegallaix/Projects/yaml-parser/yaml-parser/obj/yaml-parser.fsproj.paket.props;/usr/share/dotnet/sdk/2.2.101/Sdks/Microsoft.NET.Sdk/targets/Microsoft.NET.Sdk.props;/usr/share/dotnet/sdk/2.2.101/Sdks/Microsoft.NET.Sdk/targets/Microsoft.NET.Sdk.DefaultItems.props;/usr/share/dotnet/sdk/2.2.101/Sdks/Microsoft.NET.Sdk/targets/Microsoft.NET.SupportedTargetFrameworks.props;/usr/share/dotnet/sdk/2.2.101/Sdks/Microsoft.NET.Sdk/targets/Microsoft.NET.Sdk.FSharp.props;/usr/share/dotnet/sdk/2.2.101/FSharp/Microsoft.FSharp.NetSdk.props;/home/mdegallaix/Projects/yaml-parser/.paket/Paket.Restore.targets;/usr/share/dotnet/sdk/2.2.101/Sdks/Microsoft.NET.Sdk/Sdk/Sdk.targets;/usr/share/dotnet/sdk/2.2.101/Sdks/Microsoft.NET.Sdk/targets/Microsoft.NET.Sdk.BeforeCommon.targets;/usr/share/dotnet/sdk/2.2.101/Sdks/Microsoft.NET.Sdk/targets/Microsoft.NET.DefaultAssemblyInfo.targets;/usr/share/dotnet/sdk/2.2.101/Sdks/Microsoft.NET.Sdk/targets/Microsoft.NET.DefaultOutputPaths.targets;/usr/share/dotnet/sdk/2.2.101/Sdks/Microsoft.NET.Sdk/targets/Microsoft.NET.TargetFrameworkInference.targets;/usr/share/dotnet/sdk/2.2.101/Sdks/Microsoft.NET.Sdk/targets/Microsoft.NET.RuntimeIdentifierInference.targets;/usr/share/dotnet/sdk/2.2.101/Sdks/Microsoft.NET.Sdk/targets/Microsoft.NET.NuGetOfflineCache.targets;/usr/share/dotnet/sdk/2.2.101/Sdks/Microsoft.NET.Sdk/targets/Microsoft.NET.Sdk.FSharpTargetsShim.targets;/usr/share/dotnet/sdk/2.2.101/FSharp/Microsoft.FSharp.NetSdk.targets;/usr/share/dotnet/sdk/2.2.101/FSharp/Microsoft.FSharp.Targets;/home/mdegallaix/Projects/yaml-parser/yaml-parser/yaml-parser.fsproj;/usr/share/dotnet/sdk/2.2.101/Microsoft.Common.CurrentVersion.targets;/usr/share/dotnet/sdk/2.2.101/NuGet.targets;/usr/share/dotnet/sdk/2.2.101/15.0/Microsoft.Common.targets/ImportAfter/Microsoft.NET.Build.Extensions.targets;/usr/share/dotnet/sdk/2.2.101/Microsoft/Microsoft.NET.Build.Extensions/Microsoft.NET.Build.Extensions.targets;/usr/share/dotnet/sdk/2.2.101/15.0/Microsoft.Common.targets/ImportAfter/Microsoft.TestPlatform.ImportAfter.targets;/usr/share/dotnet/sdk/2.2.101/Microsoft.TestPlatform.targets;/home/mdegallaix/Projects/yaml-parser/yaml-parser/obj/yaml-parser.fsproj.nuget.g.targets;/home/mdegallaix/Projects/yaml-parser/yaml-parser/obj/yaml-parser.fsproj.proj-info.targets;/usr/share/dotnet/sdk/2.2.101/Sdks/Microsoft.NET.Sdk/targets/Microsoft.NET.Sdk.targets;/usr/share/dotnet/sdk/2.2.101/Sdks/Microsoft.NET.Sdk/targets/Microsoft.NET.Sdk.Common.targets") at /usr/share/dotnet/sdk/2.2.101/Sdks/Microsoft.NET.Sdk/targets/Microsoft.PackageDependencyResolution.targets (23,5)
       Property reassignment: $(ProjectAssetsFile)="/home/mdegallaix/Projects/yaml-parser/yaml-parser/obj/project.assets.json" (previous value: "/home/mdegallaix/Projects/yaml-parser/yaml-parser/obj//project.assets.json") at /usr/share/dotnet/sdk/2.2.101/Sdks/Microsoft.NET.Sdk/targets/Microsoft.PackageDependencyResolution.targets (28,5)
       Property reassignment: $(ProjectAssetsCacheFile)="/home/mdegallaix/Projects/yaml-parser/yaml-parser/obj/Debug/netstandard1.6/yaml-parser.assets.cache" (previous value: "obj\Debug\netstandard1.6\yaml-parser.assets.cache") at /usr/share/dotnet/sdk/2.2.101/Sdks/Microsoft.NET.Sdk/targets/Microsoft.PackageDependencyResolution.targets (33,5)
       Property reassignment: $(ResolveAssemblyReferencesDependsOn)="
             
             ResolveProjectReferences;
             FindInvalidProjectReferences;
             GetFrameworkPaths;
             GetReferenceAssemblyPaths;
             PrepareForBuild;
             ResolveSDKReferences;
             ExpandSDKReferences;
           ;
             ResolvePackageDependenciesForBuild;
             _HandlePackageFileConflicts;
           " (previous value: "
             ResolveProjectReferences;
             FindInvalidProjectReferences;
             GetFrameworkPaths;
             GetReferenceAssemblyPaths;
             PrepareForBuild;
             ResolveSDKReferences;
             ExpandSDKReferences;
           ") at /usr/share/dotnet/sdk/2.2.101/Sdks/Microsoft.NET.Sdk/targets/Microsoft.PackageDependencyResolution.targets (60,5)
       Property reassignment: $(PrepareResourcesDependsOn)="
             ResolvePackageDependenciesForBuild;
             _HandlePackageFileConflicts;
             
             PrepareResourceNames;
             ResGen;
             CompileLicxFiles
           
           " (previous value: "
             PrepareResourceNames;
             ResGen;
             CompileLicxFiles
           ") at /usr/share/dotnet/sdk/2.2.101/Sdks/Microsoft.NET.Sdk/targets/Microsoft.PackageDependencyResolution.targets (66,5)
       Property reassignment: $(MSBuildAllProjects)=";/usr/share/dotnet/sdk/2.2.101/Sdks/Microsoft.NET.Sdk/Sdk/Sdk.props;/home/mdegallaix/Projects/yaml-parser/yaml-parser/obj/yaml-parser.fsproj.nuget.g.props;/home/mdegallaix/Projects/yaml-parser/yaml-parser/obj/yaml-parser.fsproj.paket.props;/usr/share/dotnet/sdk/2.2.101/Sdks/Microsoft.NET.Sdk/targets/Microsoft.NET.Sdk.props;/usr/share/dotnet/sdk/2.2.101/Sdks/Microsoft.NET.Sdk/targets/Microsoft.NET.Sdk.DefaultItems.props;/usr/share/dotnet/sdk/2.2.101/Sdks/Microsoft.NET.Sdk/targets/Microsoft.NET.SupportedTargetFrameworks.props;/usr/share/dotnet/sdk/2.2.101/Sdks/Microsoft.NET.Sdk/targets/Microsoft.NET.Sdk.FSharp.props;/usr/share/dotnet/sdk/2.2.101/FSharp/Microsoft.FSharp.NetSdk.props;/home/mdegallaix/Projects/yaml-parser/.paket/Paket.Restore.targets;/usr/share/dotnet/sdk/2.2.101/Sdks/Microsoft.NET.Sdk/Sdk/Sdk.targets;/usr/share/dotnet/sdk/2.2.101/Sdks/Microsoft.NET.Sdk/targets/Microsoft.NET.Sdk.BeforeCommon.targets;/usr/share/dotnet/sdk/2.2.101/Sdks/Microsoft.NET.Sdk/targets/Microsoft.NET.DefaultAssemblyInfo.targets;/usr/share/dotnet/sdk/2.2.101/Sdks/Microsoft.NET.Sdk/targets/Microsoft.NET.DefaultOutputPaths.targets;/usr/share/dotnet/sdk/2.2.101/Sdks/Microsoft.NET.Sdk/targets/Microsoft.NET.TargetFrameworkInference.targets;/usr/share/dotnet/sdk/2.2.101/Sdks/Microsoft.NET.Sdk/targets/Microsoft.NET.RuntimeIdentifierInference.targets;/usr/share/dotnet/sdk/2.2.101/Sdks/Microsoft.NET.Sdk/targets/Microsoft.NET.NuGetOfflineCache.targets;/usr/share/dotnet/sdk/2.2.101/Sdks/Microsoft.NET.Sdk/targets/Microsoft.NET.Sdk.FSharpTargetsShim.targets;/usr/share/dotnet/sdk/2.2.101/FSharp/Microsoft.FSharp.NetSdk.targets;/usr/share/dotnet/sdk/2.2.101/FSharp/Microsoft.FSharp.Targets;/home/mdegallaix/Projects/yaml-parser/yaml-parser/yaml-parser.fsproj;/usr/share/dotnet/sdk/2.2.101/Microsoft.Common.CurrentVersion.targets;/usr/share/dotnet/sdk/2.2.101/NuGet.targets;/usr/share/dotnet/sdk/2.2.101/15.0/Microsoft.Common.targets/ImportAfter/Microsoft.NET.Build.Extensions.targets;/usr/share/dotnet/sdk/2.2.101/Microsoft/Microsoft.NET.Build.Extensions/Microsoft.NET.Build.Extensions.targets;/usr/share/dotnet/sdk/2.2.101/15.0/Microsoft.Common.targets/ImportAfter/Microsoft.TestPlatform.ImportAfter.targets;/usr/share/dotnet/sdk/2.2.101/Microsoft.TestPlatform.targets;/home/mdegallaix/Projects/yaml-parser/yaml-parser/obj/yaml-parser.fsproj.nuget.g.targets;/home/mdegallaix/Projects/yaml-parser/yaml-parser/obj/yaml-parser.fsproj.proj-info.targets;/usr/share/dotnet/sdk/2.2.101/Sdks/Microsoft.NET.Sdk/targets/Microsoft.NET.Sdk.targets;/usr/share/dotnet/sdk/2.2.101/Sdks/Microsoft.NET.Sdk/targets/Microsoft.NET.Sdk.Common.targets;/usr/share/dotnet/sdk/2.2.101/Sdks/Microsoft.NET.Sdk/targets/Microsoft.PackageDependencyResolution.targets;/usr/share/dotnet/sdk/2.2.101/Sdks/Microsoft.NET.Sdk/targets/Microsoft.NET.Sdk.DefaultItems.targets" (previous value: ";/usr/share/dotnet/sdk/2.2.101/Sdks/Microsoft.NET.Sdk/Sdk/Sdk.props;/home/mdegallaix/Projects/yaml-parser/yaml-parser/obj/yaml-parser.fsproj.nuget.g.props;/home/mdegallaix/Projects/yaml-parser/yaml-parser/obj/yaml-parser.fsproj.paket.props;/usr/share/dotnet/sdk/2.2.101/Sdks/Microsoft.NET.Sdk/targets/Microsoft.NET.Sdk.props;/usr/share/dotnet/sdk/2.2.101/Sdks/Microsoft.NET.Sdk/targets/Microsoft.NET.Sdk.DefaultItems.props;/usr/share/dotnet/sdk/2.2.101/Sdks/Microsoft.NET.Sdk/targets/Microsoft.NET.SupportedTargetFrameworks.props;/usr/share/dotnet/sdk/2.2.101/Sdks/Microsoft.NET.Sdk/targets/Microsoft.NET.Sdk.FSharp.props;/usr/share/dotnet/sdk/2.2.101/FSharp/Microsoft.FSharp.NetSdk.props;/home/mdegallaix/Projects/yaml-parser/.paket/Paket.Restore.targets;/usr/share/dotnet/sdk/2.2.101/Sdks/Microsoft.NET.Sdk/Sdk/Sdk.targets;/usr/share/dotnet/sdk/2.2.101/Sdks/Microsoft.NET.Sdk/targets/Microsoft.NET.Sdk.BeforeCommon.targets;/usr/share/dotnet/sdk/2.2.101/Sdks/Microsoft.NET.Sdk/targets/Microsoft.NET.DefaultAssemblyInfo.targets;/usr/share/dotnet/sdk/2.2.101/Sdks/Microsoft.NET.Sdk/targets/Microsoft.NET.DefaultOutputPaths.targets;/usr/share/dotnet/sdk/2.2.101/Sdks/Microsoft.NET.Sdk/targets/Microsoft.NET.TargetFrameworkInference.targets;/usr/share/dotnet/sdk/2.2.101/Sdks/Microsoft.NET.Sdk/targets/Microsoft.NET.RuntimeIdentifierInference.targets;/usr/share/dotnet/sdk/2.2.101/Sdks/Microsoft.NET.Sdk/targets/Microsoft.NET.NuGetOfflineCache.targets;/usr/share/dotnet/sdk/2.2.101/Sdks/Microsoft.NET.Sdk/targets/Microsoft.NET.Sdk.FSharpTargetsShim.targets;/usr/share/dotnet/sdk/2.2.101/FSharp/Microsoft.FSharp.NetSdk.targets;/usr/share/dotnet/sdk/2.2.101/FSharp/Microsoft.FSharp.Targets;/home/mdegallaix/Projects/yaml-parser/yaml-parser/yaml-parser.fsproj;/usr/share/dotnet/sdk/2.2.101/Microsoft.Common.CurrentVersion.targets;/usr/share/dotnet/sdk/2.2.101/NuGet.targets;/usr/share/dotnet/sdk/2.2.101/15.0/Microsoft.Common.targets/ImportAfter/Microsoft.NET.Build.Extensions.targets;/usr/share/dotnet/sdk/2.2.101/Microsoft/Microsoft.NET.Build.Extensions/Microsoft.NET.Build.Extensions.targets;/usr/share/dotnet/sdk/2.2.101/15.0/Microsoft.Common.targets/ImportAfter/Microsoft.TestPlatform.ImportAfter.targets;/usr/share/dotnet/sdk/2.2.101/Microsoft.TestPlatform.targets;/home/mdegallaix/Projects/yaml-parser/yaml-parser/obj/yaml-parser.fsproj.nuget.g.targets;/home/mdegallaix/Projects/yaml-parser/yaml-parser/obj/yaml-parser.fsproj.proj-info.targets;/usr/share/dotnet/sdk/2.2.101/Sdks/Microsoft.NET.Sdk/targets/Microsoft.NET.Sdk.targets;/usr/share/dotnet/sdk/2.2.101/Sdks/Microsoft.NET.Sdk/targets/Microsoft.NET.Sdk.Common.targets;/usr/share/dotnet/sdk/2.2.101/Sdks/Microsoft.NET.Sdk/targets/Microsoft.PackageDependencyResolution.targets") at /usr/share/dotnet/sdk/2.2.101/Sdks/Microsoft.NET.Sdk/targets/Microsoft.NET.Sdk.DefaultItems.targets (15,5)
       Property reassignment: $(DefaultItemExcludes)=";bin\Debug\/**;obj\Debug\/**;bin\/**" (previous value: ";bin\Debug\/**;obj\Debug\/**") at /usr/share/dotnet/sdk/2.2.101/Sdks/Microsoft.NET.Sdk/targets/Microsoft.NET.Sdk.DefaultItems.targets (30,5)
       Property reassignment: $(DefaultItemExcludes)=";bin\Debug\/**;obj\Debug\/**;bin\/**;obj\/**" (previous value: ";bin\Debug\/**;obj\Debug\/**;bin\/**") at /usr/share/dotnet/sdk/2.2.101/Sdks/Microsoft.NET.Sdk/targets/Microsoft.NET.Sdk.DefaultItems.targets (32,5)
       Property reassignment: $(DefaultItemExcludes)=";bin\Debug\/**;obj\Debug\/**;bin\/**;obj\/**;**/*.user" (previous value: ";bin\Debug\/**;obj\Debug\/**;bin\/**;obj\/**") at /usr/share/dotnet/sdk/2.2.101/Sdks/Microsoft.NET.Sdk/targets/Microsoft.NET.Sdk.DefaultItems.targets (35,5)
       Property reassignment: $(DefaultItemExcludes)=";bin\Debug\/**;obj\Debug\/**;bin\/**;obj\/**;**/*.user;**/*.*proj" (previous value: ";bin\Debug\/**;obj\Debug\/**;bin\/**;obj\/**;**/*.user") at /usr/share/dotnet/sdk/2.2.101/Sdks/Microsoft.NET.Sdk/targets/Microsoft.NET.Sdk.DefaultItems.targets (36,5)
       Property reassignment: $(DefaultItemExcludes)=";bin\Debug\/**;obj\Debug\/**;bin\/**;obj\/**;**/*.user;**/*.*proj;**/*.sln" (previous value: ";bin\Debug\/**;obj\Debug\/**;bin\/**;obj\/**;**/*.user;**/*.*proj") at /usr/share/dotnet/sdk/2.2.101/Sdks/Microsoft.NET.Sdk/targets/Microsoft.NET.Sdk.DefaultItems.targets (37,5)
       Property reassignment: $(DefaultItemExcludes)=";bin\Debug\/**;obj\Debug\/**;bin\/**;obj\/**;**/*.user;**/*.*proj;**/*.sln;**/*.vssscc" (previous value: ";bin\Debug\/**;obj\Debug\/**;bin\/**;obj\/**;**/*.user;**/*.*proj;**/*.sln") at /usr/share/dotnet/sdk/2.2.101/Sdks/Microsoft.NET.Sdk/targets/Microsoft.NET.Sdk.DefaultItems.targets (38,5)
       Property reassignment: $(_DefaultUserProfileRuntimeStorePath)="/home/mdegallaix/.dotnet/store" (previous value: "/home/mdegallaix") at /usr/share/dotnet/sdk/2.2.101/Sdks/Microsoft.NET.Sdk/targets/Microsoft.NET.Sdk.targets (82,5)
       Property reassignment: $(CoreBuildDependsOn)="
             
             BuildOnlySettings;
             PrepareForBuild;
             PreBuildEvent;
             ResolveReferences;
             PrepareResources;
             ResolveKeySource;
             Compile;
             ExportWindowsMDFile;
             UnmanagedUnregistration;
             GenerateSerializationAssemblies;
             CreateSatelliteAssemblies;
             GenerateManifests;
             GetTargetPath;
             PrepareForRun;
             UnmanagedRegistration;
             IncrementalClean;
             PostBuildEvent
           ;
             GenerateBuildDependencyFile;
             GenerateBuildRuntimeConfigurationFiles
           " (previous value: "
             BuildOnlySettings;
             PrepareForBuild;
             PreBuildEvent;
             ResolveReferences;
             PrepareResources;
             ResolveKeySource;
             Compile;
             ExportWindowsMDFile;
             UnmanagedUnregistration;
             GenerateSerializationAssemblies;
             CreateSatelliteAssemblies;
             GenerateManifests;
             GetTargetPath;
             PrepareForRun;
             UnmanagedRegistration;
             IncrementalClean;
             PostBuildEvent
           ") at /usr/share/dotnet/sdk/2.2.101/Sdks/Microsoft.NET.Sdk/targets/Microsoft.NET.Sdk.targets (87,5)
       Property reassignment: $(CoreCleanDependsOn)="
             _SdkBeforeClean;
             
           " (previous value: "") at /usr/share/dotnet/sdk/2.2.101/Sdks/Microsoft.NET.Sdk/targets/Microsoft.NET.Sdk.targets (95,5)
       Property reassignment: $(RebuildDependsOn)="
             _SdkBeforeRebuild;
             
             BeforeRebuild;
             Clean;
             Build;
             AfterRebuild;
           
           " (previous value: "
             BeforeRebuild;
             Clean;
             Build;
             AfterRebuild;
           ") at /usr/share/dotnet/sdk/2.2.101/Sdks/Microsoft.NET.Sdk/targets/Microsoft.NET.Sdk.targets (102,5)
       Property reassignment: $(CreateSatelliteAssembliesDependsOn)="
             
             _GenerateSatelliteAssemblyInputs;
             ComputeIntermediateSatelliteAssemblies;
             GenerateSatelliteAssemblies
           ;
             CoreGenerateSatelliteAssemblies
           " (previous value: "
             _GenerateSatelliteAssemblyInputs;
             ComputeIntermediateSatelliteAssemblies;
             GenerateSatelliteAssemblies
           ") at /usr/share/dotnet/sdk/2.2.101/Sdks/Microsoft.NET.Sdk/targets/Microsoft.NET.Sdk.targets (436,5)
       Property reassignment: $(MSBuildAllProjects)=";/usr/share/dotnet/sdk/2.2.101/Sdks/Microsoft.NET.Sdk/Sdk/Sdk.props;/home/mdegallaix/Projects/yaml-parser/yaml-parser/obj/yaml-parser.fsproj.nuget.g.props;/home/mdegallaix/Projects/yaml-parser/yaml-parser/obj/yaml-parser.fsproj.paket.props;/usr/share/dotnet/sdk/2.2.101/Sdks/Microsoft.NET.Sdk/targets/Microsoft.NET.Sdk.props;/usr/share/dotnet/sdk/2.2.101/Sdks/Microsoft.NET.Sdk/targets/Microsoft.NET.Sdk.DefaultItems.props;/usr/share/dotnet/sdk/2.2.101/Sdks/Microsoft.NET.Sdk/targets/Microsoft.NET.SupportedTargetFrameworks.props;/usr/share/dotnet/sdk/2.2.101/Sdks/Microsoft.NET.Sdk/targets/Microsoft.NET.Sdk.FSharp.props;/usr/share/dotnet/sdk/2.2.101/FSharp/Microsoft.FSharp.NetSdk.props;/home/mdegallaix/Projects/yaml-parser/.paket/Paket.Restore.targets;/usr/share/dotnet/sdk/2.2.101/Sdks/Microsoft.NET.Sdk/Sdk/Sdk.targets;/usr/share/dotnet/sdk/2.2.101/Sdks/Microsoft.NET.Sdk/targets/Microsoft.NET.Sdk.BeforeCommon.targets;/usr/share/dotnet/sdk/2.2.101/Sdks/Microsoft.NET.Sdk/targets/Microsoft.NET.DefaultAssemblyInfo.targets;/usr/share/dotnet/sdk/2.2.101/Sdks/Microsoft.NET.Sdk/targets/Microsoft.NET.DefaultOutputPaths.targets;/usr/share/dotnet/sdk/2.2.101/Sdks/Microsoft.NET.Sdk/targets/Microsoft.NET.TargetFrameworkInference.targets;/usr/share/dotnet/sdk/2.2.101/Sdks/Microsoft.NET.Sdk/targets/Microsoft.NET.RuntimeIdentifierInference.targets;/usr/share/dotnet/sdk/2.2.101/Sdks/Microsoft.NET.Sdk/targets/Microsoft.NET.NuGetOfflineCache.targets;/usr/share/dotnet/sdk/2.2.101/Sdks/Microsoft.NET.Sdk/targets/Microsoft.NET.Sdk.FSharpTargetsShim.targets;/usr/share/dotnet/sdk/2.2.101/FSharp/Microsoft.FSharp.NetSdk.targets;/usr/share/dotnet/sdk/2.2.101/FSharp/Microsoft.FSharp.Targets;/home/mdegallaix/Projects/yaml-parser/yaml-parser/yaml-parser.fsproj;/usr/share/dotnet/sdk/2.2.101/Microsoft.Common.CurrentVersion.targets;/usr/share/dotnet/sdk/2.2.101/NuGet.targets;/usr/share/dotnet/sdk/2.2.101/15.0/Microsoft.Common.targets/ImportAfter/Microsoft.NET.Build.Extensions.targets;/usr/share/dotnet/sdk/2.2.101/Microsoft/Microsoft.NET.Build.Extensions/Microsoft.NET.Build.Extensions.targets;/usr/share/dotnet/sdk/2.2.101/15.0/Microsoft.Common.targets/ImportAfter/Microsoft.TestPlatform.ImportAfter.targets;/usr/share/dotnet/sdk/2.2.101/Microsoft.TestPlatform.targets;/home/mdegallaix/Projects/yaml-parser/yaml-parser/obj/yaml-parser.fsproj.nuget.g.targets;/home/mdegallaix/Projects/yaml-parser/yaml-parser/obj/yaml-parser.fsproj.proj-info.targets;/usr/share/dotnet/sdk/2.2.101/Sdks/Microsoft.NET.Sdk/targets/Microsoft.NET.Sdk.targets;/usr/share/dotnet/sdk/2.2.101/Sdks/Microsoft.NET.Sdk/targets/Microsoft.NET.Sdk.Common.targets;/usr/share/dotnet/sdk/2.2.101/Sdks/Microsoft.NET.Sdk/targets/Microsoft.PackageDependencyResolution.targets;/usr/share/dotnet/sdk/2.2.101/Sdks/Microsoft.NET.Sdk/targets/Microsoft.NET.Sdk.DefaultItems.targets;/usr/share/dotnet/sdk/2.2.101/Sdks/Microsoft.NET.Sdk/targets/Microsoft.NET.DisableStandardFrameworkResolution.targets" (previous value: ";/usr/share/dotnet/sdk/2.2.101/Sdks/Microsoft.NET.Sdk/Sdk/Sdk.props;/home/mdegallaix/Projects/yaml-parser/yaml-parser/obj/yaml-parser.fsproj.nuget.g.props;/home/mdegallaix/Projects/yaml-parser/yaml-parser/obj/yaml-parser.fsproj.paket.props;/usr/share/dotnet/sdk/2.2.101/Sdks/Microsoft.NET.Sdk/targets/Microsoft.NET.Sdk.props;/usr/share/dotnet/sdk/2.2.101/Sdks/Microsoft.NET.Sdk/targets/Microsoft.NET.Sdk.DefaultItems.props;/usr/share/dotnet/sdk/2.2.101/Sdks/Microsoft.NET.Sdk/targets/Microsoft.NET.SupportedTargetFrameworks.props;/usr/share/dotnet/sdk/2.2.101/Sdks/Microsoft.NET.Sdk/targets/Microsoft.NET.Sdk.FSharp.props;/usr/share/dotnet/sdk/2.2.101/FSharp/Microsoft.FSharp.NetSdk.props;/home/mdegallaix/Projects/yaml-parser/.paket/Paket.Restore.targets;/usr/share/dotnet/sdk/2.2.101/Sdks/Microsoft.NET.Sdk/Sdk/Sdk.targets;/usr/share/dotnet/sdk/2.2.101/Sdks/Microsoft.NET.Sdk/targets/Microsoft.NET.Sdk.BeforeCommon.targets;/usr/share/dotnet/sdk/2.2.101/Sdks/Microsoft.NET.Sdk/targets/Microsoft.NET.DefaultAssemblyInfo.targets;/usr/share/dotnet/sdk/2.2.101/Sdks/Microsoft.NET.Sdk/targets/Microsoft.NET.DefaultOutputPaths.targets;/usr/share/dotnet/sdk/2.2.101/Sdks/Microsoft.NET.Sdk/targets/Microsoft.NET.TargetFrameworkInference.targets;/usr/share/dotnet/sdk/2.2.101/Sdks/Microsoft.NET.Sdk/targets/Microsoft.NET.RuntimeIdentifierInference.targets;/usr/share/dotnet/sdk/2.2.101/Sdks/Microsoft.NET.Sdk/targets/Microsoft.NET.NuGetOfflineCache.targets;/usr/share/dotnet/sdk/2.2.101/Sdks/Microsoft.NET.Sdk/targets/Microsoft.NET.Sdk.FSharpTargetsShim.targets;/usr/share/dotnet/sdk/2.2.101/FSharp/Microsoft.FSharp.NetSdk.targets;/usr/share/dotnet/sdk/2.2.101/FSharp/Microsoft.FSharp.Targets;/home/mdegallaix/Projects/yaml-parser/yaml-parser/yaml-parser.fsproj;/usr/share/dotnet/sdk/2.2.101/Microsoft.Common.CurrentVersion.targets;/usr/share/dotnet/sdk/2.2.101/NuGet.targets;/usr/share/dotnet/sdk/2.2.101/15.0/Microsoft.Common.targets/ImportAfter/Microsoft.NET.Build.Extensions.targets;/usr/share/dotnet/sdk/2.2.101/Microsoft/Microsoft.NET.Build.Extensions/Microsoft.NET.Build.Extensions.targets;/usr/share/dotnet/sdk/2.2.101/15.0/Microsoft.Common.targets/ImportAfter/Microsoft.TestPlatform.ImportAfter.targets;/usr/share/dotnet/sdk/2.2.101/Microsoft.TestPlatform.targets;/home/mdegallaix/Projects/yaml-parser/yaml-parser/obj/yaml-parser.fsproj.nuget.g.targets;/home/mdegallaix/Projects/yaml-parser/yaml-parser/obj/yaml-parser.fsproj.proj-info.targets;/usr/share/dotnet/sdk/2.2.101/Sdks/Microsoft.NET.Sdk/targets/Microsoft.NET.Sdk.targets;/usr/share/dotnet/sdk/2.2.101/Sdks/Microsoft.NET.Sdk/targets/Microsoft.NET.Sdk.Common.targets;/usr/share/dotnet/sdk/2.2.101/Sdks/Microsoft.NET.Sdk/targets/Microsoft.PackageDependencyResolution.targets;/usr/share/dotnet/sdk/2.2.101/Sdks/Microsoft.NET.Sdk/targets/Microsoft.NET.Sdk.DefaultItems.targets") at /usr/share/dotnet/sdk/2.2.101/Sdks/Microsoft.NET.Sdk/targets/Microsoft.NET.DisableStandardFrameworkResolution.targets (18,5)
       Property reassignment: $(MSBuildAllProjects)=";/usr/share/dotnet/sdk/2.2.101/Sdks/Microsoft.NET.Sdk/Sdk/Sdk.props;/home/mdegallaix/Projects/yaml-parser/yaml-parser/obj/yaml-parser.fsproj.nuget.g.props;/home/mdegallaix/Projects/yaml-parser/yaml-parser/obj/yaml-parser.fsproj.paket.props;/usr/share/dotnet/sdk/2.2.101/Sdks/Microsoft.NET.Sdk/targets/Microsoft.NET.Sdk.props;/usr/share/dotnet/sdk/2.2.101/Sdks/Microsoft.NET.Sdk/targets/Microsoft.NET.Sdk.DefaultItems.props;/usr/share/dotnet/sdk/2.2.101/Sdks/Microsoft.NET.Sdk/targets/Microsoft.NET.SupportedTargetFrameworks.props;/usr/share/dotnet/sdk/2.2.101/Sdks/Microsoft.NET.Sdk/targets/Microsoft.NET.Sdk.FSharp.props;/usr/share/dotnet/sdk/2.2.101/FSharp/Microsoft.FSharp.NetSdk.props;/home/mdegallaix/Projects/yaml-parser/.paket/Paket.Restore.targets;/usr/share/dotnet/sdk/2.2.101/Sdks/Microsoft.NET.Sdk/Sdk/Sdk.targets;/usr/share/dotnet/sdk/2.2.101/Sdks/Microsoft.NET.Sdk/targets/Microsoft.NET.Sdk.BeforeCommon.targets;/usr/share/dotnet/sdk/2.2.101/Sdks/Microsoft.NET.Sdk/targets/Microsoft.NET.DefaultAssemblyInfo.targets;/usr/share/dotnet/sdk/2.2.101/Sdks/Microsoft.NET.Sdk/targets/Microsoft.NET.DefaultOutputPaths.targets;/usr/share/dotnet/sdk/2.2.101/Sdks/Microsoft.NET.Sdk/targets/Microsoft.NET.TargetFrameworkInference.targets;/usr/share/dotnet/sdk/2.2.101/Sdks/Microsoft.NET.Sdk/targets/Microsoft.NET.RuntimeIdentifierInference.targets;/usr/share/dotnet/sdk/2.2.101/Sdks/Microsoft.NET.Sdk/targets/Microsoft.NET.NuGetOfflineCache.targets;/usr/share/dotnet/sdk/2.2.101/Sdks/Microsoft.NET.Sdk/targets/Microsoft.NET.Sdk.FSharpTargetsShim.targets;/usr/share/dotnet/sdk/2.2.101/FSharp/Microsoft.FSharp.NetSdk.targets;/usr/share/dotnet/sdk/2.2.101/FSharp/Microsoft.FSharp.Targets;/home/mdegallaix/Projects/yaml-parser/yaml-parser/yaml-parser.fsproj;/usr/share/dotnet/sdk/2.2.101/Microsoft.Common.CurrentVersion.targets;/usr/share/dotnet/sdk/2.2.101/NuGet.targets;/usr/share/dotnet/sdk/2.2.101/15.0/Microsoft.Common.targets/ImportAfter/Microsoft.NET.Build.Extensions.targets;/usr/share/dotnet/sdk/2.2.101/Microsoft/Microsoft.NET.Build.Extensions/Microsoft.NET.Build.Extensions.targets;/usr/share/dotnet/sdk/2.2.101/15.0/Microsoft.Common.targets/ImportAfter/Microsoft.TestPlatform.ImportAfter.targets;/usr/share/dotnet/sdk/2.2.101/Microsoft.TestPlatform.targets;/home/mdegallaix/Projects/yaml-parser/yaml-parser/obj/yaml-parser.fsproj.nuget.g.targets;/home/mdegallaix/Projects/yaml-parser/yaml-parser/obj/yaml-parser.fsproj.proj-info.targets;/usr/share/dotnet/sdk/2.2.101/Sdks/Microsoft.NET.Sdk/targets/Microsoft.NET.Sdk.targets;/usr/share/dotnet/sdk/2.2.101/Sdks/Microsoft.NET.Sdk/targets/Microsoft.NET.Sdk.Common.targets;/usr/share/dotnet/sdk/2.2.101/Sdks/Microsoft.NET.Sdk/targets/Microsoft.PackageDependencyResolution.targets;/usr/share/dotnet/sdk/2.2.101/Sdks/Microsoft.NET.Sdk/targets/Microsoft.NET.Sdk.DefaultItems.targets;/usr/share/dotnet/sdk/2.2.101/Sdks/Microsoft.NET.Sdk/targets/Microsoft.NET.DisableStandardFrameworkResolution.targets;/usr/share/dotnet/sdk/2.2.101/Sdks/Microsoft.NET.Sdk/targets/Microsoft.NET.GenerateAssemblyInfo.targets" (previous value: ";/usr/share/dotnet/sdk/2.2.101/Sdks/Microsoft.NET.Sdk/Sdk/Sdk.props;/home/mdegallaix/Projects/yaml-parser/yaml-parser/obj/yaml-parser.fsproj.nuget.g.props;/home/mdegallaix/Projects/yaml-parser/yaml-parser/obj/yaml-parser.fsproj.paket.props;/usr/share/dotnet/sdk/2.2.101/Sdks/Microsoft.NET.Sdk/targets/Microsoft.NET.Sdk.props;/usr/share/dotnet/sdk/2.2.101/Sdks/Microsoft.NET.Sdk/targets/Microsoft.NET.Sdk.DefaultItems.props;/usr/share/dotnet/sdk/2.2.101/Sdks/Microsoft.NET.Sdk/targets/Microsoft.NET.SupportedTargetFrameworks.props;/usr/share/dotnet/sdk/2.2.101/Sdks/Microsoft.NET.Sdk/targets/Microsoft.NET.Sdk.FSharp.props;/usr/share/dotnet/sdk/2.2.101/FSharp/Microsoft.FSharp.NetSdk.props;/home/mdegallaix/Projects/yaml-parser/.paket/Paket.Restore.targets;/usr/share/dotnet/sdk/2.2.101/Sdks/Microsoft.NET.Sdk/Sdk/Sdk.targets;/usr/share/dotnet/sdk/2.2.101/Sdks/Microsoft.NET.Sdk/targets/Microsoft.NET.Sdk.BeforeCommon.targets;/usr/share/dotnet/sdk/2.2.101/Sdks/Microsoft.NET.Sdk/targets/Microsoft.NET.DefaultAssemblyInfo.targets;/usr/share/dotnet/sdk/2.2.101/Sdks/Microsoft.NET.Sdk/targets/Microsoft.NET.DefaultOutputPaths.targets;/usr/share/dotnet/sdk/2.2.101/Sdks/Microsoft.NET.Sdk/targets/Microsoft.NET.TargetFrameworkInference.targets;/usr/share/dotnet/sdk/2.2.101/Sdks/Microsoft.NET.Sdk/targets/Microsoft.NET.RuntimeIdentifierInference.targets;/usr/share/dotnet/sdk/2.2.101/Sdks/Microsoft.NET.Sdk/targets/Microsoft.NET.NuGetOfflineCache.targets;/usr/share/dotnet/sdk/2.2.101/Sdks/Microsoft.NET.Sdk/targets/Microsoft.NET.Sdk.FSharpTargetsShim.targets;/usr/share/dotnet/sdk/2.2.101/FSharp/Microsoft.FSharp.NetSdk.targets;/usr/share/dotnet/sdk/2.2.101/FSharp/Microsoft.FSharp.Targets;/home/mdegallaix/Projects/yaml-parser/yaml-parser/yaml-parser.fsproj;/usr/share/dotnet/sdk/2.2.101/Microsoft.Common.CurrentVersion.targets;/usr/share/dotnet/sdk/2.2.101/NuGet.targets;/usr/share/dotnet/sdk/2.2.101/15.0/Microsoft.Common.targets/ImportAfter/Microsoft.NET.Build.Extensions.targets;/usr/share/dotnet/sdk/2.2.101/Microsoft/Microsoft.NET.Build.Extensions/Microsoft.NET.Build.Extensions.targets;/usr/share/dotnet/sdk/2.2.101/15.0/Microsoft.Common.targets/ImportAfter/Microsoft.TestPlatform.ImportAfter.targets;/usr/share/dotnet/sdk/2.2.101/Microsoft.TestPlatform.targets;/home/mdegallaix/Projects/yaml-parser/yaml-parser/obj/yaml-parser.fsproj.nuget.g.targets;/home/mdegallaix/Projects/yaml-parser/yaml-parser/obj/yaml-parser.fsproj.proj-info.targets;/usr/share/dotnet/sdk/2.2.101/Sdks/Microsoft.NET.Sdk/targets/Microsoft.NET.Sdk.targets;/usr/share/dotnet/sdk/2.2.101/Sdks/Microsoft.NET.Sdk/targets/Microsoft.NET.Sdk.Common.targets;/usr/share/dotnet/sdk/2.2.101/Sdks/Microsoft.NET.Sdk/targets/Microsoft.PackageDependencyResolution.targets;/usr/share/dotnet/sdk/2.2.101/Sdks/Microsoft.NET.Sdk/targets/Microsoft.NET.Sdk.DefaultItems.targets;/usr/share/dotnet/sdk/2.2.101/Sdks/Microsoft.NET.Sdk/targets/Microsoft.NET.DisableStandardFrameworkResolution.targets") at /usr/share/dotnet/sdk/2.2.101/Sdks/Microsoft.NET.Sdk/targets/Microsoft.NET.GenerateAssemblyInfo.targets (21,5)
       Property reassignment: $(MSBuildAllProjects)=";/usr/share/dotnet/sdk/2.2.101/Sdks/Microsoft.NET.Sdk/Sdk/Sdk.props;/home/mdegallaix/Projects/yaml-parser/yaml-parser/obj/yaml-parser.fsproj.nuget.g.props;/home/mdegallaix/Projects/yaml-parser/yaml-parser/obj/yaml-parser.fsproj.paket.props;/usr/share/dotnet/sdk/2.2.101/Sdks/Microsoft.NET.Sdk/targets/Microsoft.NET.Sdk.props;/usr/share/dotnet/sdk/2.2.101/Sdks/Microsoft.NET.Sdk/targets/Microsoft.NET.Sdk.DefaultItems.props;/usr/share/dotnet/sdk/2.2.101/Sdks/Microsoft.NET.Sdk/targets/Microsoft.NET.SupportedTargetFrameworks.props;/usr/share/dotnet/sdk/2.2.101/Sdks/Microsoft.NET.Sdk/targets/Microsoft.NET.Sdk.FSharp.props;/usr/share/dotnet/sdk/2.2.101/FSharp/Microsoft.FSharp.NetSdk.props;/home/mdegallaix/Projects/yaml-parser/.paket/Paket.Restore.targets;/usr/share/dotnet/sdk/2.2.101/Sdks/Microsoft.NET.Sdk/Sdk/Sdk.targets;/usr/share/dotnet/sdk/2.2.101/Sdks/Microsoft.NET.Sdk/targets/Microsoft.NET.Sdk.BeforeCommon.targets;/usr/share/dotnet/sdk/2.2.101/Sdks/Microsoft.NET.Sdk/targets/Microsoft.NET.DefaultAssemblyInfo.targets;/usr/share/dotnet/sdk/2.2.101/Sdks/Microsoft.NET.Sdk/targets/Microsoft.NET.DefaultOutputPaths.targets;/usr/share/dotnet/sdk/2.2.101/Sdks/Microsoft.NET.Sdk/targets/Microsoft.NET.TargetFrameworkInference.targets;/usr/share/dotnet/sdk/2.2.101/Sdks/Microsoft.NET.Sdk/targets/Microsoft.NET.RuntimeIdentifierInference.targets;/usr/share/dotnet/sdk/2.2.101/Sdks/Microsoft.NET.Sdk/targets/Microsoft.NET.NuGetOfflineCache.targets;/usr/share/dotnet/sdk/2.2.101/Sdks/Microsoft.NET.Sdk/targets/Microsoft.NET.Sdk.FSharpTargetsShim.targets;/usr/share/dotnet/sdk/2.2.101/FSharp/Microsoft.FSharp.NetSdk.targets;/usr/share/dotnet/sdk/2.2.101/FSharp/Microsoft.FSharp.Targets;/home/mdegallaix/Projects/yaml-parser/yaml-parser/yaml-parser.fsproj;/usr/share/dotnet/sdk/2.2.101/Microsoft.Common.CurrentVersion.targets;/usr/share/dotnet/sdk/2.2.101/NuGet.targets;/usr/share/dotnet/sdk/2.2.101/15.0/Microsoft.Common.targets/ImportAfter/Microsoft.NET.Build.Extensions.targets;/usr/share/dotnet/sdk/2.2.101/Microsoft/Microsoft.NET.Build.Extensions/Microsoft.NET.Build.Extensions.targets;/usr/share/dotnet/sdk/2.2.101/15.0/Microsoft.Common.targets/ImportAfter/Microsoft.TestPlatform.ImportAfter.targets;/usr/share/dotnet/sdk/2.2.101/Microsoft.TestPlatform.targets;/home/mdegallaix/Projects/yaml-parser/yaml-parser/obj/yaml-parser.fsproj.nuget.g.targets;/home/mdegallaix/Projects/yaml-parser/yaml-parser/obj/yaml-parser.fsproj.proj-info.targets;/usr/share/dotnet/sdk/2.2.101/Sdks/Microsoft.NET.Sdk/targets/Microsoft.NET.Sdk.targets;/usr/share/dotnet/sdk/2.2.101/Sdks/Microsoft.NET.Sdk/targets/Microsoft.NET.Sdk.Common.targets;/usr/share/dotnet/sdk/2.2.101/Sdks/Microsoft.NET.Sdk/targets/Microsoft.PackageDependencyResolution.targets;/usr/share/dotnet/sdk/2.2.101/Sdks/Microsoft.NET.Sdk/targets/Microsoft.NET.Sdk.DefaultItems.targets;/usr/share/dotnet/sdk/2.2.101/Sdks/Microsoft.NET.Sdk/targets/Microsoft.NET.DisableStandardFrameworkResolution.targets;/usr/share/dotnet/sdk/2.2.101/Sdks/Microsoft.NET.Sdk/targets/Microsoft.NET.GenerateAssemblyInfo.targets;/usr/share/dotnet/sdk/2.2.101/Sdks/Microsoft.NET.Sdk/targets/Microsoft.NET.ComposeStore.targets" (previous value: ";/usr/share/dotnet/sdk/2.2.101/Sdks/Microsoft.NET.Sdk/Sdk/Sdk.props;/home/mdegallaix/Projects/yaml-parser/yaml-parser/obj/yaml-parser.fsproj.nuget.g.props;/home/mdegallaix/Projects/yaml-parser/yaml-parser/obj/yaml-parser.fsproj.paket.props;/usr/share/dotnet/sdk/2.2.101/Sdks/Microsoft.NET.Sdk/targets/Microsoft.NET.Sdk.props;/usr/share/dotnet/sdk/2.2.101/Sdks/Microsoft.NET.Sdk/targets/Microsoft.NET.Sdk.DefaultItems.props;/usr/share/dotnet/sdk/2.2.101/Sdks/Microsoft.NET.Sdk/targets/Microsoft.NET.SupportedTargetFrameworks.props;/usr/share/dotnet/sdk/2.2.101/Sdks/Microsoft.NET.Sdk/targets/Microsoft.NET.Sdk.FSharp.props;/usr/share/dotnet/sdk/2.2.101/FSharp/Microsoft.FSharp.NetSdk.props;/home/mdegallaix/Projects/yaml-parser/.paket/Paket.Restore.targets;/usr/share/dotnet/sdk/2.2.101/Sdks/Microsoft.NET.Sdk/Sdk/Sdk.targets;/usr/share/dotnet/sdk/2.2.101/Sdks/Microsoft.NET.Sdk/targets/Microsoft.NET.Sdk.BeforeCommon.targets;/usr/share/dotnet/sdk/2.2.101/Sdks/Microsoft.NET.Sdk/targets/Microsoft.NET.DefaultAssemblyInfo.targets;/usr/share/dotnet/sdk/2.2.101/Sdks/Microsoft.NET.Sdk/targets/Microsoft.NET.DefaultOutputPaths.targets;/usr/share/dotnet/sdk/2.2.101/Sdks/Microsoft.NET.Sdk/targets/Microsoft.NET.TargetFrameworkInference.targets;/usr/share/dotnet/sdk/2.2.101/Sdks/Microsoft.NET.Sdk/targets/Microsoft.NET.RuntimeIdentifierInference.targets;/usr/share/dotnet/sdk/2.2.101/Sdks/Microsoft.NET.Sdk/targets/Microsoft.NET.NuGetOfflineCache.targets;/usr/share/dotnet/sdk/2.2.101/Sdks/Microsoft.NET.Sdk/targets/Microsoft.NET.Sdk.FSharpTargetsShim.targets;/usr/share/dotnet/sdk/2.2.101/FSharp/Microsoft.FSharp.NetSdk.targets;/usr/share/dotnet/sdk/2.2.101/FSharp/Microsoft.FSharp.Targets;/home/mdegallaix/Projects/yaml-parser/yaml-parser/yaml-parser.fsproj;/usr/share/dotnet/sdk/2.2.101/Microsoft.Common.CurrentVersion.targets;/usr/share/dotnet/sdk/2.2.101/NuGet.targets;/usr/share/dotnet/sdk/2.2.101/15.0/Microsoft.Common.targets/ImportAfter/Microsoft.NET.Build.Extensions.targets;/usr/share/dotnet/sdk/2.2.101/Microsoft/Microsoft.NET.Build.Extensions/Microsoft.NET.Build.Extensions.targets;/usr/share/dotnet/sdk/2.2.101/15.0/Microsoft.Common.targets/ImportAfter/Microsoft.TestPlatform.ImportAfter.targets;/usr/share/dotnet/sdk/2.2.101/Microsoft.TestPlatform.targets;/home/mdegallaix/Projects/yaml-parser/yaml-parser/obj/yaml-parser.fsproj.nuget.g.targets;/home/mdegallaix/Projects/yaml-parser/yaml-parser/obj/yaml-parser.fsproj.proj-info.targets;/usr/share/dotnet/sdk/2.2.101/Sdks/Microsoft.NET.Sdk/targets/Microsoft.NET.Sdk.targets;/usr/share/dotnet/sdk/2.2.101/Sdks/Microsoft.NET.Sdk/targets/Microsoft.NET.Sdk.Common.targets;/usr/share/dotnet/sdk/2.2.101/Sdks/Microsoft.NET.Sdk/targets/Microsoft.PackageDependencyResolution.targets;/usr/share/dotnet/sdk/2.2.101/Sdks/Microsoft.NET.Sdk/targets/Microsoft.NET.Sdk.DefaultItems.targets;/usr/share/dotnet/sdk/2.2.101/Sdks/Microsoft.NET.Sdk/targets/Microsoft.NET.DisableStandardFrameworkResolution.targets;/usr/share/dotnet/sdk/2.2.101/Sdks/Microsoft.NET.Sdk/targets/Microsoft.NET.GenerateAssemblyInfo.targets") at /usr/share/dotnet/sdk/2.2.101/Sdks/Microsoft.NET.Sdk/targets/Microsoft.NET.ComposeStore.targets (22,5)
       Property reassignment: $(MSBuildAllProjects)=";/usr/share/dotnet/sdk/2.2.101/Sdks/Microsoft.NET.Sdk/Sdk/Sdk.props;/home/mdegallaix/Projects/yaml-parser/yaml-parser/obj/yaml-parser.fsproj.nuget.g.props;/home/mdegallaix/Projects/yaml-parser/yaml-parser/obj/yaml-parser.fsproj.paket.props;/usr/share/dotnet/sdk/2.2.101/Sdks/Microsoft.NET.Sdk/targets/Microsoft.NET.Sdk.props;/usr/share/dotnet/sdk/2.2.101/Sdks/Microsoft.NET.Sdk/targets/Microsoft.NET.Sdk.DefaultItems.props;/usr/share/dotnet/sdk/2.2.101/Sdks/Microsoft.NET.Sdk/targets/Microsoft.NET.SupportedTargetFrameworks.props;/usr/share/dotnet/sdk/2.2.101/Sdks/Microsoft.NET.Sdk/targets/Microsoft.NET.Sdk.FSharp.props;/usr/share/dotnet/sdk/2.2.101/FSharp/Microsoft.FSharp.NetSdk.props;/home/mdegallaix/Projects/yaml-parser/.paket/Paket.Restore.targets;/usr/share/dotnet/sdk/2.2.101/Sdks/Microsoft.NET.Sdk/Sdk/Sdk.targets;/usr/share/dotnet/sdk/2.2.101/Sdks/Microsoft.NET.Sdk/targets/Microsoft.NET.Sdk.BeforeCommon.targets;/usr/share/dotnet/sdk/2.2.101/Sdks/Microsoft.NET.Sdk/targets/Microsoft.NET.DefaultAssemblyInfo.targets;/usr/share/dotnet/sdk/2.2.101/Sdks/Microsoft.NET.Sdk/targets/Microsoft.NET.DefaultOutputPaths.targets;/usr/share/dotnet/sdk/2.2.101/Sdks/Microsoft.NET.Sdk/targets/Microsoft.NET.TargetFrameworkInference.targets;/usr/share/dotnet/sdk/2.2.101/Sdks/Microsoft.NET.Sdk/targets/Microsoft.NET.RuntimeIdentifierInference.targets;/usr/share/dotnet/sdk/2.2.101/Sdks/Microsoft.NET.Sdk/targets/Microsoft.NET.NuGetOfflineCache.targets;/usr/share/dotnet/sdk/2.2.101/Sdks/Microsoft.NET.Sdk/targets/Microsoft.NET.Sdk.FSharpTargetsShim.targets;/usr/share/dotnet/sdk/2.2.101/FSharp/Microsoft.FSharp.NetSdk.targets;/usr/share/dotnet/sdk/2.2.101/FSharp/Microsoft.FSharp.Targets;/home/mdegallaix/Projects/yaml-parser/yaml-parser/yaml-parser.fsproj;/usr/share/dotnet/sdk/2.2.101/Microsoft.Common.CurrentVersion.targets;/usr/share/dotnet/sdk/2.2.101/NuGet.targets;/usr/share/dotnet/sdk/2.2.101/15.0/Microsoft.Common.targets/ImportAfter/Microsoft.NET.Build.Extensions.targets;/usr/share/dotnet/sdk/2.2.101/Microsoft/Microsoft.NET.Build.Extensions/Microsoft.NET.Build.Extensions.targets;/usr/share/dotnet/sdk/2.2.101/15.0/Microsoft.Common.targets/ImportAfter/Microsoft.TestPlatform.ImportAfter.targets;/usr/share/dotnet/sdk/2.2.101/Microsoft.TestPlatform.targets;/home/mdegallaix/Projects/yaml-parser/yaml-parser/obj/yaml-parser.fsproj.nuget.g.targets;/home/mdegallaix/Projects/yaml-parser/yaml-parser/obj/yaml-parser.fsproj.proj-info.targets;/usr/share/dotnet/sdk/2.2.101/Sdks/Microsoft.NET.Sdk/targets/Microsoft.NET.Sdk.targets;/usr/share/dotnet/sdk/2.2.101/Sdks/Microsoft.NET.Sdk/targets/Microsoft.NET.Sdk.Common.targets;/usr/share/dotnet/sdk/2.2.101/Sdks/Microsoft.NET.Sdk/targets/Microsoft.PackageDependencyResolution.targets;/usr/share/dotnet/sdk/2.2.101/Sdks/Microsoft.NET.Sdk/targets/Microsoft.NET.Sdk.DefaultItems.targets;/usr/share/dotnet/sdk/2.2.101/Sdks/Microsoft.NET.Sdk/targets/Microsoft.NET.DisableStandardFrameworkResolution.targets;/usr/share/dotnet/sdk/2.2.101/Sdks/Microsoft.NET.Sdk/targets/Microsoft.NET.GenerateAssemblyInfo.targets;/usr/share/dotnet/sdk/2.2.101/Sdks/Microsoft.NET.Sdk/targets/Microsoft.NET.ComposeStore.targets;/usr/share/dotnet/sdk/2.2.101/Sdks/Microsoft.NET.Sdk/targets/Microsoft.NET.CrossGen.targets" (previous value: ";/usr/share/dotnet/sdk/2.2.101/Sdks/Microsoft.NET.Sdk/Sdk/Sdk.props;/home/mdegallaix/Projects/yaml-parser/yaml-parser/obj/yaml-parser.fsproj.nuget.g.props;/home/mdegallaix/Projects/yaml-parser/yaml-parser/obj/yaml-parser.fsproj.paket.props;/usr/share/dotnet/sdk/2.2.101/Sdks/Microsoft.NET.Sdk/targets/Microsoft.NET.Sdk.props;/usr/share/dotnet/sdk/2.2.101/Sdks/Microsoft.NET.Sdk/targets/Microsoft.NET.Sdk.DefaultItems.props;/usr/share/dotnet/sdk/2.2.101/Sdks/Microsoft.NET.Sdk/targets/Microsoft.NET.SupportedTargetFrameworks.props;/usr/share/dotnet/sdk/2.2.101/Sdks/Microsoft.NET.Sdk/targets/Microsoft.NET.Sdk.FSharp.props;/usr/share/dotnet/sdk/2.2.101/FSharp/Microsoft.FSharp.NetSdk.props;/home/mdegallaix/Projects/yaml-parser/.paket/Paket.Restore.targets;/usr/share/dotnet/sdk/2.2.101/Sdks/Microsoft.NET.Sdk/Sdk/Sdk.targets;/usr/share/dotnet/sdk/2.2.101/Sdks/Microsoft.NET.Sdk/targets/Microsoft.NET.Sdk.BeforeCommon.targets;/usr/share/dotnet/sdk/2.2.101/Sdks/Microsoft.NET.Sdk/targets/Microsoft.NET.DefaultAssemblyInfo.targets;/usr/share/dotnet/sdk/2.2.101/Sdks/Microsoft.NET.Sdk/targets/Microsoft.NET.DefaultOutputPaths.targets;/usr/share/dotnet/sdk/2.2.101/Sdks/Microsoft.NET.Sdk/targets/Microsoft.NET.TargetFrameworkInference.targets;/usr/share/dotnet/sdk/2.2.101/Sdks/Microsoft.NET.Sdk/targets/Microsoft.NET.RuntimeIdentifierInference.targets;/usr/share/dotnet/sdk/2.2.101/Sdks/Microsoft.NET.Sdk/targets/Microsoft.NET.NuGetOfflineCache.targets;/usr/share/dotnet/sdk/2.2.101/Sdks/Microsoft.NET.Sdk/targets/Microsoft.NET.Sdk.FSharpTargetsShim.targets;/usr/share/dotnet/sdk/2.2.101/FSharp/Microsoft.FSharp.NetSdk.targets;/usr/share/dotnet/sdk/2.2.101/FSharp/Microsoft.FSharp.Targets;/home/mdegallaix/Projects/yaml-parser/yaml-parser/yaml-parser.fsproj;/usr/share/dotnet/sdk/2.2.101/Microsoft.Common.CurrentVersion.targets;/usr/share/dotnet/sdk/2.2.101/NuGet.targets;/usr/share/dotnet/sdk/2.2.101/15.0/Microsoft.Common.targets/ImportAfter/Microsoft.NET.Build.Extensions.targets;/usr/share/dotnet/sdk/2.2.101/Microsoft/Microsoft.NET.Build.Extensions/Microsoft.NET.Build.Extensions.targets;/usr/share/dotnet/sdk/2.2.101/15.0/Microsoft.Common.targets/ImportAfter/Microsoft.TestPlatform.ImportAfter.targets;/usr/share/dotnet/sdk/2.2.101/Microsoft.TestPlatform.targets;/home/mdegallaix/Projects/yaml-parser/yaml-parser/obj/yaml-parser.fsproj.nuget.g.targets;/home/mdegallaix/Projects/yaml-parser/yaml-parser/obj/yaml-parser.fsproj.proj-info.targets;/usr/share/dotnet/sdk/2.2.101/Sdks/Microsoft.NET.Sdk/targets/Microsoft.NET.Sdk.targets;/usr/share/dotnet/sdk/2.2.101/Sdks/Microsoft.NET.Sdk/targets/Microsoft.NET.Sdk.Common.targets;/usr/share/dotnet/sdk/2.2.101/Sdks/Microsoft.NET.Sdk/targets/Microsoft.PackageDependencyResolution.targets;/usr/share/dotnet/sdk/2.2.101/Sdks/Microsoft.NET.Sdk/targets/Microsoft.NET.Sdk.DefaultItems.targets;/usr/share/dotnet/sdk/2.2.101/Sdks/Microsoft.NET.Sdk/targets/Microsoft.NET.DisableStandardFrameworkResolution.targets;/usr/share/dotnet/sdk/2.2.101/Sdks/Microsoft.NET.Sdk/targets/Microsoft.NET.GenerateAssemblyInfo.targets;/usr/share/dotnet/sdk/2.2.101/Sdks/Microsoft.NET.Sdk/targets/Microsoft.NET.ComposeStore.targets") at /usr/share/dotnet/sdk/2.2.101/Sdks/Microsoft.NET.Sdk/targets/Microsoft.NET.CrossGen.targets (15,5)
       Property reassignment: $(MSBuildAllProjects)=";/usr/share/dotnet/sdk/2.2.101/Sdks/Microsoft.NET.Sdk/Sdk/Sdk.props;/home/mdegallaix/Projects/yaml-parser/yaml-parser/obj/yaml-parser.fsproj.nuget.g.props;/home/mdegallaix/Projects/yaml-parser/yaml-parser/obj/yaml-parser.fsproj.paket.props;/usr/share/dotnet/sdk/2.2.101/Sdks/Microsoft.NET.Sdk/targets/Microsoft.NET.Sdk.props;/usr/share/dotnet/sdk/2.2.101/Sdks/Microsoft.NET.Sdk/targets/Microsoft.NET.Sdk.DefaultItems.props;/usr/share/dotnet/sdk/2.2.101/Sdks/Microsoft.NET.Sdk/targets/Microsoft.NET.SupportedTargetFrameworks.props;/usr/share/dotnet/sdk/2.2.101/Sdks/Microsoft.NET.Sdk/targets/Microsoft.NET.Sdk.FSharp.props;/usr/share/dotnet/sdk/2.2.101/FSharp/Microsoft.FSharp.NetSdk.props;/home/mdegallaix/Projects/yaml-parser/.paket/Paket.Restore.targets;/usr/share/dotnet/sdk/2.2.101/Sdks/Microsoft.NET.Sdk/Sdk/Sdk.targets;/usr/share/dotnet/sdk/2.2.101/Sdks/Microsoft.NET.Sdk/targets/Microsoft.NET.Sdk.BeforeCommon.targets;/usr/share/dotnet/sdk/2.2.101/Sdks/Microsoft.NET.Sdk/targets/Microsoft.NET.DefaultAssemblyInfo.targets;/usr/share/dotnet/sdk/2.2.101/Sdks/Microsoft.NET.Sdk/targets/Microsoft.NET.DefaultOutputPaths.targets;/usr/share/dotnet/sdk/2.2.101/Sdks/Microsoft.NET.Sdk/targets/Microsoft.NET.TargetFrameworkInference.targets;/usr/share/dotnet/sdk/2.2.101/Sdks/Microsoft.NET.Sdk/targets/Microsoft.NET.RuntimeIdentifierInference.targets;/usr/share/dotnet/sdk/2.2.101/Sdks/Microsoft.NET.Sdk/targets/Microsoft.NET.NuGetOfflineCache.targets;/usr/share/dotnet/sdk/2.2.101/Sdks/Microsoft.NET.Sdk/targets/Microsoft.NET.Sdk.FSharpTargetsShim.targets;/usr/share/dotnet/sdk/2.2.101/FSharp/Microsoft.FSharp.NetSdk.targets;/usr/share/dotnet/sdk/2.2.101/FSharp/Microsoft.FSharp.Targets;/home/mdegallaix/Projects/yaml-parser/yaml-parser/yaml-parser.fsproj;/usr/share/dotnet/sdk/2.2.101/Microsoft.Common.CurrentVersion.targets;/usr/share/dotnet/sdk/2.2.101/NuGet.targets;/usr/share/dotnet/sdk/2.2.101/15.0/Microsoft.Common.targets/ImportAfter/Microsoft.NET.Build.Extensions.targets;/usr/share/dotnet/sdk/2.2.101/Microsoft/Microsoft.NET.Build.Extensions/Microsoft.NET.Build.Extensions.targets;/usr/share/dotnet/sdk/2.2.101/15.0/Microsoft.Common.targets/ImportAfter/Microsoft.TestPlatform.ImportAfter.targets;/usr/share/dotnet/sdk/2.2.101/Microsoft.TestPlatform.targets;/home/mdegallaix/Projects/yaml-parser/yaml-parser/obj/yaml-parser.fsproj.nuget.g.targets;/home/mdegallaix/Projects/yaml-parser/yaml-parser/obj/yaml-parser.fsproj.proj-info.targets;/usr/share/dotnet/sdk/2.2.101/Sdks/Microsoft.NET.Sdk/targets/Microsoft.NET.Sdk.targets;/usr/share/dotnet/sdk/2.2.101/Sdks/Microsoft.NET.Sdk/targets/Microsoft.NET.Sdk.Common.targets;/usr/share/dotnet/sdk/2.2.101/Sdks/Microsoft.NET.Sdk/targets/Microsoft.PackageDependencyResolution.targets;/usr/share/dotnet/sdk/2.2.101/Sdks/Microsoft.NET.Sdk/targets/Microsoft.NET.Sdk.DefaultItems.targets;/usr/share/dotnet/sdk/2.2.101/Sdks/Microsoft.NET.Sdk/targets/Microsoft.NET.DisableStandardFrameworkResolution.targets;/usr/share/dotnet/sdk/2.2.101/Sdks/Microsoft.NET.Sdk/targets/Microsoft.NET.GenerateAssemblyInfo.targets;/usr/share/dotnet/sdk/2.2.101/Sdks/Microsoft.NET.Sdk/targets/Microsoft.NET.ComposeStore.targets;/usr/share/dotnet/sdk/2.2.101/Sdks/Microsoft.NET.Sdk/targets/Microsoft.NET.CrossGen.targets;/usr/share/dotnet/sdk/2.2.101/Sdks/Microsoft.NET.Sdk/targets/Microsoft.NET.ObsoleteReferences.targets" (previous value: ";/usr/share/dotnet/sdk/2.2.101/Sdks/Microsoft.NET.Sdk/Sdk/Sdk.props;/home/mdegallaix/Projects/yaml-parser/yaml-parser/obj/yaml-parser.fsproj.nuget.g.props;/home/mdegallaix/Projects/yaml-parser/yaml-parser/obj/yaml-parser.fsproj.paket.props;/usr/share/dotnet/sdk/2.2.101/Sdks/Microsoft.NET.Sdk/targets/Microsoft.NET.Sdk.props;/usr/share/dotnet/sdk/2.2.101/Sdks/Microsoft.NET.Sdk/targets/Microsoft.NET.Sdk.DefaultItems.props;/usr/share/dotnet/sdk/2.2.101/Sdks/Microsoft.NET.Sdk/targets/Microsoft.NET.SupportedTargetFrameworks.props;/usr/share/dotnet/sdk/2.2.101/Sdks/Microsoft.NET.Sdk/targets/Microsoft.NET.Sdk.FSharp.props;/usr/share/dotnet/sdk/2.2.101/FSharp/Microsoft.FSharp.NetSdk.props;/home/mdegallaix/Projects/yaml-parser/.paket/Paket.Restore.targets;/usr/share/dotnet/sdk/2.2.101/Sdks/Microsoft.NET.Sdk/Sdk/Sdk.targets;/usr/share/dotnet/sdk/2.2.101/Sdks/Microsoft.NET.Sdk/targets/Microsoft.NET.Sdk.BeforeCommon.targets;/usr/share/dotnet/sdk/2.2.101/Sdks/Microsoft.NET.Sdk/targets/Microsoft.NET.DefaultAssemblyInfo.targets;/usr/share/dotnet/sdk/2.2.101/Sdks/Microsoft.NET.Sdk/targets/Microsoft.NET.DefaultOutputPaths.targets;/usr/share/dotnet/sdk/2.2.101/Sdks/Microsoft.NET.Sdk/targets/Microsoft.NET.TargetFrameworkInference.targets;/usr/share/dotnet/sdk/2.2.101/Sdks/Microsoft.NET.Sdk/targets/Microsoft.NET.RuntimeIdentifierInference.targets;/usr/share/dotnet/sdk/2.2.101/Sdks/Microsoft.NET.Sdk/targets/Microsoft.NET.NuGetOfflineCache.targets;/usr/share/dotnet/sdk/2.2.101/Sdks/Microsoft.NET.Sdk/targets/Microsoft.NET.Sdk.FSharpTargetsShim.targets;/usr/share/dotnet/sdk/2.2.101/FSharp/Microsoft.FSharp.NetSdk.targets;/usr/share/dotnet/sdk/2.2.101/FSharp/Microsoft.FSharp.Targets;/home/mdegallaix/Projects/yaml-parser/yaml-parser/yaml-parser.fsproj;/usr/share/dotnet/sdk/2.2.101/Microsoft.Common.CurrentVersion.targets;/usr/share/dotnet/sdk/2.2.101/NuGet.targets;/usr/share/dotnet/sdk/2.2.101/15.0/Microsoft.Common.targets/ImportAfter/Microsoft.NET.Build.Extensions.targets;/usr/share/dotnet/sdk/2.2.101/Microsoft/Microsoft.NET.Build.Extensions/Microsoft.NET.Build.Extensions.targets;/usr/share/dotnet/sdk/2.2.101/15.0/Microsoft.Common.targets/ImportAfter/Microsoft.TestPlatform.ImportAfter.targets;/usr/share/dotnet/sdk/2.2.101/Microsoft.TestPlatform.targets;/home/mdegallaix/Projects/yaml-parser/yaml-parser/obj/yaml-parser.fsproj.nuget.g.targets;/home/mdegallaix/Projects/yaml-parser/yaml-parser/obj/yaml-parser.fsproj.proj-info.targets;/usr/share/dotnet/sdk/2.2.101/Sdks/Microsoft.NET.Sdk/targets/Microsoft.NET.Sdk.targets;/usr/share/dotnet/sdk/2.2.101/Sdks/Microsoft.NET.Sdk/targets/Microsoft.NET.Sdk.Common.targets;/usr/share/dotnet/sdk/2.2.101/Sdks/Microsoft.NET.Sdk/targets/Microsoft.PackageDependencyResolution.targets;/usr/share/dotnet/sdk/2.2.101/Sdks/Microsoft.NET.Sdk/targets/Microsoft.NET.Sdk.DefaultItems.targets;/usr/share/dotnet/sdk/2.2.101/Sdks/Microsoft.NET.Sdk/targets/Microsoft.NET.DisableStandardFrameworkResolution.targets;/usr/share/dotnet/sdk/2.2.101/Sdks/Microsoft.NET.Sdk/targets/Microsoft.NET.GenerateAssemblyInfo.targets;/usr/share/dotnet/sdk/2.2.101/Sdks/Microsoft.NET.Sdk/targets/Microsoft.NET.ComposeStore.targets;/usr/share/dotnet/sdk/2.2.101/Sdks/Microsoft.NET.Sdk/targets/Microsoft.NET.CrossGen.targets") at /usr/share/dotnet/sdk/2.2.101/Sdks/Microsoft.NET.Sdk/targets/Microsoft.NET.ObsoleteReferences.targets (15,5)
       Property reassignment: $(MSBuildAllProjects)=";/usr/share/dotnet/sdk/2.2.101/Sdks/Microsoft.NET.Sdk/Sdk/Sdk.props;/home/mdegallaix/Projects/yaml-parser/yaml-parser/obj/yaml-parser.fsproj.nuget.g.props;/home/mdegallaix/Projects/yaml-parser/yaml-parser/obj/yaml-parser.fsproj.paket.props;/usr/share/dotnet/sdk/2.2.101/Sdks/Microsoft.NET.Sdk/targets/Microsoft.NET.Sdk.props;/usr/share/dotnet/sdk/2.2.101/Sdks/Microsoft.NET.Sdk/targets/Microsoft.NET.Sdk.DefaultItems.props;/usr/share/dotnet/sdk/2.2.101/Sdks/Microsoft.NET.Sdk/targets/Microsoft.NET.SupportedTargetFrameworks.props;/usr/share/dotnet/sdk/2.2.101/Sdks/Microsoft.NET.Sdk/targets/Microsoft.NET.Sdk.FSharp.props;/usr/share/dotnet/sdk/2.2.101/FSharp/Microsoft.FSharp.NetSdk.props;/home/mdegallaix/Projects/yaml-parser/.paket/Paket.Restore.targets;/usr/share/dotnet/sdk/2.2.101/Sdks/Microsoft.NET.Sdk/Sdk/Sdk.targets;/usr/share/dotnet/sdk/2.2.101/Sdks/Microsoft.NET.Sdk/targets/Microsoft.NET.Sdk.BeforeCommon.targets;/usr/share/dotnet/sdk/2.2.101/Sdks/Microsoft.NET.Sdk/targets/Microsoft.NET.DefaultAssemblyInfo.targets;/usr/share/dotnet/sdk/2.2.101/Sdks/Microsoft.NET.Sdk/targets/Microsoft.NET.DefaultOutputPaths.targets;/usr/share/dotnet/sdk/2.2.101/Sdks/Microsoft.NET.Sdk/targets/Microsoft.NET.TargetFrameworkInference.targets;/usr/share/dotnet/sdk/2.2.101/Sdks/Microsoft.NET.Sdk/targets/Microsoft.NET.RuntimeIdentifierInference.targets;/usr/share/dotnet/sdk/2.2.101/Sdks/Microsoft.NET.Sdk/targets/Microsoft.NET.NuGetOfflineCache.targets;/usr/share/dotnet/sdk/2.2.101/Sdks/Microsoft.NET.Sdk/targets/Microsoft.NET.Sdk.FSharpTargetsShim.targets;/usr/share/dotnet/sdk/2.2.101/FSharp/Microsoft.FSharp.NetSdk.targets;/usr/share/dotnet/sdk/2.2.101/FSharp/Microsoft.FSharp.Targets;/home/mdegallaix/Projects/yaml-parser/yaml-parser/yaml-parser.fsproj;/usr/share/dotnet/sdk/2.2.101/Microsoft.Common.CurrentVersion.targets;/usr/share/dotnet/sdk/2.2.101/NuGet.targets;/usr/share/dotnet/sdk/2.2.101/15.0/Microsoft.Common.targets/ImportAfter/Microsoft.NET.Build.Extensions.targets;/usr/share/dotnet/sdk/2.2.101/Microsoft/Microsoft.NET.Build.Extensions/Microsoft.NET.Build.Extensions.targets;/usr/share/dotnet/sdk/2.2.101/15.0/Microsoft.Common.targets/ImportAfter/Microsoft.TestPlatform.ImportAfter.targets;/usr/share/dotnet/sdk/2.2.101/Microsoft.TestPlatform.targets;/home/mdegallaix/Projects/yaml-parser/yaml-parser/obj/yaml-parser.fsproj.nuget.g.targets;/home/mdegallaix/Projects/yaml-parser/yaml-parser/obj/yaml-parser.fsproj.proj-info.targets;/usr/share/dotnet/sdk/2.2.101/Sdks/Microsoft.NET.Sdk/targets/Microsoft.NET.Sdk.targets;/usr/share/dotnet/sdk/2.2.101/Sdks/Microsoft.NET.Sdk/targets/Microsoft.NET.Sdk.Common.targets;/usr/share/dotnet/sdk/2.2.101/Sdks/Microsoft.NET.Sdk/targets/Microsoft.PackageDependencyResolution.targets;/usr/share/dotnet/sdk/2.2.101/Sdks/Microsoft.NET.Sdk/targets/Microsoft.NET.Sdk.DefaultItems.targets;/usr/share/dotnet/sdk/2.2.101/Sdks/Microsoft.NET.Sdk/targets/Microsoft.NET.DisableStandardFrameworkResolution.targets;/usr/share/dotnet/sdk/2.2.101/Sdks/Microsoft.NET.Sdk/targets/Microsoft.NET.GenerateAssemblyInfo.targets;/usr/share/dotnet/sdk/2.2.101/Sdks/Microsoft.NET.Sdk/targets/Microsoft.NET.ComposeStore.targets;/usr/share/dotnet/sdk/2.2.101/Sdks/Microsoft.NET.Sdk/targets/Microsoft.NET.CrossGen.targets;/usr/share/dotnet/sdk/2.2.101/Sdks/Microsoft.NET.Sdk/targets/Microsoft.NET.ObsoleteReferences.targets;/usr/share/dotnet/sdk/2.2.101/Sdks/Microsoft.NET.Sdk/targets/Microsoft.NET.Publish.targets" (previous value: ";/usr/share/dotnet/sdk/2.2.101/Sdks/Microsoft.NET.Sdk/Sdk/Sdk.props;/home/mdegallaix/Projects/yaml-parser/yaml-parser/obj/yaml-parser.fsproj.nuget.g.props;/home/mdegallaix/Projects/yaml-parser/yaml-parser/obj/yaml-parser.fsproj.paket.props;/usr/share/dotnet/sdk/2.2.101/Sdks/Microsoft.NET.Sdk/targets/Microsoft.NET.Sdk.props;/usr/share/dotnet/sdk/2.2.101/Sdks/Microsoft.NET.Sdk/targets/Microsoft.NET.Sdk.DefaultItems.props;/usr/share/dotnet/sdk/2.2.101/Sdks/Microsoft.NET.Sdk/targets/Microsoft.NET.SupportedTargetFrameworks.props;/usr/share/dotnet/sdk/2.2.101/Sdks/Microsoft.NET.Sdk/targets/Microsoft.NET.Sdk.FSharp.props;/usr/share/dotnet/sdk/2.2.101/FSharp/Microsoft.FSharp.NetSdk.props;/home/mdegallaix/Projects/yaml-parser/.paket/Paket.Restore.targets;/usr/share/dotnet/sdk/2.2.101/Sdks/Microsoft.NET.Sdk/Sdk/Sdk.targets;/usr/share/dotnet/sdk/2.2.101/Sdks/Microsoft.NET.Sdk/targets/Microsoft.NET.Sdk.BeforeCommon.targets;/usr/share/dotnet/sdk/2.2.101/Sdks/Microsoft.NET.Sdk/targets/Microsoft.NET.DefaultAssemblyInfo.targets;/usr/share/dotnet/sdk/2.2.101/Sdks/Microsoft.NET.Sdk/targets/Microsoft.NET.DefaultOutputPaths.targets;/usr/share/dotnet/sdk/2.2.101/Sdks/Microsoft.NET.Sdk/targets/Microsoft.NET.TargetFrameworkInference.targets;/usr/share/dotnet/sdk/2.2.101/Sdks/Microsoft.NET.Sdk/targets/Microsoft.NET.RuntimeIdentifierInference.targets;/usr/share/dotnet/sdk/2.2.101/Sdks/Microsoft.NET.Sdk/targets/Microsoft.NET.NuGetOfflineCache.targets;/usr/share/dotnet/sdk/2.2.101/Sdks/Microsoft.NET.Sdk/targets/Microsoft.NET.Sdk.FSharpTargetsShim.targets;/usr/share/dotnet/sdk/2.2.101/FSharp/Microsoft.FSharp.NetSdk.targets;/usr/share/dotnet/sdk/2.2.101/FSharp/Microsoft.FSharp.Targets;/home/mdegallaix/Projects/yaml-parser/yaml-parser/yaml-parser.fsproj;/usr/share/dotnet/sdk/2.2.101/Microsoft.Common.CurrentVersion.targets;/usr/share/dotnet/sdk/2.2.101/NuGet.targets;/usr/share/dotnet/sdk/2.2.101/15.0/Microsoft.Common.targets/ImportAfter/Microsoft.NET.Build.Extensions.targets;/usr/share/dotnet/sdk/2.2.101/Microsoft/Microsoft.NET.Build.Extensions/Microsoft.NET.Build.Extensions.targets;/usr/share/dotnet/sdk/2.2.101/15.0/Microsoft.Common.targets/ImportAfter/Microsoft.TestPlatform.ImportAfter.targets;/usr/share/dotnet/sdk/2.2.101/Microsoft.TestPlatform.targets;/home/mdegallaix/Projects/yaml-parser/yaml-parser/obj/yaml-parser.fsproj.nuget.g.targets;/home/mdegallaix/Projects/yaml-parser/yaml-parser/obj/yaml-parser.fsproj.proj-info.targets;/usr/share/dotnet/sdk/2.2.101/Sdks/Microsoft.NET.Sdk/targets/Microsoft.NET.Sdk.targets;/usr/share/dotnet/sdk/2.2.101/Sdks/Microsoft.NET.Sdk/targets/Microsoft.NET.Sdk.Common.targets;/usr/share/dotnet/sdk/2.2.101/Sdks/Microsoft.NET.Sdk/targets/Microsoft.PackageDependencyResolution.targets;/usr/share/dotnet/sdk/2.2.101/Sdks/Microsoft.NET.Sdk/targets/Microsoft.NET.Sdk.DefaultItems.targets;/usr/share/dotnet/sdk/2.2.101/Sdks/Microsoft.NET.Sdk/targets/Microsoft.NET.DisableStandardFrameworkResolution.targets;/usr/share/dotnet/sdk/2.2.101/Sdks/Microsoft.NET.Sdk/targets/Microsoft.NET.GenerateAssemblyInfo.targets;/usr/share/dotnet/sdk/2.2.101/Sdks/Microsoft.NET.Sdk/targets/Microsoft.NET.ComposeStore.targets;/usr/share/dotnet/sdk/2.2.101/Sdks/Microsoft.NET.Sdk/targets/Microsoft.NET.CrossGen.targets;/usr/share/dotnet/sdk/2.2.101/Sdks/Microsoft.NET.Sdk/targets/Microsoft.NET.ObsoleteReferences.targets") at /usr/share/dotnet/sdk/2.2.101/Sdks/Microsoft.NET.Sdk/targets/Microsoft.NET.Publish.targets (15,5)
       Property reassignment: $(_ShimInputCacheFile)="/home/mdegallaix/Projects/yaml-parser/yaml-parser/obj/Debug/netstandard1.6/yaml-parser.shiminput.cache" (previous value: "obj\Debug\netstandard1.6\yaml-parser.shiminput.cache") at /usr/share/dotnet/sdk/2.2.101/Sdks/Microsoft.NET.Sdk/targets/Microsoft.NET.PackTool.targets (91,5)
       Property reassignment: $(_ShimCreatedSentinelFile)="/home/mdegallaix/Projects/yaml-parser/yaml-parser/obj/Debug/netstandard1.6/yaml-parser.shimcreated.sentinel" (previous value: "obj\Debug\netstandard1.6\yaml-parser.shimcreated.sentinel") at /usr/share/dotnet/sdk/2.2.101/Sdks/Microsoft.NET.Sdk/targets/Microsoft.NET.PackTool.targets (93,5)
       Property reassignment: $(MSBuildAllProjects)=";/usr/share/dotnet/sdk/2.2.101/Sdks/Microsoft.NET.Sdk/Sdk/Sdk.props;/home/mdegallaix/Projects/yaml-parser/yaml-parser/obj/yaml-parser.fsproj.nuget.g.props;/home/mdegallaix/Projects/yaml-parser/yaml-parser/obj/yaml-parser.fsproj.paket.props;/usr/share/dotnet/sdk/2.2.101/Sdks/Microsoft.NET.Sdk/targets/Microsoft.NET.Sdk.props;/usr/share/dotnet/sdk/2.2.101/Sdks/Microsoft.NET.Sdk/targets/Microsoft.NET.Sdk.DefaultItems.props;/usr/share/dotnet/sdk/2.2.101/Sdks/Microsoft.NET.Sdk/targets/Microsoft.NET.SupportedTargetFrameworks.props;/usr/share/dotnet/sdk/2.2.101/Sdks/Microsoft.NET.Sdk/targets/Microsoft.NET.Sdk.FSharp.props;/usr/share/dotnet/sdk/2.2.101/FSharp/Microsoft.FSharp.NetSdk.props;/home/mdegallaix/Projects/yaml-parser/.paket/Paket.Restore.targets;/usr/share/dotnet/sdk/2.2.101/Sdks/Microsoft.NET.Sdk/Sdk/Sdk.targets;/usr/share/dotnet/sdk/2.2.101/Sdks/Microsoft.NET.Sdk/targets/Microsoft.NET.Sdk.BeforeCommon.targets;/usr/share/dotnet/sdk/2.2.101/Sdks/Microsoft.NET.Sdk/targets/Microsoft.NET.DefaultAssemblyInfo.targets;/usr/share/dotnet/sdk/2.2.101/Sdks/Microsoft.NET.Sdk/targets/Microsoft.NET.DefaultOutputPaths.targets;/usr/share/dotnet/sdk/2.2.101/Sdks/Microsoft.NET.Sdk/targets/Microsoft.NET.TargetFrameworkInference.targets;/usr/share/dotnet/sdk/2.2.101/Sdks/Microsoft.NET.Sdk/targets/Microsoft.NET.RuntimeIdentifierInference.targets;/usr/share/dotnet/sdk/2.2.101/Sdks/Microsoft.NET.Sdk/targets/Microsoft.NET.NuGetOfflineCache.targets;/usr/share/dotnet/sdk/2.2.101/Sdks/Microsoft.NET.Sdk/targets/Microsoft.NET.Sdk.FSharpTargetsShim.targets;/usr/share/dotnet/sdk/2.2.101/FSharp/Microsoft.FSharp.NetSdk.targets;/usr/share/dotnet/sdk/2.2.101/FSharp/Microsoft.FSharp.Targets;/home/mdegallaix/Projects/yaml-parser/yaml-parser/yaml-parser.fsproj;/usr/share/dotnet/sdk/2.2.101/Microsoft.Common.CurrentVersion.targets;/usr/share/dotnet/sdk/2.2.101/NuGet.targets;/usr/share/dotnet/sdk/2.2.101/15.0/Microsoft.Common.targets/ImportAfter/Microsoft.NET.Build.Extensions.targets;/usr/share/dotnet/sdk/2.2.101/Microsoft/Microsoft.NET.Build.Extensions/Microsoft.NET.Build.Extensions.targets;/usr/share/dotnet/sdk/2.2.101/15.0/Microsoft.Common.targets/ImportAfter/Microsoft.TestPlatform.ImportAfter.targets;/usr/share/dotnet/sdk/2.2.101/Microsoft.TestPlatform.targets;/home/mdegallaix/Projects/yaml-parser/yaml-parser/obj/yaml-parser.fsproj.nuget.g.targets;/home/mdegallaix/Projects/yaml-parser/yaml-parser/obj/yaml-parser.fsproj.proj-info.targets;/usr/share/dotnet/sdk/2.2.101/Sdks/Microsoft.NET.Sdk/targets/Microsoft.NET.Sdk.targets;/usr/share/dotnet/sdk/2.2.101/Sdks/Microsoft.NET.Sdk/targets/Microsoft.NET.Sdk.Common.targets;/usr/share/dotnet/sdk/2.2.101/Sdks/Microsoft.NET.Sdk/targets/Microsoft.PackageDependencyResolution.targets;/usr/share/dotnet/sdk/2.2.101/Sdks/Microsoft.NET.Sdk/targets/Microsoft.NET.Sdk.DefaultItems.targets;/usr/share/dotnet/sdk/2.2.101/Sdks/Microsoft.NET.Sdk/targets/Microsoft.NET.DisableStandardFrameworkResolution.targets;/usr/share/dotnet/sdk/2.2.101/Sdks/Microsoft.NET.Sdk/targets/Microsoft.NET.GenerateAssemblyInfo.targets;/usr/share/dotnet/sdk/2.2.101/Sdks/Microsoft.NET.Sdk/targets/Microsoft.NET.ComposeStore.targets;/usr/share/dotnet/sdk/2.2.101/Sdks/Microsoft.NET.Sdk/targets/Microsoft.NET.CrossGen.targets;/usr/share/dotnet/sdk/2.2.101/Sdks/Microsoft.NET.Sdk/targets/Microsoft.NET.ObsoleteReferences.targets;/usr/share/dotnet/sdk/2.2.101/Sdks/Microsoft.NET.Sdk/targets/Microsoft.NET.Publish.targets;/usr/share/dotnet/sdk/2.2.101/Sdks/Microsoft.NET.Sdk/targets/Microsoft.NET.PreserveCompilationContext.targets" (previous value: ";/usr/share/dotnet/sdk/2.2.101/Sdks/Microsoft.NET.Sdk/Sdk/Sdk.props;/home/mdegallaix/Projects/yaml-parser/yaml-parser/obj/yaml-parser.fsproj.nuget.g.props;/home/mdegallaix/Projects/yaml-parser/yaml-parser/obj/yaml-parser.fsproj.paket.props;/usr/share/dotnet/sdk/2.2.101/Sdks/Microsoft.NET.Sdk/targets/Microsoft.NET.Sdk.props;/usr/share/dotnet/sdk/2.2.101/Sdks/Microsoft.NET.Sdk/targets/Microsoft.NET.Sdk.DefaultItems.props;/usr/share/dotnet/sdk/2.2.101/Sdks/Microsoft.NET.Sdk/targets/Microsoft.NET.SupportedTargetFrameworks.props;/usr/share/dotnet/sdk/2.2.101/Sdks/Microsoft.NET.Sdk/targets/Microsoft.NET.Sdk.FSharp.props;/usr/share/dotnet/sdk/2.2.101/FSharp/Microsoft.FSharp.NetSdk.props;/home/mdegallaix/Projects/yaml-parser/.paket/Paket.Restore.targets;/usr/share/dotnet/sdk/2.2.101/Sdks/Microsoft.NET.Sdk/Sdk/Sdk.targets;/usr/share/dotnet/sdk/2.2.101/Sdks/Microsoft.NET.Sdk/targets/Microsoft.NET.Sdk.BeforeCommon.targets;/usr/share/dotnet/sdk/2.2.101/Sdks/Microsoft.NET.Sdk/targets/Microsoft.NET.DefaultAssemblyInfo.targets;/usr/share/dotnet/sdk/2.2.101/Sdks/Microsoft.NET.Sdk/targets/Microsoft.NET.DefaultOutputPaths.targets;/usr/share/dotnet/sdk/2.2.101/Sdks/Microsoft.NET.Sdk/targets/Microsoft.NET.TargetFrameworkInference.targets;/usr/share/dotnet/sdk/2.2.101/Sdks/Microsoft.NET.Sdk/targets/Microsoft.NET.RuntimeIdentifierInference.targets;/usr/share/dotnet/sdk/2.2.101/Sdks/Microsoft.NET.Sdk/targets/Microsoft.NET.NuGetOfflineCache.targets;/usr/share/dotnet/sdk/2.2.101/Sdks/Microsoft.NET.Sdk/targets/Microsoft.NET.Sdk.FSharpTargetsShim.targets;/usr/share/dotnet/sdk/2.2.101/FSharp/Microsoft.FSharp.NetSdk.targets;/usr/share/dotnet/sdk/2.2.101/FSharp/Microsoft.FSharp.Targets;/home/mdegallaix/Projects/yaml-parser/yaml-parser/yaml-parser.fsproj;/usr/share/dotnet/sdk/2.2.101/Microsoft.Common.CurrentVersion.targets;/usr/share/dotnet/sdk/2.2.101/NuGet.targets;/usr/share/dotnet/sdk/2.2.101/15.0/Microsoft.Common.targets/ImportAfter/Microsoft.NET.Build.Extensions.targets;/usr/share/dotnet/sdk/2.2.101/Microsoft/Microsoft.NET.Build.Extensions/Microsoft.NET.Build.Extensions.targets;/usr/share/dotnet/sdk/2.2.101/15.0/Microsoft.Common.targets/ImportAfter/Microsoft.TestPlatform.ImportAfter.targets;/usr/share/dotnet/sdk/2.2.101/Microsoft.TestPlatform.targets;/home/mdegallaix/Projects/yaml-parser/yaml-parser/obj/yaml-parser.fsproj.nuget.g.targets;/home/mdegallaix/Projects/yaml-parser/yaml-parser/obj/yaml-parser.fsproj.proj-info.targets;/usr/share/dotnet/sdk/2.2.101/Sdks/Microsoft.NET.Sdk/targets/Microsoft.NET.Sdk.targets;/usr/share/dotnet/sdk/2.2.101/Sdks/Microsoft.NET.Sdk/targets/Microsoft.NET.Sdk.Common.targets;/usr/share/dotnet/sdk/2.2.101/Sdks/Microsoft.NET.Sdk/targets/Microsoft.PackageDependencyResolution.targets;/usr/share/dotnet/sdk/2.2.101/Sdks/Microsoft.NET.Sdk/targets/Microsoft.NET.Sdk.DefaultItems.targets;/usr/share/dotnet/sdk/2.2.101/Sdks/Microsoft.NET.Sdk/targets/Microsoft.NET.DisableStandardFrameworkResolution.targets;/usr/share/dotnet/sdk/2.2.101/Sdks/Microsoft.NET.Sdk/targets/Microsoft.NET.GenerateAssemblyInfo.targets;/usr/share/dotnet/sdk/2.2.101/Sdks/Microsoft.NET.Sdk/targets/Microsoft.NET.ComposeStore.targets;/usr/share/dotnet/sdk/2.2.101/Sdks/Microsoft.NET.Sdk/targets/Microsoft.NET.CrossGen.targets;/usr/share/dotnet/sdk/2.2.101/Sdks/Microsoft.NET.Sdk/targets/Microsoft.NET.ObsoleteReferences.targets;/usr/share/dotnet/sdk/2.2.101/Sdks/Microsoft.NET.Sdk/targets/Microsoft.NET.Publish.targets") at /usr/share/dotnet/sdk/2.2.101/Sdks/Microsoft.NET.Sdk/targets/Microsoft.NET.PreserveCompilationContext.targets (15,5)
       Property reassignment: $(MSBuildAllProjects)=";/usr/share/dotnet/sdk/2.2.101/Sdks/Microsoft.NET.Sdk/Sdk/Sdk.props;/home/mdegallaix/Projects/yaml-parser/yaml-parser/obj/yaml-parser.fsproj.nuget.g.props;/home/mdegallaix/Projects/yaml-parser/yaml-parser/obj/yaml-parser.fsproj.paket.props;/usr/share/dotnet/sdk/2.2.101/Sdks/Microsoft.NET.Sdk/targets/Microsoft.NET.Sdk.props;/usr/share/dotnet/sdk/2.2.101/Sdks/Microsoft.NET.Sdk/targets/Microsoft.NET.Sdk.DefaultItems.props;/usr/share/dotnet/sdk/2.2.101/Sdks/Microsoft.NET.Sdk/targets/Microsoft.NET.SupportedTargetFrameworks.props;/usr/share/dotnet/sdk/2.2.101/Sdks/Microsoft.NET.Sdk/targets/Microsoft.NET.Sdk.FSharp.props;/usr/share/dotnet/sdk/2.2.101/FSharp/Microsoft.FSharp.NetSdk.props;/home/mdegallaix/Projects/yaml-parser/.paket/Paket.Restore.targets;/usr/share/dotnet/sdk/2.2.101/Sdks/Microsoft.NET.Sdk/Sdk/Sdk.targets;/usr/share/dotnet/sdk/2.2.101/Sdks/Microsoft.NET.Sdk/targets/Microsoft.NET.Sdk.BeforeCommon.targets;/usr/share/dotnet/sdk/2.2.101/Sdks/Microsoft.NET.Sdk/targets/Microsoft.NET.DefaultAssemblyInfo.targets;/usr/share/dotnet/sdk/2.2.101/Sdks/Microsoft.NET.Sdk/targets/Microsoft.NET.DefaultOutputPaths.targets;/usr/share/dotnet/sdk/2.2.101/Sdks/Microsoft.NET.Sdk/targets/Microsoft.NET.TargetFrameworkInference.targets;/usr/share/dotnet/sdk/2.2.101/Sdks/Microsoft.NET.Sdk/targets/Microsoft.NET.RuntimeIdentifierInference.targets;/usr/share/dotnet/sdk/2.2.101/Sdks/Microsoft.NET.Sdk/targets/Microsoft.NET.NuGetOfflineCache.targets;/usr/share/dotnet/sdk/2.2.101/Sdks/Microsoft.NET.Sdk/targets/Microsoft.NET.Sdk.FSharpTargetsShim.targets;/usr/share/dotnet/sdk/2.2.101/FSharp/Microsoft.FSharp.NetSdk.targets;/usr/share/dotnet/sdk/2.2.101/FSharp/Microsoft.FSharp.Targets;/home/mdegallaix/Projects/yaml-parser/yaml-parser/yaml-parser.fsproj;/usr/share/dotnet/sdk/2.2.101/Microsoft.Common.CurrentVersion.targets;/usr/share/dotnet/sdk/2.2.101/NuGet.targets;/usr/share/dotnet/sdk/2.2.101/15.0/Microsoft.Common.targets/ImportAfter/Microsoft.NET.Build.Extensions.targets;/usr/share/dotnet/sdk/2.2.101/Microsoft/Microsoft.NET.Build.Extensions/Microsoft.NET.Build.Extensions.targets;/usr/share/dotnet/sdk/2.2.101/15.0/Microsoft.Common.targets/ImportAfter/Microsoft.TestPlatform.ImportAfter.targets;/usr/share/dotnet/sdk/2.2.101/Microsoft.TestPlatform.targets;/home/mdegallaix/Projects/yaml-parser/yaml-parser/obj/yaml-parser.fsproj.nuget.g.targets;/home/mdegallaix/Projects/yaml-parser/yaml-parser/obj/yaml-parser.fsproj.proj-info.targets;/usr/share/dotnet/sdk/2.2.101/Sdks/Microsoft.NET.Sdk/targets/Microsoft.NET.Sdk.targets;/usr/share/dotnet/sdk/2.2.101/Sdks/Microsoft.NET.Sdk/targets/Microsoft.NET.Sdk.Common.targets;/usr/share/dotnet/sdk/2.2.101/Sdks/Microsoft.NET.Sdk/targets/Microsoft.PackageDependencyResolution.targets;/usr/share/dotnet/sdk/2.2.101/Sdks/Microsoft.NET.Sdk/targets/Microsoft.NET.Sdk.DefaultItems.targets;/usr/share/dotnet/sdk/2.2.101/Sdks/Microsoft.NET.Sdk/targets/Microsoft.NET.DisableStandardFrameworkResolution.targets;/usr/share/dotnet/sdk/2.2.101/Sdks/Microsoft.NET.Sdk/targets/Microsoft.NET.GenerateAssemblyInfo.targets;/usr/share/dotnet/sdk/2.2.101/Sdks/Microsoft.NET.Sdk/targets/Microsoft.NET.ComposeStore.targets;/usr/share/dotnet/sdk/2.2.101/Sdks/Microsoft.NET.Sdk/targets/Microsoft.NET.CrossGen.targets;/usr/share/dotnet/sdk/2.2.101/Sdks/Microsoft.NET.Sdk/targets/Microsoft.NET.ObsoleteReferences.targets;/usr/share/dotnet/sdk/2.2.101/Sdks/Microsoft.NET.Sdk/targets/Microsoft.NET.Publish.targets;/usr/share/dotnet/sdk/2.2.101/Sdks/Microsoft.NET.Sdk/targets/Microsoft.NET.PreserveCompilationContext.targets;/usr/share/dotnet/sdk/2.2.101/Sdks/Microsoft.NET.Sdk/targets/Microsoft.NET.ConflictResolution.targets" (previous value: ";/usr/share/dotnet/sdk/2.2.101/Sdks/Microsoft.NET.Sdk/Sdk/Sdk.props;/home/mdegallaix/Projects/yaml-parser/yaml-parser/obj/yaml-parser.fsproj.nuget.g.props;/home/mdegallaix/Projects/yaml-parser/yaml-parser/obj/yaml-parser.fsproj.paket.props;/usr/share/dotnet/sdk/2.2.101/Sdks/Microsoft.NET.Sdk/targets/Microsoft.NET.Sdk.props;/usr/share/dotnet/sdk/2.2.101/Sdks/Microsoft.NET.Sdk/targets/Microsoft.NET.Sdk.DefaultItems.props;/usr/share/dotnet/sdk/2.2.101/Sdks/Microsoft.NET.Sdk/targets/Microsoft.NET.SupportedTargetFrameworks.props;/usr/share/dotnet/sdk/2.2.101/Sdks/Microsoft.NET.Sdk/targets/Microsoft.NET.Sdk.FSharp.props;/usr/share/dotnet/sdk/2.2.101/FSharp/Microsoft.FSharp.NetSdk.props;/home/mdegallaix/Projects/yaml-parser/.paket/Paket.Restore.targets;/usr/share/dotnet/sdk/2.2.101/Sdks/Microsoft.NET.Sdk/Sdk/Sdk.targets;/usr/share/dotnet/sdk/2.2.101/Sdks/Microsoft.NET.Sdk/targets/Microsoft.NET.Sdk.BeforeCommon.targets;/usr/share/dotnet/sdk/2.2.101/Sdks/Microsoft.NET.Sdk/targets/Microsoft.NET.DefaultAssemblyInfo.targets;/usr/share/dotnet/sdk/2.2.101/Sdks/Microsoft.NET.Sdk/targets/Microsoft.NET.DefaultOutputPaths.targets;/usr/share/dotnet/sdk/2.2.101/Sdks/Microsoft.NET.Sdk/targets/Microsoft.NET.TargetFrameworkInference.targets;/usr/share/dotnet/sdk/2.2.101/Sdks/Microsoft.NET.Sdk/targets/Microsoft.NET.RuntimeIdentifierInference.targets;/usr/share/dotnet/sdk/2.2.101/Sdks/Microsoft.NET.Sdk/targets/Microsoft.NET.NuGetOfflineCache.targets;/usr/share/dotnet/sdk/2.2.101/Sdks/Microsoft.NET.Sdk/targets/Microsoft.NET.Sdk.FSharpTargetsShim.targets;/usr/share/dotnet/sdk/2.2.101/FSharp/Microsoft.FSharp.NetSdk.targets;/usr/share/dotnet/sdk/2.2.101/FSharp/Microsoft.FSharp.Targets;/home/mdegallaix/Projects/yaml-parser/yaml-parser/yaml-parser.fsproj;/usr/share/dotnet/sdk/2.2.101/Microsoft.Common.CurrentVersion.targets;/usr/share/dotnet/sdk/2.2.101/NuGet.targets;/usr/share/dotnet/sdk/2.2.101/15.0/Microsoft.Common.targets/ImportAfter/Microsoft.NET.Build.Extensions.targets;/usr/share/dotnet/sdk/2.2.101/Microsoft/Microsoft.NET.Build.Extensions/Microsoft.NET.Build.Extensions.targets;/usr/share/dotnet/sdk/2.2.101/15.0/Microsoft.Common.targets/ImportAfter/Microsoft.TestPlatform.ImportAfter.targets;/usr/share/dotnet/sdk/2.2.101/Microsoft.TestPlatform.targets;/home/mdegallaix/Projects/yaml-parser/yaml-parser/obj/yaml-parser.fsproj.nuget.g.targets;/home/mdegallaix/Projects/yaml-parser/yaml-parser/obj/yaml-parser.fsproj.proj-info.targets;/usr/share/dotnet/sdk/2.2.101/Sdks/Microsoft.NET.Sdk/targets/Microsoft.NET.Sdk.targets;/usr/share/dotnet/sdk/2.2.101/Sdks/Microsoft.NET.Sdk/targets/Microsoft.NET.Sdk.Common.targets;/usr/share/dotnet/sdk/2.2.101/Sdks/Microsoft.NET.Sdk/targets/Microsoft.PackageDependencyResolution.targets;/usr/share/dotnet/sdk/2.2.101/Sdks/Microsoft.NET.Sdk/targets/Microsoft.NET.Sdk.DefaultItems.targets;/usr/share/dotnet/sdk/2.2.101/Sdks/Microsoft.NET.Sdk/targets/Microsoft.NET.DisableStandardFrameworkResolution.targets;/usr/share/dotnet/sdk/2.2.101/Sdks/Microsoft.NET.Sdk/targets/Microsoft.NET.GenerateAssemblyInfo.targets;/usr/share/dotnet/sdk/2.2.101/Sdks/Microsoft.NET.Sdk/targets/Microsoft.NET.ComposeStore.targets;/usr/share/dotnet/sdk/2.2.101/Sdks/Microsoft.NET.Sdk/targets/Microsoft.NET.CrossGen.targets;/usr/share/dotnet/sdk/2.2.101/Sdks/Microsoft.NET.Sdk/targets/Microsoft.NET.ObsoleteReferences.targets;/usr/share/dotnet/sdk/2.2.101/Sdks/Microsoft.NET.Sdk/targets/Microsoft.NET.Publish.targets;/usr/share/dotnet/sdk/2.2.101/Sdks/Microsoft.NET.Sdk/targets/Microsoft.NET.PreserveCompilationContext.targets") at /usr/share/dotnet/sdk/2.2.101/Sdks/Microsoft.NET.Sdk/targets/Microsoft.NET.ConflictResolution.targets (16,5)
       Property reassignment: $(MSBuildAllProjects)=";/usr/share/dotnet/sdk/2.2.101/Sdks/Microsoft.NET.Sdk/Sdk/Sdk.props;/home/mdegallaix/Projects/yaml-parser/yaml-parser/obj/yaml-parser.fsproj.nuget.g.props;/home/mdegallaix/Projects/yaml-parser/yaml-parser/obj/yaml-parser.fsproj.paket.props;/usr/share/dotnet/sdk/2.2.101/Sdks/Microsoft.NET.Sdk/targets/Microsoft.NET.Sdk.props;/usr/share/dotnet/sdk/2.2.101/Sdks/Microsoft.NET.Sdk/targets/Microsoft.NET.Sdk.DefaultItems.props;/usr/share/dotnet/sdk/2.2.101/Sdks/Microsoft.NET.Sdk/targets/Microsoft.NET.SupportedTargetFrameworks.props;/usr/share/dotnet/sdk/2.2.101/Sdks/Microsoft.NET.Sdk/targets/Microsoft.NET.Sdk.FSharp.props;/usr/share/dotnet/sdk/2.2.101/FSharp/Microsoft.FSharp.NetSdk.props;/home/mdegallaix/Projects/yaml-parser/.paket/Paket.Restore.targets;/usr/share/dotnet/sdk/2.2.101/Sdks/Microsoft.NET.Sdk/Sdk/Sdk.targets;/usr/share/dotnet/sdk/2.2.101/Sdks/Microsoft.NET.Sdk/targets/Microsoft.NET.Sdk.BeforeCommon.targets;/usr/share/dotnet/sdk/2.2.101/Sdks/Microsoft.NET.Sdk/targets/Microsoft.NET.DefaultAssemblyInfo.targets;/usr/share/dotnet/sdk/2.2.101/Sdks/Microsoft.NET.Sdk/targets/Microsoft.NET.DefaultOutputPaths.targets;/usr/share/dotnet/sdk/2.2.101/Sdks/Microsoft.NET.Sdk/targets/Microsoft.NET.TargetFrameworkInference.targets;/usr/share/dotnet/sdk/2.2.101/Sdks/Microsoft.NET.Sdk/targets/Microsoft.NET.RuntimeIdentifierInference.targets;/usr/share/dotnet/sdk/2.2.101/Sdks/Microsoft.NET.Sdk/targets/Microsoft.NET.NuGetOfflineCache.targets;/usr/share/dotnet/sdk/2.2.101/Sdks/Microsoft.NET.Sdk/targets/Microsoft.NET.Sdk.FSharpTargetsShim.targets;/usr/share/dotnet/sdk/2.2.101/FSharp/Microsoft.FSharp.NetSdk.targets;/usr/share/dotnet/sdk/2.2.101/FSharp/Microsoft.FSharp.Targets;/home/mdegallaix/Projects/yaml-parser/yaml-parser/yaml-parser.fsproj;/usr/share/dotnet/sdk/2.2.101/Microsoft.Common.CurrentVersion.targets;/usr/share/dotnet/sdk/2.2.101/NuGet.targets;/usr/share/dotnet/sdk/2.2.101/15.0/Microsoft.Common.targets/ImportAfter/Microsoft.NET.Build.Extensions.targets;/usr/share/dotnet/sdk/2.2.101/Microsoft/Microsoft.NET.Build.Extensions/Microsoft.NET.Build.Extensions.targets;/usr/share/dotnet/sdk/2.2.101/15.0/Microsoft.Common.targets/ImportAfter/Microsoft.TestPlatform.ImportAfter.targets;/usr/share/dotnet/sdk/2.2.101/Microsoft.TestPlatform.targets;/home/mdegallaix/Projects/yaml-parser/yaml-parser/obj/yaml-parser.fsproj.nuget.g.targets;/home/mdegallaix/Projects/yaml-parser/yaml-parser/obj/yaml-parser.fsproj.proj-info.targets;/usr/share/dotnet/sdk/2.2.101/Sdks/Microsoft.NET.Sdk/targets/Microsoft.NET.Sdk.targets;/usr/share/dotnet/sdk/2.2.101/Sdks/Microsoft.NET.Sdk/targets/Microsoft.NET.Sdk.Common.targets;/usr/share/dotnet/sdk/2.2.101/Sdks/Microsoft.NET.Sdk/targets/Microsoft.PackageDependencyResolution.targets;/usr/share/dotnet/sdk/2.2.101/Sdks/Microsoft.NET.Sdk/targets/Microsoft.NET.Sdk.DefaultItems.targets;/usr/share/dotnet/sdk/2.2.101/Sdks/Microsoft.NET.Sdk/targets/Microsoft.NET.DisableStandardFrameworkResolution.targets;/usr/share/dotnet/sdk/2.2.101/Sdks/Microsoft.NET.Sdk/targets/Microsoft.NET.GenerateAssemblyInfo.targets;/usr/share/dotnet/sdk/2.2.101/Sdks/Microsoft.NET.Sdk/targets/Microsoft.NET.ComposeStore.targets;/usr/share/dotnet/sdk/2.2.101/Sdks/Microsoft.NET.Sdk/targets/Microsoft.NET.CrossGen.targets;/usr/share/dotnet/sdk/2.2.101/Sdks/Microsoft.NET.Sdk/targets/Microsoft.NET.ObsoleteReferences.targets;/usr/share/dotnet/sdk/2.2.101/Sdks/Microsoft.NET.Sdk/targets/Microsoft.NET.Publish.targets;/usr/share/dotnet/sdk/2.2.101/Sdks/Microsoft.NET.Sdk/targets/Microsoft.NET.PreserveCompilationContext.targets;/usr/share/dotnet/sdk/2.2.101/Sdks/Microsoft.NET.Sdk/targets/Microsoft.NET.ConflictResolution.targets;/usr/share/dotnet/sdk/2.2.101/Sdks/Microsoft.NET.Sdk/targets/Microsoft.NET.DefaultPackageConflictOverrides.targets" (previous value: ";/usr/share/dotnet/sdk/2.2.101/Sdks/Microsoft.NET.Sdk/Sdk/Sdk.props;/home/mdegallaix/Projects/yaml-parser/yaml-parser/obj/yaml-parser.fsproj.nuget.g.props;/home/mdegallaix/Projects/yaml-parser/yaml-parser/obj/yaml-parser.fsproj.paket.props;/usr/share/dotnet/sdk/2.2.101/Sdks/Microsoft.NET.Sdk/targets/Microsoft.NET.Sdk.props;/usr/share/dotnet/sdk/2.2.101/Sdks/Microsoft.NET.Sdk/targets/Microsoft.NET.Sdk.DefaultItems.props;/usr/share/dotnet/sdk/2.2.101/Sdks/Microsoft.NET.Sdk/targets/Microsoft.NET.SupportedTargetFrameworks.props;/usr/share/dotnet/sdk/2.2.101/Sdks/Microsoft.NET.Sdk/targets/Microsoft.NET.Sdk.FSharp.props;/usr/share/dotnet/sdk/2.2.101/FSharp/Microsoft.FSharp.NetSdk.props;/home/mdegallaix/Projects/yaml-parser/.paket/Paket.Restore.targets;/usr/share/dotnet/sdk/2.2.101/Sdks/Microsoft.NET.Sdk/Sdk/Sdk.targets;/usr/share/dotnet/sdk/2.2.101/Sdks/Microsoft.NET.Sdk/targets/Microsoft.NET.Sdk.BeforeCommon.targets;/usr/share/dotnet/sdk/2.2.101/Sdks/Microsoft.NET.Sdk/targets/Microsoft.NET.DefaultAssemblyInfo.targets;/usr/share/dotnet/sdk/2.2.101/Sdks/Microsoft.NET.Sdk/targets/Microsoft.NET.DefaultOutputPaths.targets;/usr/share/dotnet/sdk/2.2.101/Sdks/Microsoft.NET.Sdk/targets/Microsoft.NET.TargetFrameworkInference.targets;/usr/share/dotnet/sdk/2.2.101/Sdks/Microsoft.NET.Sdk/targets/Microsoft.NET.RuntimeIdentifierInference.targets;/usr/share/dotnet/sdk/2.2.101/Sdks/Microsoft.NET.Sdk/targets/Microsoft.NET.NuGetOfflineCache.targets;/usr/share/dotnet/sdk/2.2.101/Sdks/Microsoft.NET.Sdk/targets/Microsoft.NET.Sdk.FSharpTargetsShim.targets;/usr/share/dotnet/sdk/2.2.101/FSharp/Microsoft.FSharp.NetSdk.targets;/usr/share/dotnet/sdk/2.2.101/FSharp/Microsoft.FSharp.Targets;/home/mdegallaix/Projects/yaml-parser/yaml-parser/yaml-parser.fsproj;/usr/share/dotnet/sdk/2.2.101/Microsoft.Common.CurrentVersion.targets;/usr/share/dotnet/sdk/2.2.101/NuGet.targets;/usr/share/dotnet/sdk/2.2.101/15.0/Microsoft.Common.targets/ImportAfter/Microsoft.NET.Build.Extensions.targets;/usr/share/dotnet/sdk/2.2.101/Microsoft/Microsoft.NET.Build.Extensions/Microsoft.NET.Build.Extensions.targets;/usr/share/dotnet/sdk/2.2.101/15.0/Microsoft.Common.targets/ImportAfter/Microsoft.TestPlatform.ImportAfter.targets;/usr/share/dotnet/sdk/2.2.101/Microsoft.TestPlatform.targets;/home/mdegallaix/Projects/yaml-parser/yaml-parser/obj/yaml-parser.fsproj.nuget.g.targets;/home/mdegallaix/Projects/yaml-parser/yaml-parser/obj/yaml-parser.fsproj.proj-info.targets;/usr/share/dotnet/sdk/2.2.101/Sdks/Microsoft.NET.Sdk/targets/Microsoft.NET.Sdk.targets;/usr/share/dotnet/sdk/2.2.101/Sdks/Microsoft.NET.Sdk/targets/Microsoft.NET.Sdk.Common.targets;/usr/share/dotnet/sdk/2.2.101/Sdks/Microsoft.NET.Sdk/targets/Microsoft.PackageDependencyResolution.targets;/usr/share/dotnet/sdk/2.2.101/Sdks/Microsoft.NET.Sdk/targets/Microsoft.NET.Sdk.DefaultItems.targets;/usr/share/dotnet/sdk/2.2.101/Sdks/Microsoft.NET.Sdk/targets/Microsoft.NET.DisableStandardFrameworkResolution.targets;/usr/share/dotnet/sdk/2.2.101/Sdks/Microsoft.NET.Sdk/targets/Microsoft.NET.GenerateAssemblyInfo.targets;/usr/share/dotnet/sdk/2.2.101/Sdks/Microsoft.NET.Sdk/targets/Microsoft.NET.ComposeStore.targets;/usr/share/dotnet/sdk/2.2.101/Sdks/Microsoft.NET.Sdk/targets/Microsoft.NET.CrossGen.targets;/usr/share/dotnet/sdk/2.2.101/Sdks/Microsoft.NET.Sdk/targets/Microsoft.NET.ObsoleteReferences.targets;/usr/share/dotnet/sdk/2.2.101/Sdks/Microsoft.NET.Sdk/targets/Microsoft.NET.Publish.targets;/usr/share/dotnet/sdk/2.2.101/Sdks/Microsoft.NET.Sdk/targets/Microsoft.NET.PreserveCompilationContext.targets;/usr/share/dotnet/sdk/2.2.101/Sdks/Microsoft.NET.Sdk/targets/Microsoft.NET.ConflictResolution.targets") at /usr/share/dotnet/sdk/2.2.101/Sdks/Microsoft.NET.Sdk/targets/Microsoft.NET.DefaultPackageConflictOverrides.targets (15,5)
       Property reassignment: $(MSBuildAllProjects)=";/usr/share/dotnet/sdk/2.2.101/Sdks/Microsoft.NET.Sdk/Sdk/Sdk.props;/home/mdegallaix/Projects/yaml-parser/yaml-parser/obj/yaml-parser.fsproj.nuget.g.props;/home/mdegallaix/Projects/yaml-parser/yaml-parser/obj/yaml-parser.fsproj.paket.props;/usr/share/dotnet/sdk/2.2.101/Sdks/Microsoft.NET.Sdk/targets/Microsoft.NET.Sdk.props;/usr/share/dotnet/sdk/2.2.101/Sdks/Microsoft.NET.Sdk/targets/Microsoft.NET.Sdk.DefaultItems.props;/usr/share/dotnet/sdk/2.2.101/Sdks/Microsoft.NET.Sdk/targets/Microsoft.NET.SupportedTargetFrameworks.props;/usr/share/dotnet/sdk/2.2.101/Sdks/Microsoft.NET.Sdk/targets/Microsoft.NET.Sdk.FSharp.props;/usr/share/dotnet/sdk/2.2.101/FSharp/Microsoft.FSharp.NetSdk.props;/home/mdegallaix/Projects/yaml-parser/.paket/Paket.Restore.targets;/usr/share/dotnet/sdk/2.2.101/Sdks/Microsoft.NET.Sdk/Sdk/Sdk.targets;/usr/share/dotnet/sdk/2.2.101/Sdks/Microsoft.NET.Sdk/targets/Microsoft.NET.Sdk.BeforeCommon.targets;/usr/share/dotnet/sdk/2.2.101/Sdks/Microsoft.NET.Sdk/targets/Microsoft.NET.DefaultAssemblyInfo.targets;/usr/share/dotnet/sdk/2.2.101/Sdks/Microsoft.NET.Sdk/targets/Microsoft.NET.DefaultOutputPaths.targets;/usr/share/dotnet/sdk/2.2.101/Sdks/Microsoft.NET.Sdk/targets/Microsoft.NET.TargetFrameworkInference.targets;/usr/share/dotnet/sdk/2.2.101/Sdks/Microsoft.NET.Sdk/targets/Microsoft.NET.RuntimeIdentifierInference.targets;/usr/share/dotnet/sdk/2.2.101/Sdks/Microsoft.NET.Sdk/targets/Microsoft.NET.NuGetOfflineCache.targets;/usr/share/dotnet/sdk/2.2.101/Sdks/Microsoft.NET.Sdk/targets/Microsoft.NET.Sdk.FSharpTargetsShim.targets;/usr/share/dotnet/sdk/2.2.101/FSharp/Microsoft.FSharp.NetSdk.targets;/usr/share/dotnet/sdk/2.2.101/FSharp/Microsoft.FSharp.Targets;/home/mdegallaix/Projects/yaml-parser/yaml-parser/yaml-parser.fsproj;/usr/share/dotnet/sdk/2.2.101/Microsoft.Common.CurrentVersion.targets;/usr/share/dotnet/sdk/2.2.101/NuGet.targets;/usr/share/dotnet/sdk/2.2.101/15.0/Microsoft.Common.targets/ImportAfter/Microsoft.NET.Build.Extensions.targets;/usr/share/dotnet/sdk/2.2.101/Microsoft/Microsoft.NET.Build.Extensions/Microsoft.NET.Build.Extensions.targets;/usr/share/dotnet/sdk/2.2.101/15.0/Microsoft.Common.targets/ImportAfter/Microsoft.TestPlatform.ImportAfter.targets;/usr/share/dotnet/sdk/2.2.101/Microsoft.TestPlatform.targets;/home/mdegallaix/Projects/yaml-parser/yaml-parser/obj/yaml-parser.fsproj.nuget.g.targets;/home/mdegallaix/Projects/yaml-parser/yaml-parser/obj/yaml-parser.fsproj.proj-info.targets;/usr/share/dotnet/sdk/2.2.101/Sdks/Microsoft.NET.Sdk/targets/Microsoft.NET.Sdk.targets;/usr/share/dotnet/sdk/2.2.101/Sdks/Microsoft.NET.Sdk/targets/Microsoft.NET.Sdk.Common.targets;/usr/share/dotnet/sdk/2.2.101/Sdks/Microsoft.NET.Sdk/targets/Microsoft.PackageDependencyResolution.targets;/usr/share/dotnet/sdk/2.2.101/Sdks/Microsoft.NET.Sdk/targets/Microsoft.NET.Sdk.DefaultItems.targets;/usr/share/dotnet/sdk/2.2.101/Sdks/Microsoft.NET.Sdk/targets/Microsoft.NET.DisableStandardFrameworkResolution.targets;/usr/share/dotnet/sdk/2.2.101/Sdks/Microsoft.NET.Sdk/targets/Microsoft.NET.GenerateAssemblyInfo.targets;/usr/share/dotnet/sdk/2.2.101/Sdks/Microsoft.NET.Sdk/targets/Microsoft.NET.ComposeStore.targets;/usr/share/dotnet/sdk/2.2.101/Sdks/Microsoft.NET.Sdk/targets/Microsoft.NET.CrossGen.targets;/usr/share/dotnet/sdk/2.2.101/Sdks/Microsoft.NET.Sdk/targets/Microsoft.NET.ObsoleteReferences.targets;/usr/share/dotnet/sdk/2.2.101/Sdks/Microsoft.NET.Sdk/targets/Microsoft.NET.Publish.targets;/usr/share/dotnet/sdk/2.2.101/Sdks/Microsoft.NET.Sdk/targets/Microsoft.NET.PreserveCompilationContext.targets;/usr/share/dotnet/sdk/2.2.101/Sdks/Microsoft.NET.Sdk/targets/Microsoft.NET.ConflictResolution.targets;/usr/share/dotnet/sdk/2.2.101/Sdks/Microsoft.NET.Sdk/targets/Microsoft.NET.DefaultPackageConflictOverrides.targets;/usr/share/dotnet/sdk/2.2.101/Sdks/Microsoft.NET.Sdk/targets/Microsoft.NET.Sdk.FSharp.targets" (previous value: ";/usr/share/dotnet/sdk/2.2.101/Sdks/Microsoft.NET.Sdk/Sdk/Sdk.props;/home/mdegallaix/Projects/yaml-parser/yaml-parser/obj/yaml-parser.fsproj.nuget.g.props;/home/mdegallaix/Projects/yaml-parser/yaml-parser/obj/yaml-parser.fsproj.paket.props;/usr/share/dotnet/sdk/2.2.101/Sdks/Microsoft.NET.Sdk/targets/Microsoft.NET.Sdk.props;/usr/share/dotnet/sdk/2.2.101/Sdks/Microsoft.NET.Sdk/targets/Microsoft.NET.Sdk.DefaultItems.props;/usr/share/dotnet/sdk/2.2.101/Sdks/Microsoft.NET.Sdk/targets/Microsoft.NET.SupportedTargetFrameworks.props;/usr/share/dotnet/sdk/2.2.101/Sdks/Microsoft.NET.Sdk/targets/Microsoft.NET.Sdk.FSharp.props;/usr/share/dotnet/sdk/2.2.101/FSharp/Microsoft.FSharp.NetSdk.props;/home/mdegallaix/Projects/yaml-parser/.paket/Paket.Restore.targets;/usr/share/dotnet/sdk/2.2.101/Sdks/Microsoft.NET.Sdk/Sdk/Sdk.targets;/usr/share/dotnet/sdk/2.2.101/Sdks/Microsoft.NET.Sdk/targets/Microsoft.NET.Sdk.BeforeCommon.targets;/usr/share/dotnet/sdk/2.2.101/Sdks/Microsoft.NET.Sdk/targets/Microsoft.NET.DefaultAssemblyInfo.targets;/usr/share/dotnet/sdk/2.2.101/Sdks/Microsoft.NET.Sdk/targets/Microsoft.NET.DefaultOutputPaths.targets;/usr/share/dotnet/sdk/2.2.101/Sdks/Microsoft.NET.Sdk/targets/Microsoft.NET.TargetFrameworkInference.targets;/usr/share/dotnet/sdk/2.2.101/Sdks/Microsoft.NET.Sdk/targets/Microsoft.NET.RuntimeIdentifierInference.targets;/usr/share/dotnet/sdk/2.2.101/Sdks/Microsoft.NET.Sdk/targets/Microsoft.NET.NuGetOfflineCache.targets;/usr/share/dotnet/sdk/2.2.101/Sdks/Microsoft.NET.Sdk/targets/Microsoft.NET.Sdk.FSharpTargetsShim.targets;/usr/share/dotnet/sdk/2.2.101/FSharp/Microsoft.FSharp.NetSdk.targets;/usr/share/dotnet/sdk/2.2.101/FSharp/Microsoft.FSharp.Targets;/home/mdegallaix/Projects/yaml-parser/yaml-parser/yaml-parser.fsproj;/usr/share/dotnet/sdk/2.2.101/Microsoft.Common.CurrentVersion.targets;/usr/share/dotnet/sdk/2.2.101/NuGet.targets;/usr/share/dotnet/sdk/2.2.101/15.0/Microsoft.Common.targets/ImportAfter/Microsoft.NET.Build.Extensions.targets;/usr/share/dotnet/sdk/2.2.101/Microsoft/Microsoft.NET.Build.Extensions/Microsoft.NET.Build.Extensions.targets;/usr/share/dotnet/sdk/2.2.101/15.0/Microsoft.Common.targets/ImportAfter/Microsoft.TestPlatform.ImportAfter.targets;/usr/share/dotnet/sdk/2.2.101/Microsoft.TestPlatform.targets;/home/mdegallaix/Projects/yaml-parser/yaml-parser/obj/yaml-parser.fsproj.nuget.g.targets;/home/mdegallaix/Projects/yaml-parser/yaml-parser/obj/yaml-parser.fsproj.proj-info.targets;/usr/share/dotnet/sdk/2.2.101/Sdks/Microsoft.NET.Sdk/targets/Microsoft.NET.Sdk.targets;/usr/share/dotnet/sdk/2.2.101/Sdks/Microsoft.NET.Sdk/targets/Microsoft.NET.Sdk.Common.targets;/usr/share/dotnet/sdk/2.2.101/Sdks/Microsoft.NET.Sdk/targets/Microsoft.PackageDependencyResolution.targets;/usr/share/dotnet/sdk/2.2.101/Sdks/Microsoft.NET.Sdk/targets/Microsoft.NET.Sdk.DefaultItems.targets;/usr/share/dotnet/sdk/2.2.101/Sdks/Microsoft.NET.Sdk/targets/Microsoft.NET.DisableStandardFrameworkResolution.targets;/usr/share/dotnet/sdk/2.2.101/Sdks/Microsoft.NET.Sdk/targets/Microsoft.NET.GenerateAssemblyInfo.targets;/usr/share/dotnet/sdk/2.2.101/Sdks/Microsoft.NET.Sdk/targets/Microsoft.NET.ComposeStore.targets;/usr/share/dotnet/sdk/2.2.101/Sdks/Microsoft.NET.Sdk/targets/Microsoft.NET.CrossGen.targets;/usr/share/dotnet/sdk/2.2.101/Sdks/Microsoft.NET.Sdk/targets/Microsoft.NET.ObsoleteReferences.targets;/usr/share/dotnet/sdk/2.2.101/Sdks/Microsoft.NET.Sdk/targets/Microsoft.NET.Publish.targets;/usr/share/dotnet/sdk/2.2.101/Sdks/Microsoft.NET.Sdk/targets/Microsoft.NET.PreserveCompilationContext.targets;/usr/share/dotnet/sdk/2.2.101/Sdks/Microsoft.NET.Sdk/targets/Microsoft.NET.ConflictResolution.targets;/usr/share/dotnet/sdk/2.2.101/Sdks/Microsoft.NET.Sdk/targets/Microsoft.NET.DefaultPackageConflictOverrides.targets") at /usr/share/dotnet/sdk/2.2.101/Sdks/Microsoft.NET.Sdk/targets/Microsoft.NET.Sdk.FSharp.targets (16,6)
       Property reassignment: $(MSBuildAllProjects)=";/usr/share/dotnet/sdk/2.2.101/Sdks/Microsoft.NET.Sdk/Sdk/Sdk.props;/home/mdegallaix/Projects/yaml-parser/yaml-parser/obj/yaml-parser.fsproj.nuget.g.props;/home/mdegallaix/Projects/yaml-parser/yaml-parser/obj/yaml-parser.fsproj.paket.props;/usr/share/dotnet/sdk/2.2.101/Sdks/Microsoft.NET.Sdk/targets/Microsoft.NET.Sdk.props;/usr/share/dotnet/sdk/2.2.101/Sdks/Microsoft.NET.Sdk/targets/Microsoft.NET.Sdk.DefaultItems.props;/usr/share/dotnet/sdk/2.2.101/Sdks/Microsoft.NET.Sdk/targets/Microsoft.NET.SupportedTargetFrameworks.props;/usr/share/dotnet/sdk/2.2.101/Sdks/Microsoft.NET.Sdk/targets/Microsoft.NET.Sdk.FSharp.props;/usr/share/dotnet/sdk/2.2.101/FSharp/Microsoft.FSharp.NetSdk.props;/home/mdegallaix/Projects/yaml-parser/.paket/Paket.Restore.targets;/usr/share/dotnet/sdk/2.2.101/Sdks/Microsoft.NET.Sdk/Sdk/Sdk.targets;/usr/share/dotnet/sdk/2.2.101/Sdks/Microsoft.NET.Sdk/targets/Microsoft.NET.Sdk.BeforeCommon.targets;/usr/share/dotnet/sdk/2.2.101/Sdks/Microsoft.NET.Sdk/targets/Microsoft.NET.DefaultAssemblyInfo.targets;/usr/share/dotnet/sdk/2.2.101/Sdks/Microsoft.NET.Sdk/targets/Microsoft.NET.DefaultOutputPaths.targets;/usr/share/dotnet/sdk/2.2.101/Sdks/Microsoft.NET.Sdk/targets/Microsoft.NET.TargetFrameworkInference.targets;/usr/share/dotnet/sdk/2.2.101/Sdks/Microsoft.NET.Sdk/targets/Microsoft.NET.RuntimeIdentifierInference.targets;/usr/share/dotnet/sdk/2.2.101/Sdks/Microsoft.NET.Sdk/targets/Microsoft.NET.NuGetOfflineCache.targets;/usr/share/dotnet/sdk/2.2.101/Sdks/Microsoft.NET.Sdk/targets/Microsoft.NET.Sdk.FSharpTargetsShim.targets;/usr/share/dotnet/sdk/2.2.101/FSharp/Microsoft.FSharp.NetSdk.targets;/usr/share/dotnet/sdk/2.2.101/FSharp/Microsoft.FSharp.Targets;/home/mdegallaix/Projects/yaml-parser/yaml-parser/yaml-parser.fsproj;/usr/share/dotnet/sdk/2.2.101/Microsoft.Common.CurrentVersion.targets;/usr/share/dotnet/sdk/2.2.101/NuGet.targets;/usr/share/dotnet/sdk/2.2.101/15.0/Microsoft.Common.targets/ImportAfter/Microsoft.NET.Build.Extensions.targets;/usr/share/dotnet/sdk/2.2.101/Microsoft/Microsoft.NET.Build.Extensions/Microsoft.NET.Build.Extensions.targets;/usr/share/dotnet/sdk/2.2.101/15.0/Microsoft.Common.targets/ImportAfter/Microsoft.TestPlatform.ImportAfter.targets;/usr/share/dotnet/sdk/2.2.101/Microsoft.TestPlatform.targets;/home/mdegallaix/Projects/yaml-parser/yaml-parser/obj/yaml-parser.fsproj.nuget.g.targets;/home/mdegallaix/Projects/yaml-parser/yaml-parser/obj/yaml-parser.fsproj.proj-info.targets;/usr/share/dotnet/sdk/2.2.101/Sdks/Microsoft.NET.Sdk/targets/Microsoft.NET.Sdk.targets;/usr/share/dotnet/sdk/2.2.101/Sdks/Microsoft.NET.Sdk/targets/Microsoft.NET.Sdk.Common.targets;/usr/share/dotnet/sdk/2.2.101/Sdks/Microsoft.NET.Sdk/targets/Microsoft.PackageDependencyResolution.targets;/usr/share/dotnet/sdk/2.2.101/Sdks/Microsoft.NET.Sdk/targets/Microsoft.NET.Sdk.DefaultItems.targets;/usr/share/dotnet/sdk/2.2.101/Sdks/Microsoft.NET.Sdk/targets/Microsoft.NET.DisableStandardFrameworkResolution.targets;/usr/share/dotnet/sdk/2.2.101/Sdks/Microsoft.NET.Sdk/targets/Microsoft.NET.GenerateAssemblyInfo.targets;/usr/share/dotnet/sdk/2.2.101/Sdks/Microsoft.NET.Sdk/targets/Microsoft.NET.ComposeStore.targets;/usr/share/dotnet/sdk/2.2.101/Sdks/Microsoft.NET.Sdk/targets/Microsoft.NET.CrossGen.targets;/usr/share/dotnet/sdk/2.2.101/Sdks/Microsoft.NET.Sdk/targets/Microsoft.NET.ObsoleteReferences.targets;/usr/share/dotnet/sdk/2.2.101/Sdks/Microsoft.NET.Sdk/targets/Microsoft.NET.Publish.targets;/usr/share/dotnet/sdk/2.2.101/Sdks/Microsoft.NET.Sdk/targets/Microsoft.NET.PreserveCompilationContext.targets;/usr/share/dotnet/sdk/2.2.101/Sdks/Microsoft.NET.Sdk/targets/Microsoft.NET.ConflictResolution.targets;/usr/share/dotnet/sdk/2.2.101/Sdks/Microsoft.NET.Sdk/targets/Microsoft.NET.DefaultPackageConflictOverrides.targets;/usr/share/dotnet/sdk/2.2.101/Sdks/Microsoft.NET.Sdk/targets/Microsoft.NET.Sdk.FSharp.targets;/usr/share/dotnet/sdk/2.2.101/FSharp/Microsoft.FSharp.Overrides.NetSdk.targets" (previous value: ";/usr/share/dotnet/sdk/2.2.101/Sdks/Microsoft.NET.Sdk/Sdk/Sdk.props;/home/mdegallaix/Projects/yaml-parser/yaml-parser/obj/yaml-parser.fsproj.nuget.g.props;/home/mdegallaix/Projects/yaml-parser/yaml-parser/obj/yaml-parser.fsproj.paket.props;/usr/share/dotnet/sdk/2.2.101/Sdks/Microsoft.NET.Sdk/targets/Microsoft.NET.Sdk.props;/usr/share/dotnet/sdk/2.2.101/Sdks/Microsoft.NET.Sdk/targets/Microsoft.NET.Sdk.DefaultItems.props;/usr/share/dotnet/sdk/2.2.101/Sdks/Microsoft.NET.Sdk/targets/Microsoft.NET.SupportedTargetFrameworks.props;/usr/share/dotnet/sdk/2.2.101/Sdks/Microsoft.NET.Sdk/targets/Microsoft.NET.Sdk.FSharp.props;/usr/share/dotnet/sdk/2.2.101/FSharp/Microsoft.FSharp.NetSdk.props;/home/mdegallaix/Projects/yaml-parser/.paket/Paket.Restore.targets;/usr/share/dotnet/sdk/2.2.101/Sdks/Microsoft.NET.Sdk/Sdk/Sdk.targets;/usr/share/dotnet/sdk/2.2.101/Sdks/Microsoft.NET.Sdk/targets/Microsoft.NET.Sdk.BeforeCommon.targets;/usr/share/dotnet/sdk/2.2.101/Sdks/Microsoft.NET.Sdk/targets/Microsoft.NET.DefaultAssemblyInfo.targets;/usr/share/dotnet/sdk/2.2.101/Sdks/Microsoft.NET.Sdk/targets/Microsoft.NET.DefaultOutputPaths.targets;/usr/share/dotnet/sdk/2.2.101/Sdks/Microsoft.NET.Sdk/targets/Microsoft.NET.TargetFrameworkInference.targets;/usr/share/dotnet/sdk/2.2.101/Sdks/Microsoft.NET.Sdk/targets/Microsoft.NET.RuntimeIdentifierInference.targets;/usr/share/dotnet/sdk/2.2.101/Sdks/Microsoft.NET.Sdk/targets/Microsoft.NET.NuGetOfflineCache.targets;/usr/share/dotnet/sdk/2.2.101/Sdks/Microsoft.NET.Sdk/targets/Microsoft.NET.Sdk.FSharpTargetsShim.targets;/usr/share/dotnet/sdk/2.2.101/FSharp/Microsoft.FSharp.NetSdk.targets;/usr/share/dotnet/sdk/2.2.101/FSharp/Microsoft.FSharp.Targets;/home/mdegallaix/Projects/yaml-parser/yaml-parser/yaml-parser.fsproj;/usr/share/dotnet/sdk/2.2.101/Microsoft.Common.CurrentVersion.targets;/usr/share/dotnet/sdk/2.2.101/NuGet.targets;/usr/share/dotnet/sdk/2.2.101/15.0/Microsoft.Common.targets/ImportAfter/Microsoft.NET.Build.Extensions.targets;/usr/share/dotnet/sdk/2.2.101/Microsoft/Microsoft.NET.Build.Extensions/Microsoft.NET.Build.Extensions.targets;/usr/share/dotnet/sdk/2.2.101/15.0/Microsoft.Common.targets/ImportAfter/Microsoft.TestPlatform.ImportAfter.targets;/usr/share/dotnet/sdk/2.2.101/Microsoft.TestPlatform.targets;/home/mdegallaix/Projects/yaml-parser/yaml-parser/obj/yaml-parser.fsproj.nuget.g.targets;/home/mdegallaix/Projects/yaml-parser/yaml-parser/obj/yaml-parser.fsproj.proj-info.targets;/usr/share/dotnet/sdk/2.2.101/Sdks/Microsoft.NET.Sdk/targets/Microsoft.NET.Sdk.targets;/usr/share/dotnet/sdk/2.2.101/Sdks/Microsoft.NET.Sdk/targets/Microsoft.NET.Sdk.Common.targets;/usr/share/dotnet/sdk/2.2.101/Sdks/Microsoft.NET.Sdk/targets/Microsoft.PackageDependencyResolution.targets;/usr/share/dotnet/sdk/2.2.101/Sdks/Microsoft.NET.Sdk/targets/Microsoft.NET.Sdk.DefaultItems.targets;/usr/share/dotnet/sdk/2.2.101/Sdks/Microsoft.NET.Sdk/targets/Microsoft.NET.DisableStandardFrameworkResolution.targets;/usr/share/dotnet/sdk/2.2.101/Sdks/Microsoft.NET.Sdk/targets/Microsoft.NET.GenerateAssemblyInfo.targets;/usr/share/dotnet/sdk/2.2.101/Sdks/Microsoft.NET.Sdk/targets/Microsoft.NET.ComposeStore.targets;/usr/share/dotnet/sdk/2.2.101/Sdks/Microsoft.NET.Sdk/targets/Microsoft.NET.CrossGen.targets;/usr/share/dotnet/sdk/2.2.101/Sdks/Microsoft.NET.Sdk/targets/Microsoft.NET.ObsoleteReferences.targets;/usr/share/dotnet/sdk/2.2.101/Sdks/Microsoft.NET.Sdk/targets/Microsoft.NET.Publish.targets;/usr/share/dotnet/sdk/2.2.101/Sdks/Microsoft.NET.Sdk/targets/Microsoft.NET.PreserveCompilationContext.targets;/usr/share/dotnet/sdk/2.2.101/Sdks/Microsoft.NET.Sdk/targets/Microsoft.NET.ConflictResolution.targets;/usr/share/dotnet/sdk/2.2.101/Sdks/Microsoft.NET.Sdk/targets/Microsoft.NET.DefaultPackageConflictOverrides.targets;/usr/share/dotnet/sdk/2.2.101/Sdks/Microsoft.NET.Sdk/targets/Microsoft.NET.Sdk.FSharp.targets") at /usr/share/dotnet/sdk/2.2.101/FSharp/Microsoft.FSharp.Overrides.NetSdk.targets (17,5)
       Property reassignment: $(DefineConstants)="TRACE;DEBUG;NETSTANDARD;NETSTANDARD1_6" (previous value: "TRACE;DEBUG") at /usr/share/dotnet/sdk/2.2.101/Sdks/Microsoft.NET.Sdk/targets/Microsoft.NET.Sdk.FSharp.targets (32,5)
       Property reassignment: $(MSBuildAllProjects)=";/usr/share/dotnet/sdk/2.2.101/Sdks/Microsoft.NET.Sdk/Sdk/Sdk.props;/home/mdegallaix/Projects/yaml-parser/yaml-parser/obj/yaml-parser.fsproj.nuget.g.props;/home/mdegallaix/Projects/yaml-parser/yaml-parser/obj/yaml-parser.fsproj.paket.props;/usr/share/dotnet/sdk/2.2.101/Sdks/Microsoft.NET.Sdk/targets/Microsoft.NET.Sdk.props;/usr/share/dotnet/sdk/2.2.101/Sdks/Microsoft.NET.Sdk/targets/Microsoft.NET.Sdk.DefaultItems.props;/usr/share/dotnet/sdk/2.2.101/Sdks/Microsoft.NET.Sdk/targets/Microsoft.NET.SupportedTargetFrameworks.props;/usr/share/dotnet/sdk/2.2.101/Sdks/Microsoft.NET.Sdk/targets/Microsoft.NET.Sdk.FSharp.props;/usr/share/dotnet/sdk/2.2.101/FSharp/Microsoft.FSharp.NetSdk.props;/home/mdegallaix/Projects/yaml-parser/.paket/Paket.Restore.targets;/usr/share/dotnet/sdk/2.2.101/Sdks/Microsoft.NET.Sdk/Sdk/Sdk.targets;/usr/share/dotnet/sdk/2.2.101/Sdks/Microsoft.NET.Sdk/targets/Microsoft.NET.Sdk.BeforeCommon.targets;/usr/share/dotnet/sdk/2.2.101/Sdks/Microsoft.NET.Sdk/targets/Microsoft.NET.DefaultAssemblyInfo.targets;/usr/share/dotnet/sdk/2.2.101/Sdks/Microsoft.NET.Sdk/targets/Microsoft.NET.DefaultOutputPaths.targets;/usr/share/dotnet/sdk/2.2.101/Sdks/Microsoft.NET.Sdk/targets/Microsoft.NET.TargetFrameworkInference.targets;/usr/share/dotnet/sdk/2.2.101/Sdks/Microsoft.NET.Sdk/targets/Microsoft.NET.RuntimeIdentifierInference.targets;/usr/share/dotnet/sdk/2.2.101/Sdks/Microsoft.NET.Sdk/targets/Microsoft.NET.NuGetOfflineCache.targets;/usr/share/dotnet/sdk/2.2.101/Sdks/Microsoft.NET.Sdk/targets/Microsoft.NET.Sdk.FSharpTargetsShim.targets;/usr/share/dotnet/sdk/2.2.101/FSharp/Microsoft.FSharp.NetSdk.targets;/usr/share/dotnet/sdk/2.2.101/FSharp/Microsoft.FSharp.Targets;/home/mdegallaix/Projects/yaml-parser/yaml-parser/yaml-parser.fsproj;/usr/share/dotnet/sdk/2.2.101/Microsoft.Common.CurrentVersion.targets;/usr/share/dotnet/sdk/2.2.101/NuGet.targets;/usr/share/dotnet/sdk/2.2.101/15.0/Microsoft.Common.targets/ImportAfter/Microsoft.NET.Build.Extensions.targets;/usr/share/dotnet/sdk/2.2.101/Microsoft/Microsoft.NET.Build.Extensions/Microsoft.NET.Build.Extensions.targets;/usr/share/dotnet/sdk/2.2.101/15.0/Microsoft.Common.targets/ImportAfter/Microsoft.TestPlatform.ImportAfter.targets;/usr/share/dotnet/sdk/2.2.101/Microsoft.TestPlatform.targets;/home/mdegallaix/Projects/yaml-parser/yaml-parser/obj/yaml-parser.fsproj.nuget.g.targets;/home/mdegallaix/Projects/yaml-parser/yaml-parser/obj/yaml-parser.fsproj.proj-info.targets;/usr/share/dotnet/sdk/2.2.101/Sdks/Microsoft.NET.Sdk/targets/Microsoft.NET.Sdk.targets;/usr/share/dotnet/sdk/2.2.101/Sdks/Microsoft.NET.Sdk/targets/Microsoft.NET.Sdk.Common.targets;/usr/share/dotnet/sdk/2.2.101/Sdks/Microsoft.NET.Sdk/targets/Microsoft.PackageDependencyResolution.targets;/usr/share/dotnet/sdk/2.2.101/Sdks/Microsoft.NET.Sdk/targets/Microsoft.NET.Sdk.DefaultItems.targets;/usr/share/dotnet/sdk/2.2.101/Sdks/Microsoft.NET.Sdk/targets/Microsoft.NET.DisableStandardFrameworkResolution.targets;/usr/share/dotnet/sdk/2.2.101/Sdks/Microsoft.NET.Sdk/targets/Microsoft.NET.GenerateAssemblyInfo.targets;/usr/share/dotnet/sdk/2.2.101/Sdks/Microsoft.NET.Sdk/targets/Microsoft.NET.ComposeStore.targets;/usr/share/dotnet/sdk/2.2.101/Sdks/Microsoft.NET.Sdk/targets/Microsoft.NET.CrossGen.targets;/usr/share/dotnet/sdk/2.2.101/Sdks/Microsoft.NET.Sdk/targets/Microsoft.NET.ObsoleteReferences.targets;/usr/share/dotnet/sdk/2.2.101/Sdks/Microsoft.NET.Sdk/targets/Microsoft.NET.Publish.targets;/usr/share/dotnet/sdk/2.2.101/Sdks/Microsoft.NET.Sdk/targets/Microsoft.NET.PreserveCompilationContext.targets;/usr/share/dotnet/sdk/2.2.101/Sdks/Microsoft.NET.Sdk/targets/Microsoft.NET.ConflictResolution.targets;/usr/share/dotnet/sdk/2.2.101/Sdks/Microsoft.NET.Sdk/targets/Microsoft.NET.DefaultPackageConflictOverrides.targets;/usr/share/dotnet/sdk/2.2.101/Sdks/Microsoft.NET.Sdk/targets/Microsoft.NET.Sdk.FSharp.targets;/usr/share/dotnet/sdk/2.2.101/FSharp/Microsoft.FSharp.Overrides.NetSdk.targets;/usr/share/dotnet/sdk/2.2.101/Sdks/NuGet.Build.Tasks.Pack/build/NuGet.Build.Tasks.Pack.targets" (previous value: ";/usr/share/dotnet/sdk/2.2.101/Sdks/Microsoft.NET.Sdk/Sdk/Sdk.props;/home/mdegallaix/Projects/yaml-parser/yaml-parser/obj/yaml-parser.fsproj.nuget.g.props;/home/mdegallaix/Projects/yaml-parser/yaml-parser/obj/yaml-parser.fsproj.paket.props;/usr/share/dotnet/sdk/2.2.101/Sdks/Microsoft.NET.Sdk/targets/Microsoft.NET.Sdk.props;/usr/share/dotnet/sdk/2.2.101/Sdks/Microsoft.NET.Sdk/targets/Microsoft.NET.Sdk.DefaultItems.props;/usr/share/dotnet/sdk/2.2.101/Sdks/Microsoft.NET.Sdk/targets/Microsoft.NET.SupportedTargetFrameworks.props;/usr/share/dotnet/sdk/2.2.101/Sdks/Microsoft.NET.Sdk/targets/Microsoft.NET.Sdk.FSharp.props;/usr/share/dotnet/sdk/2.2.101/FSharp/Microsoft.FSharp.NetSdk.props;/home/mdegallaix/Projects/yaml-parser/.paket/Paket.Restore.targets;/usr/share/dotnet/sdk/2.2.101/Sdks/Microsoft.NET.Sdk/Sdk/Sdk.targets;/usr/share/dotnet/sdk/2.2.101/Sdks/Microsoft.NET.Sdk/targets/Microsoft.NET.Sdk.BeforeCommon.targets;/usr/share/dotnet/sdk/2.2.101/Sdks/Microsoft.NET.Sdk/targets/Microsoft.NET.DefaultAssemblyInfo.targets;/usr/share/dotnet/sdk/2.2.101/Sdks/Microsoft.NET.Sdk/targets/Microsoft.NET.DefaultOutputPaths.targets;/usr/share/dotnet/sdk/2.2.101/Sdks/Microsoft.NET.Sdk/targets/Microsoft.NET.TargetFrameworkInference.targets;/usr/share/dotnet/sdk/2.2.101/Sdks/Microsoft.NET.Sdk/targets/Microsoft.NET.RuntimeIdentifierInference.targets;/usr/share/dotnet/sdk/2.2.101/Sdks/Microsoft.NET.Sdk/targets/Microsoft.NET.NuGetOfflineCache.targets;/usr/share/dotnet/sdk/2.2.101/Sdks/Microsoft.NET.Sdk/targets/Microsoft.NET.Sdk.FSharpTargetsShim.targets;/usr/share/dotnet/sdk/2.2.101/FSharp/Microsoft.FSharp.NetSdk.targets;/usr/share/dotnet/sdk/2.2.101/FSharp/Microsoft.FSharp.Targets;/home/mdegallaix/Projects/yaml-parser/yaml-parser/yaml-parser.fsproj;/usr/share/dotnet/sdk/2.2.101/Microsoft.Common.CurrentVersion.targets;/usr/share/dotnet/sdk/2.2.101/NuGet.targets;/usr/share/dotnet/sdk/2.2.101/15.0/Microsoft.Common.targets/ImportAfter/Microsoft.NET.Build.Extensions.targets;/usr/share/dotnet/sdk/2.2.101/Microsoft/Microsoft.NET.Build.Extensions/Microsoft.NET.Build.Extensions.targets;/usr/share/dotnet/sdk/2.2.101/15.0/Microsoft.Common.targets/ImportAfter/Microsoft.TestPlatform.ImportAfter.targets;/usr/share/dotnet/sdk/2.2.101/Microsoft.TestPlatform.targets;/home/mdegallaix/Projects/yaml-parser/yaml-parser/obj/yaml-parser.fsproj.nuget.g.targets;/home/mdegallaix/Projects/yaml-parser/yaml-parser/obj/yaml-parser.fsproj.proj-info.targets;/usr/share/dotnet/sdk/2.2.101/Sdks/Microsoft.NET.Sdk/targets/Microsoft.NET.Sdk.targets;/usr/share/dotnet/sdk/2.2.101/Sdks/Microsoft.NET.Sdk/targets/Microsoft.NET.Sdk.Common.targets;/usr/share/dotnet/sdk/2.2.101/Sdks/Microsoft.NET.Sdk/targets/Microsoft.PackageDependencyResolution.targets;/usr/share/dotnet/sdk/2.2.101/Sdks/Microsoft.NET.Sdk/targets/Microsoft.NET.Sdk.DefaultItems.targets;/usr/share/dotnet/sdk/2.2.101/Sdks/Microsoft.NET.Sdk/targets/Microsoft.NET.DisableStandardFrameworkResolution.targets;/usr/share/dotnet/sdk/2.2.101/Sdks/Microsoft.NET.Sdk/targets/Microsoft.NET.GenerateAssemblyInfo.targets;/usr/share/dotnet/sdk/2.2.101/Sdks/Microsoft.NET.Sdk/targets/Microsoft.NET.ComposeStore.targets;/usr/share/dotnet/sdk/2.2.101/Sdks/Microsoft.NET.Sdk/targets/Microsoft.NET.CrossGen.targets;/usr/share/dotnet/sdk/2.2.101/Sdks/Microsoft.NET.Sdk/targets/Microsoft.NET.ObsoleteReferences.targets;/usr/share/dotnet/sdk/2.2.101/Sdks/Microsoft.NET.Sdk/targets/Microsoft.NET.Publish.targets;/usr/share/dotnet/sdk/2.2.101/Sdks/Microsoft.NET.Sdk/targets/Microsoft.NET.PreserveCompilationContext.targets;/usr/share/dotnet/sdk/2.2.101/Sdks/Microsoft.NET.Sdk/targets/Microsoft.NET.ConflictResolution.targets;/usr/share/dotnet/sdk/2.2.101/Sdks/Microsoft.NET.Sdk/targets/Microsoft.NET.DefaultPackageConflictOverrides.targets;/usr/share/dotnet/sdk/2.2.101/Sdks/Microsoft.NET.Sdk/targets/Microsoft.NET.Sdk.FSharp.targets;/usr/share/dotnet/sdk/2.2.101/FSharp/Microsoft.FSharp.Overrides.NetSdk.targets") at /usr/share/dotnet/sdk/2.2.101/Sdks/NuGet.Build.Tasks.Pack/build/NuGet.Build.Tasks.Pack.targets (18,5)
       Property reassignment: $(PackageDescription)="Package Description" (previous value: "") at /usr/share/dotnet/sdk/2.2.101/Sdks/NuGet.Build.Tasks.Pack/build/NuGet.Build.Tasks.Pack.targets (32,5)
       Property reassignment: $(GenerateNuspecDependsOn)="Build;_LoadPackInputItems; _GetTargetFrameworksOutput; _WalkEachTargetPerFramework; _GetPackageFiles; " (previous value: "_LoadPackInputItems; _GetTargetFrameworksOutput; _WalkEachTargetPerFramework; _GetPackageFiles; ") at /usr/share/dotnet/sdk/2.2.101/Sdks/NuGet.Build.Tasks.Pack/build/NuGet.Build.Tasks.Pack.targets (56,5)
       Overriding target "_GenerateCompileDependencyCache" in project "/usr/share/dotnet/sdk/2.2.101/Microsoft.Common.CurrentVersion.targets" with target "_GenerateCompileDependencyCache" from project "/usr/share/dotnet/sdk/2.2.101/FSharp/Microsoft.FSharp.Targets".
       Overriding target "GenerateTargetFrameworkMonikerAttribute" in project "/usr/share/dotnet/sdk/2.2.101/Microsoft.Common.CurrentVersion.targets" with target "GenerateTargetFrameworkMonikerAttribute" from project "/usr/share/dotnet/sdk/2.2.101/FSharp/Microsoft.FSharp.Targets".
       Overriding target "GetTargetFrameworkProperties" in project "/usr/share/dotnet/sdk/2.2.101/Microsoft.Common.CurrentVersion.targets" with target "GetTargetFrameworkProperties" from project "/usr/share/dotnet/sdk/2.2.101/Sdks/Microsoft.NET.Sdk/targets/Microsoft.NET.Sdk.Common.targets".
       Overriding target "GetReferenceAssemblyPaths" in project "/usr/share/dotnet/sdk/2.2.101/Microsoft.Common.CurrentVersion.targets" with target "GetReferenceAssemblyPaths" from project "/usr/share/dotnet/sdk/2.2.101/Sdks/Microsoft.NET.Sdk/targets/Microsoft.NET.DisableStandardFrameworkResolution.targets".
       Overriding target "GetFrameworkPaths" in project "/usr/share/dotnet/sdk/2.2.101/Microsoft.Common.CurrentVersion.targets" with target "GetFrameworkPaths" from project "/usr/share/dotnet/sdk/2.2.101/Sdks/Microsoft.NET.Sdk/targets/Microsoft.NET.DisableStandardFrameworkResolution.targets".
       Overriding target "Publish" in project "/usr/share/dotnet/sdk/2.2.101/Microsoft.Common.CurrentVersion.targets" with target "Publish" from project "/usr/share/dotnet/sdk/2.2.101/Sdks/Microsoft.NET.Sdk/targets/Microsoft.NET.Publish.targets".
       Overriding target "GetCopyToPublishDirectoryItems" in project "/usr/share/dotnet/sdk/2.2.101/Microsoft.Common.CurrentVersion.targets" with target "GetCopyToPublishDirectoryItems" from project "/usr/share/dotnet/sdk/2.2.101/Sdks/Microsoft.NET.Sdk/targets/Microsoft.NET.Publish.targets".
       Overriding target "CoreGenerateAssemblyInfo" in project "/usr/share/dotnet/sdk/2.2.101/Sdks/Microsoft.NET.Sdk/targets/Microsoft.NET.GenerateAssemblyInfo.targets" with target "CoreGenerateAssemblyInfo" from project "/usr/share/dotnet/sdk/2.2.101/FSharp/Microsoft.FSharp.Overrides.NetSdk.targets".
       The target "_GenerateRestoreGraphWalkPerFramework" listed in a BeforeTargets attribute at "/home/mdegallaix/Projects/yaml-parser/.paket/Paket.Restore.targets (71,79)" does not exist in the project, and will be ignored.
     1>Project "/home/mdegallaix/Projects/yaml-parser/yaml-parser.sln" (1) is building "/home/mdegallaix/Projects/yaml-parser/yaml-parser/yaml-parser.fsproj" (3) on node 1 (_IsProjectRestoreSupported target(s)).
     3>Building with tools version "15.0".
     3>Target "_IsProjectRestoreSupported" in file "/usr/share/dotnet/sdk/2.2.101/NuGet.targets" from project "/home/mdegallaix/Projects/yaml-parser/yaml-parser/yaml-parser.fsproj" (entry point):
     3>Done building target "_IsProjectRestoreSupported" in project "yaml-parser.fsproj".
     3>Done Building Project "/home/mdegallaix/Projects/yaml-parser/yaml-parser/yaml-parser.fsproj" (_IsProjectRestoreSupported target(s)).
     1>Done executing task "MsBuild".
       Task "MsBuild" skipped, due to false condition; ( '$(RestoreUseSkipNonexistentTargets)' != 'true' ) was evaluated as ( 'true' != 'true' ).
       Using "WarnForInvalidProjectsTask" task from assembly "/usr/share/dotnet/sdk/2.2.101/NuGet.Build.Tasks.dll".
       Task "WarnForInvalidProjectsTask"
         (in) AllProjects '/home/mdegallaix/Projects/yaml-parser/yaml-parser/yaml-parser.fsproj;/home/mdegallaix/Projects/yaml-parser/yaml-parser-tests/yaml-parser-tests.fsproj'
         (in) ValidProjects '/home/mdegallaix/Projects/yaml-parser/yaml-parser/yaml-parser.fsproj;/home/mdegallaix/Projects/yaml-parser/yaml-parser-tests/yaml-parser-tests.fsproj'
       Done executing task "WarnForInvalidProjectsTask".
     1>Done building target "_FilterRestoreGraphProjectInputItems" in project "yaml-parser.sln".
       Target "_FilterRestoreGraphProjectInputItems" skipped. Previously built successfully.
     1>Target "_GetAllRestoreProjectPathItems" in file "/usr/share/dotnet/sdk/2.2.101/NuGet.targets" from project "/home/mdegallaix/Projects/yaml-parser/yaml-parser.sln" (target "_GenerateRestoreGraph" depends on it):
       Task "MsBuild"
         Global Properties:
           ExcludeRestorePackageImports=true
           _RestoreSolutionFileUsed=true
           SolutionDir=/home/mdegallaix/Projects/yaml-parser/
           SolutionName=yaml-parser
         Additional Properties for project "/home/mdegallaix/Projects/yaml-parser/yaml-parser/yaml-parser.fsproj":
           Configuration=Debug
           Platform=AnyCPU
         Additional Properties for project "/home/mdegallaix/Projects/yaml-parser/yaml-parser-tests/yaml-parser-tests.fsproj":
           Configuration=Debug
           Platform=AnyCPU
     1>Project "/home/mdegallaix/Projects/yaml-parser/yaml-parser.sln" (1) is building "/home/mdegallaix/Projects/yaml-parser/yaml-parser/yaml-parser.fsproj" (3:2) on node 1 (_GenerateRestoreProjectPathWalk target(s)).
   3:2>Building with tools version "15.0".
       Target "_GenerateRestoreProjectPathItemsAllFrameworks" skipped, due to false condition; ( '$(TargetFrameworks)' != '' ) was evaluated as ( '' != '' ).
   3:2>Target "_GenerateRestoreProjectPathItemsPerFramework" in file "/usr/share/dotnet/sdk/2.2.101/NuGet.targets" from project "/home/mdegallaix/Projects/yaml-parser/yaml-parser/yaml-parser.fsproj" (target "_GenerateRestoreProjectPathItemsCurrentProject" depends on it):
       Using "ConvertToAbsolutePath" task from assembly "Microsoft.Build.Tasks.Core, Version=15.1.0.0, Culture=neutral, PublicKeyToken=b03f5f7f11d50a3a".
       Task "ConvertToAbsolutePath"
     1>Project "/home/mdegallaix/Projects/yaml-parser/yaml-parser.sln" (1) is building "/home/mdegallaix/Projects/yaml-parser/yaml-parser-tests/yaml-parser-tests.fsproj" (2:2) on node 2 (_GenerateRestoreProjectPathWalk target(s)).
   2:2>Building with tools version "15.0".
   3:2>Done executing task "ConvertToAbsolutePath".
   3:2>Done building target "_GenerateRestoreProjectPathItemsPerFramework" in project "yaml-parser.fsproj".
   3:2>Target "_GenerateRestoreProjectPathItemsCurrentProject" in file "/usr/share/dotnet/sdk/2.2.101/NuGet.targets" from project "/home/mdegallaix/Projects/yaml-parser/yaml-parser/yaml-parser.fsproj" (target "_GenerateRestoreProjectPathItems" depends on it):
   3:2>Done building target "_GenerateRestoreProjectPathItemsCurrentProject" in project "yaml-parser.fsproj".
   3:2>Target "_GenerateRestoreProjectPathItems" in file "/usr/share/dotnet/sdk/2.2.101/NuGet.targets" from project "/home/mdegallaix/Projects/yaml-parser/yaml-parser/yaml-parser.fsproj" (target "_GenerateRestoreProjectPathWalk" depends on it):
       Using "RemoveDuplicates" task from assembly "Microsoft.Build.Tasks.Core, Version=15.1.0.0, Culture=neutral, PublicKeyToken=b03f5f7f11d50a3a".
       Task "RemoveDuplicates"
       Done executing task "RemoveDuplicates".
   3:2>Done building target "_GenerateRestoreProjectPathItems" in project "yaml-parser.fsproj".
   3:2>Target "_GenerateRestoreProjectPathWalk" in file "/usr/share/dotnet/sdk/2.2.101/NuGet.targets" from project "/home/mdegallaix/Projects/yaml-parser/yaml-parser/yaml-parser.fsproj" (entry point):
       Using "MSBuild" task from assembly "Microsoft.Build.Tasks.Core, Version=15.1.0.0, Culture=neutral, PublicKeyToken=b03f5f7f11d50a3a".
       Task "MSBuild"
       Done executing task "MSBuild".
       Task "MSBuild" skipped, due to false condition; ( '$(RestoreUseSkipNonexistentTargets)' != 'true' ) was evaluated as ( 'true' != 'true' ).
       Task "RemoveDuplicates"
       Done executing task "RemoveDuplicates".
   3:2>Done building target "_GenerateRestoreProjectPathWalk" in project "yaml-parser.fsproj".
   3:2>Done Building Project "/home/mdegallaix/Projects/yaml-parser/yaml-parser/yaml-parser.fsproj" (_GenerateRestoreProjectPathWalk target(s)).
   2:2>Target "_GenerateRestoreProjectPathItemsAllFrameworks" skipped, due to false condition; ( '$(TargetFrameworks)' != '' ) was evaluated as ( '' != '' ).
   2:2>Target "_GenerateRestoreProjectPathItemsPerFramework" in file "/usr/share/dotnet/sdk/2.2.101/NuGet.targets" from project "/home/mdegallaix/Projects/yaml-parser/yaml-parser-tests/yaml-parser-tests.fsproj" (target "_GenerateRestoreProjectPathItemsCurrentProject" depends on it):
       Using "ConvertToAbsolutePath" task from assembly "Microsoft.Build.Tasks.Core, Version=15.1.0.0, Culture=neutral, PublicKeyToken=b03f5f7f11d50a3a".
       Task "ConvertToAbsolutePath"
       Done executing task "ConvertToAbsolutePath".
   2:2>Done building target "_GenerateRestoreProjectPathItemsPerFramework" in project "yaml-parser-tests.fsproj".
   2:2>Target "_GenerateRestoreProjectPathItemsCurrentProject" in file "/usr/share/dotnet/sdk/2.2.101/NuGet.targets" from project "/home/mdegallaix/Projects/yaml-parser/yaml-parser-tests/yaml-parser-tests.fsproj" (target "_GenerateRestoreProjectPathItems" depends on it):
   2:2>Done building target "_GenerateRestoreProjectPathItemsCurrentProject" in project "yaml-parser-tests.fsproj".
   2:2>Target "_GenerateRestoreProjectPathItems" in file "/usr/share/dotnet/sdk/2.2.101/NuGet.targets" from project "/home/mdegallaix/Projects/yaml-parser/yaml-parser-tests/yaml-parser-tests.fsproj" (target "_GenerateRestoreProjectPathWalk" depends on it):
       Using "RemoveDuplicates" task from assembly "Microsoft.Build.Tasks.Core, Version=15.1.0.0, Culture=neutral, PublicKeyToken=b03f5f7f11d50a3a".
       Task "RemoveDuplicates"
       Done executing task "RemoveDuplicates".
   2:2>Done building target "_GenerateRestoreProjectPathItems" in project "yaml-parser-tests.fsproj".
   2:2>Target "_GenerateRestoreProjectPathWalk" in file "/usr/share/dotnet/sdk/2.2.101/NuGet.targets" from project "/home/mdegallaix/Projects/yaml-parser/yaml-parser-tests/yaml-parser-tests.fsproj" (entry point):
       Using "MSBuild" task from assembly "Microsoft.Build.Tasks.Core, Version=15.1.0.0, Culture=neutral, PublicKeyToken=b03f5f7f11d50a3a".
       Task "MSBuild"
         Global Properties:
           ExcludeRestorePackageImports=true
           _RestoreSolutionFileUsed=true
           SolutionDir=/home/mdegallaix/Projects/yaml-parser/
           SolutionName=yaml-parser
   2:2>Project "/home/mdegallaix/Projects/yaml-parser/yaml-parser-tests/yaml-parser-tests.fsproj" (2:2) is building "/home/mdegallaix/Projects/yaml-parser/yaml-parser/yaml-parser.fsproj" (3:3) on node 1 (_GenerateRestoreProjectPathWalk target(s)).
   3:3>Building with tools version "15.0".
       Target "_GenerateRestoreProjectPathWalk" skipped. Previously built successfully.
   3:3>Done Building Project "/home/mdegallaix/Projects/yaml-parser/yaml-parser/yaml-parser.fsproj" (_GenerateRestoreProjectPathWalk target(s)).
   2:2>Done executing task "MSBuild".
       Task "MSBuild" skipped, due to false condition; ( '$(RestoreUseSkipNonexistentTargets)' != 'true' ) was evaluated as ( 'true' != 'true' ).
       Task "RemoveDuplicates"
       Done executing task "RemoveDuplicates".
   2:2>Done building target "_GenerateRestoreProjectPathWalk" in project "yaml-parser-tests.fsproj".
   2:2>Done Building Project "/home/mdegallaix/Projects/yaml-parser/yaml-parser-tests/yaml-parser-tests.fsproj" (_GenerateRestoreProjectPathWalk target(s)).
     1>Done executing task "MsBuild".
       Task "MsBuild" skipped, due to false condition; ( '$(RestoreUseSkipNonexistentTargets)' != 'true' ) was evaluated as ( 'true' != 'true' ).
       Task "RemoveDuplicates"
       Done executing task "RemoveDuplicates".
       Task "MsBuild"
         Global Properties:
           ExcludeRestorePackageImports=true
           _RestoreSolutionFileUsed=true
           SolutionDir=/home/mdegallaix/Projects/yaml-parser/
           SolutionName=yaml-parser
         Additional Properties for project "/home/mdegallaix/Projects/yaml-parser/yaml-parser/yaml-parser.fsproj":
           Configuration=Debug
           Platform=AnyCPU
         Additional Properties for project "/home/mdegallaix/Projects/yaml-parser/yaml-parser-tests/yaml-parser-tests.fsproj":
           Configuration=Debug
           Platform=AnyCPU
     1>Project "/home/mdegallaix/Projects/yaml-parser/yaml-parser.sln" (1) is building "/home/mdegallaix/Projects/yaml-parser/yaml-parser/yaml-parser.fsproj" (3:4) on node 1 (_IsProjectRestoreSupported target(s)).
   3:4>Building with tools version "15.0".
       Target "_IsProjectRestoreSupported" skipped. Previously built successfully.
   3:4>Done Building Project "/home/mdegallaix/Projects/yaml-parser/yaml-parser/yaml-parser.fsproj" (_IsProjectRestoreSupported target(s)).
     1>Project "/home/mdegallaix/Projects/yaml-parser/yaml-parser.sln" (1) is building "/home/mdegallaix/Projects/yaml-parser/yaml-parser-tests/yaml-parser-tests.fsproj" (2:3) on node 1 (_IsProjectRestoreSupported target(s)).
   2:3>Building with tools version "15.0".
       Target "_IsProjectRestoreSupported" skipped. Previously built successfully.
   2:3>Done Building Project "/home/mdegallaix/Projects/yaml-parser/yaml-parser-tests/yaml-parser-tests.fsproj" (_IsProjectRestoreSupported target(s)).
     1>Done executing task "MsBuild".
       Task "MsBuild" skipped, due to false condition; ( '$(RestoreUseSkipNonexistentTargets)' != 'true' ) was evaluated as ( 'true' != 'true' ).
     1>Done building target "_GetAllRestoreProjectPathItems" in project "yaml-parser.sln".
     1>Target "_GenerateRestoreGraph" in file "/usr/share/dotnet/sdk/2.2.101/NuGet.targets" from project "/home/mdegallaix/Projects/yaml-parser/yaml-parser.sln" (target "Restore" depends on it):
       Task "Message"
         Generating dg file
       Done executing task "Message".
       Task "Message"
         /home/mdegallaix/Projects/yaml-parser/yaml-parser/yaml-parser.fsproj
       Done executing task "Message".
       Task "Message"
         /home/mdegallaix/Projects/yaml-parser/yaml-parser-tests/yaml-parser-tests.fsproj
       Done executing task "Message".
       Task "MsBuild"
         Global Properties:
           ExcludeRestorePackageImports=true
           _RestoreSolutionFileUsed=true
           SolutionDir=/home/mdegallaix/Projects/yaml-parser/
           SolutionName=yaml-parser
         Additional Properties for project "/home/mdegallaix/Projects/yaml-parser/yaml-parser/yaml-parser.fsproj":
           Configuration=Debug
           Platform=AnyCPU
         Additional Properties for project "/home/mdegallaix/Projects/yaml-parser/yaml-parser-tests/yaml-parser-tests.fsproj":
           Configuration=Debug
           Platform=AnyCPU
     1>Project "/home/mdegallaix/Projects/yaml-parser/yaml-parser.sln" (1) is building "/home/mdegallaix/Projects/yaml-parser/yaml-parser/yaml-parser.fsproj" (3:5) on node 1 (_GenerateRestoreGraphProjectEntry target(s)).
   3:5>Building with tools version "15.0".
   3:5>Target "_GetProjectJsonPath" in file "/usr/share/dotnet/sdk/2.2.101/NuGet.targets" from project "/home/mdegallaix/Projects/yaml-parser/yaml-parser/yaml-parser.fsproj" (target "_GetRestoreProjectStyle" depends on it):
       Task "GetRestoreProjectJsonPathTask" skipped, due to false condition; ( '$(RestoreProjectStyle)' == 'ProjectJson' OR '$(RestoreProjectStyle)' == '' ) was evaluated as ( 'PackageReference' == 'ProjectJson' OR 'PackageReference' == '' ).
   3:5>Done building target "_GetProjectJsonPath" in project "yaml-parser.fsproj".
       Target "PaketBootstrapping" skipped, due to false condition; (Exists('$(PaketToolsPath)paket.bootstrapper.proj')) was evaluated as (Exists('/home/mdegallaix/Projects/yaml-parser/.paket/paket.bootstrapper.proj')).
     1>Project "/home/mdegallaix/Projects/yaml-parser/yaml-parser.sln" (1) is building "/home/mdegallaix/Projects/yaml-parser/yaml-parser-tests/yaml-parser-tests.fsproj" (2:4) on node 2 (_GenerateRestoreGraphProjectEntry target(s)).
   2:4>Building with tools version "15.0".
   2:4>Target "_GetProjectJsonPath" in file "/usr/share/dotnet/sdk/2.2.101/NuGet.targets" from project "/home/mdegallaix/Projects/yaml-parser/yaml-parser-tests/yaml-parser-tests.fsproj" (target "_GetRestoreProjectStyle" depends on it):
       Task "GetRestoreProjectJsonPathTask" skipped, due to false condition; ( '$(RestoreProjectStyle)' == 'ProjectJson' OR '$(RestoreProjectStyle)' == '' ) was evaluated as ( 'PackageReference' == 'ProjectJson' OR 'PackageReference' == '' ).
   2:4>Done building target "_GetProjectJsonPath" in project "yaml-parser-tests.fsproj".
       Target "PaketBootstrapping" skipped, due to false condition; (Exists('$(PaketToolsPath)paket.bootstrapper.proj')) was evaluated as (Exists('/home/mdegallaix/Projects/yaml-parser/.paket/paket.bootstrapper.proj')).
   3:5>Target "PaketRestore" in file "/home/mdegallaix/Projects/yaml-parser/.paket/Paket.Restore.targets" from project "/home/mdegallaix/Projects/yaml-parser/yaml-parser/yaml-parser.fsproj" (target "CollectPackageReferences" depends on it):
   3:5>Using "Exec" task from assembly "Microsoft.Build.Tasks.Core, Version=15.1.0.0, Culture=neutral, PublicKeyToken=b03f5f7f11d50a3a".
       Task "Exec"
   2:4>Target "PaketRestore" in file "/home/mdegallaix/Projects/yaml-parser/.paket/Paket.Restore.targets" from project "/home/mdegallaix/Projects/yaml-parser/yaml-parser-tests/yaml-parser-tests.fsproj" (target "CollectPackageReferences" depends on it):
   2:4>Using "Exec" task from assembly "Microsoft.Build.Tasks.Core, Version=15.1.0.0, Culture=neutral, PublicKeyToken=b03f5f7f11d50a3a".
       Task "Exec"
         /usr/bin/shasum "/home/mdegallaix/Projects/yaml-parser/.paket/../paket-files/paket.restore.cached" | /usr/bin/awk '{ print $1 }'
   3:5>PaketRestore:
         /usr/bin/shasum "/home/mdegallaix/Projects/yaml-parser/.paket/../paket-files/paket.restore.cached" | /usr/bin/awk '{ print $1 }'
   2:4>PaketRestore:
         5ea1e9f9ebd90a3771cb51fce3c81c0ecf49d0fb
       Done executing task "Exec".
       Task "Exec"
         /usr/bin/shasum "/home/mdegallaix/Projects/yaml-parser/.paket/../paket.lock" | /usr/bin/awk '{ print $1 }'
   3:5>PaketRestore:
         5ea1e9f9ebd90a3771cb51fce3c81c0ecf49d0fb
       Done executing task "Exec".
       Task "Exec"
         /usr/bin/shasum "/home/mdegallaix/Projects/yaml-parser/.paket/../paket.lock" | /usr/bin/awk '{ print $1 }'
   2:4>PaketRestore:
         5ea1e9f9ebd90a3771cb51fce3c81c0ecf49d0fb
       Done executing task "Exec".
       Using "Message" task from assembly "Microsoft.Build.Tasks.Core, Version=15.1.0.0, Culture=neutral, PublicKeyToken=b03f5f7f11d50a3a".
       Task "Message"
         calling paket restore with targetframework=netcoreapp2.1 targetframeworks=
       Done executing task "Message".
       Task "Exec" skipped, due to false condition; ( '$(PaketBootstrapperStyle)' == 'classic' AND Exists('$(PaketBootStrapperExePath)') AND !(Exists('$(PaketExePath)'))) was evaluated as ( 'classic' == 'classic' AND Exists('/home/mdegallaix/Projects/yaml-parser/.paket/paket.bootstrapper.exe') AND !(Exists('paket'))).
       Task "Exec"
         "paket" restore
   3:5>PaketRestore:
         5ea1e9f9ebd90a3771cb51fce3c81c0ecf49d0fb
       Done executing task "Exec".
       Using "Message" task from assembly "Microsoft.Build.Tasks.Core, Version=15.1.0.0, Culture=neutral, PublicKeyToken=b03f5f7f11d50a3a".
       Task "Message"
         calling paket restore with targetframework=netstandard1.6 targetframeworks=
       Done executing task "Message".
       Task "Exec" skipped, due to false condition; ( '$(PaketBootstrapperStyle)' == 'classic' AND Exists('$(PaketBootStrapperExePath)') AND !(Exists('$(PaketExePath)'))) was evaluated as ( 'classic' == 'classic' AND Exists('/home/mdegallaix/Projects/yaml-parser/.paket/paket.bootstrapper.exe') AND !(Exists('paket'))).
       Task "Exec"
         "paket" restore
   2:4>PaketRestore:
         Paket version 5.194.3
   3:5>PaketRestore:
         Paket version 5.194.3
   2:4>PaketRestore:
         The last restore is still up to date. Nothing left to do.
   3:5>PaketRestore:
         The last restore is still up to date. Nothing left to do.
   2:4>PaketRestore:
         Performance:
   3:5>PaketRestore:
         Performance:
   2:4>PaketRestore:
          - Runtime: 65 milliseconds
   3:5>PaketRestore:
          - Runtime: 66 milliseconds
   2:4>Done executing task "Exec".
       Task "Message"
         MyTargetFrameworks=netcoreapp2.1 PaketResolvedFilePaths=/home/mdegallaix/Projects/yaml-parser/yaml-parser-tests/obj/yaml-parser-tests.fsproj.netcoreapp2.1.paket.resolved
       Done executing task "Message".
       Task "Message" skipped, due to false condition; ( '$(PaketRestoreRequired)' == 'true' ) was evaluated as ( 'false' == 'true' ).
       Task "Exec" skipped, due to false condition; ( '$(PaketRestoreRequired)' == 'true' AND '$(TargetFramework)' == '' ) was evaluated as ( 'false' == 'true' AND 'netcoreapp2.1' == '' ).
       Task "Exec" skipped, due to false condition; ( '$(PaketRestoreRequired)' == 'true' AND '$(TargetFramework)' != '' ) was evaluated as ( 'false' == 'true' AND 'netcoreapp2.1' != '' ).
       Task "Error" skipped, due to false condition; ( '$(DoAllResolvedFilesExist)' != 'true' AND '$(ResolveNuGetPackages)' != 'False' ) was evaluated as ( 'true' != 'true' AND 'false' != 'False' ).
       Using "ReadLinesFromFile" task from assembly "Microsoft.Build.Tasks.Core, Version=15.1.0.0, Culture=neutral, PublicKeyToken=b03f5f7f11d50a3a".
       Task "ReadLinesFromFile"
       Done executing task "ReadLinesFromFile".
   3:5>Done executing task "Exec".
       Task "Message"
         MyTargetFrameworks=netstandard1.6 PaketResolvedFilePaths=/home/mdegallaix/Projects/yaml-parser/yaml-parser/obj/yaml-parser.fsproj.netstandard1.6.paket.resolved
       Done executing task "Message".
       Task "Message" skipped, due to false condition; ( '$(PaketRestoreRequired)' == 'true' ) was evaluated as ( 'false' == 'true' ).
       Task "Exec" skipped, due to false condition; ( '$(PaketRestoreRequired)' == 'true' AND '$(TargetFramework)' == '' ) was evaluated as ( 'false' == 'true' AND 'netstandard1.6' == '' ).
       Task "Exec" skipped, due to false condition; ( '$(PaketRestoreRequired)' == 'true' AND '$(TargetFramework)' != '' ) was evaluated as ( 'false' == 'true' AND 'netstandard1.6' != '' ).
       Task "Error" skipped, due to false condition; ( '$(DoAllResolvedFilesExist)' != 'true' AND '$(ResolveNuGetPackages)' != 'False' ) was evaluated as ( 'true' != 'true' AND 'false' != 'False' ).
       Using "ReadLinesFromFile" task from assembly "Microsoft.Build.Tasks.Core, Version=15.1.0.0, Culture=neutral, PublicKeyToken=b03f5f7f11d50a3a".
       Task "ReadLinesFromFile"
       Done executing task "ReadLinesFromFile".
       Task "ReadLinesFromFile"
       Done executing task "ReadLinesFromFile".
   3:5>Done building target "PaketRestore" in project "yaml-parser.fsproj".
       Target "_CheckForUnsupportedNETCoreVersion" skipped, due to false condition; ('$(TargetFrameworkIdentifier)' == '.NETCoreApp' And '$(NETCoreAppMaximumVersion)' != '') was evaluated as ('.NETStandard' == '.NETCoreApp' And '' != '').
   3:5>Target "_CheckForUnsupportedNETStandardVersion" in file "/usr/share/dotnet/sdk/2.2.101/Sdks/Microsoft.NET.Sdk/targets/Microsoft.NET.TargetFrameworkInference.targets" from project "/home/mdegallaix/Projects/yaml-parser/yaml-parser/yaml-parser.fsproj" (target "CollectPackageReferences" depends on it):
       Task "NETSdkError" skipped, due to false condition; ('$(_TargetFrameworkVersionWithoutV)' > '$(NETStandardMaximumVersion)') was evaluated as ('1.6' > '2.0').
   3:5>Done building target "_CheckForUnsupportedNETStandardVersion" in project "yaml-parser.fsproj".
   2:4>Task "ReadLinesFromFile"
       Done executing task "ReadLinesFromFile".
   2:4>Done building target "PaketRestore" in project "yaml-parser-tests.fsproj".
   2:4>Target "_CheckForUnsupportedNETCoreVersion" in file "/usr/share/dotnet/sdk/2.2.101/Sdks/Microsoft.NET.Sdk/targets/Microsoft.NET.TargetFrameworkInference.targets" from project "/home/mdegallaix/Projects/yaml-parser/yaml-parser-tests/yaml-parser-tests.fsproj" (target "CollectPackageReferences" depends on it):
       Task "NETSdkError" skipped, due to false condition; ('$(_TargetFrameworkVersionWithoutV)' > '$(NETCoreAppMaximumVersion)') was evaluated as ('2.1' > '2.2').
   2:4>Done building target "_CheckForUnsupportedNETCoreVersion" in project "yaml-parser-tests.fsproj".
       Target "_CheckForUnsupportedNETStandardVersion" skipped, due to false condition; ('$(TargetFrameworkIdentifier)' == '.NETStandard' And '$(NETStandardMaximumVersion)' != '') was evaluated as ('.NETCoreApp' == '.NETStandard' And '' != '').
   2:4>Target "CheckForImplicitPackageReferenceOverrides" in file "/usr/share/dotnet/sdk/2.2.101/Sdks/Microsoft.NET.Sdk/targets/Microsoft.NET.Sdk.DefaultItems.targets" from project "/home/mdegallaix/Projects/yaml-parser/yaml-parser-tests/yaml-parser-tests.fsproj" (target "ApplyImplicitVersions" depends on it):
       Using "CheckForImplicitPackageReferenceOverrides" task from assembly "/usr/share/dotnet/sdk/2.2.101/Sdks/Microsoft.NET.Sdk/targets/../tools/netcoreapp2.0/Microsoft.NET.Build.Tasks.dll".
       Task "CheckForImplicitPackageReferenceOverrides"
       Done executing task "CheckForImplicitPackageReferenceOverrides".
   2:4>Done building target "CheckForImplicitPackageReferenceOverrides" in project "yaml-parser-tests.fsproj".
   2:4>Target "ApplyImplicitVersions" in file "/usr/share/dotnet/sdk/2.2.101/Sdks/Microsoft.NET.Sdk/targets/Microsoft.NET.Sdk.DefaultItems.targets" from project "/home/mdegallaix/Projects/yaml-parser/yaml-parser-tests/yaml-parser-tests.fsproj" (target "CollectPackageReferences" depends on it):
       Using "ApplyImplicitVersions" task from assembly "/usr/share/dotnet/sdk/2.2.101/Sdks/Microsoft.NET.Sdk/targets/../tools/netcoreapp2.0/Microsoft.NET.Build.Tasks.dll".
       Task "ApplyImplicitVersions"
       Done executing task "ApplyImplicitVersions".
   3:5>Target "CheckForImplicitPackageReferenceOverrides" in file "/usr/share/dotnet/sdk/2.2.101/Sdks/Microsoft.NET.Sdk/targets/Microsoft.NET.Sdk.DefaultItems.targets" from project "/home/mdegallaix/Projects/yaml-parser/yaml-parser/yaml-parser.fsproj" (target "ApplyImplicitVersions" depends on it):
   3:5>Using "CheckForImplicitPackageReferenceOverrides" task from assembly "/usr/share/dotnet/sdk/2.2.101/Sdks/Microsoft.NET.Sdk/targets/../tools/netcoreapp2.0/Microsoft.NET.Build.Tasks.dll".
       Task "CheckForImplicitPackageReferenceOverrides"
   2:4>Done building target "ApplyImplicitVersions" in project "yaml-parser-tests.fsproj".
       Target "CheckForImplicitPackageReferenceOverrides" skipped. Previously built successfully.
   2:4>Target "_CheckForObsoleteDotNetCliToolReferences" in file "/usr/share/dotnet/sdk/2.2.101/Sdks/Microsoft.NET.Sdk/targets/Microsoft.NET.ObsoleteReferences.targets" from project "/home/mdegallaix/Projects/yaml-parser/yaml-parser-tests/yaml-parser-tests.fsproj" (target "CollectPackageReferences" depends on it):
       Task "NETSdkWarning" skipped, due to false condition; ( '%(_ReferenceToObsoleteDotNetCliTool.Identity)' != '' ) was evaluated as ( '' != '' ).
   2:4>Done building target "_CheckForObsoleteDotNetCliToolReferences" in project "yaml-parser-tests.fsproj".
   2:4>Target "CollectPackageReferences" in file "/usr/share/dotnet/sdk/2.2.101/NuGet.targets" from project "/home/mdegallaix/Projects/yaml-parser/yaml-parser-tests/yaml-parser-tests.fsproj" (target "_GetRestoreProjectStyle" depends on it):
   2:4>Done building target "CollectPackageReferences" in project "yaml-parser-tests.fsproj".
   2:4>Target "_GetRestoreProjectStyle" in file "/usr/share/dotnet/sdk/2.2.101/NuGet.targets" from project "/home/mdegallaix/Projects/yaml-parser/yaml-parser-tests/yaml-parser-tests.fsproj" (target "_GenerateRestoreSpecs" depends on it):
   2:4>Done building target "_GetRestoreProjectStyle" in project "yaml-parser-tests.fsproj".
   2:4>Target "_GenerateRestoreSpecs" in file "/usr/share/dotnet/sdk/2.2.101/NuGet.targets" from project "/home/mdegallaix/Projects/yaml-parser/yaml-parser-tests/yaml-parser-tests.fsproj" (target "_GenerateRestoreGraphProjectEntry" depends on it):
       Task "Message"
         Restore entry point /home/mdegallaix/Projects/yaml-parser/yaml-parser-tests/yaml-parser-tests.fsproj
       Done executing task "Message".
   2:4>Done building target "_GenerateRestoreSpecs" in project "yaml-parser-tests.fsproj".
   2:4>Target "_GetRestoreSettingsOverrides" in file "/usr/share/dotnet/sdk/2.2.101/NuGet.targets" from project "/home/mdegallaix/Projects/yaml-parser/yaml-parser-tests/yaml-parser-tests.fsproj" (target "_GetRestoreSettings" depends on it):
       Task "MsBuild" skipped, due to false condition; ( '$(RestorePackagesPath)' != '' ) was evaluated as ( '' != '' ).
       Task "MsBuild" skipped, due to false condition; ( '$(RestoreSources)' != '' ) was evaluated as ( '' != '' ).
       Task "MsBuild" skipped, due to false condition; ( '$(RestoreFallbackFolders)' != '' ) was evaluated as ( '' != '' ).
   2:4>Done building target "_GetRestoreSettingsOverrides" in project "yaml-parser-tests.fsproj".
   2:4>Target "_GetRestoreSettingsPerFramework" in file "/usr/share/dotnet/sdk/2.2.101/NuGet.targets" from project "/home/mdegallaix/Projects/yaml-parser/yaml-parser-tests/yaml-parser-tests.fsproj" (target "_GetRestoreSettingsCurrentProject" depends on it):
   2:4>Done building target "_GetRestoreSettingsPerFramework" in project "yaml-parser-tests.fsproj".
   2:4>Target "_GetRestoreSettingsCurrentProject" in file "/usr/share/dotnet/sdk/2.2.101/NuGet.targets" from project "/home/mdegallaix/Projects/yaml-parser/yaml-parser-tests/yaml-parser-tests.fsproj" (target "_GetRestoreSettings" depends on it):
   2:4>Done building target "_GetRestoreSettingsCurrentProject" in project "yaml-parser-tests.fsproj".
       Target "_GetRestoreSettingsAllFrameworks" skipped, due to false condition; ( '$(TargetFrameworks)' != '' AND '$(PackageReferenceCompatibleProjectStyle)' == 'true' ) was evaluated as ( '' != '' AND 'true' == 'true' ).
   2:4>Target "_GetRestoreSettings" in file "/usr/share/dotnet/sdk/2.2.101/NuGet.targets" from project "/home/mdegallaix/Projects/yaml-parser/yaml-parser-tests/yaml-parser-tests.fsproj" (target "_GenerateDotnetCliToolReferenceSpecs" depends on it):
       Using "GetRestoreSettingsTask" task from assembly "/usr/share/dotnet/sdk/2.2.101/NuGet.Build.Tasks.dll".
       Task "GetRestoreSettingsTask"
         (in) ProjectUniqueName '/home/mdegallaix/Projects/yaml-parser/yaml-parser-tests/yaml-parser-tests.fsproj'
         (in) RestoreSources ''
         (in) RestorePackagesPath ''
         (in) RestoreFallbackFolders ''
         (in) RestoreConfigFile ''
         (in) RestoreSolutionDirectory ''
         (in) RestoreRootConfigDirectory ''
         (in) RestorePackagesPathOverride ''
         (in) RestoreSourcesOverride ''
         (in) RestoreFallbackFoldersOverride ''
         (in) MSBuildStartupDirectory '/home/mdegallaix/Projects/yaml-parser'
         (out) OutputPackagesPath '/home/mdegallaix/.nuget/packages/'
         (out) OutputSources 'https://api.nuget.org/v3/index.json'
   3:5>Done executing task "CheckForImplicitPackageReferenceOverrides".
   2:4>_GetRestoreSettings:
         (out) OutputFallbackFolders '/usr/share/dotnet/sdk/NuGetFallbackFolder'
         (out) OutputConfigFilePaths '/home/mdegallaix/.nuget/NuGet/NuGet.Config'
       Done executing task "GetRestoreSettingsTask".
   2:4>Done building target "_GetRestoreSettings" in project "yaml-parser-tests.fsproj".
   3:5>Done building target "CheckForImplicitPackageReferenceOverrides" in project "yaml-parser.fsproj".
   2:4>Target "_GenerateDotnetCliToolReferenceSpecs" in file "/usr/share/dotnet/sdk/2.2.101/NuGet.targets" from project "/home/mdegallaix/Projects/yaml-parser/yaml-parser-tests/yaml-parser-tests.fsproj" (target "_GenerateRestoreGraphProjectEntry" depends on it):
   2:4>Using "GetRestoreDotnetCliToolsTask" task from assembly "/usr/share/dotnet/sdk/2.2.101/NuGet.Build.Tasks.dll".
       Task "GetRestoreDotnetCliToolsTask"
   3:5>Target "ApplyImplicitVersions" in file "/usr/share/dotnet/sdk/2.2.101/Sdks/Microsoft.NET.Sdk/targets/Microsoft.NET.Sdk.DefaultItems.targets" from project "/home/mdegallaix/Projects/yaml-parser/yaml-parser/yaml-parser.fsproj" (target "CollectPackageReferences" depends on it):
   3:5>Using "ApplyImplicitVersions" task from assembly "/usr/share/dotnet/sdk/2.2.101/Sdks/Microsoft.NET.Sdk/targets/../tools/netcoreapp2.0/Microsoft.NET.Build.Tasks.dll".
       Task "ApplyImplicitVersions"
   2:4>_GenerateDotnetCliToolReferenceSpecs:
         (in) ProjectPath '/home/mdegallaix/Projects/yaml-parser/yaml-parser-tests/yaml-parser-tests.fsproj'
         (in) DotnetCliToolReferences ''
         (in) RestoreSources 'https://api.nuget.org/v3/index.json'
         (in) RestorePackagesPath '/home/mdegallaix/.nuget/packages/'
         (in) RestoreFallbackFolders '/usr/share/dotnet/sdk/NuGetFallbackFolder'
         (in) RestoreConfigFilePaths '/home/mdegallaix/.nuget/NuGet/NuGet.Config'
       Done executing task "GetRestoreDotnetCliToolsTask".
   2:4>Done building target "_GenerateDotnetCliToolReferenceSpecs" in project "yaml-parser-tests.fsproj".
   2:4>Target "_GenerateRestoreGraphProjectEntry" in file "/usr/share/dotnet/sdk/2.2.101/NuGet.targets" from project "/home/mdegallaix/Projects/yaml-parser/yaml-parser-tests/yaml-parser-tests.fsproj" (entry point):
   2:4>Done building target "_GenerateRestoreGraphProjectEntry" in project "yaml-parser-tests.fsproj".
   2:4>Done Building Project "/home/mdegallaix/Projects/yaml-parser/yaml-parser-tests/yaml-parser-tests.fsproj" (_GenerateRestoreGraphProjectEntry target(s)).
   3:5>Done executing task "ApplyImplicitVersions".
   3:5>Done building target "ApplyImplicitVersions" in project "yaml-parser.fsproj".
       Target "CheckForImplicitPackageReferenceOverrides" skipped. Previously built successfully.
   3:5>Target "_CheckForObsoleteDotNetCliToolReferences" in file "/usr/share/dotnet/sdk/2.2.101/Sdks/Microsoft.NET.Sdk/targets/Microsoft.NET.ObsoleteReferences.targets" from project "/home/mdegallaix/Projects/yaml-parser/yaml-parser/yaml-parser.fsproj" (target "CollectPackageReferences" depends on it):
       Task "NETSdkWarning" skipped, due to false condition; ( '%(_ReferenceToObsoleteDotNetCliTool.Identity)' != '' ) was evaluated as ( '' != '' ).
   3:5>Done building target "_CheckForObsoleteDotNetCliToolReferences" in project "yaml-parser.fsproj".
   3:5>Target "CollectPackageReferences" in file "/usr/share/dotnet/sdk/2.2.101/NuGet.targets" from project "/home/mdegallaix/Projects/yaml-parser/yaml-parser/yaml-parser.fsproj" (target "_GetRestoreProjectStyle" depends on it):
   3:5>Done building target "CollectPackageReferences" in project "yaml-parser.fsproj".
   3:5>Target "_GetRestoreProjectStyle" in file "/usr/share/dotnet/sdk/2.2.101/NuGet.targets" from project "/home/mdegallaix/Projects/yaml-parser/yaml-parser/yaml-parser.fsproj" (target "_GenerateRestoreSpecs" depends on it):
   3:5>Done building target "_GetRestoreProjectStyle" in project "yaml-parser.fsproj".
   3:5>Target "_GenerateRestoreSpecs" in file "/usr/share/dotnet/sdk/2.2.101/NuGet.targets" from project "/home/mdegallaix/Projects/yaml-parser/yaml-parser/yaml-parser.fsproj" (target "_GenerateRestoreGraphProjectEntry" depends on it):
       Task "Message"
         Restore entry point /home/mdegallaix/Projects/yaml-parser/yaml-parser/yaml-parser.fsproj
       Done executing task "Message".
   3:5>Done building target "_GenerateRestoreSpecs" in project "yaml-parser.fsproj".
   3:5>Target "_GetRestoreSettingsOverrides" in file "/usr/share/dotnet/sdk/2.2.101/NuGet.targets" from project "/home/mdegallaix/Projects/yaml-parser/yaml-parser/yaml-parser.fsproj" (target "_GetRestoreSettings" depends on it):
       Task "MsBuild" skipped, due to false condition; ( '$(RestorePackagesPath)' != '' ) was evaluated as ( '' != '' ).
       Task "MsBuild" skipped, due to false condition; ( '$(RestoreSources)' != '' ) was evaluated as ( '' != '' ).
       Task "MsBuild" skipped, due to false condition; ( '$(RestoreFallbackFolders)' != '' ) was evaluated as ( '' != '' ).
   3:5>Done building target "_GetRestoreSettingsOverrides" in project "yaml-parser.fsproj".
   3:5>Target "_GetRestoreSettingsPerFramework" in file "/usr/share/dotnet/sdk/2.2.101/NuGet.targets" from project "/home/mdegallaix/Projects/yaml-parser/yaml-parser/yaml-parser.fsproj" (target "_GetRestoreSettingsCurrentProject" depends on it):
   3:5>Done building target "_GetRestoreSettingsPerFramework" in project "yaml-parser.fsproj".
   3:5>Target "_GetRestoreSettingsCurrentProject" in file "/usr/share/dotnet/sdk/2.2.101/NuGet.targets" from project "/home/mdegallaix/Projects/yaml-parser/yaml-parser/yaml-parser.fsproj" (target "_GetRestoreSettings" depends on it):
   3:5>Done building target "_GetRestoreSettingsCurrentProject" in project "yaml-parser.fsproj".
       Target "_GetRestoreSettingsAllFrameworks" skipped, due to false condition; ( '$(TargetFrameworks)' != '' AND '$(PackageReferenceCompatibleProjectStyle)' == 'true' ) was evaluated as ( '' != '' AND 'true' == 'true' ).
   3:5>Target "_GetRestoreSettings" in file "/usr/share/dotnet/sdk/2.2.101/NuGet.targets" from project "/home/mdegallaix/Projects/yaml-parser/yaml-parser/yaml-parser.fsproj" (target "_GenerateDotnetCliToolReferenceSpecs" depends on it):
       Using "GetRestoreSettingsTask" task from assembly "/usr/share/dotnet/sdk/2.2.101/NuGet.Build.Tasks.dll".
       Task "GetRestoreSettingsTask"
         (in) ProjectUniqueName '/home/mdegallaix/Projects/yaml-parser/yaml-parser/yaml-parser.fsproj'
         (in) RestoreSources ''
         (in) RestorePackagesPath ''
         (in) RestoreFallbackFolders ''
         (in) RestoreConfigFile ''
         (in) RestoreSolutionDirectory ''
         (in) RestoreRootConfigDirectory ''
         (in) RestorePackagesPathOverride ''
         (in) RestoreSourcesOverride ''
         (in) RestoreFallbackFoldersOverride ''
         (in) MSBuildStartupDirectory '/home/mdegallaix/Projects/yaml-parser'
         (out) OutputPackagesPath '/home/mdegallaix/.nuget/packages/'
         (out) OutputSources 'https://api.nuget.org/v3/index.json'
         (out) OutputFallbackFolders '/usr/share/dotnet/sdk/NuGetFallbackFolder'
         (out) OutputConfigFilePaths '/home/mdegallaix/.nuget/NuGet/NuGet.Config'
       Done executing task "GetRestoreSettingsTask".
   3:5>Done building target "_GetRestoreSettings" in project "yaml-parser.fsproj".
   3:5>Target "_GenerateDotnetCliToolReferenceSpecs" in file "/usr/share/dotnet/sdk/2.2.101/NuGet.targets" from project "/home/mdegallaix/Projects/yaml-parser/yaml-parser/yaml-parser.fsproj" (target "_GenerateRestoreGraphProjectEntry" depends on it):
       Using "GetRestoreDotnetCliToolsTask" task from assembly "/usr/share/dotnet/sdk/2.2.101/NuGet.Build.Tasks.dll".
       Task "GetRestoreDotnetCliToolsTask"
         (in) ProjectPath '/home/mdegallaix/Projects/yaml-parser/yaml-parser/yaml-parser.fsproj'
         (in) DotnetCliToolReferences ''
         (in) RestoreSources 'https://api.nuget.org/v3/index.json'
         (in) RestorePackagesPath '/home/mdegallaix/.nuget/packages/'
         (in) RestoreFallbackFolders '/usr/share/dotnet/sdk/NuGetFallbackFolder'
         (in) RestoreConfigFilePaths '/home/mdegallaix/.nuget/NuGet/NuGet.Config'
       Done executing task "GetRestoreDotnetCliToolsTask".
   3:5>Done building target "_GenerateDotnetCliToolReferenceSpecs" in project "yaml-parser.fsproj".
   3:5>Target "_GenerateRestoreGraphProjectEntry" in file "/usr/share/dotnet/sdk/2.2.101/NuGet.targets" from project "/home/mdegallaix/Projects/yaml-parser/yaml-parser/yaml-parser.fsproj" (entry point):
   3:5>Done building target "_GenerateRestoreGraphProjectEntry" in project "yaml-parser.fsproj".
   3:5>Done Building Project "/home/mdegallaix/Projects/yaml-parser/yaml-parser/yaml-parser.fsproj" (_GenerateRestoreGraphProjectEntry target(s)).
     1>Done executing task "MsBuild".
       Task "MsBuild"
         Global Properties:
           ExcludeRestorePackageImports=true
           _RestoreSolutionFileUsed=true
           SolutionDir=/home/mdegallaix/Projects/yaml-parser/
           SolutionName=yaml-parser
         Additional Properties for project "/home/mdegallaix/Projects/yaml-parser/yaml-parser/yaml-parser.fsproj":
           Configuration=Debug
           Platform=AnyCPU
         Additional Properties for project "/home/mdegallaix/Projects/yaml-parser/yaml-parser-tests/yaml-parser-tests.fsproj":
           Configuration=Debug
           Platform=AnyCPU
     1>Project "/home/mdegallaix/Projects/yaml-parser/yaml-parser.sln" (1) is building "/home/mdegallaix/Projects/yaml-parser/yaml-parser/yaml-parser.fsproj" (3:6) on node 1 (_GenerateProjectRestoreGraph target(s)).
   3:6>Building with tools version "15.0".
       Target "_GetRestoreProjectStyle" skipped. Previously built successfully.
       Target "_GetRestoreProjectStyle" skipped. Previously built successfully.
   3:6>Target "_GetRestoreTargetFrameworksOutput" in file "/usr/share/dotnet/sdk/2.2.101/NuGet.targets" from project "/home/mdegallaix/Projects/yaml-parser/yaml-parser/yaml-parser.fsproj" (target "_GenerateProjectRestoreGraph" depends on it):
       Using "GetProjectTargetFrameworksTask" task from assembly "/usr/share/dotnet/sdk/2.2.101/NuGet.Build.Tasks.dll".
       Task "GetProjectTargetFrameworksTask"
         (in) ProjectPath '/home/mdegallaix/Projects/yaml-parser/yaml-parser/yaml-parser.fsproj'
         (in) TargetFrameworkMoniker '.NETStandard,Version=v1.6'
         (in) TargetPlatformIdentifier 'Windows'
         (in) TargetPlatformVersion '7.0'
         (in) TargetPlatformMinVersion ''
         (in) TargetFrameworks ''
         (in) TargetFramework 'netstandard1.6'
     1>Project "/home/mdegallaix/Projects/yaml-parser/yaml-parser.sln" (1) is building "/home/mdegallaix/Projects/yaml-parser/yaml-parser-tests/yaml-parser-tests.fsproj" (2:5) on node 2 (_GenerateProjectRestoreGraph target(s)).
   2:5>Building with tools version "15.0".
       Target "_GetRestoreProjectStyle" skipped. Previously built successfully.
       Target "_GetRestoreProjectStyle" skipped. Previously built successfully.
   2:5>Target "_GetRestoreTargetFrameworksOutput" in file "/usr/share/dotnet/sdk/2.2.101/NuGet.targets" from project "/home/mdegallaix/Projects/yaml-parser/yaml-parser-tests/yaml-parser-tests.fsproj" (target "_GenerateProjectRestoreGraph" depends on it):
       Using "GetProjectTargetFrameworksTask" task from assembly "/usr/share/dotnet/sdk/2.2.101/NuGet.Build.Tasks.dll".
       Task "GetProjectTargetFrameworksTask"
         (in) ProjectPath '/home/mdegallaix/Projects/yaml-parser/yaml-parser-tests/yaml-parser-tests.fsproj'
         (in) TargetFrameworkMoniker '.NETCoreApp,Version=v2.1'
         (in) TargetPlatformIdentifier 'Windows'
         (in) TargetPlatformVersion '7.0'
         (in) TargetPlatformMinVersion ''
         (in) TargetFrameworks ''
         (in) TargetFramework 'netcoreapp2.1'
         (out) ProjectTargetFrameworks 'netcoreapp2.1'
       Done executing task "GetProjectTargetFrameworksTask".
   2:5>Done building target "_GetRestoreTargetFrameworksOutput" in project "yaml-parser-tests.fsproj".
   3:6>_GetRestoreTargetFrameworksOutput:
         (out) ProjectTargetFrameworks 'netstandard1.6'
       Done executing task "GetProjectTargetFrameworksTask".
   2:5>Target "_GetRestoreProjectStyle" skipped. Previously built successfully.
   3:6>Done building target "_GetRestoreTargetFrameworksOutput" in project "yaml-parser.fsproj".
       Target "_GetRestoreProjectStyle" skipped. Previously built successfully.
       Target "_GetRestoreTargetFrameworksOutput" skipped. Previously built successfully.
   2:5>Target "_GetRestoreTargetFrameworksOutput" skipped. Previously built successfully.
   3:6>Target "_GetRestoreSettings" skipped. Previously built successfully.
   3:6>Target "_GenerateRestoreProjectSpec" in file "/usr/share/dotnet/sdk/2.2.101/NuGet.targets" from project "/home/mdegallaix/Projects/yaml-parser/yaml-parser/yaml-parser.fsproj" (target "_GenerateProjectRestoreGraph" depends on it):
       Task "ConvertToAbsolutePath"
   2:5>Target "_GetRestoreSettings" skipped. Previously built successfully.
   3:6>Done executing task "ConvertToAbsolutePath".
   2:5>Target "_GenerateRestoreProjectSpec" in file "/usr/share/dotnet/sdk/2.2.101/NuGet.targets" from project "/home/mdegallaix/Projects/yaml-parser/yaml-parser-tests/yaml-parser-tests.fsproj" (target "_GenerateProjectRestoreGraph" depends on it):
   2:5>Task "ConvertToAbsolutePath"
       Done executing task "ConvertToAbsolutePath".
   2:5>Done building target "_GenerateRestoreProjectSpec" in project "yaml-parser-tests.fsproj".
       Target "_GenerateProjectRestoreGraphAllFrameworks" skipped, due to false condition; ( '$(TargetFrameworks)' != '' ) was evaluated as ( '' != '' ).
   3:6>Done building target "_GenerateRestoreProjectSpec" in project "yaml-parser.fsproj".
       Target "_GenerateProjectRestoreGraphAllFrameworks" skipped, due to false condition; ( '$(TargetFrameworks)' != '' ) was evaluated as ( '' != '' ).
       Target "_GetRestoreProjectStyle" skipped. Previously built successfully.
       Target "CollectPackageReferences" skipped. Previously built successfully.
       Target "PrepRestoreForStoreProjects" skipped, due to false condition; ('$(StorePackageName)' != '') was evaluated as ('' != '').
   2:5>Target "_GetRestoreProjectStyle" skipped. Previously built successfully.
   3:6>Target "_GenerateProjectRestoreGraphPerFramework" in file "/usr/share/dotnet/sdk/2.2.101/NuGet.targets" from project "/home/mdegallaix/Projects/yaml-parser/yaml-parser/yaml-parser.fsproj" (target "_GenerateProjectRestoreGraphCurrentProject" depends on it):
   3:6>Using "GetRestoreProjectReferencesTask" task from assembly "/usr/share/dotnet/sdk/2.2.101/NuGet.Build.Tasks.dll".
       Task "GetRestoreProjectReferencesTask"
   2:5>Target "CollectPackageReferences" skipped. Previously built successfully.
       Target "PrepRestoreForStoreProjects" skipped, due to false condition; ('$(StorePackageName)' != '') was evaluated as ('' != '').
   2:5>Target "_GenerateProjectRestoreGraphPerFramework" in file "/usr/share/dotnet/sdk/2.2.101/NuGet.targets" from project "/home/mdegallaix/Projects/yaml-parser/yaml-parser-tests/yaml-parser-tests.fsproj" (target "_GenerateProjectRestoreGraphCurrentProject" depends on it):
       Using "GetRestoreProjectReferencesTask" task from assembly "/usr/share/dotnet/sdk/2.2.101/NuGet.Build.Tasks.dll".
       Task "GetRestoreProjectReferencesTask"
   3:6>_GenerateProjectRestoreGraphPerFramework:
         (in) ProjectUniqueName '/home/mdegallaix/Projects/yaml-parser/yaml-parser/yaml-parser.fsproj'
         (in) TargetFrameworks 'netstandard1.6'
   2:5>_GenerateProjectRestoreGraphPerFramework:
         (in) ProjectUniqueName '/home/mdegallaix/Projects/yaml-parser/yaml-parser-tests/yaml-parser-tests.fsproj'
   3:6>_GenerateProjectRestoreGraphPerFramework:
         (in) ProjectReferences ''
         (in) ParentProjectPath '/home/mdegallaix/Projects/yaml-parser/yaml-parser/yaml-parser.fsproj'
   2:5>_GenerateProjectRestoreGraphPerFramework:
         (in) TargetFrameworks 'netcoreapp2.1'
         (in) ProjectReferences '../yaml-parser/yaml-parser.fsproj'
         (in) ParentProjectPath '/home/mdegallaix/Projects/yaml-parser/yaml-parser-tests/yaml-parser-tests.fsproj'
   3:6>Done executing task "GetRestoreProjectReferencesTask".
   2:5>Done executing task "GetRestoreProjectReferencesTask".
       Using "GetRestorePackageReferencesTask" task from assembly "/usr/share/dotnet/sdk/2.2.101/NuGet.Build.Tasks.dll".
   3:6>_GenerateProjectRestoreGraphPerFramework:
       Using "GetRestorePackageReferencesTask" task from assembly "/usr/share/dotnet/sdk/2.2.101/NuGet.Build.Tasks.dll".
       Task "GetRestorePackageReferencesTask"
   2:5>Task "GetRestorePackageReferencesTask"
         (in) ProjectUniqueName '/home/mdegallaix/Projects/yaml-parser/yaml-parser-tests/yaml-parser-tests.fsproj'
         (in) TargetFrameworks 'netcoreapp2.1'
         (in) PackageReferences 'FSharp.Core;Hopac;Microsoft.NETCore.Platforms;Microsoft.NETCore.Targets;Newtonsoft.Json;runtime.debian.8-x64.runtime.native.System.Security.Cryptography.OpenSsl;runtime.debian.9-x64.runtime.native.System.Security.Cryptography.OpenSsl;runtime.fedora.23-x64.runtime.native.System.Security.Cryptography.OpenSsl;runtime.fedora.24-x64.runtime.native.System.Security.Cryptography.OpenSsl;runtime.fedora.27-x64.runtime.native.System.Security.Cryptography.OpenSsl;runtime.fedora.28-x64.runtime.native.System.Security.Cryptography.OpenSsl;runtime.opensuse.13.2-x64.runtime.native.System.Security.Cryptography.OpenSsl;runtime.opensuse.42.1-x64.runtime.native.System.Security.Cryptography.OpenSsl;runtime.opensuse.42.3-x64.runtime.native.System.Security.Cryptography.OpenSsl;runtime.osx.10.10-x64.runtime.native.System.Security.Cryptography.Apple;runtime.native.System.Security.Cryptography.Apple;runtime.osx.10.10-x64.runtime.native.System.Security.Cryptography.OpenSsl;runtime.rhel.7-x64.runtime.native.System.Security.Cryptography.OpenSsl;runtime.ubuntu.14.04-x64.runtime.native.System.Security.Cryptography.OpenSsl;runtime.ubuntu.16.04-x64.runtime.native.System.Security.Cryptography.OpenSsl;runtime.ubuntu.16.10-x64.runtime.native.System.Security.Cryptography.OpenSsl;runtime.ubuntu.18.04-x64.runtime.native.System.Security.Cryptography.OpenSsl;runtime.native.System.Security.Cryptography.OpenSsl;System.Reflection.Metadata;System.Runtime;System.Collections;System.Diagnostics.Debug;System.Diagnostics.Tracing;System.Globalization;System.IO.FileSystem.Primitives;System.Reflection.Primitives;System.Runtime.Extensions;System.Runtime.Handles;System.Security.Cryptography.ProtectedData;System.Security.Principal.Windows;System.Security.AccessControl;System.Security.Permissions;System.Configuration.ConfigurationManager;Argu;System.Text.Encoding;System.Threading.Tasks;System.IO;System.IO.FileSystem;System.Reflection;System.Resources.ResourceManager;System.Linq;System.Runtime.InteropServices;System.Diagnostics.FileVersionInfo;Http.fs;System.Runtime.Numerics;System.Threading;System.Collections.Concurrent;System.Security.Cryptography.Primitives;System.Security.Cryptography.Encoding;System.Security.Cryptography.Algorithms;System.Security.Cryptography.Csp;Mono.Cecil;Expecto;Microsoft.NETCore.App'
   3:6>_GenerateProjectRestoreGraphPerFramework:
         (in) ProjectUniqueName '/home/mdegallaix/Projects/yaml-parser/yaml-parser/yaml-parser.fsproj'
         (in) TargetFrameworks 'netstandard1.6'
         (in) PackageReferences 'NETStandard.Library'
       Done executing task "GetRestorePackageReferencesTask".
   3:6>Done building target "_GenerateProjectRestoreGraphPerFramework" in project "yaml-parser.fsproj".
   3:6>Target "_GenerateProjectRestoreGraphCurrentProject" in file "/usr/share/dotnet/sdk/2.2.101/NuGet.targets" from project "/home/mdegallaix/Projects/yaml-parser/yaml-parser/yaml-parser.fsproj" (target "_GenerateRestoreDependencies" depends on it):
   3:6>Done building target "_GenerateProjectRestoreGraphCurrentProject" in project "yaml-parser.fsproj".
   2:5>Done executing task "GetRestorePackageReferencesTask".
   3:6>Target "_GenerateRestoreDependencies" in file "/usr/share/dotnet/sdk/2.2.101/NuGet.targets" from project "/home/mdegallaix/Projects/yaml-parser/yaml-parser/yaml-parser.fsproj" (target "_GenerateProjectRestoreGraph" depends on it):
   3:6>Done building target "_GenerateRestoreDependencies" in project "yaml-parser.fsproj".
   3:6>Target "_GenerateProjectRestoreGraph" in file "/usr/share/dotnet/sdk/2.2.101/NuGet.targets" from project "/home/mdegallaix/Projects/yaml-parser/yaml-parser/yaml-parser.fsproj" (entry point):
   3:6>Done building target "_GenerateProjectRestoreGraph" in project "yaml-parser.fsproj".
   3:6>Done Building Project "/home/mdegallaix/Projects/yaml-parser/yaml-parser/yaml-parser.fsproj" (_GenerateProjectRestoreGraph target(s)).
   2:5>Done building target "_GenerateProjectRestoreGraphPerFramework" in project "yaml-parser-tests.fsproj".
   2:5>Target "_GenerateProjectRestoreGraphCurrentProject" in file "/usr/share/dotnet/sdk/2.2.101/NuGet.targets" from project "/home/mdegallaix/Projects/yaml-parser/yaml-parser-tests/yaml-parser-tests.fsproj" (target "_GenerateRestoreDependencies" depends on it):
   2:5>Done building target "_GenerateProjectRestoreGraphCurrentProject" in project "yaml-parser-tests.fsproj".
   2:5>Target "_GenerateRestoreDependencies" in file "/usr/share/dotnet/sdk/2.2.101/NuGet.targets" from project "/home/mdegallaix/Projects/yaml-parser/yaml-parser-tests/yaml-parser-tests.fsproj" (target "_GenerateProjectRestoreGraph" depends on it):
   2:5>Done building target "_GenerateRestoreDependencies" in project "yaml-parser-tests.fsproj".
   2:5>Target "_GenerateProjectRestoreGraph" in file "/usr/share/dotnet/sdk/2.2.101/NuGet.targets" from project "/home/mdegallaix/Projects/yaml-parser/yaml-parser-tests/yaml-parser-tests.fsproj" (entry point):
   2:5>Done building target "_GenerateProjectRestoreGraph" in project "yaml-parser-tests.fsproj".
   2:5>Done Building Project "/home/mdegallaix/Projects/yaml-parser/yaml-parser-tests/yaml-parser-tests.fsproj" (_GenerateProjectRestoreGraph target(s)).
     1>Done executing task "MsBuild".
     1>Done building target "_GenerateRestoreGraph" in project "yaml-parser.sln".
     1>Target "Restore" in file "/usr/share/dotnet/sdk/2.2.101/NuGet.targets" from project "/home/mdegallaix/Projects/yaml-parser/yaml-parser.sln" (entry point):
       Task "RemoveDuplicates"
       Done executing task "RemoveDuplicates".
       Using "RestoreTask" task from assembly "/usr/share/dotnet/sdk/2.2.101/NuGet.Build.Tasks.dll".
       Task "RestoreTask"
         (in) RestoreGraphItems Count '67'
         (in) RestoreDisableParallel 'False'
         (in) RestoreNoCache 'False'
         (in) RestoreIgnoreFailedSources 'False'
         (in) RestoreRecursive 'True'
         (in) RestoreForce 'False'
         (in) HideWarningsAndErrors 'False'
         (in) RestoreForceEvaluate 'False'
         Running restore with 8 concurrent jobs.
         Reading project file /home/mdegallaix/Projects/yaml-parser/yaml-parser/yaml-parser.fsproj.
         Reading project file /home/mdegallaix/Projects/yaml-parser/yaml-parser-tests/yaml-parser-tests.fsproj.
         The restore inputs for 'yaml-parser-tests' have not changed. No further actions are required to complete the restore.
         The restore inputs for 'yaml-parser' have not changed. No further actions are required to complete the restore.
         Committing restore...
         Committing restore...
         Assets file has not changed. Skipping assets file writing. Path: /home/mdegallaix/Projects/yaml-parser/yaml-parser-tests/obj/project.assets.json
         Assets file has not changed. Skipping assets file writing. Path: /home/mdegallaix/Projects/yaml-parser/yaml-parser/obj/project.assets.json
         No-Op restore. The cache will not be updated. Path: /home/mdegallaix/Projects/yaml-parser/yaml-parser/obj/yaml-parser.fsproj.nuget.cache
         No-Op restore. The cache will not be updated. Path: /home/mdegallaix/Projects/yaml-parser/yaml-parser-tests/obj/yaml-parser-tests.fsproj.nuget.cache
         Restore completed in 32.7 ms for /home/mdegallaix/Projects/yaml-parser/yaml-parser/yaml-parser.fsproj.
         Restore completed in 30.41 ms for /home/mdegallaix/Projects/yaml-parser/yaml-parser-tests/yaml-parser-tests.fsproj.
         
         NuGet Config files used:
             /home/mdegallaix/.nuget/NuGet/NuGet.Config
         
         Feeds used:
             https://api.nuget.org/v3/index.json
       Done executing task "RestoreTask".
     1>Done building target "Restore" in project "yaml-parser.sln".
     1>Done Building Project "/home/mdegallaix/Projects/yaml-parser/yaml-parser.sln" (Restore target(s)).
   1:2>Project "/home/mdegallaix/Projects/yaml-parser/yaml-parser.sln" on node 1 (Build target(s)).
   1:2>Building with tools version "15.0".
   1:2>Target "ValidateSolutionConfiguration" in file "/home/mdegallaix/Projects/yaml-parser/yaml-parser.sln.metaproj" from project "/home/mdegallaix/Projects/yaml-parser/yaml-parser.sln" (entry point):
       Task "Error" skipped, due to false condition; (('$(CurrentSolutionConfigurationContents)' == '') and ('$(SkipInvalidConfigurations)' != 'true')) was evaluated as (('<SolutionConfiguration>
         <ProjectConfiguration Project="{802E3A5B-53C1-463A-AC9E-654AC89E0D57}" AbsolutePath="/home/mdegallaix/Projects/yaml-parser/yaml-parser/yaml-parser.fsproj" BuildProjectInSolution="True">Debug|AnyCPU</ProjectConfiguration>
         <ProjectConfiguration Project="{054D577E-7364-4238-9622-77B457117A47}" AbsolutePath="/home/mdegallaix/Projects/yaml-parser/yaml-parser-tests/yaml-parser-tests.fsproj" BuildProjectInSolution="True">Debug|AnyCPU</ProjectConfiguration>
       </SolutionConfiguration>' == '') and ('' != 'true')).
       Task "Warning" skipped, due to false condition; (('$(CurrentSolutionConfigurationContents)' == '') and ('$(SkipInvalidConfigurations)' == 'true')) was evaluated as (('<SolutionConfiguration>
         <ProjectConfiguration Project="{802E3A5B-53C1-463A-AC9E-654AC89E0D57}" AbsolutePath="/home/mdegallaix/Projects/yaml-parser/yaml-parser/yaml-parser.fsproj" BuildProjectInSolution="True">Debug|AnyCPU</ProjectConfiguration>
         <ProjectConfiguration Project="{054D577E-7364-4238-9622-77B457117A47}" AbsolutePath="/home/mdegallaix/Projects/yaml-parser/yaml-parser-tests/yaml-parser-tests.fsproj" BuildProjectInSolution="True">Debug|AnyCPU</ProjectConfiguration>
       </SolutionConfiguration>' == '') and ('' == 'true')).
       Using "Message" task from assembly "Microsoft.Build.Tasks.Core, Version=15.1.0.0, Culture=neutral, PublicKeyToken=b03f5f7f11d50a3a".
       Task "Message"
         Building solution configuration "Debug|Any CPU".
       Done executing task "Message".
   1:2>Done building target "ValidateSolutionConfiguration" in project "yaml-parser.sln".
   1:2>Target "ValidateToolsVersions" in file "/home/mdegallaix/Projects/yaml-parser/yaml-parser.sln.metaproj" from project "/home/mdegallaix/Projects/yaml-parser/yaml-parser.sln" (entry point):
       Task "Error" skipped, due to false condition; ('$(MSBuildToolsVersion)' == '2.0' and ('$(ProjectToolsVersion)' != '2.0' and '$(ProjectToolsVersion)' != '')) was evaluated as ('15.0' == '2.0' and ('' != '2.0' and '' != '')).
   1:2>Done building target "ValidateToolsVersions" in project "yaml-parser.sln".
   1:2>Target "ValidateProjects" in file "/home/mdegallaix/Projects/yaml-parser/yaml-parser.sln.metaproj" from project "/home/mdegallaix/Projects/yaml-parser/yaml-parser.sln" (entry point):
   1:2>Done building target "ValidateProjects" in project "yaml-parser.sln".
   1:2>Target "Build" in file "/home/mdegallaix/Projects/yaml-parser/yaml-parser.sln.metaproj" from project "/home/mdegallaix/Projects/yaml-parser/yaml-parser.sln" (entry point):
       Using "MSBuild" task from assembly "Microsoft.Build.Tasks.Core, Version=15.1.0.0, Culture=neutral, PublicKeyToken=b03f5f7f11d50a3a".
       Task "MSBuild"
         Global Properties:
           BuildingSolutionFile=true
           CurrentSolutionConfigurationContents=<SolutionConfiguration>
           <ProjectConfiguration Project="{802E3A5B-53C1-463A-AC9E-654AC89E0D57}" AbsolutePath="/home/mdegallaix/Projects/yaml-parser/yaml-parser/yaml-parser.fsproj" BuildProjectInSolution="True">Debug|AnyCPU</ProjectConfiguration>
           <ProjectConfiguration Project="{054D577E-7364-4238-9622-77B457117A47}" AbsolutePath="/home/mdegallaix/Projects/yaml-parser/yaml-parser-tests/yaml-parser-tests.fsproj" BuildProjectInSolution="True">Debug|AnyCPU</ProjectConfiguration>
         </SolutionConfiguration>
           SolutionDir=/home/mdegallaix/Projects/yaml-parser/
           SolutionExt=.sln
           SolutionFileName=yaml-parser.sln
           SolutionName=yaml-parser
           SolutionPath=/home/mdegallaix/Projects/yaml-parser/yaml-parser.sln
         Additional Properties for project "/home/mdegallaix/Projects/yaml-parser/yaml-parser/yaml-parser.fsproj":
           Configuration=Debug
           Platform=AnyCPU
         Additional Properties for project "/home/mdegallaix/Projects/yaml-parser/yaml-parser-tests/yaml-parser-tests.fsproj":
           Configuration=Debug
           Platform=AnyCPU
     0>Resolving SDK 'Microsoft.NET.Sdk'...
       Property reassignment: $(MSBuildProjectExtensionsPath)="/home/mdegallaix/Projects/yaml-parser/yaml-parser-tests/obj/" (previous value: "obj\") at /usr/share/dotnet/sdk/2.2.101/15.0/Microsoft.Common.props (60,5)
       Property reassignment: $(MSBuildProjectExtensionsPath)="/home/mdegallaix/Projects/yaml-parser/yaml-parser/obj/" (previous value: "obj\") at /usr/share/dotnet/sdk/2.2.101/15.0/Microsoft.Common.props (60,5)
       Property reassignment: $(MSBuildAllProjects)=";/usr/share/dotnet/sdk/2.2.101/Sdks/Microsoft.NET.Sdk/Sdk/Sdk.props;/home/mdegallaix/Projects/yaml-parser/yaml-parser-tests/obj/yaml-parser-tests.fsproj.nuget.g.props" (previous value: ";/usr/share/dotnet/sdk/2.2.101/Sdks/Microsoft.NET.Sdk/Sdk/Sdk.props") at /home/mdegallaix/Projects/yaml-parser/yaml-parser-tests/obj/yaml-parser-tests.fsproj.nuget.g.props (13,5)
       Property reassignment: $(MSBuildAllProjects)=";/usr/share/dotnet/sdk/2.2.101/Sdks/Microsoft.NET.Sdk/Sdk/Sdk.props;/home/mdegallaix/Projects/yaml-parser/yaml-parser-tests/obj/yaml-parser-tests.fsproj.nuget.g.props;/home/mdegallaix/Projects/yaml-parser/yaml-parser-tests/obj/yaml-parser-tests.fsproj.paket.props" (previous value: ";/usr/share/dotnet/sdk/2.2.101/Sdks/Microsoft.NET.Sdk/Sdk/Sdk.props;/home/mdegallaix/Projects/yaml-parser/yaml-parser-tests/obj/yaml-parser-tests.fsproj.nuget.g.props") at /home/mdegallaix/Projects/yaml-parser/yaml-parser-tests/obj/yaml-parser-tests.fsproj.paket.props (4,9)
       Property reassignment: $(MSBuildAllProjects)=";/usr/share/dotnet/sdk/2.2.101/Sdks/Microsoft.NET.Sdk/Sdk/Sdk.props;/home/mdegallaix/Projects/yaml-parser/yaml-parser-tests/obj/yaml-parser-tests.fsproj.nuget.g.props;/home/mdegallaix/Projects/yaml-parser/yaml-parser-tests/obj/yaml-parser-tests.fsproj.paket.props;/usr/share/dotnet/sdk/2.2.101/Sdks/Microsoft.NET.Sdk/targets/Microsoft.NET.Sdk.props" (previous value: ";/usr/share/dotnet/sdk/2.2.101/Sdks/Microsoft.NET.Sdk/Sdk/Sdk.props;/home/mdegallaix/Projects/yaml-parser/yaml-parser-tests/obj/yaml-parser-tests.fsproj.nuget.g.props;/home/mdegallaix/Projects/yaml-parser/yaml-parser-tests/obj/yaml-parser-tests.fsproj.paket.props") at /usr/share/dotnet/sdk/2.2.101/Sdks/Microsoft.NET.Sdk/targets/Microsoft.NET.Sdk.props (15,5)
       Property reassignment: $(MSBuildAllProjects)=";/usr/share/dotnet/sdk/2.2.101/Sdks/Microsoft.NET.Sdk/Sdk/Sdk.props;/home/mdegallaix/Projects/yaml-parser/yaml-parser/obj/yaml-parser.fsproj.nuget.g.props" (previous value: ";/usr/share/dotnet/sdk/2.2.101/Sdks/Microsoft.NET.Sdk/Sdk/Sdk.props") at /home/mdegallaix/Projects/yaml-parser/yaml-parser/obj/yaml-parser.fsproj.nuget.g.props (13,5)
       Property reassignment: $(MSBuildAllProjects)=";/usr/share/dotnet/sdk/2.2.101/Sdks/Microsoft.NET.Sdk/Sdk/Sdk.props;/home/mdegallaix/Projects/yaml-parser/yaml-parser/obj/yaml-parser.fsproj.nuget.g.props;/home/mdegallaix/Projects/yaml-parser/yaml-parser/obj/yaml-parser.fsproj.paket.props" (previous value: ";/usr/share/dotnet/sdk/2.2.101/Sdks/Microsoft.NET.Sdk/Sdk/Sdk.props;/home/mdegallaix/Projects/yaml-parser/yaml-parser/obj/yaml-parser.fsproj.nuget.g.props") at /home/mdegallaix/Projects/yaml-parser/yaml-parser/obj/yaml-parser.fsproj.paket.props (4,9)
       Property reassignment: $(MSBuildAllProjects)=";/usr/share/dotnet/sdk/2.2.101/Sdks/Microsoft.NET.Sdk/Sdk/Sdk.props;/home/mdegallaix/Projects/yaml-parser/yaml-parser-tests/obj/yaml-parser-tests.fsproj.nuget.g.props;/home/mdegallaix/Projects/yaml-parser/yaml-parser-tests/obj/yaml-parser-tests.fsproj.paket.props;/usr/share/dotnet/sdk/2.2.101/Sdks/Microsoft.NET.Sdk/targets/Microsoft.NET.Sdk.props;/usr/share/dotnet/sdk/2.2.101/Sdks/Microsoft.NET.Sdk/targets/Microsoft.NET.Sdk.DefaultItems.props" (previous value: ";/usr/share/dotnet/sdk/2.2.101/Sdks/Microsoft.NET.Sdk/Sdk/Sdk.props;/home/mdegallaix/Projects/yaml-parser/yaml-parser-tests/obj/yaml-parser-tests.fsproj.nuget.g.props;/home/mdegallaix/Projects/yaml-parser/yaml-parser-tests/obj/yaml-parser-tests.fsproj.paket.props;/usr/share/dotnet/sdk/2.2.101/Sdks/Microsoft.NET.Sdk/targets/Microsoft.NET.Sdk.props") at /usr/share/dotnet/sdk/2.2.101/Sdks/Microsoft.NET.Sdk/targets/Microsoft.NET.Sdk.DefaultItems.props (21,5)
       Property reassignment: $(MSBuildAllProjects)=";/usr/share/dotnet/sdk/2.2.101/Sdks/Microsoft.NET.Sdk/Sdk/Sdk.props;/home/mdegallaix/Projects/yaml-parser/yaml-parser-tests/obj/yaml-parser-tests.fsproj.nuget.g.props;/home/mdegallaix/Projects/yaml-parser/yaml-parser-tests/obj/yaml-parser-tests.fsproj.paket.props;/usr/share/dotnet/sdk/2.2.101/Sdks/Microsoft.NET.Sdk/targets/Microsoft.NET.Sdk.props;/usr/share/dotnet/sdk/2.2.101/Sdks/Microsoft.NET.Sdk/targets/Microsoft.NET.Sdk.DefaultItems.props;/usr/share/dotnet/sdk/2.2.101/Sdks/Microsoft.NET.Sdk/targets/Microsoft.NET.SupportedTargetFrameworks.props" (previous value: ";/usr/share/dotnet/sdk/2.2.101/Sdks/Microsoft.NET.Sdk/Sdk/Sdk.props;/home/mdegallaix/Projects/yaml-parser/yaml-parser-tests/obj/yaml-parser-tests.fsproj.nuget.g.props;/home/mdegallaix/Projects/yaml-parser/yaml-parser-tests/obj/yaml-parser-tests.fsproj.paket.props;/usr/share/dotnet/sdk/2.2.101/Sdks/Microsoft.NET.Sdk/targets/Microsoft.NET.Sdk.props;/usr/share/dotnet/sdk/2.2.101/Sdks/Microsoft.NET.Sdk/targets/Microsoft.NET.Sdk.DefaultItems.props") at /usr/share/dotnet/sdk/2.2.101/Sdks/Microsoft.NET.Sdk/targets/Microsoft.NET.SupportedTargetFrameworks.props (17,9)
       Property reassignment: $(MSBuildAllProjects)=";/usr/share/dotnet/sdk/2.2.101/Sdks/Microsoft.NET.Sdk/Sdk/Sdk.props;/home/mdegallaix/Projects/yaml-parser/yaml-parser-tests/obj/yaml-parser-tests.fsproj.nuget.g.props;/home/mdegallaix/Projects/yaml-parser/yaml-parser-tests/obj/yaml-parser-tests.fsproj.paket.props;/usr/share/dotnet/sdk/2.2.101/Sdks/Microsoft.NET.Sdk/targets/Microsoft.NET.Sdk.props;/usr/share/dotnet/sdk/2.2.101/Sdks/Microsoft.NET.Sdk/targets/Microsoft.NET.Sdk.DefaultItems.props;/usr/share/dotnet/sdk/2.2.101/Sdks/Microsoft.NET.Sdk/targets/Microsoft.NET.SupportedTargetFrameworks.props;/usr/share/dotnet/sdk/2.2.101/Sdks/Microsoft.NET.Sdk/targets/Microsoft.NET.Sdk.FSharp.props" (previous value: ";/usr/share/dotnet/sdk/2.2.101/Sdks/Microsoft.NET.Sdk/Sdk/Sdk.props;/home/mdegallaix/Projects/yaml-parser/yaml-parser-tests/obj/yaml-parser-tests.fsproj.nuget.g.props;/home/mdegallaix/Projects/yaml-parser/yaml-parser-tests/obj/yaml-parser-tests.fsproj.paket.props;/usr/share/dotnet/sdk/2.2.101/Sdks/Microsoft.NET.Sdk/targets/Microsoft.NET.Sdk.props;/usr/share/dotnet/sdk/2.2.101/Sdks/Microsoft.NET.Sdk/targets/Microsoft.NET.Sdk.DefaultItems.props;/usr/share/dotnet/sdk/2.2.101/Sdks/Microsoft.NET.Sdk/targets/Microsoft.NET.SupportedTargetFrameworks.props") at /usr/share/dotnet/sdk/2.2.101/Sdks/Microsoft.NET.Sdk/targets/Microsoft.NET.Sdk.FSharp.props (16,5)
       Property reassignment: $(MSBuildAllProjects)=";/usr/share/dotnet/sdk/2.2.101/Sdks/Microsoft.NET.Sdk/Sdk/Sdk.props;/home/mdegallaix/Projects/yaml-parser/yaml-parser-tests/obj/yaml-parser-tests.fsproj.nuget.g.props;/home/mdegallaix/Projects/yaml-parser/yaml-parser-tests/obj/yaml-parser-tests.fsproj.paket.props;/usr/share/dotnet/sdk/2.2.101/Sdks/Microsoft.NET.Sdk/targets/Microsoft.NET.Sdk.props;/usr/share/dotnet/sdk/2.2.101/Sdks/Microsoft.NET.Sdk/targets/Microsoft.NET.Sdk.DefaultItems.props;/usr/share/dotnet/sdk/2.2.101/Sdks/Microsoft.NET.Sdk/targets/Microsoft.NET.SupportedTargetFrameworks.props;/usr/share/dotnet/sdk/2.2.101/Sdks/Microsoft.NET.Sdk/targets/Microsoft.NET.Sdk.FSharp.props;/usr/share/dotnet/sdk/2.2.101/FSharp/Microsoft.FSharp.NetSdk.props" (previous value: ";/usr/share/dotnet/sdk/2.2.101/Sdks/Microsoft.NET.Sdk/Sdk/Sdk.props;/home/mdegallaix/Projects/yaml-parser/yaml-parser-tests/obj/yaml-parser-tests.fsproj.nuget.g.props;/home/mdegallaix/Projects/yaml-parser/yaml-parser-tests/obj/yaml-parser-tests.fsproj.paket.props;/usr/share/dotnet/sdk/2.2.101/Sdks/Microsoft.NET.Sdk/targets/Microsoft.NET.Sdk.props;/usr/share/dotnet/sdk/2.2.101/Sdks/Microsoft.NET.Sdk/targets/Microsoft.NET.Sdk.DefaultItems.props;/usr/share/dotnet/sdk/2.2.101/Sdks/Microsoft.NET.Sdk/targets/Microsoft.NET.SupportedTargetFrameworks.props;/usr/share/dotnet/sdk/2.2.101/Sdks/Microsoft.NET.Sdk/targets/Microsoft.NET.Sdk.FSharp.props") at /usr/share/dotnet/sdk/2.2.101/FSharp/Microsoft.FSharp.NetSdk.props (16,5)
       Property reassignment: $(OutputType)="Exe" (previous value: "Library") at /home/mdegallaix/Projects/yaml-parser/yaml-parser-tests/yaml-parser-tests.fsproj (4,5)
       Property reassignment: $(MSBuildAllProjects)=";/usr/share/dotnet/sdk/2.2.101/Sdks/Microsoft.NET.Sdk/Sdk/Sdk.props;/home/mdegallaix/Projects/yaml-parser/yaml-parser-tests/obj/yaml-parser-tests.fsproj.nuget.g.props;/home/mdegallaix/Projects/yaml-parser/yaml-parser-tests/obj/yaml-parser-tests.fsproj.paket.props;/usr/share/dotnet/sdk/2.2.101/Sdks/Microsoft.NET.Sdk/targets/Microsoft.NET.Sdk.props;/usr/share/dotnet/sdk/2.2.101/Sdks/Microsoft.NET.Sdk/targets/Microsoft.NET.Sdk.DefaultItems.props;/usr/share/dotnet/sdk/2.2.101/Sdks/Microsoft.NET.Sdk/targets/Microsoft.NET.SupportedTargetFrameworks.props;/usr/share/dotnet/sdk/2.2.101/Sdks/Microsoft.NET.Sdk/targets/Microsoft.NET.Sdk.FSharp.props;/usr/share/dotnet/sdk/2.2.101/FSharp/Microsoft.FSharp.NetSdk.props;/home/mdegallaix/Projects/yaml-parser/.paket/Paket.Restore.targets" (previous value: ";/usr/share/dotnet/sdk/2.2.101/Sdks/Microsoft.NET.Sdk/Sdk/Sdk.props;/home/mdegallaix/Projects/yaml-parser/yaml-parser-tests/obj/yaml-parser-tests.fsproj.nuget.g.props;/home/mdegallaix/Projects/yaml-parser/yaml-parser-tests/obj/yaml-parser-tests.fsproj.paket.props;/usr/share/dotnet/sdk/2.2.101/Sdks/Microsoft.NET.Sdk/targets/Microsoft.NET.Sdk.props;/usr/share/dotnet/sdk/2.2.101/Sdks/Microsoft.NET.Sdk/targets/Microsoft.NET.Sdk.DefaultItems.props;/usr/share/dotnet/sdk/2.2.101/Sdks/Microsoft.NET.Sdk/targets/Microsoft.NET.SupportedTargetFrameworks.props;/usr/share/dotnet/sdk/2.2.101/Sdks/Microsoft.NET.Sdk/targets/Microsoft.NET.Sdk.FSharp.props;/usr/share/dotnet/sdk/2.2.101/FSharp/Microsoft.FSharp.NetSdk.props") at /home/mdegallaix/Projects/yaml-parser/.paket/Paket.Restore.targets (7,5)
       Property reassignment: $(MSBuildAllProjects)=";/usr/share/dotnet/sdk/2.2.101/Sdks/Microsoft.NET.Sdk/Sdk/Sdk.props;/home/mdegallaix/Projects/yaml-parser/yaml-parser/obj/yaml-parser.fsproj.nuget.g.props;/home/mdegallaix/Projects/yaml-parser/yaml-parser/obj/yaml-parser.fsproj.paket.props;/usr/share/dotnet/sdk/2.2.101/Sdks/Microsoft.NET.Sdk/targets/Microsoft.NET.Sdk.props" (previous value: ";/usr/share/dotnet/sdk/2.2.101/Sdks/Microsoft.NET.Sdk/Sdk/Sdk.props;/home/mdegallaix/Projects/yaml-parser/yaml-parser/obj/yaml-parser.fsproj.nuget.g.props;/home/mdegallaix/Projects/yaml-parser/yaml-parser/obj/yaml-parser.fsproj.paket.props") at /usr/share/dotnet/sdk/2.2.101/Sdks/Microsoft.NET.Sdk/targets/Microsoft.NET.Sdk.props (15,5)
       Property reassignment: $(MSBuildAllProjects)=";/usr/share/dotnet/sdk/2.2.101/Sdks/Microsoft.NET.Sdk/Sdk/Sdk.props;/home/mdegallaix/Projects/yaml-parser/yaml-parser-tests/obj/yaml-parser-tests.fsproj.nuget.g.props;/home/mdegallaix/Projects/yaml-parser/yaml-parser-tests/obj/yaml-parser-tests.fsproj.paket.props;/usr/share/dotnet/sdk/2.2.101/Sdks/Microsoft.NET.Sdk/targets/Microsoft.NET.Sdk.props;/usr/share/dotnet/sdk/2.2.101/Sdks/Microsoft.NET.Sdk/targets/Microsoft.NET.Sdk.DefaultItems.props;/usr/share/dotnet/sdk/2.2.101/Sdks/Microsoft.NET.Sdk/targets/Microsoft.NET.SupportedTargetFrameworks.props;/usr/share/dotnet/sdk/2.2.101/Sdks/Microsoft.NET.Sdk/targets/Microsoft.NET.Sdk.FSharp.props;/usr/share/dotnet/sdk/2.2.101/FSharp/Microsoft.FSharp.NetSdk.props;/home/mdegallaix/Projects/yaml-parser/.paket/Paket.Restore.targets;/usr/share/dotnet/sdk/2.2.101/Sdks/Microsoft.NET.Sdk/Sdk/Sdk.targets" (previous value: ";/usr/share/dotnet/sdk/2.2.101/Sdks/Microsoft.NET.Sdk/Sdk/Sdk.props;/home/mdegallaix/Projects/yaml-parser/yaml-parser-tests/obj/yaml-parser-tests.fsproj.nuget.g.props;/home/mdegallaix/Projects/yaml-parser/yaml-parser-tests/obj/yaml-parser-tests.fsproj.paket.props;/usr/share/dotnet/sdk/2.2.101/Sdks/Microsoft.NET.Sdk/targets/Microsoft.NET.Sdk.props;/usr/share/dotnet/sdk/2.2.101/Sdks/Microsoft.NET.Sdk/targets/Microsoft.NET.Sdk.DefaultItems.props;/usr/share/dotnet/sdk/2.2.101/Sdks/Microsoft.NET.Sdk/targets/Microsoft.NET.SupportedTargetFrameworks.props;/usr/share/dotnet/sdk/2.2.101/Sdks/Microsoft.NET.Sdk/targets/Microsoft.NET.Sdk.FSharp.props;/usr/share/dotnet/sdk/2.2.101/FSharp/Microsoft.FSharp.NetSdk.props;/home/mdegallaix/Projects/yaml-parser/.paket/Paket.Restore.targets") at /usr/share/dotnet/sdk/2.2.101/Sdks/Microsoft.NET.Sdk/Sdk/Sdk.targets (15,5)
       Property reassignment: $(MSBuildAllProjects)=";/usr/share/dotnet/sdk/2.2.101/Sdks/Microsoft.NET.Sdk/Sdk/Sdk.props;/home/mdegallaix/Projects/yaml-parser/yaml-parser-tests/obj/yaml-parser-tests.fsproj.nuget.g.props;/home/mdegallaix/Projects/yaml-parser/yaml-parser-tests/obj/yaml-parser-tests.fsproj.paket.props;/usr/share/dotnet/sdk/2.2.101/Sdks/Microsoft.NET.Sdk/targets/Microsoft.NET.Sdk.props;/usr/share/dotnet/sdk/2.2.101/Sdks/Microsoft.NET.Sdk/targets/Microsoft.NET.Sdk.DefaultItems.props;/usr/share/dotnet/sdk/2.2.101/Sdks/Microsoft.NET.Sdk/targets/Microsoft.NET.SupportedTargetFrameworks.props;/usr/share/dotnet/sdk/2.2.101/Sdks/Microsoft.NET.Sdk/targets/Microsoft.NET.Sdk.FSharp.props;/usr/share/dotnet/sdk/2.2.101/FSharp/Microsoft.FSharp.NetSdk.props;/home/mdegallaix/Projects/yaml-parser/.paket/Paket.Restore.targets;/usr/share/dotnet/sdk/2.2.101/Sdks/Microsoft.NET.Sdk/Sdk/Sdk.targets;/usr/share/dotnet/sdk/2.2.101/Sdks/Microsoft.NET.Sdk/targets/Microsoft.NET.Sdk.BeforeCommon.targets" (previous value: ";/usr/share/dotnet/sdk/2.2.101/Sdks/Microsoft.NET.Sdk/Sdk/Sdk.props;/home/mdegallaix/Projects/yaml-parser/yaml-parser-tests/obj/yaml-parser-tests.fsproj.nuget.g.props;/home/mdegallaix/Projects/yaml-parser/yaml-parser-tests/obj/yaml-parser-tests.fsproj.paket.props;/usr/share/dotnet/sdk/2.2.101/Sdks/Microsoft.NET.Sdk/targets/Microsoft.NET.Sdk.props;/usr/share/dotnet/sdk/2.2.101/Sdks/Microsoft.NET.Sdk/targets/Microsoft.NET.Sdk.DefaultItems.props;/usr/share/dotnet/sdk/2.2.101/Sdks/Microsoft.NET.Sdk/targets/Microsoft.NET.SupportedTargetFrameworks.props;/usr/share/dotnet/sdk/2.2.101/Sdks/Microsoft.NET.Sdk/targets/Microsoft.NET.Sdk.FSharp.props;/usr/share/dotnet/sdk/2.2.101/FSharp/Microsoft.FSharp.NetSdk.props;/home/mdegallaix/Projects/yaml-parser/.paket/Paket.Restore.targets;/usr/share/dotnet/sdk/2.2.101/Sdks/Microsoft.NET.Sdk/Sdk/Sdk.targets") at /usr/share/dotnet/sdk/2.2.101/Sdks/Microsoft.NET.Sdk/targets/Microsoft.NET.Sdk.BeforeCommon.targets (15,5)
       Property reassignment: $(MSBuildAllProjects)=";/usr/share/dotnet/sdk/2.2.101/Sdks/Microsoft.NET.Sdk/Sdk/Sdk.props;/home/mdegallaix/Projects/yaml-parser/yaml-parser-tests/obj/yaml-parser-tests.fsproj.nuget.g.props;/home/mdegallaix/Projects/yaml-parser/yaml-parser-tests/obj/yaml-parser-tests.fsproj.paket.props;/usr/share/dotnet/sdk/2.2.101/Sdks/Microsoft.NET.Sdk/targets/Microsoft.NET.Sdk.props;/usr/share/dotnet/sdk/2.2.101/Sdks/Microsoft.NET.Sdk/targets/Microsoft.NET.Sdk.DefaultItems.props;/usr/share/dotnet/sdk/2.2.101/Sdks/Microsoft.NET.Sdk/targets/Microsoft.NET.SupportedTargetFrameworks.props;/usr/share/dotnet/sdk/2.2.101/Sdks/Microsoft.NET.Sdk/targets/Microsoft.NET.Sdk.FSharp.props;/usr/share/dotnet/sdk/2.2.101/FSharp/Microsoft.FSharp.NetSdk.props;/home/mdegallaix/Projects/yaml-parser/.paket/Paket.Restore.targets;/usr/share/dotnet/sdk/2.2.101/Sdks/Microsoft.NET.Sdk/Sdk/Sdk.targets;/usr/share/dotnet/sdk/2.2.101/Sdks/Microsoft.NET.Sdk/targets/Microsoft.NET.Sdk.BeforeCommon.targets;/usr/share/dotnet/sdk/2.2.101/Sdks/Microsoft.NET.Sdk/targets/Microsoft.NET.DefaultAssemblyInfo.targets" (previous value: ";/usr/share/dotnet/sdk/2.2.101/Sdks/Microsoft.NET.Sdk/Sdk/Sdk.props;/home/mdegallaix/Projects/yaml-parser/yaml-parser-tests/obj/yaml-parser-tests.fsproj.nuget.g.props;/home/mdegallaix/Projects/yaml-parser/yaml-parser-tests/obj/yaml-parser-tests.fsproj.paket.props;/usr/share/dotnet/sdk/2.2.101/Sdks/Microsoft.NET.Sdk/targets/Microsoft.NET.Sdk.props;/usr/share/dotnet/sdk/2.2.101/Sdks/Microsoft.NET.Sdk/targets/Microsoft.NET.Sdk.DefaultItems.props;/usr/share/dotnet/sdk/2.2.101/Sdks/Microsoft.NET.Sdk/targets/Microsoft.NET.SupportedTargetFrameworks.props;/usr/share/dotnet/sdk/2.2.101/Sdks/Microsoft.NET.Sdk/targets/Microsoft.NET.Sdk.FSharp.props;/usr/share/dotnet/sdk/2.2.101/FSharp/Microsoft.FSharp.NetSdk.props;/home/mdegallaix/Projects/yaml-parser/.paket/Paket.Restore.targets;/usr/share/dotnet/sdk/2.2.101/Sdks/Microsoft.NET.Sdk/Sdk/Sdk.targets;/usr/share/dotnet/sdk/2.2.101/Sdks/Microsoft.NET.Sdk/targets/Microsoft.NET.Sdk.BeforeCommon.targets") at /usr/share/dotnet/sdk/2.2.101/Sdks/Microsoft.NET.Sdk/targets/Microsoft.NET.DefaultAssemblyInfo.targets (15,5)
       Property reassignment: $(MSBuildAllProjects)=";/usr/share/dotnet/sdk/2.2.101/Sdks/Microsoft.NET.Sdk/Sdk/Sdk.props;/home/mdegallaix/Projects/yaml-parser/yaml-parser-tests/obj/yaml-parser-tests.fsproj.nuget.g.props;/home/mdegallaix/Projects/yaml-parser/yaml-parser-tests/obj/yaml-parser-tests.fsproj.paket.props;/usr/share/dotnet/sdk/2.2.101/Sdks/Microsoft.NET.Sdk/targets/Microsoft.NET.Sdk.props;/usr/share/dotnet/sdk/2.2.101/Sdks/Microsoft.NET.Sdk/targets/Microsoft.NET.Sdk.DefaultItems.props;/usr/share/dotnet/sdk/2.2.101/Sdks/Microsoft.NET.Sdk/targets/Microsoft.NET.SupportedTargetFrameworks.props;/usr/share/dotnet/sdk/2.2.101/Sdks/Microsoft.NET.Sdk/targets/Microsoft.NET.Sdk.FSharp.props;/usr/share/dotnet/sdk/2.2.101/FSharp/Microsoft.FSharp.NetSdk.props;/home/mdegallaix/Projects/yaml-parser/.paket/Paket.Restore.targets;/usr/share/dotnet/sdk/2.2.101/Sdks/Microsoft.NET.Sdk/Sdk/Sdk.targets;/usr/share/dotnet/sdk/2.2.101/Sdks/Microsoft.NET.Sdk/targets/Microsoft.NET.Sdk.BeforeCommon.targets;/usr/share/dotnet/sdk/2.2.101/Sdks/Microsoft.NET.Sdk/targets/Microsoft.NET.DefaultAssemblyInfo.targets;/usr/share/dotnet/sdk/2.2.101/Sdks/Microsoft.NET.Sdk/targets/Microsoft.NET.DefaultOutputPaths.targets" (previous value: ";/usr/share/dotnet/sdk/2.2.101/Sdks/Microsoft.NET.Sdk/Sdk/Sdk.props;/home/mdegallaix/Projects/yaml-parser/yaml-parser-tests/obj/yaml-parser-tests.fsproj.nuget.g.props;/home/mdegallaix/Projects/yaml-parser/yaml-parser-tests/obj/yaml-parser-tests.fsproj.paket.props;/usr/share/dotnet/sdk/2.2.101/Sdks/Microsoft.NET.Sdk/targets/Microsoft.NET.Sdk.props;/usr/share/dotnet/sdk/2.2.101/Sdks/Microsoft.NET.Sdk/targets/Microsoft.NET.Sdk.DefaultItems.props;/usr/share/dotnet/sdk/2.2.101/Sdks/Microsoft.NET.Sdk/targets/Microsoft.NET.SupportedTargetFrameworks.props;/usr/share/dotnet/sdk/2.2.101/Sdks/Microsoft.NET.Sdk/targets/Microsoft.NET.Sdk.FSharp.props;/usr/share/dotnet/sdk/2.2.101/FSharp/Microsoft.FSharp.NetSdk.props;/home/mdegallaix/Projects/yaml-parser/.paket/Paket.Restore.targets;/usr/share/dotnet/sdk/2.2.101/Sdks/Microsoft.NET.Sdk/Sdk/Sdk.targets;/usr/share/dotnet/sdk/2.2.101/Sdks/Microsoft.NET.Sdk/targets/Microsoft.NET.Sdk.BeforeCommon.targets;/usr/share/dotnet/sdk/2.2.101/Sdks/Microsoft.NET.Sdk/targets/Microsoft.NET.DefaultAssemblyInfo.targets") at /usr/share/dotnet/sdk/2.2.101/Sdks/Microsoft.NET.Sdk/targets/Microsoft.NET.DefaultOutputPaths.targets (27,5)
       Property reassignment: $(MSBuildAllProjects)=";/usr/share/dotnet/sdk/2.2.101/Sdks/Microsoft.NET.Sdk/Sdk/Sdk.props;/home/mdegallaix/Projects/yaml-parser/yaml-parser-tests/obj/yaml-parser-tests.fsproj.nuget.g.props;/home/mdegallaix/Projects/yaml-parser/yaml-parser-tests/obj/yaml-parser-tests.fsproj.paket.props;/usr/share/dotnet/sdk/2.2.101/Sdks/Microsoft.NET.Sdk/targets/Microsoft.NET.Sdk.props;/usr/share/dotnet/sdk/2.2.101/Sdks/Microsoft.NET.Sdk/targets/Microsoft.NET.Sdk.DefaultItems.props;/usr/share/dotnet/sdk/2.2.101/Sdks/Microsoft.NET.Sdk/targets/Microsoft.NET.SupportedTargetFrameworks.props;/usr/share/dotnet/sdk/2.2.101/Sdks/Microsoft.NET.Sdk/targets/Microsoft.NET.Sdk.FSharp.props;/usr/share/dotnet/sdk/2.2.101/FSharp/Microsoft.FSharp.NetSdk.props;/home/mdegallaix/Projects/yaml-parser/.paket/Paket.Restore.targets;/usr/share/dotnet/sdk/2.2.101/Sdks/Microsoft.NET.Sdk/Sdk/Sdk.targets;/usr/share/dotnet/sdk/2.2.101/Sdks/Microsoft.NET.Sdk/targets/Microsoft.NET.Sdk.BeforeCommon.targets;/usr/share/dotnet/sdk/2.2.101/Sdks/Microsoft.NET.Sdk/targets/Microsoft.NET.DefaultAssemblyInfo.targets;/usr/share/dotnet/sdk/2.2.101/Sdks/Microsoft.NET.Sdk/targets/Microsoft.NET.DefaultOutputPaths.targets;/usr/share/dotnet/sdk/2.2.101/Sdks/Microsoft.NET.Sdk/targets/Microsoft.NET.TargetFrameworkInference.targets" (previous value: ";/usr/share/dotnet/sdk/2.2.101/Sdks/Microsoft.NET.Sdk/Sdk/Sdk.props;/home/mdegallaix/Projects/yaml-parser/yaml-parser-tests/obj/yaml-parser-tests.fsproj.nuget.g.props;/home/mdegallaix/Projects/yaml-parser/yaml-parser-tests/obj/yaml-parser-tests.fsproj.paket.props;/usr/share/dotnet/sdk/2.2.101/Sdks/Microsoft.NET.Sdk/targets/Microsoft.NET.Sdk.props;/usr/share/dotnet/sdk/2.2.101/Sdks/Microsoft.NET.Sdk/targets/Microsoft.NET.Sdk.DefaultItems.props;/usr/share/dotnet/sdk/2.2.101/Sdks/Microsoft.NET.Sdk/targets/Microsoft.NET.SupportedTargetFrameworks.props;/usr/share/dotnet/sdk/2.2.101/Sdks/Microsoft.NET.Sdk/targets/Microsoft.NET.Sdk.FSharp.props;/usr/share/dotnet/sdk/2.2.101/FSharp/Microsoft.FSharp.NetSdk.props;/home/mdegallaix/Projects/yaml-parser/.paket/Paket.Restore.targets;/usr/share/dotnet/sdk/2.2.101/Sdks/Microsoft.NET.Sdk/Sdk/Sdk.targets;/usr/share/dotnet/sdk/2.2.101/Sdks/Microsoft.NET.Sdk/targets/Microsoft.NET.Sdk.BeforeCommon.targets;/usr/share/dotnet/sdk/2.2.101/Sdks/Microsoft.NET.Sdk/targets/Microsoft.NET.DefaultAssemblyInfo.targets;/usr/share/dotnet/sdk/2.2.101/Sdks/Microsoft.NET.Sdk/targets/Microsoft.NET.DefaultOutputPaths.targets") at /usr/share/dotnet/sdk/2.2.101/Sdks/Microsoft.NET.Sdk/targets/Microsoft.NET.TargetFrameworkInference.targets (46,5)
       Property reassignment: $(MSBuildAllProjects)=";/usr/share/dotnet/sdk/2.2.101/Sdks/Microsoft.NET.Sdk/Sdk/Sdk.props;/home/mdegallaix/Projects/yaml-parser/yaml-parser/obj/yaml-parser.fsproj.nuget.g.props;/home/mdegallaix/Projects/yaml-parser/yaml-parser/obj/yaml-parser.fsproj.paket.props;/usr/share/dotnet/sdk/2.2.101/Sdks/Microsoft.NET.Sdk/targets/Microsoft.NET.Sdk.props;/usr/share/dotnet/sdk/2.2.101/Sdks/Microsoft.NET.Sdk/targets/Microsoft.NET.Sdk.DefaultItems.props" (previous value: ";/usr/share/dotnet/sdk/2.2.101/Sdks/Microsoft.NET.Sdk/Sdk/Sdk.props;/home/mdegallaix/Projects/yaml-parser/yaml-parser/obj/yaml-parser.fsproj.nuget.g.props;/home/mdegallaix/Projects/yaml-parser/yaml-parser/obj/yaml-parser.fsproj.paket.props;/usr/share/dotnet/sdk/2.2.101/Sdks/Microsoft.NET.Sdk/targets/Microsoft.NET.Sdk.props") at /usr/share/dotnet/sdk/2.2.101/Sdks/Microsoft.NET.Sdk/targets/Microsoft.NET.Sdk.DefaultItems.props (21,5)
       Property reassignment: $(DefaultItemExcludes)=";bin\Debug\/**;obj\Debug\/**" (previous value: ";bin\Debug\/**") at /usr/share/dotnet/sdk/2.2.101/Sdks/Microsoft.NET.Sdk/targets/Microsoft.NET.TargetFrameworkInference.targets (166,5)
       Property reassignment: $(IntermediateOutputPath)="obj\Debug\netcoreapp2.1\" (previous value: "obj\Debug\") at /usr/share/dotnet/sdk/2.2.101/Sdks/Microsoft.NET.Sdk/targets/Microsoft.NET.TargetFrameworkInference.targets (178,5)
       Property reassignment: $(OutputPath)="bin\Debug\netcoreapp2.1\" (previous value: "bin\Debug\") at /usr/share/dotnet/sdk/2.2.101/Sdks/Microsoft.NET.Sdk/targets/Microsoft.NET.TargetFrameworkInference.targets (179,5)
       Property reassignment: $(MSBuildAllProjects)=";/usr/share/dotnet/sdk/2.2.101/Sdks/Microsoft.NET.Sdk/Sdk/Sdk.props;/home/mdegallaix/Projects/yaml-parser/yaml-parser-tests/obj/yaml-parser-tests.fsproj.nuget.g.props;/home/mdegallaix/Projects/yaml-parser/yaml-parser-tests/obj/yaml-parser-tests.fsproj.paket.props;/usr/share/dotnet/sdk/2.2.101/Sdks/Microsoft.NET.Sdk/targets/Microsoft.NET.Sdk.props;/usr/share/dotnet/sdk/2.2.101/Sdks/Microsoft.NET.Sdk/targets/Microsoft.NET.Sdk.DefaultItems.props;/usr/share/dotnet/sdk/2.2.101/Sdks/Microsoft.NET.Sdk/targets/Microsoft.NET.SupportedTargetFrameworks.props;/usr/share/dotnet/sdk/2.2.101/Sdks/Microsoft.NET.Sdk/targets/Microsoft.NET.Sdk.FSharp.props;/usr/share/dotnet/sdk/2.2.101/FSharp/Microsoft.FSharp.NetSdk.props;/home/mdegallaix/Projects/yaml-parser/.paket/Paket.Restore.targets;/usr/share/dotnet/sdk/2.2.101/Sdks/Microsoft.NET.Sdk/Sdk/Sdk.targets;/usr/share/dotnet/sdk/2.2.101/Sdks/Microsoft.NET.Sdk/targets/Microsoft.NET.Sdk.BeforeCommon.targets;/usr/share/dotnet/sdk/2.2.101/Sdks/Microsoft.NET.Sdk/targets/Microsoft.NET.DefaultAssemblyInfo.targets;/usr/share/dotnet/sdk/2.2.101/Sdks/Microsoft.NET.Sdk/targets/Microsoft.NET.DefaultOutputPaths.targets;/usr/share/dotnet/sdk/2.2.101/Sdks/Microsoft.NET.Sdk/targets/Microsoft.NET.TargetFrameworkInference.targets;/usr/share/dotnet/sdk/2.2.101/Sdks/Microsoft.NET.Sdk/targets/Microsoft.NET.RuntimeIdentifierInference.targets" (previous value: ";/usr/share/dotnet/sdk/2.2.101/Sdks/Microsoft.NET.Sdk/Sdk/Sdk.props;/home/mdegallaix/Projects/yaml-parser/yaml-parser-tests/obj/yaml-parser-tests.fsproj.nuget.g.props;/home/mdegallaix/Projects/yaml-parser/yaml-parser-tests/obj/yaml-parser-tests.fsproj.paket.props;/usr/share/dotnet/sdk/2.2.101/Sdks/Microsoft.NET.Sdk/targets/Microsoft.NET.Sdk.props;/usr/share/dotnet/sdk/2.2.101/Sdks/Microsoft.NET.Sdk/targets/Microsoft.NET.Sdk.DefaultItems.props;/usr/share/dotnet/sdk/2.2.101/Sdks/Microsoft.NET.Sdk/targets/Microsoft.NET.SupportedTargetFrameworks.props;/usr/share/dotnet/sdk/2.2.101/Sdks/Microsoft.NET.Sdk/targets/Microsoft.NET.Sdk.FSharp.props;/usr/share/dotnet/sdk/2.2.101/FSharp/Microsoft.FSharp.NetSdk.props;/home/mdegallaix/Projects/yaml-parser/.paket/Paket.Restore.targets;/usr/share/dotnet/sdk/2.2.101/Sdks/Microsoft.NET.Sdk/Sdk/Sdk.targets;/usr/share/dotnet/sdk/2.2.101/Sdks/Microsoft.NET.Sdk/targets/Microsoft.NET.Sdk.BeforeCommon.targets;/usr/share/dotnet/sdk/2.2.101/Sdks/Microsoft.NET.Sdk/targets/Microsoft.NET.DefaultAssemblyInfo.targets;/usr/share/dotnet/sdk/2.2.101/Sdks/Microsoft.NET.Sdk/targets/Microsoft.NET.DefaultOutputPaths.targets;/usr/share/dotnet/sdk/2.2.101/Sdks/Microsoft.NET.Sdk/targets/Microsoft.NET.TargetFrameworkInference.targets") at /usr/share/dotnet/sdk/2.2.101/Sdks/Microsoft.NET.Sdk/targets/Microsoft.NET.RuntimeIdentifierInference.targets (15,5)
       Property reassignment: $(MSBuildAllProjects)=";/usr/share/dotnet/sdk/2.2.101/Sdks/Microsoft.NET.Sdk/Sdk/Sdk.props;/home/mdegallaix/Projects/yaml-parser/yaml-parser/obj/yaml-parser.fsproj.nuget.g.props;/home/mdegallaix/Projects/yaml-parser/yaml-parser/obj/yaml-parser.fsproj.paket.props;/usr/share/dotnet/sdk/2.2.101/Sdks/Microsoft.NET.Sdk/targets/Microsoft.NET.Sdk.props;/usr/share/dotnet/sdk/2.2.101/Sdks/Microsoft.NET.Sdk/targets/Microsoft.NET.Sdk.DefaultItems.props;/usr/share/dotnet/sdk/2.2.101/Sdks/Microsoft.NET.Sdk/targets/Microsoft.NET.SupportedTargetFrameworks.props" (previous value: ";/usr/share/dotnet/sdk/2.2.101/Sdks/Microsoft.NET.Sdk/Sdk/Sdk.props;/home/mdegallaix/Projects/yaml-parser/yaml-parser/obj/yaml-parser.fsproj.nuget.g.props;/home/mdegallaix/Projects/yaml-parser/yaml-parser/obj/yaml-parser.fsproj.paket.props;/usr/share/dotnet/sdk/2.2.101/Sdks/Microsoft.NET.Sdk/targets/Microsoft.NET.Sdk.props;/usr/share/dotnet/sdk/2.2.101/Sdks/Microsoft.NET.Sdk/targets/Microsoft.NET.Sdk.DefaultItems.props") at /usr/share/dotnet/sdk/2.2.101/Sdks/Microsoft.NET.Sdk/targets/Microsoft.NET.SupportedTargetFrameworks.props (17,9)
       Property reassignment: $(MSBuildAllProjects)=";/usr/share/dotnet/sdk/2.2.101/Sdks/Microsoft.NET.Sdk/Sdk/Sdk.props;/home/mdegallaix/Projects/yaml-parser/yaml-parser-tests/obj/yaml-parser-tests.fsproj.nuget.g.props;/home/mdegallaix/Projects/yaml-parser/yaml-parser-tests/obj/yaml-parser-tests.fsproj.paket.props;/usr/share/dotnet/sdk/2.2.101/Sdks/Microsoft.NET.Sdk/targets/Microsoft.NET.Sdk.props;/usr/share/dotnet/sdk/2.2.101/Sdks/Microsoft.NET.Sdk/targets/Microsoft.NET.Sdk.DefaultItems.props;/usr/share/dotnet/sdk/2.2.101/Sdks/Microsoft.NET.Sdk/targets/Microsoft.NET.SupportedTargetFrameworks.props;/usr/share/dotnet/sdk/2.2.101/Sdks/Microsoft.NET.Sdk/targets/Microsoft.NET.Sdk.FSharp.props;/usr/share/dotnet/sdk/2.2.101/FSharp/Microsoft.FSharp.NetSdk.props;/home/mdegallaix/Projects/yaml-parser/.paket/Paket.Restore.targets;/usr/share/dotnet/sdk/2.2.101/Sdks/Microsoft.NET.Sdk/Sdk/Sdk.targets;/usr/share/dotnet/sdk/2.2.101/Sdks/Microsoft.NET.Sdk/targets/Microsoft.NET.Sdk.BeforeCommon.targets;/usr/share/dotnet/sdk/2.2.101/Sdks/Microsoft.NET.Sdk/targets/Microsoft.NET.DefaultAssemblyInfo.targets;/usr/share/dotnet/sdk/2.2.101/Sdks/Microsoft.NET.Sdk/targets/Microsoft.NET.DefaultOutputPaths.targets;/usr/share/dotnet/sdk/2.2.101/Sdks/Microsoft.NET.Sdk/targets/Microsoft.NET.TargetFrameworkInference.targets;/usr/share/dotnet/sdk/2.2.101/Sdks/Microsoft.NET.Sdk/targets/Microsoft.NET.RuntimeIdentifierInference.targets;/usr/share/dotnet/sdk/2.2.101/Sdks/Microsoft.NET.Sdk/targets/Microsoft.NET.NuGetOfflineCache.targets" (previous value: ";/usr/share/dotnet/sdk/2.2.101/Sdks/Microsoft.NET.Sdk/Sdk/Sdk.props;/home/mdegallaix/Projects/yaml-parser/yaml-parser-tests/obj/yaml-parser-tests.fsproj.nuget.g.props;/home/mdegallaix/Projects/yaml-parser/yaml-parser-tests/obj/yaml-parser-tests.fsproj.paket.props;/usr/share/dotnet/sdk/2.2.101/Sdks/Microsoft.NET.Sdk/targets/Microsoft.NET.Sdk.props;/usr/share/dotnet/sdk/2.2.101/Sdks/Microsoft.NET.Sdk/targets/Microsoft.NET.Sdk.DefaultItems.props;/usr/share/dotnet/sdk/2.2.101/Sdks/Microsoft.NET.Sdk/targets/Microsoft.NET.SupportedTargetFrameworks.props;/usr/share/dotnet/sdk/2.2.101/Sdks/Microsoft.NET.Sdk/targets/Microsoft.NET.Sdk.FSharp.props;/usr/share/dotnet/sdk/2.2.101/FSharp/Microsoft.FSharp.NetSdk.props;/home/mdegallaix/Projects/yaml-parser/.paket/Paket.Restore.targets;/usr/share/dotnet/sdk/2.2.101/Sdks/Microsoft.NET.Sdk/Sdk/Sdk.targets;/usr/share/dotnet/sdk/2.2.101/Sdks/Microsoft.NET.Sdk/targets/Microsoft.NET.Sdk.BeforeCommon.targets;/usr/share/dotnet/sdk/2.2.101/Sdks/Microsoft.NET.Sdk/targets/Microsoft.NET.DefaultAssemblyInfo.targets;/usr/share/dotnet/sdk/2.2.101/Sdks/Microsoft.NET.Sdk/targets/Microsoft.NET.DefaultOutputPaths.targets;/usr/share/dotnet/sdk/2.2.101/Sdks/Microsoft.NET.Sdk/targets/Microsoft.NET.TargetFrameworkInference.targets;/usr/share/dotnet/sdk/2.2.101/Sdks/Microsoft.NET.Sdk/targets/Microsoft.NET.RuntimeIdentifierInference.targets") at /usr/share/dotnet/sdk/2.2.101/Sdks/Microsoft.NET.Sdk/targets/Microsoft.NET.NuGetOfflineCache.targets (15,5)
       Property reassignment: $(MSBuildAllProjects)=";/usr/share/dotnet/sdk/2.2.101/Sdks/Microsoft.NET.Sdk/Sdk/Sdk.props;/home/mdegallaix/Projects/yaml-parser/yaml-parser/obj/yaml-parser.fsproj.nuget.g.props;/home/mdegallaix/Projects/yaml-parser/yaml-parser/obj/yaml-parser.fsproj.paket.props;/usr/share/dotnet/sdk/2.2.101/Sdks/Microsoft.NET.Sdk/targets/Microsoft.NET.Sdk.props;/usr/share/dotnet/sdk/2.2.101/Sdks/Microsoft.NET.Sdk/targets/Microsoft.NET.Sdk.DefaultItems.props;/usr/share/dotnet/sdk/2.2.101/Sdks/Microsoft.NET.Sdk/targets/Microsoft.NET.SupportedTargetFrameworks.props;/usr/share/dotnet/sdk/2.2.101/Sdks/Microsoft.NET.Sdk/targets/Microsoft.NET.Sdk.FSharp.props" (previous value: ";/usr/share/dotnet/sdk/2.2.101/Sdks/Microsoft.NET.Sdk/Sdk/Sdk.props;/home/mdegallaix/Projects/yaml-parser/yaml-parser/obj/yaml-parser.fsproj.nuget.g.props;/home/mdegallaix/Projects/yaml-parser/yaml-parser/obj/yaml-parser.fsproj.paket.props;/usr/share/dotnet/sdk/2.2.101/Sdks/Microsoft.NET.Sdk/targets/Microsoft.NET.Sdk.props;/usr/share/dotnet/sdk/2.2.101/Sdks/Microsoft.NET.Sdk/targets/Microsoft.NET.Sdk.DefaultItems.props;/usr/share/dotnet/sdk/2.2.101/Sdks/Microsoft.NET.Sdk/targets/Microsoft.NET.SupportedTargetFrameworks.props") at /usr/share/dotnet/sdk/2.2.101/Sdks/Microsoft.NET.Sdk/targets/Microsoft.NET.Sdk.FSharp.props (16,5)
       Property reassignment: $(_FrameworkVersionForImplicitDefine)="2_1" (previous value: "2.1") at /usr/share/dotnet/sdk/2.2.101/Sdks/Microsoft.NET.Sdk/targets/Microsoft.NET.Sdk.BeforeCommon.targets (156,5)
       Property reassignment: $(MSBuildAllProjects)=";/usr/share/dotnet/sdk/2.2.101/Sdks/Microsoft.NET.Sdk/Sdk/Sdk.props;/home/mdegallaix/Projects/yaml-parser/yaml-parser-tests/obj/yaml-parser-tests.fsproj.nuget.g.props;/home/mdegallaix/Projects/yaml-parser/yaml-parser-tests/obj/yaml-parser-tests.fsproj.paket.props;/usr/share/dotnet/sdk/2.2.101/Sdks/Microsoft.NET.Sdk/targets/Microsoft.NET.Sdk.props;/usr/share/dotnet/sdk/2.2.101/Sdks/Microsoft.NET.Sdk/targets/Microsoft.NET.Sdk.DefaultItems.props;/usr/share/dotnet/sdk/2.2.101/Sdks/Microsoft.NET.Sdk/targets/Microsoft.NET.SupportedTargetFrameworks.props;/usr/share/dotnet/sdk/2.2.101/Sdks/Microsoft.NET.Sdk/targets/Microsoft.NET.Sdk.FSharp.props;/usr/share/dotnet/sdk/2.2.101/FSharp/Microsoft.FSharp.NetSdk.props;/home/mdegallaix/Projects/yaml-parser/.paket/Paket.Restore.targets;/usr/share/dotnet/sdk/2.2.101/Sdks/Microsoft.NET.Sdk/Sdk/Sdk.targets;/usr/share/dotnet/sdk/2.2.101/Sdks/Microsoft.NET.Sdk/targets/Microsoft.NET.Sdk.BeforeCommon.targets;/usr/share/dotnet/sdk/2.2.101/Sdks/Microsoft.NET.Sdk/targets/Microsoft.NET.DefaultAssemblyInfo.targets;/usr/share/dotnet/sdk/2.2.101/Sdks/Microsoft.NET.Sdk/targets/Microsoft.NET.DefaultOutputPaths.targets;/usr/share/dotnet/sdk/2.2.101/Sdks/Microsoft.NET.Sdk/targets/Microsoft.NET.TargetFrameworkInference.targets;/usr/share/dotnet/sdk/2.2.101/Sdks/Microsoft.NET.Sdk/targets/Microsoft.NET.RuntimeIdentifierInference.targets;/usr/share/dotnet/sdk/2.2.101/Sdks/Microsoft.NET.Sdk/targets/Microsoft.NET.NuGetOfflineCache.targets;/usr/share/dotnet/sdk/2.2.101/Sdks/Microsoft.NET.Sdk/targets/Microsoft.NET.Sdk.FSharpTargetsShim.targets" (previous value: ";/usr/share/dotnet/sdk/2.2.101/Sdks/Microsoft.NET.Sdk/Sdk/Sdk.props;/home/mdegallaix/Projects/yaml-parser/yaml-parser-tests/obj/yaml-parser-tests.fsproj.nuget.g.props;/home/mdegallaix/Projects/yaml-parser/yaml-parser-tests/obj/yaml-parser-tests.fsproj.paket.props;/usr/share/dotnet/sdk/2.2.101/Sdks/Microsoft.NET.Sdk/targets/Microsoft.NET.Sdk.props;/usr/share/dotnet/sdk/2.2.101/Sdks/Microsoft.NET.Sdk/targets/Microsoft.NET.Sdk.DefaultItems.props;/usr/share/dotnet/sdk/2.2.101/Sdks/Microsoft.NET.Sdk/targets/Microsoft.NET.SupportedTargetFrameworks.props;/usr/share/dotnet/sdk/2.2.101/Sdks/Microsoft.NET.Sdk/targets/Microsoft.NET.Sdk.FSharp.props;/usr/share/dotnet/sdk/2.2.101/FSharp/Microsoft.FSharp.NetSdk.props;/home/mdegallaix/Projects/yaml-parser/.paket/Paket.Restore.targets;/usr/share/dotnet/sdk/2.2.101/Sdks/Microsoft.NET.Sdk/Sdk/Sdk.targets;/usr/share/dotnet/sdk/2.2.101/Sdks/Microsoft.NET.Sdk/targets/Microsoft.NET.Sdk.BeforeCommon.targets;/usr/share/dotnet/sdk/2.2.101/Sdks/Microsoft.NET.Sdk/targets/Microsoft.NET.DefaultAssemblyInfo.targets;/usr/share/dotnet/sdk/2.2.101/Sdks/Microsoft.NET.Sdk/targets/Microsoft.NET.DefaultOutputPaths.targets;/usr/share/dotnet/sdk/2.2.101/Sdks/Microsoft.NET.Sdk/targets/Microsoft.NET.TargetFrameworkInference.targets;/usr/share/dotnet/sdk/2.2.101/Sdks/Microsoft.NET.Sdk/targets/Microsoft.NET.RuntimeIdentifierInference.targets;/usr/share/dotnet/sdk/2.2.101/Sdks/Microsoft.NET.Sdk/targets/Microsoft.NET.NuGetOfflineCache.targets") at /usr/share/dotnet/sdk/2.2.101/Sdks/Microsoft.NET.Sdk/targets/Microsoft.NET.Sdk.FSharpTargetsShim.targets (16,6)
       Property reassignment: $(DefineConstants)="TRACE;DEBUG" (previous value: "TRACE") at /usr/share/dotnet/sdk/2.2.101/Sdks/Microsoft.NET.Sdk/targets/Microsoft.NET.Sdk.FSharpTargetsShim.targets (37,5)
       Property reassignment: $(MSBuildAllProjects)=";/usr/share/dotnet/sdk/2.2.101/Sdks/Microsoft.NET.Sdk/Sdk/Sdk.props;/home/mdegallaix/Projects/yaml-parser/yaml-parser-tests/obj/yaml-parser-tests.fsproj.nuget.g.props;/home/mdegallaix/Projects/yaml-parser/yaml-parser-tests/obj/yaml-parser-tests.fsproj.paket.props;/usr/share/dotnet/sdk/2.2.101/Sdks/Microsoft.NET.Sdk/targets/Microsoft.NET.Sdk.props;/usr/share/dotnet/sdk/2.2.101/Sdks/Microsoft.NET.Sdk/targets/Microsoft.NET.Sdk.DefaultItems.props;/usr/share/dotnet/sdk/2.2.101/Sdks/Microsoft.NET.Sdk/targets/Microsoft.NET.SupportedTargetFrameworks.props;/usr/share/dotnet/sdk/2.2.101/Sdks/Microsoft.NET.Sdk/targets/Microsoft.NET.Sdk.FSharp.props;/usr/share/dotnet/sdk/2.2.101/FSharp/Microsoft.FSharp.NetSdk.props;/home/mdegallaix/Projects/yaml-parser/.paket/Paket.Restore.targets;/usr/share/dotnet/sdk/2.2.101/Sdks/Microsoft.NET.Sdk/Sdk/Sdk.targets;/usr/share/dotnet/sdk/2.2.101/Sdks/Microsoft.NET.Sdk/targets/Microsoft.NET.Sdk.BeforeCommon.targets;/usr/share/dotnet/sdk/2.2.101/Sdks/Microsoft.NET.Sdk/targets/Microsoft.NET.DefaultAssemblyInfo.targets;/usr/share/dotnet/sdk/2.2.101/Sdks/Microsoft.NET.Sdk/targets/Microsoft.NET.DefaultOutputPaths.targets;/usr/share/dotnet/sdk/2.2.101/Sdks/Microsoft.NET.Sdk/targets/Microsoft.NET.TargetFrameworkInference.targets;/usr/share/dotnet/sdk/2.2.101/Sdks/Microsoft.NET.Sdk/targets/Microsoft.NET.RuntimeIdentifierInference.targets;/usr/share/dotnet/sdk/2.2.101/Sdks/Microsoft.NET.Sdk/targets/Microsoft.NET.NuGetOfflineCache.targets;/usr/share/dotnet/sdk/2.2.101/Sdks/Microsoft.NET.Sdk/targets/Microsoft.NET.Sdk.FSharpTargetsShim.targets;/usr/share/dotnet/sdk/2.2.101/FSharp/Microsoft.FSharp.NetSdk.targets" (previous value: ";/usr/share/dotnet/sdk/2.2.101/Sdks/Microsoft.NET.Sdk/Sdk/Sdk.props;/home/mdegallaix/Projects/yaml-parser/yaml-parser-tests/obj/yaml-parser-tests.fsproj.nuget.g.props;/home/mdegallaix/Projects/yaml-parser/yaml-parser-tests/obj/yaml-parser-tests.fsproj.paket.props;/usr/share/dotnet/sdk/2.2.101/Sdks/Microsoft.NET.Sdk/targets/Microsoft.NET.Sdk.props;/usr/share/dotnet/sdk/2.2.101/Sdks/Microsoft.NET.Sdk/targets/Microsoft.NET.Sdk.DefaultItems.props;/usr/share/dotnet/sdk/2.2.101/Sdks/Microsoft.NET.Sdk/targets/Microsoft.NET.SupportedTargetFrameworks.props;/usr/share/dotnet/sdk/2.2.101/Sdks/Microsoft.NET.Sdk/targets/Microsoft.NET.Sdk.FSharp.props;/usr/share/dotnet/sdk/2.2.101/FSharp/Microsoft.FSharp.NetSdk.props;/home/mdegallaix/Projects/yaml-parser/.paket/Paket.Restore.targets;/usr/share/dotnet/sdk/2.2.101/Sdks/Microsoft.NET.Sdk/Sdk/Sdk.targets;/usr/share/dotnet/sdk/2.2.101/Sdks/Microsoft.NET.Sdk/targets/Microsoft.NET.Sdk.BeforeCommon.targets;/usr/share/dotnet/sdk/2.2.101/Sdks/Microsoft.NET.Sdk/targets/Microsoft.NET.DefaultAssemblyInfo.targets;/usr/share/dotnet/sdk/2.2.101/Sdks/Microsoft.NET.Sdk/targets/Microsoft.NET.DefaultOutputPaths.targets;/usr/share/dotnet/sdk/2.2.101/Sdks/Microsoft.NET.Sdk/targets/Microsoft.NET.TargetFrameworkInference.targets;/usr/share/dotnet/sdk/2.2.101/Sdks/Microsoft.NET.Sdk/targets/Microsoft.NET.RuntimeIdentifierInference.targets;/usr/share/dotnet/sdk/2.2.101/Sdks/Microsoft.NET.Sdk/targets/Microsoft.NET.NuGetOfflineCache.targets;/usr/share/dotnet/sdk/2.2.101/Sdks/Microsoft.NET.Sdk/targets/Microsoft.NET.Sdk.FSharpTargetsShim.targets") at /usr/share/dotnet/sdk/2.2.101/FSharp/Microsoft.FSharp.NetSdk.targets (17,5)
       Property reassignment: $(MSBuildAllProjects)=";/usr/share/dotnet/sdk/2.2.101/Sdks/Microsoft.NET.Sdk/Sdk/Sdk.props;/home/mdegallaix/Projects/yaml-parser/yaml-parser-tests/obj/yaml-parser-tests.fsproj.nuget.g.props;/home/mdegallaix/Projects/yaml-parser/yaml-parser-tests/obj/yaml-parser-tests.fsproj.paket.props;/usr/share/dotnet/sdk/2.2.101/Sdks/Microsoft.NET.Sdk/targets/Microsoft.NET.Sdk.props;/usr/share/dotnet/sdk/2.2.101/Sdks/Microsoft.NET.Sdk/targets/Microsoft.NET.Sdk.DefaultItems.props;/usr/share/dotnet/sdk/2.2.101/Sdks/Microsoft.NET.Sdk/targets/Microsoft.NET.SupportedTargetFrameworks.props;/usr/share/dotnet/sdk/2.2.101/Sdks/Microsoft.NET.Sdk/targets/Microsoft.NET.Sdk.FSharp.props;/usr/share/dotnet/sdk/2.2.101/FSharp/Microsoft.FSharp.NetSdk.props;/home/mdegallaix/Projects/yaml-parser/.paket/Paket.Restore.targets;/usr/share/dotnet/sdk/2.2.101/Sdks/Microsoft.NET.Sdk/Sdk/Sdk.targets;/usr/share/dotnet/sdk/2.2.101/Sdks/Microsoft.NET.Sdk/targets/Microsoft.NET.Sdk.BeforeCommon.targets;/usr/share/dotnet/sdk/2.2.101/Sdks/Microsoft.NET.Sdk/targets/Microsoft.NET.DefaultAssemblyInfo.targets;/usr/share/dotnet/sdk/2.2.101/Sdks/Microsoft.NET.Sdk/targets/Microsoft.NET.DefaultOutputPaths.targets;/usr/share/dotnet/sdk/2.2.101/Sdks/Microsoft.NET.Sdk/targets/Microsoft.NET.TargetFrameworkInference.targets;/usr/share/dotnet/sdk/2.2.101/Sdks/Microsoft.NET.Sdk/targets/Microsoft.NET.RuntimeIdentifierInference.targets;/usr/share/dotnet/sdk/2.2.101/Sdks/Microsoft.NET.Sdk/targets/Microsoft.NET.NuGetOfflineCache.targets;/usr/share/dotnet/sdk/2.2.101/Sdks/Microsoft.NET.Sdk/targets/Microsoft.NET.Sdk.FSharpTargetsShim.targets;/usr/share/dotnet/sdk/2.2.101/FSharp/Microsoft.FSharp.NetSdk.targets;/usr/share/dotnet/sdk/2.2.101/FSharp/Microsoft.FSharp.Targets" (previous value: ";/usr/share/dotnet/sdk/2.2.101/Sdks/Microsoft.NET.Sdk/Sdk/Sdk.props;/home/mdegallaix/Projects/yaml-parser/yaml-parser-tests/obj/yaml-parser-tests.fsproj.nuget.g.props;/home/mdegallaix/Projects/yaml-parser/yaml-parser-tests/obj/yaml-parser-tests.fsproj.paket.props;/usr/share/dotnet/sdk/2.2.101/Sdks/Microsoft.NET.Sdk/targets/Microsoft.NET.Sdk.props;/usr/share/dotnet/sdk/2.2.101/Sdks/Microsoft.NET.Sdk/targets/Microsoft.NET.Sdk.DefaultItems.props;/usr/share/dotnet/sdk/2.2.101/Sdks/Microsoft.NET.Sdk/targets/Microsoft.NET.SupportedTargetFrameworks.props;/usr/share/dotnet/sdk/2.2.101/Sdks/Microsoft.NET.Sdk/targets/Microsoft.NET.Sdk.FSharp.props;/usr/share/dotnet/sdk/2.2.101/FSharp/Microsoft.FSharp.NetSdk.props;/home/mdegallaix/Projects/yaml-parser/.paket/Paket.Restore.targets;/usr/share/dotnet/sdk/2.2.101/Sdks/Microsoft.NET.Sdk/Sdk/Sdk.targets;/usr/share/dotnet/sdk/2.2.101/Sdks/Microsoft.NET.Sdk/targets/Microsoft.NET.Sdk.BeforeCommon.targets;/usr/share/dotnet/sdk/2.2.101/Sdks/Microsoft.NET.Sdk/targets/Microsoft.NET.DefaultAssemblyInfo.targets;/usr/share/dotnet/sdk/2.2.101/Sdks/Microsoft.NET.Sdk/targets/Microsoft.NET.DefaultOutputPaths.targets;/usr/share/dotnet/sdk/2.2.101/Sdks/Microsoft.NET.Sdk/targets/Microsoft.NET.TargetFrameworkInference.targets;/usr/share/dotnet/sdk/2.2.101/Sdks/Microsoft.NET.Sdk/targets/Microsoft.NET.RuntimeIdentifierInference.targets;/usr/share/dotnet/sdk/2.2.101/Sdks/Microsoft.NET.Sdk/targets/Microsoft.NET.NuGetOfflineCache.targets;/usr/share/dotnet/sdk/2.2.101/Sdks/Microsoft.NET.Sdk/targets/Microsoft.NET.Sdk.FSharpTargetsShim.targets;/usr/share/dotnet/sdk/2.2.101/FSharp/Microsoft.FSharp.NetSdk.targets") at /usr/share/dotnet/sdk/2.2.101/FSharp/Microsoft.FSharp.Targets (21,9)
       Property reassignment: $(_DebugSymbolsProduced)="true" (previous value: "false") at /usr/share/dotnet/sdk/2.2.101/Microsoft.Common.CurrentVersion.targets (148,5)
       Property reassignment: $(_DocumentationFileProduced)="false" (previous value: "true") at /usr/share/dotnet/sdk/2.2.101/Microsoft.Common.CurrentVersion.targets (157,5)
       Property reassignment: $(ProcessorArchitecture)="msil" (previous value: "") at /usr/share/dotnet/sdk/2.2.101/Microsoft.Common.CurrentVersion.targets (486,5)
       Property reassignment: $(DelaySign)="" (previous value: "false") at /usr/share/dotnet/sdk/2.2.101/Microsoft.Common.CurrentVersion.targets (525,5)
       Property reassignment: $(MSBuildAllProjects)=";/usr/share/dotnet/sdk/2.2.101/Sdks/Microsoft.NET.Sdk/Sdk/Sdk.props;/home/mdegallaix/Projects/yaml-parser/yaml-parser-tests/obj/yaml-parser-tests.fsproj.nuget.g.props;/home/mdegallaix/Projects/yaml-parser/yaml-parser-tests/obj/yaml-parser-tests.fsproj.paket.props;/usr/share/dotnet/sdk/2.2.101/Sdks/Microsoft.NET.Sdk/targets/Microsoft.NET.Sdk.props;/usr/share/dotnet/sdk/2.2.101/Sdks/Microsoft.NET.Sdk/targets/Microsoft.NET.Sdk.DefaultItems.props;/usr/share/dotnet/sdk/2.2.101/Sdks/Microsoft.NET.Sdk/targets/Microsoft.NET.SupportedTargetFrameworks.props;/usr/share/dotnet/sdk/2.2.101/Sdks/Microsoft.NET.Sdk/targets/Microsoft.NET.Sdk.FSharp.props;/usr/share/dotnet/sdk/2.2.101/FSharp/Microsoft.FSharp.NetSdk.props;/home/mdegallaix/Projects/yaml-parser/.paket/Paket.Restore.targets;/usr/share/dotnet/sdk/2.2.101/Sdks/Microsoft.NET.Sdk/Sdk/Sdk.targets;/usr/share/dotnet/sdk/2.2.101/Sdks/Microsoft.NET.Sdk/targets/Microsoft.NET.Sdk.BeforeCommon.targets;/usr/share/dotnet/sdk/2.2.101/Sdks/Microsoft.NET.Sdk/targets/Microsoft.NET.DefaultAssemblyInfo.targets;/usr/share/dotnet/sdk/2.2.101/Sdks/Microsoft.NET.Sdk/targets/Microsoft.NET.DefaultOutputPaths.targets;/usr/share/dotnet/sdk/2.2.101/Sdks/Microsoft.NET.Sdk/targets/Microsoft.NET.TargetFrameworkInference.targets;/usr/share/dotnet/sdk/2.2.101/Sdks/Microsoft.NET.Sdk/targets/Microsoft.NET.RuntimeIdentifierInference.targets;/usr/share/dotnet/sdk/2.2.101/Sdks/Microsoft.NET.Sdk/targets/Microsoft.NET.NuGetOfflineCache.targets;/usr/share/dotnet/sdk/2.2.101/Sdks/Microsoft.NET.Sdk/targets/Microsoft.NET.Sdk.FSharpTargetsShim.targets;/usr/share/dotnet/sdk/2.2.101/FSharp/Microsoft.FSharp.NetSdk.targets;/usr/share/dotnet/sdk/2.2.101/FSharp/Microsoft.FSharp.Targets;/home/mdegallaix/Projects/yaml-parser/yaml-parser-tests/yaml-parser-tests.fsproj;/usr/share/dotnet/sdk/2.2.101/Microsoft.Common.CurrentVersion.targets" (previous value: ";/usr/share/dotnet/sdk/2.2.101/Sdks/Microsoft.NET.Sdk/Sdk/Sdk.props;/home/mdegallaix/Projects/yaml-parser/yaml-parser-tests/obj/yaml-parser-tests.fsproj.nuget.g.props;/home/mdegallaix/Projects/yaml-parser/yaml-parser-tests/obj/yaml-parser-tests.fsproj.paket.props;/usr/share/dotnet/sdk/2.2.101/Sdks/Microsoft.NET.Sdk/targets/Microsoft.NET.Sdk.props;/usr/share/dotnet/sdk/2.2.101/Sdks/Microsoft.NET.Sdk/targets/Microsoft.NET.Sdk.DefaultItems.props;/usr/share/dotnet/sdk/2.2.101/Sdks/Microsoft.NET.Sdk/targets/Microsoft.NET.SupportedTargetFrameworks.props;/usr/share/dotnet/sdk/2.2.101/Sdks/Microsoft.NET.Sdk/targets/Microsoft.NET.Sdk.FSharp.props;/usr/share/dotnet/sdk/2.2.101/FSharp/Microsoft.FSharp.NetSdk.props;/home/mdegallaix/Projects/yaml-parser/.paket/Paket.Restore.targets;/usr/share/dotnet/sdk/2.2.101/Sdks/Microsoft.NET.Sdk/Sdk/Sdk.targets;/usr/share/dotnet/sdk/2.2.101/Sdks/Microsoft.NET.Sdk/targets/Microsoft.NET.Sdk.BeforeCommon.targets;/usr/share/dotnet/sdk/2.2.101/Sdks/Microsoft.NET.Sdk/targets/Microsoft.NET.DefaultAssemblyInfo.targets;/usr/share/dotnet/sdk/2.2.101/Sdks/Microsoft.NET.Sdk/targets/Microsoft.NET.DefaultOutputPaths.targets;/usr/share/dotnet/sdk/2.2.101/Sdks/Microsoft.NET.Sdk/targets/Microsoft.NET.TargetFrameworkInference.targets;/usr/share/dotnet/sdk/2.2.101/Sdks/Microsoft.NET.Sdk/targets/Microsoft.NET.RuntimeIdentifierInference.targets;/usr/share/dotnet/sdk/2.2.101/Sdks/Microsoft.NET.Sdk/targets/Microsoft.NET.NuGetOfflineCache.targets;/usr/share/dotnet/sdk/2.2.101/Sdks/Microsoft.NET.Sdk/targets/Microsoft.NET.Sdk.FSharpTargetsShim.targets;/usr/share/dotnet/sdk/2.2.101/FSharp/Microsoft.FSharp.NetSdk.targets;/usr/share/dotnet/sdk/2.2.101/FSharp/Microsoft.FSharp.Targets") at /usr/share/dotnet/sdk/2.2.101/Microsoft.Common.CurrentVersion.targets (536,5)
       Property reassignment: $(_SGenGenerateSerializationAssembliesConfig)="Auto" (previous value: "") at /usr/share/dotnet/sdk/2.2.101/Microsoft.Common.CurrentVersion.targets (3500,5)
       Property reassignment: $(_SGenGenerateSerializationAssembliesConfig)="Off" (previous value: "Auto") at /usr/share/dotnet/sdk/2.2.101/Microsoft.Common.CurrentVersion.targets (3501,5)
       Property reassignment: $(MSBuildAllProjects)=";/usr/share/dotnet/sdk/2.2.101/Sdks/Microsoft.NET.Sdk/Sdk/Sdk.props;/home/mdegallaix/Projects/yaml-parser/yaml-parser-tests/obj/yaml-parser-tests.fsproj.nuget.g.props;/home/mdegallaix/Projects/yaml-parser/yaml-parser-tests/obj/yaml-parser-tests.fsproj.paket.props;/usr/share/dotnet/sdk/2.2.101/Sdks/Microsoft.NET.Sdk/targets/Microsoft.NET.Sdk.props;/usr/share/dotnet/sdk/2.2.101/Sdks/Microsoft.NET.Sdk/targets/Microsoft.NET.Sdk.DefaultItems.props;/usr/share/dotnet/sdk/2.2.101/Sdks/Microsoft.NET.Sdk/targets/Microsoft.NET.SupportedTargetFrameworks.props;/usr/share/dotnet/sdk/2.2.101/Sdks/Microsoft.NET.Sdk/targets/Microsoft.NET.Sdk.FSharp.props;/usr/share/dotnet/sdk/2.2.101/FSharp/Microsoft.FSharp.NetSdk.props;/home/mdegallaix/Projects/yaml-parser/.paket/Paket.Restore.targets;/usr/share/dotnet/sdk/2.2.101/Sdks/Microsoft.NET.Sdk/Sdk/Sdk.targets;/usr/share/dotnet/sdk/2.2.101/Sdks/Microsoft.NET.Sdk/targets/Microsoft.NET.Sdk.BeforeCommon.targets;/usr/share/dotnet/sdk/2.2.101/Sdks/Microsoft.NET.Sdk/targets/Microsoft.NET.DefaultAssemblyInfo.targets;/usr/share/dotnet/sdk/2.2.101/Sdks/Microsoft.NET.Sdk/targets/Microsoft.NET.DefaultOutputPaths.targets;/usr/share/dotnet/sdk/2.2.101/Sdks/Microsoft.NET.Sdk/targets/Microsoft.NET.TargetFrameworkInference.targets;/usr/share/dotnet/sdk/2.2.101/Sdks/Microsoft.NET.Sdk/targets/Microsoft.NET.RuntimeIdentifierInference.targets;/usr/share/dotnet/sdk/2.2.101/Sdks/Microsoft.NET.Sdk/targets/Microsoft.NET.NuGetOfflineCache.targets;/usr/share/dotnet/sdk/2.2.101/Sdks/Microsoft.NET.Sdk/targets/Microsoft.NET.Sdk.FSharpTargetsShim.targets;/usr/share/dotnet/sdk/2.2.101/FSharp/Microsoft.FSharp.NetSdk.targets;/usr/share/dotnet/sdk/2.2.101/FSharp/Microsoft.FSharp.Targets;/home/mdegallaix/Projects/yaml-parser/yaml-parser-tests/yaml-parser-tests.fsproj;/usr/share/dotnet/sdk/2.2.101/Microsoft.Common.CurrentVersion.targets;/usr/share/dotnet/sdk/2.2.101/NuGet.targets" (previous value: ";/usr/share/dotnet/sdk/2.2.101/Sdks/Microsoft.NET.Sdk/Sdk/Sdk.props;/home/mdegallaix/Projects/yaml-parser/yaml-parser-tests/obj/yaml-parser-tests.fsproj.nuget.g.props;/home/mdegallaix/Projects/yaml-parser/yaml-parser-tests/obj/yaml-parser-tests.fsproj.paket.props;/usr/share/dotnet/sdk/2.2.101/Sdks/Microsoft.NET.Sdk/targets/Microsoft.NET.Sdk.props;/usr/share/dotnet/sdk/2.2.101/Sdks/Microsoft.NET.Sdk/targets/Microsoft.NET.Sdk.DefaultItems.props;/usr/share/dotnet/sdk/2.2.101/Sdks/Microsoft.NET.Sdk/targets/Microsoft.NET.SupportedTargetFrameworks.props;/usr/share/dotnet/sdk/2.2.101/Sdks/Microsoft.NET.Sdk/targets/Microsoft.NET.Sdk.FSharp.props;/usr/share/dotnet/sdk/2.2.101/FSharp/Microsoft.FSharp.NetSdk.props;/home/mdegallaix/Projects/yaml-parser/.paket/Paket.Restore.targets;/usr/share/dotnet/sdk/2.2.101/Sdks/Microsoft.NET.Sdk/Sdk/Sdk.targets;/usr/share/dotnet/sdk/2.2.101/Sdks/Microsoft.NET.Sdk/targets/Microsoft.NET.Sdk.BeforeCommon.targets;/usr/share/dotnet/sdk/2.2.101/Sdks/Microsoft.NET.Sdk/targets/Microsoft.NET.DefaultAssemblyInfo.targets;/usr/share/dotnet/sdk/2.2.101/Sdks/Microsoft.NET.Sdk/targets/Microsoft.NET.DefaultOutputPaths.targets;/usr/share/dotnet/sdk/2.2.101/Sdks/Microsoft.NET.Sdk/targets/Microsoft.NET.TargetFrameworkInference.targets;/usr/share/dotnet/sdk/2.2.101/Sdks/Microsoft.NET.Sdk/targets/Microsoft.NET.RuntimeIdentifierInference.targets;/usr/share/dotnet/sdk/2.2.101/Sdks/Microsoft.NET.Sdk/targets/Microsoft.NET.NuGetOfflineCache.targets;/usr/share/dotnet/sdk/2.2.101/Sdks/Microsoft.NET.Sdk/targets/Microsoft.NET.Sdk.FSharpTargetsShim.targets;/usr/share/dotnet/sdk/2.2.101/FSharp/Microsoft.FSharp.NetSdk.targets;/usr/share/dotnet/sdk/2.2.101/FSharp/Microsoft.FSharp.Targets;/home/mdegallaix/Projects/yaml-parser/yaml-parser-tests/yaml-parser-tests.fsproj;/usr/share/dotnet/sdk/2.2.101/Microsoft.Common.CurrentVersion.targets") at /usr/share/dotnet/sdk/2.2.101/NuGet.targets (45,5)
       Property reassignment: $(MSBuildAllProjects)=";/usr/share/dotnet/sdk/2.2.101/Sdks/Microsoft.NET.Sdk/Sdk/Sdk.props;/home/mdegallaix/Projects/yaml-parser/yaml-parser/obj/yaml-parser.fsproj.nuget.g.props;/home/mdegallaix/Projects/yaml-parser/yaml-parser/obj/yaml-parser.fsproj.paket.props;/usr/share/dotnet/sdk/2.2.101/Sdks/Microsoft.NET.Sdk/targets/Microsoft.NET.Sdk.props;/usr/share/dotnet/sdk/2.2.101/Sdks/Microsoft.NET.Sdk/targets/Microsoft.NET.Sdk.DefaultItems.props;/usr/share/dotnet/sdk/2.2.101/Sdks/Microsoft.NET.Sdk/targets/Microsoft.NET.SupportedTargetFrameworks.props;/usr/share/dotnet/sdk/2.2.101/Sdks/Microsoft.NET.Sdk/targets/Microsoft.NET.Sdk.FSharp.props;/usr/share/dotnet/sdk/2.2.101/FSharp/Microsoft.FSharp.NetSdk.props" (previous value: ";/usr/share/dotnet/sdk/2.2.101/Sdks/Microsoft.NET.Sdk/Sdk/Sdk.props;/home/mdegallaix/Projects/yaml-parser/yaml-parser/obj/yaml-parser.fsproj.nuget.g.props;/home/mdegallaix/Projects/yaml-parser/yaml-parser/obj/yaml-parser.fsproj.paket.props;/usr/share/dotnet/sdk/2.2.101/Sdks/Microsoft.NET.Sdk/targets/Microsoft.NET.Sdk.props;/usr/share/dotnet/sdk/2.2.101/Sdks/Microsoft.NET.Sdk/targets/Microsoft.NET.Sdk.DefaultItems.props;/usr/share/dotnet/sdk/2.2.101/Sdks/Microsoft.NET.Sdk/targets/Microsoft.NET.SupportedTargetFrameworks.props;/usr/share/dotnet/sdk/2.2.101/Sdks/Microsoft.NET.Sdk/targets/Microsoft.NET.Sdk.FSharp.props") at /usr/share/dotnet/sdk/2.2.101/FSharp/Microsoft.FSharp.NetSdk.props (16,5)
       Property reassignment: $(MSBuildAllProjects)=";/usr/share/dotnet/sdk/2.2.101/Sdks/Microsoft.NET.Sdk/Sdk/Sdk.props;/home/mdegallaix/Projects/yaml-parser/yaml-parser-tests/obj/yaml-parser-tests.fsproj.nuget.g.props;/home/mdegallaix/Projects/yaml-parser/yaml-parser-tests/obj/yaml-parser-tests.fsproj.paket.props;/usr/share/dotnet/sdk/2.2.101/Sdks/Microsoft.NET.Sdk/targets/Microsoft.NET.Sdk.props;/usr/share/dotnet/sdk/2.2.101/Sdks/Microsoft.NET.Sdk/targets/Microsoft.NET.Sdk.DefaultItems.props;/usr/share/dotnet/sdk/2.2.101/Sdks/Microsoft.NET.Sdk/targets/Microsoft.NET.SupportedTargetFrameworks.props;/usr/share/dotnet/sdk/2.2.101/Sdks/Microsoft.NET.Sdk/targets/Microsoft.NET.Sdk.FSharp.props;/usr/share/dotnet/sdk/2.2.101/FSharp/Microsoft.FSharp.NetSdk.props;/home/mdegallaix/Projects/yaml-parser/.paket/Paket.Restore.targets;/usr/share/dotnet/sdk/2.2.101/Sdks/Microsoft.NET.Sdk/Sdk/Sdk.targets;/usr/share/dotnet/sdk/2.2.101/Sdks/Microsoft.NET.Sdk/targets/Microsoft.NET.Sdk.BeforeCommon.targets;/usr/share/dotnet/sdk/2.2.101/Sdks/Microsoft.NET.Sdk/targets/Microsoft.NET.DefaultAssemblyInfo.targets;/usr/share/dotnet/sdk/2.2.101/Sdks/Microsoft.NET.Sdk/targets/Microsoft.NET.DefaultOutputPaths.targets;/usr/share/dotnet/sdk/2.2.101/Sdks/Microsoft.NET.Sdk/targets/Microsoft.NET.TargetFrameworkInference.targets;/usr/share/dotnet/sdk/2.2.101/Sdks/Microsoft.NET.Sdk/targets/Microsoft.NET.RuntimeIdentifierInference.targets;/usr/share/dotnet/sdk/2.2.101/Sdks/Microsoft.NET.Sdk/targets/Microsoft.NET.NuGetOfflineCache.targets;/usr/share/dotnet/sdk/2.2.101/Sdks/Microsoft.NET.Sdk/targets/Microsoft.NET.Sdk.FSharpTargetsShim.targets;/usr/share/dotnet/sdk/2.2.101/FSharp/Microsoft.FSharp.NetSdk.targets;/usr/share/dotnet/sdk/2.2.101/FSharp/Microsoft.FSharp.Targets;/home/mdegallaix/Projects/yaml-parser/yaml-parser-tests/yaml-parser-tests.fsproj;/usr/share/dotnet/sdk/2.2.101/Microsoft.Common.CurrentVersion.targets;/usr/share/dotnet/sdk/2.2.101/NuGet.targets;/usr/share/dotnet/sdk/2.2.101/15.0/Microsoft.Common.targets/ImportAfter/Microsoft.NET.Build.Extensions.targets" (previous value: ";/usr/share/dotnet/sdk/2.2.101/Sdks/Microsoft.NET.Sdk/Sdk/Sdk.props;/home/mdegallaix/Projects/yaml-parser/yaml-parser-tests/obj/yaml-parser-tests.fsproj.nuget.g.props;/home/mdegallaix/Projects/yaml-parser/yaml-parser-tests/obj/yaml-parser-tests.fsproj.paket.props;/usr/share/dotnet/sdk/2.2.101/Sdks/Microsoft.NET.Sdk/targets/Microsoft.NET.Sdk.props;/usr/share/dotnet/sdk/2.2.101/Sdks/Microsoft.NET.Sdk/targets/Microsoft.NET.Sdk.DefaultItems.props;/usr/share/dotnet/sdk/2.2.101/Sdks/Microsoft.NET.Sdk/targets/Microsoft.NET.SupportedTargetFrameworks.props;/usr/share/dotnet/sdk/2.2.101/Sdks/Microsoft.NET.Sdk/targets/Microsoft.NET.Sdk.FSharp.props;/usr/share/dotnet/sdk/2.2.101/FSharp/Microsoft.FSharp.NetSdk.props;/home/mdegallaix/Projects/yaml-parser/.paket/Paket.Restore.targets;/usr/share/dotnet/sdk/2.2.101/Sdks/Microsoft.NET.Sdk/Sdk/Sdk.targets;/usr/share/dotnet/sdk/2.2.101/Sdks/Microsoft.NET.Sdk/targets/Microsoft.NET.Sdk.BeforeCommon.targets;/usr/share/dotnet/sdk/2.2.101/Sdks/Microsoft.NET.Sdk/targets/Microsoft.NET.DefaultAssemblyInfo.targets;/usr/share/dotnet/sdk/2.2.101/Sdks/Microsoft.NET.Sdk/targets/Microsoft.NET.DefaultOutputPaths.targets;/usr/share/dotnet/sdk/2.2.101/Sdks/Microsoft.NET.Sdk/targets/Microsoft.NET.TargetFrameworkInference.targets;/usr/share/dotnet/sdk/2.2.101/Sdks/Microsoft.NET.Sdk/targets/Microsoft.NET.RuntimeIdentifierInference.targets;/usr/share/dotnet/sdk/2.2.101/Sdks/Microsoft.NET.Sdk/targets/Microsoft.NET.NuGetOfflineCache.targets;/usr/share/dotnet/sdk/2.2.101/Sdks/Microsoft.NET.Sdk/targets/Microsoft.NET.Sdk.FSharpTargetsShim.targets;/usr/share/dotnet/sdk/2.2.101/FSharp/Microsoft.FSharp.NetSdk.targets;/usr/share/dotnet/sdk/2.2.101/FSharp/Microsoft.FSharp.Targets;/home/mdegallaix/Projects/yaml-parser/yaml-parser-tests/yaml-parser-tests.fsproj;/usr/share/dotnet/sdk/2.2.101/Microsoft.Common.CurrentVersion.targets;/usr/share/dotnet/sdk/2.2.101/NuGet.targets") at /usr/share/dotnet/sdk/2.2.101/15.0/Microsoft.Common.targets/ImportAfter/Microsoft.NET.Build.Extensions.targets (14,5)
       Property reassignment: $(MSBuildAllProjects)=";/usr/share/dotnet/sdk/2.2.101/Sdks/Microsoft.NET.Sdk/Sdk/Sdk.props;/home/mdegallaix/Projects/yaml-parser/yaml-parser-tests/obj/yaml-parser-tests.fsproj.nuget.g.props;/home/mdegallaix/Projects/yaml-parser/yaml-parser-tests/obj/yaml-parser-tests.fsproj.paket.props;/usr/share/dotnet/sdk/2.2.101/Sdks/Microsoft.NET.Sdk/targets/Microsoft.NET.Sdk.props;/usr/share/dotnet/sdk/2.2.101/Sdks/Microsoft.NET.Sdk/targets/Microsoft.NET.Sdk.DefaultItems.props;/usr/share/dotnet/sdk/2.2.101/Sdks/Microsoft.NET.Sdk/targets/Microsoft.NET.SupportedTargetFrameworks.props;/usr/share/dotnet/sdk/2.2.101/Sdks/Microsoft.NET.Sdk/targets/Microsoft.NET.Sdk.FSharp.props;/usr/share/dotnet/sdk/2.2.101/FSharp/Microsoft.FSharp.NetSdk.props;/home/mdegallaix/Projects/yaml-parser/.paket/Paket.Restore.targets;/usr/share/dotnet/sdk/2.2.101/Sdks/Microsoft.NET.Sdk/Sdk/Sdk.targets;/usr/share/dotnet/sdk/2.2.101/Sdks/Microsoft.NET.Sdk/targets/Microsoft.NET.Sdk.BeforeCommon.targets;/usr/share/dotnet/sdk/2.2.101/Sdks/Microsoft.NET.Sdk/targets/Microsoft.NET.DefaultAssemblyInfo.targets;/usr/share/dotnet/sdk/2.2.101/Sdks/Microsoft.NET.Sdk/targets/Microsoft.NET.DefaultOutputPaths.targets;/usr/share/dotnet/sdk/2.2.101/Sdks/Microsoft.NET.Sdk/targets/Microsoft.NET.TargetFrameworkInference.targets;/usr/share/dotnet/sdk/2.2.101/Sdks/Microsoft.NET.Sdk/targets/Microsoft.NET.RuntimeIdentifierInference.targets;/usr/share/dotnet/sdk/2.2.101/Sdks/Microsoft.NET.Sdk/targets/Microsoft.NET.NuGetOfflineCache.targets;/usr/share/dotnet/sdk/2.2.101/Sdks/Microsoft.NET.Sdk/targets/Microsoft.NET.Sdk.FSharpTargetsShim.targets;/usr/share/dotnet/sdk/2.2.101/FSharp/Microsoft.FSharp.NetSdk.targets;/usr/share/dotnet/sdk/2.2.101/FSharp/Microsoft.FSharp.Targets;/home/mdegallaix/Projects/yaml-parser/yaml-parser-tests/yaml-parser-tests.fsproj;/usr/share/dotnet/sdk/2.2.101/Microsoft.Common.CurrentVersion.targets;/usr/share/dotnet/sdk/2.2.101/NuGet.targets;/usr/share/dotnet/sdk/2.2.101/15.0/Microsoft.Common.targets/ImportAfter/Microsoft.NET.Build.Extensions.targets;/usr/share/dotnet/sdk/2.2.101/Microsoft/Microsoft.NET.Build.Extensions/Microsoft.NET.Build.Extensions.targets" (previous value: ";/usr/share/dotnet/sdk/2.2.101/Sdks/Microsoft.NET.Sdk/Sdk/Sdk.props;/home/mdegallaix/Projects/yaml-parser/yaml-parser-tests/obj/yaml-parser-tests.fsproj.nuget.g.props;/home/mdegallaix/Projects/yaml-parser/yaml-parser-tests/obj/yaml-parser-tests.fsproj.paket.props;/usr/share/dotnet/sdk/2.2.101/Sdks/Microsoft.NET.Sdk/targets/Microsoft.NET.Sdk.props;/usr/share/dotnet/sdk/2.2.101/Sdks/Microsoft.NET.Sdk/targets/Microsoft.NET.Sdk.DefaultItems.props;/usr/share/dotnet/sdk/2.2.101/Sdks/Microsoft.NET.Sdk/targets/Microsoft.NET.SupportedTargetFrameworks.props;/usr/share/dotnet/sdk/2.2.101/Sdks/Microsoft.NET.Sdk/targets/Microsoft.NET.Sdk.FSharp.props;/usr/share/dotnet/sdk/2.2.101/FSharp/Microsoft.FSharp.NetSdk.props;/home/mdegallaix/Projects/yaml-parser/.paket/Paket.Restore.targets;/usr/share/dotnet/sdk/2.2.101/Sdks/Microsoft.NET.Sdk/Sdk/Sdk.targets;/usr/share/dotnet/sdk/2.2.101/Sdks/Microsoft.NET.Sdk/targets/Microsoft.NET.Sdk.BeforeCommon.targets;/usr/share/dotnet/sdk/2.2.101/Sdks/Microsoft.NET.Sdk/targets/Microsoft.NET.DefaultAssemblyInfo.targets;/usr/share/dotnet/sdk/2.2.101/Sdks/Microsoft.NET.Sdk/targets/Microsoft.NET.DefaultOutputPaths.targets;/usr/share/dotnet/sdk/2.2.101/Sdks/Microsoft.NET.Sdk/targets/Microsoft.NET.TargetFrameworkInference.targets;/usr/share/dotnet/sdk/2.2.101/Sdks/Microsoft.NET.Sdk/targets/Microsoft.NET.RuntimeIdentifierInference.targets;/usr/share/dotnet/sdk/2.2.101/Sdks/Microsoft.NET.Sdk/targets/Microsoft.NET.NuGetOfflineCache.targets;/usr/share/dotnet/sdk/2.2.101/Sdks/Microsoft.NET.Sdk/targets/Microsoft.NET.Sdk.FSharpTargetsShim.targets;/usr/share/dotnet/sdk/2.2.101/FSharp/Microsoft.FSharp.NetSdk.targets;/usr/share/dotnet/sdk/2.2.101/FSharp/Microsoft.FSharp.Targets;/home/mdegallaix/Projects/yaml-parser/yaml-parser-tests/yaml-parser-tests.fsproj;/usr/share/dotnet/sdk/2.2.101/Microsoft.Common.CurrentVersion.targets;/usr/share/dotnet/sdk/2.2.101/NuGet.targets;/usr/share/dotnet/sdk/2.2.101/15.0/Microsoft.Common.targets/ImportAfter/Microsoft.NET.Build.Extensions.targets") at /usr/share/dotnet/sdk/2.2.101/Microsoft/Microsoft.NET.Build.Extensions/Microsoft.NET.Build.Extensions.targets (15,5)
       Property reassignment: $(MSBuildAllProjects)=";/usr/share/dotnet/sdk/2.2.101/Sdks/Microsoft.NET.Sdk/Sdk/Sdk.props;/home/mdegallaix/Projects/yaml-parser/yaml-parser-tests/obj/yaml-parser-tests.fsproj.nuget.g.props;/home/mdegallaix/Projects/yaml-parser/yaml-parser-tests/obj/yaml-parser-tests.fsproj.paket.props;/usr/share/dotnet/sdk/2.2.101/Sdks/Microsoft.NET.Sdk/targets/Microsoft.NET.Sdk.props;/usr/share/dotnet/sdk/2.2.101/Sdks/Microsoft.NET.Sdk/targets/Microsoft.NET.Sdk.DefaultItems.props;/usr/share/dotnet/sdk/2.2.101/Sdks/Microsoft.NET.Sdk/targets/Microsoft.NET.SupportedTargetFrameworks.props;/usr/share/dotnet/sdk/2.2.101/Sdks/Microsoft.NET.Sdk/targets/Microsoft.NET.Sdk.FSharp.props;/usr/share/dotnet/sdk/2.2.101/FSharp/Microsoft.FSharp.NetSdk.props;/home/mdegallaix/Projects/yaml-parser/.paket/Paket.Restore.targets;/usr/share/dotnet/sdk/2.2.101/Sdks/Microsoft.NET.Sdk/Sdk/Sdk.targets;/usr/share/dotnet/sdk/2.2.101/Sdks/Microsoft.NET.Sdk/targets/Microsoft.NET.Sdk.BeforeCommon.targets;/usr/share/dotnet/sdk/2.2.101/Sdks/Microsoft.NET.Sdk/targets/Microsoft.NET.DefaultAssemblyInfo.targets;/usr/share/dotnet/sdk/2.2.101/Sdks/Microsoft.NET.Sdk/targets/Microsoft.NET.DefaultOutputPaths.targets;/usr/share/dotnet/sdk/2.2.101/Sdks/Microsoft.NET.Sdk/targets/Microsoft.NET.TargetFrameworkInference.targets;/usr/share/dotnet/sdk/2.2.101/Sdks/Microsoft.NET.Sdk/targets/Microsoft.NET.RuntimeIdentifierInference.targets;/usr/share/dotnet/sdk/2.2.101/Sdks/Microsoft.NET.Sdk/targets/Microsoft.NET.NuGetOfflineCache.targets;/usr/share/dotnet/sdk/2.2.101/Sdks/Microsoft.NET.Sdk/targets/Microsoft.NET.Sdk.FSharpTargetsShim.targets;/usr/share/dotnet/sdk/2.2.101/FSharp/Microsoft.FSharp.NetSdk.targets;/usr/share/dotnet/sdk/2.2.101/FSharp/Microsoft.FSharp.Targets;/home/mdegallaix/Projects/yaml-parser/yaml-parser-tests/yaml-parser-tests.fsproj;/usr/share/dotnet/sdk/2.2.101/Microsoft.Common.CurrentVersion.targets;/usr/share/dotnet/sdk/2.2.101/NuGet.targets;/usr/share/dotnet/sdk/2.2.101/15.0/Microsoft.Common.targets/ImportAfter/Microsoft.NET.Build.Extensions.targets;/usr/share/dotnet/sdk/2.2.101/Microsoft/Microsoft.NET.Build.Extensions/Microsoft.NET.Build.Extensions.targets;/usr/share/dotnet/sdk/2.2.101/15.0/Microsoft.Common.targets/ImportAfter/Microsoft.TestPlatform.ImportAfter.targets" (previous value: ";/usr/share/dotnet/sdk/2.2.101/Sdks/Microsoft.NET.Sdk/Sdk/Sdk.props;/home/mdegallaix/Projects/yaml-parser/yaml-parser-tests/obj/yaml-parser-tests.fsproj.nuget.g.props;/home/mdegallaix/Projects/yaml-parser/yaml-parser-tests/obj/yaml-parser-tests.fsproj.paket.props;/usr/share/dotnet/sdk/2.2.101/Sdks/Microsoft.NET.Sdk/targets/Microsoft.NET.Sdk.props;/usr/share/dotnet/sdk/2.2.101/Sdks/Microsoft.NET.Sdk/targets/Microsoft.NET.Sdk.DefaultItems.props;/usr/share/dotnet/sdk/2.2.101/Sdks/Microsoft.NET.Sdk/targets/Microsoft.NET.SupportedTargetFrameworks.props;/usr/share/dotnet/sdk/2.2.101/Sdks/Microsoft.NET.Sdk/targets/Microsoft.NET.Sdk.FSharp.props;/usr/share/dotnet/sdk/2.2.101/FSharp/Microsoft.FSharp.NetSdk.props;/home/mdegallaix/Projects/yaml-parser/.paket/Paket.Restore.targets;/usr/share/dotnet/sdk/2.2.101/Sdks/Microsoft.NET.Sdk/Sdk/Sdk.targets;/usr/share/dotnet/sdk/2.2.101/Sdks/Microsoft.NET.Sdk/targets/Microsoft.NET.Sdk.BeforeCommon.targets;/usr/share/dotnet/sdk/2.2.101/Sdks/Microsoft.NET.Sdk/targets/Microsoft.NET.DefaultAssemblyInfo.targets;/usr/share/dotnet/sdk/2.2.101/Sdks/Microsoft.NET.Sdk/targets/Microsoft.NET.DefaultOutputPaths.targets;/usr/share/dotnet/sdk/2.2.101/Sdks/Microsoft.NET.Sdk/targets/Microsoft.NET.TargetFrameworkInference.targets;/usr/share/dotnet/sdk/2.2.101/Sdks/Microsoft.NET.Sdk/targets/Microsoft.NET.RuntimeIdentifierInference.targets;/usr/share/dotnet/sdk/2.2.101/Sdks/Microsoft.NET.Sdk/targets/Microsoft.NET.NuGetOfflineCache.targets;/usr/share/dotnet/sdk/2.2.101/Sdks/Microsoft.NET.Sdk/targets/Microsoft.NET.Sdk.FSharpTargetsShim.targets;/usr/share/dotnet/sdk/2.2.101/FSharp/Microsoft.FSharp.NetSdk.targets;/usr/share/dotnet/sdk/2.2.101/FSharp/Microsoft.FSharp.Targets;/home/mdegallaix/Projects/yaml-parser/yaml-parser-tests/yaml-parser-tests.fsproj;/usr/share/dotnet/sdk/2.2.101/Microsoft.Common.CurrentVersion.targets;/usr/share/dotnet/sdk/2.2.101/NuGet.targets;/usr/share/dotnet/sdk/2.2.101/15.0/Microsoft.Common.targets/ImportAfter/Microsoft.NET.Build.Extensions.targets;/usr/share/dotnet/sdk/2.2.101/Microsoft/Microsoft.NET.Build.Extensions/Microsoft.NET.Build.Extensions.targets") at /usr/share/dotnet/sdk/2.2.101/15.0/Microsoft.Common.targets/ImportAfter/Microsoft.TestPlatform.ImportAfter.targets (16,5)
       Property reassignment: $(MSBuildAllProjects)=";/usr/share/dotnet/sdk/2.2.101/Sdks/Microsoft.NET.Sdk/Sdk/Sdk.props;/home/mdegallaix/Projects/yaml-parser/yaml-parser-tests/obj/yaml-parser-tests.fsproj.nuget.g.props;/home/mdegallaix/Projects/yaml-parser/yaml-parser-tests/obj/yaml-parser-tests.fsproj.paket.props;/usr/share/dotnet/sdk/2.2.101/Sdks/Microsoft.NET.Sdk/targets/Microsoft.NET.Sdk.props;/usr/share/dotnet/sdk/2.2.101/Sdks/Microsoft.NET.Sdk/targets/Microsoft.NET.Sdk.DefaultItems.props;/usr/share/dotnet/sdk/2.2.101/Sdks/Microsoft.NET.Sdk/targets/Microsoft.NET.SupportedTargetFrameworks.props;/usr/share/dotnet/sdk/2.2.101/Sdks/Microsoft.NET.Sdk/targets/Microsoft.NET.Sdk.FSharp.props;/usr/share/dotnet/sdk/2.2.101/FSharp/Microsoft.FSharp.NetSdk.props;/home/mdegallaix/Projects/yaml-parser/.paket/Paket.Restore.targets;/usr/share/dotnet/sdk/2.2.101/Sdks/Microsoft.NET.Sdk/Sdk/Sdk.targets;/usr/share/dotnet/sdk/2.2.101/Sdks/Microsoft.NET.Sdk/targets/Microsoft.NET.Sdk.BeforeCommon.targets;/usr/share/dotnet/sdk/2.2.101/Sdks/Microsoft.NET.Sdk/targets/Microsoft.NET.DefaultAssemblyInfo.targets;/usr/share/dotnet/sdk/2.2.101/Sdks/Microsoft.NET.Sdk/targets/Microsoft.NET.DefaultOutputPaths.targets;/usr/share/dotnet/sdk/2.2.101/Sdks/Microsoft.NET.Sdk/targets/Microsoft.NET.TargetFrameworkInference.targets;/usr/share/dotnet/sdk/2.2.101/Sdks/Microsoft.NET.Sdk/targets/Microsoft.NET.RuntimeIdentifierInference.targets;/usr/share/dotnet/sdk/2.2.101/Sdks/Microsoft.NET.Sdk/targets/Microsoft.NET.NuGetOfflineCache.targets;/usr/share/dotnet/sdk/2.2.101/Sdks/Microsoft.NET.Sdk/targets/Microsoft.NET.Sdk.FSharpTargetsShim.targets;/usr/share/dotnet/sdk/2.2.101/FSharp/Microsoft.FSharp.NetSdk.targets;/usr/share/dotnet/sdk/2.2.101/FSharp/Microsoft.FSharp.Targets;/home/mdegallaix/Projects/yaml-parser/yaml-parser-tests/yaml-parser-tests.fsproj;/usr/share/dotnet/sdk/2.2.101/Microsoft.Common.CurrentVersion.targets;/usr/share/dotnet/sdk/2.2.101/NuGet.targets;/usr/share/dotnet/sdk/2.2.101/15.0/Microsoft.Common.targets/ImportAfter/Microsoft.NET.Build.Extensions.targets;/usr/share/dotnet/sdk/2.2.101/Microsoft/Microsoft.NET.Build.Extensions/Microsoft.NET.Build.Extensions.targets;/usr/share/dotnet/sdk/2.2.101/15.0/Microsoft.Common.targets/ImportAfter/Microsoft.TestPlatform.ImportAfter.targets;/usr/share/dotnet/sdk/2.2.101/Microsoft.TestPlatform.targets" (previous value: ";/usr/share/dotnet/sdk/2.2.101/Sdks/Microsoft.NET.Sdk/Sdk/Sdk.props;/home/mdegallaix/Projects/yaml-parser/yaml-parser-tests/obj/yaml-parser-tests.fsproj.nuget.g.props;/home/mdegallaix/Projects/yaml-parser/yaml-parser-tests/obj/yaml-parser-tests.fsproj.paket.props;/usr/share/dotnet/sdk/2.2.101/Sdks/Microsoft.NET.Sdk/targets/Microsoft.NET.Sdk.props;/usr/share/dotnet/sdk/2.2.101/Sdks/Microsoft.NET.Sdk/targets/Microsoft.NET.Sdk.DefaultItems.props;/usr/share/dotnet/sdk/2.2.101/Sdks/Microsoft.NET.Sdk/targets/Microsoft.NET.SupportedTargetFrameworks.props;/usr/share/dotnet/sdk/2.2.101/Sdks/Microsoft.NET.Sdk/targets/Microsoft.NET.Sdk.FSharp.props;/usr/share/dotnet/sdk/2.2.101/FSharp/Microsoft.FSharp.NetSdk.props;/home/mdegallaix/Projects/yaml-parser/.paket/Paket.Restore.targets;/usr/share/dotnet/sdk/2.2.101/Sdks/Microsoft.NET.Sdk/Sdk/Sdk.targets;/usr/share/dotnet/sdk/2.2.101/Sdks/Microsoft.NET.Sdk/targets/Microsoft.NET.Sdk.BeforeCommon.targets;/usr/share/dotnet/sdk/2.2.101/Sdks/Microsoft.NET.Sdk/targets/Microsoft.NET.DefaultAssemblyInfo.targets;/usr/share/dotnet/sdk/2.2.101/Sdks/Microsoft.NET.Sdk/targets/Microsoft.NET.DefaultOutputPaths.targets;/usr/share/dotnet/sdk/2.2.101/Sdks/Microsoft.NET.Sdk/targets/Microsoft.NET.TargetFrameworkInference.targets;/usr/share/dotnet/sdk/2.2.101/Sdks/Microsoft.NET.Sdk/targets/Microsoft.NET.RuntimeIdentifierInference.targets;/usr/share/dotnet/sdk/2.2.101/Sdks/Microsoft.NET.Sdk/targets/Microsoft.NET.NuGetOfflineCache.targets;/usr/share/dotnet/sdk/2.2.101/Sdks/Microsoft.NET.Sdk/targets/Microsoft.NET.Sdk.FSharpTargetsShim.targets;/usr/share/dotnet/sdk/2.2.101/FSharp/Microsoft.FSharp.NetSdk.targets;/usr/share/dotnet/sdk/2.2.101/FSharp/Microsoft.FSharp.Targets;/home/mdegallaix/Projects/yaml-parser/yaml-parser-tests/yaml-parser-tests.fsproj;/usr/share/dotnet/sdk/2.2.101/Microsoft.Common.CurrentVersion.targets;/usr/share/dotnet/sdk/2.2.101/NuGet.targets;/usr/share/dotnet/sdk/2.2.101/15.0/Microsoft.Common.targets/ImportAfter/Microsoft.NET.Build.Extensions.targets;/usr/share/dotnet/sdk/2.2.101/Microsoft/Microsoft.NET.Build.Extensions/Microsoft.NET.Build.Extensions.targets;/usr/share/dotnet/sdk/2.2.101/15.0/Microsoft.Common.targets/ImportAfter/Microsoft.TestPlatform.ImportAfter.targets") at /usr/share/dotnet/sdk/2.2.101/Microsoft.TestPlatform.targets (17,5)
       Property reassignment: $(MSBuildAllProjects)=";/usr/share/dotnet/sdk/2.2.101/Sdks/Microsoft.NET.Sdk/Sdk/Sdk.props;/home/mdegallaix/Projects/yaml-parser/yaml-parser-tests/obj/yaml-parser-tests.fsproj.nuget.g.props;/home/mdegallaix/Projects/yaml-parser/yaml-parser-tests/obj/yaml-parser-tests.fsproj.paket.props;/usr/share/dotnet/sdk/2.2.101/Sdks/Microsoft.NET.Sdk/targets/Microsoft.NET.Sdk.props;/usr/share/dotnet/sdk/2.2.101/Sdks/Microsoft.NET.Sdk/targets/Microsoft.NET.Sdk.DefaultItems.props;/usr/share/dotnet/sdk/2.2.101/Sdks/Microsoft.NET.Sdk/targets/Microsoft.NET.SupportedTargetFrameworks.props;/usr/share/dotnet/sdk/2.2.101/Sdks/Microsoft.NET.Sdk/targets/Microsoft.NET.Sdk.FSharp.props;/usr/share/dotnet/sdk/2.2.101/FSharp/Microsoft.FSharp.NetSdk.props;/home/mdegallaix/Projects/yaml-parser/.paket/Paket.Restore.targets;/usr/share/dotnet/sdk/2.2.101/Sdks/Microsoft.NET.Sdk/Sdk/Sdk.targets;/usr/share/dotnet/sdk/2.2.101/Sdks/Microsoft.NET.Sdk/targets/Microsoft.NET.Sdk.BeforeCommon.targets;/usr/share/dotnet/sdk/2.2.101/Sdks/Microsoft.NET.Sdk/targets/Microsoft.NET.DefaultAssemblyInfo.targets;/usr/share/dotnet/sdk/2.2.101/Sdks/Microsoft.NET.Sdk/targets/Microsoft.NET.DefaultOutputPaths.targets;/usr/share/dotnet/sdk/2.2.101/Sdks/Microsoft.NET.Sdk/targets/Microsoft.NET.TargetFrameworkInference.targets;/usr/share/dotnet/sdk/2.2.101/Sdks/Microsoft.NET.Sdk/targets/Microsoft.NET.RuntimeIdentifierInference.targets;/usr/share/dotnet/sdk/2.2.101/Sdks/Microsoft.NET.Sdk/targets/Microsoft.NET.NuGetOfflineCache.targets;/usr/share/dotnet/sdk/2.2.101/Sdks/Microsoft.NET.Sdk/targets/Microsoft.NET.Sdk.FSharpTargetsShim.targets;/usr/share/dotnet/sdk/2.2.101/FSharp/Microsoft.FSharp.NetSdk.targets;/usr/share/dotnet/sdk/2.2.101/FSharp/Microsoft.FSharp.Targets;/home/mdegallaix/Projects/yaml-parser/yaml-parser-tests/yaml-parser-tests.fsproj;/usr/share/dotnet/sdk/2.2.101/Microsoft.Common.CurrentVersion.targets;/usr/share/dotnet/sdk/2.2.101/NuGet.targets;/usr/share/dotnet/sdk/2.2.101/15.0/Microsoft.Common.targets/ImportAfter/Microsoft.NET.Build.Extensions.targets;/usr/share/dotnet/sdk/2.2.101/Microsoft/Microsoft.NET.Build.Extensions/Microsoft.NET.Build.Extensions.targets;/usr/share/dotnet/sdk/2.2.101/15.0/Microsoft.Common.targets/ImportAfter/Microsoft.TestPlatform.ImportAfter.targets;/usr/share/dotnet/sdk/2.2.101/Microsoft.TestPlatform.targets;/home/mdegallaix/Projects/yaml-parser/yaml-parser-tests/obj/yaml-parser-tests.fsproj.nuget.g.targets" (previous value: ";/usr/share/dotnet/sdk/2.2.101/Sdks/Microsoft.NET.Sdk/Sdk/Sdk.props;/home/mdegallaix/Projects/yaml-parser/yaml-parser-tests/obj/yaml-parser-tests.fsproj.nuget.g.props;/home/mdegallaix/Projects/yaml-parser/yaml-parser-tests/obj/yaml-parser-tests.fsproj.paket.props;/usr/share/dotnet/sdk/2.2.101/Sdks/Microsoft.NET.Sdk/targets/Microsoft.NET.Sdk.props;/usr/share/dotnet/sdk/2.2.101/Sdks/Microsoft.NET.Sdk/targets/Microsoft.NET.Sdk.DefaultItems.props;/usr/share/dotnet/sdk/2.2.101/Sdks/Microsoft.NET.Sdk/targets/Microsoft.NET.SupportedTargetFrameworks.props;/usr/share/dotnet/sdk/2.2.101/Sdks/Microsoft.NET.Sdk/targets/Microsoft.NET.Sdk.FSharp.props;/usr/share/dotnet/sdk/2.2.101/FSharp/Microsoft.FSharp.NetSdk.props;/home/mdegallaix/Projects/yaml-parser/.paket/Paket.Restore.targets;/usr/share/dotnet/sdk/2.2.101/Sdks/Microsoft.NET.Sdk/Sdk/Sdk.targets;/usr/share/dotnet/sdk/2.2.101/Sdks/Microsoft.NET.Sdk/targets/Microsoft.NET.Sdk.BeforeCommon.targets;/usr/share/dotnet/sdk/2.2.101/Sdks/Microsoft.NET.Sdk/targets/Microsoft.NET.DefaultAssemblyInfo.targets;/usr/share/dotnet/sdk/2.2.101/Sdks/Microsoft.NET.Sdk/targets/Microsoft.NET.DefaultOutputPaths.targets;/usr/share/dotnet/sdk/2.2.101/Sdks/Microsoft.NET.Sdk/targets/Microsoft.NET.TargetFrameworkInference.targets;/usr/share/dotnet/sdk/2.2.101/Sdks/Microsoft.NET.Sdk/targets/Microsoft.NET.RuntimeIdentifierInference.targets;/usr/share/dotnet/sdk/2.2.101/Sdks/Microsoft.NET.Sdk/targets/Microsoft.NET.NuGetOfflineCache.targets;/usr/share/dotnet/sdk/2.2.101/Sdks/Microsoft.NET.Sdk/targets/Microsoft.NET.Sdk.FSharpTargetsShim.targets;/usr/share/dotnet/sdk/2.2.101/FSharp/Microsoft.FSharp.NetSdk.targets;/usr/share/dotnet/sdk/2.2.101/FSharp/Microsoft.FSharp.Targets;/home/mdegallaix/Projects/yaml-parser/yaml-parser-tests/yaml-parser-tests.fsproj;/usr/share/dotnet/sdk/2.2.101/Microsoft.Common.CurrentVersion.targets;/usr/share/dotnet/sdk/2.2.101/NuGet.targets;/usr/share/dotnet/sdk/2.2.101/15.0/Microsoft.Common.targets/ImportAfter/Microsoft.NET.Build.Extensions.targets;/usr/share/dotnet/sdk/2.2.101/Microsoft/Microsoft.NET.Build.Extensions/Microsoft.NET.Build.Extensions.targets;/usr/share/dotnet/sdk/2.2.101/15.0/Microsoft.Common.targets/ImportAfter/Microsoft.TestPlatform.ImportAfter.targets;/usr/share/dotnet/sdk/2.2.101/Microsoft.TestPlatform.targets") at /home/mdegallaix/Projects/yaml-parser/yaml-parser-tests/obj/yaml-parser-tests.fsproj.nuget.g.targets (4,5)
       Property reassignment: $(MSBuildAllProjects)=";/usr/share/dotnet/sdk/2.2.101/Sdks/Microsoft.NET.Sdk/Sdk/Sdk.props;/home/mdegallaix/Projects/yaml-parser/yaml-parser-tests/obj/yaml-parser-tests.fsproj.nuget.g.props;/home/mdegallaix/Projects/yaml-parser/yaml-parser-tests/obj/yaml-parser-tests.fsproj.paket.props;/usr/share/dotnet/sdk/2.2.101/Sdks/Microsoft.NET.Sdk/targets/Microsoft.NET.Sdk.props;/usr/share/dotnet/sdk/2.2.101/Sdks/Microsoft.NET.Sdk/targets/Microsoft.NET.Sdk.DefaultItems.props;/usr/share/dotnet/sdk/2.2.101/Sdks/Microsoft.NET.Sdk/targets/Microsoft.NET.SupportedTargetFrameworks.props;/usr/share/dotnet/sdk/2.2.101/Sdks/Microsoft.NET.Sdk/targets/Microsoft.NET.Sdk.FSharp.props;/usr/share/dotnet/sdk/2.2.101/FSharp/Microsoft.FSharp.NetSdk.props;/home/mdegallaix/Projects/yaml-parser/.paket/Paket.Restore.targets;/usr/share/dotnet/sdk/2.2.101/Sdks/Microsoft.NET.Sdk/Sdk/Sdk.targets;/usr/share/dotnet/sdk/2.2.101/Sdks/Microsoft.NET.Sdk/targets/Microsoft.NET.Sdk.BeforeCommon.targets;/usr/share/dotnet/sdk/2.2.101/Sdks/Microsoft.NET.Sdk/targets/Microsoft.NET.DefaultAssemblyInfo.targets;/usr/share/dotnet/sdk/2.2.101/Sdks/Microsoft.NET.Sdk/targets/Microsoft.NET.DefaultOutputPaths.targets;/usr/share/dotnet/sdk/2.2.101/Sdks/Microsoft.NET.Sdk/targets/Microsoft.NET.TargetFrameworkInference.targets;/usr/share/dotnet/sdk/2.2.101/Sdks/Microsoft.NET.Sdk/targets/Microsoft.NET.RuntimeIdentifierInference.targets;/usr/share/dotnet/sdk/2.2.101/Sdks/Microsoft.NET.Sdk/targets/Microsoft.NET.NuGetOfflineCache.targets;/usr/share/dotnet/sdk/2.2.101/Sdks/Microsoft.NET.Sdk/targets/Microsoft.NET.Sdk.FSharpTargetsShim.targets;/usr/share/dotnet/sdk/2.2.101/FSharp/Microsoft.FSharp.NetSdk.targets;/usr/share/dotnet/sdk/2.2.101/FSharp/Microsoft.FSharp.Targets;/home/mdegallaix/Projects/yaml-parser/yaml-parser-tests/yaml-parser-tests.fsproj;/usr/share/dotnet/sdk/2.2.101/Microsoft.Common.CurrentVersion.targets;/usr/share/dotnet/sdk/2.2.101/NuGet.targets;/usr/share/dotnet/sdk/2.2.101/15.0/Microsoft.Common.targets/ImportAfter/Microsoft.NET.Build.Extensions.targets;/usr/share/dotnet/sdk/2.2.101/Microsoft/Microsoft.NET.Build.Extensions/Microsoft.NET.Build.Extensions.targets;/usr/share/dotnet/sdk/2.2.101/15.0/Microsoft.Common.targets/ImportAfter/Microsoft.TestPlatform.ImportAfter.targets;/usr/share/dotnet/sdk/2.2.101/Microsoft.TestPlatform.targets;/home/mdegallaix/Projects/yaml-parser/yaml-parser-tests/obj/yaml-parser-tests.fsproj.nuget.g.targets;/home/mdegallaix/Projects/yaml-parser/yaml-parser-tests/obj/yaml-parser-tests.fsproj.proj-info.targets" (previous value: ";/usr/share/dotnet/sdk/2.2.101/Sdks/Microsoft.NET.Sdk/Sdk/Sdk.props;/home/mdegallaix/Projects/yaml-parser/yaml-parser-tests/obj/yaml-parser-tests.fsproj.nuget.g.props;/home/mdegallaix/Projects/yaml-parser/yaml-parser-tests/obj/yaml-parser-tests.fsproj.paket.props;/usr/share/dotnet/sdk/2.2.101/Sdks/Microsoft.NET.Sdk/targets/Microsoft.NET.Sdk.props;/usr/share/dotnet/sdk/2.2.101/Sdks/Microsoft.NET.Sdk/targets/Microsoft.NET.Sdk.DefaultItems.props;/usr/share/dotnet/sdk/2.2.101/Sdks/Microsoft.NET.Sdk/targets/Microsoft.NET.SupportedTargetFrameworks.props;/usr/share/dotnet/sdk/2.2.101/Sdks/Microsoft.NET.Sdk/targets/Microsoft.NET.Sdk.FSharp.props;/usr/share/dotnet/sdk/2.2.101/FSharp/Microsoft.FSharp.NetSdk.props;/home/mdegallaix/Projects/yaml-parser/.paket/Paket.Restore.targets;/usr/share/dotnet/sdk/2.2.101/Sdks/Microsoft.NET.Sdk/Sdk/Sdk.targets;/usr/share/dotnet/sdk/2.2.101/Sdks/Microsoft.NET.Sdk/targets/Microsoft.NET.Sdk.BeforeCommon.targets;/usr/share/dotnet/sdk/2.2.101/Sdks/Microsoft.NET.Sdk/targets/Microsoft.NET.DefaultAssemblyInfo.targets;/usr/share/dotnet/sdk/2.2.101/Sdks/Microsoft.NET.Sdk/targets/Microsoft.NET.DefaultOutputPaths.targets;/usr/share/dotnet/sdk/2.2.101/Sdks/Microsoft.NET.Sdk/targets/Microsoft.NET.TargetFrameworkInference.targets;/usr/share/dotnet/sdk/2.2.101/Sdks/Microsoft.NET.Sdk/targets/Microsoft.NET.RuntimeIdentifierInference.targets;/usr/share/dotnet/sdk/2.2.101/Sdks/Microsoft.NET.Sdk/targets/Microsoft.NET.NuGetOfflineCache.targets;/usr/share/dotnet/sdk/2.2.101/Sdks/Microsoft.NET.Sdk/targets/Microsoft.NET.Sdk.FSharpTargetsShim.targets;/usr/share/dotnet/sdk/2.2.101/FSharp/Microsoft.FSharp.NetSdk.targets;/usr/share/dotnet/sdk/2.2.101/FSharp/Microsoft.FSharp.Targets;/home/mdegallaix/Projects/yaml-parser/yaml-parser-tests/yaml-parser-tests.fsproj;/usr/share/dotnet/sdk/2.2.101/Microsoft.Common.CurrentVersion.targets;/usr/share/dotnet/sdk/2.2.101/NuGet.targets;/usr/share/dotnet/sdk/2.2.101/15.0/Microsoft.Common.targets/ImportAfter/Microsoft.NET.Build.Extensions.targets;/usr/share/dotnet/sdk/2.2.101/Microsoft/Microsoft.NET.Build.Extensions/Microsoft.NET.Build.Extensions.targets;/usr/share/dotnet/sdk/2.2.101/15.0/Microsoft.Common.targets/ImportAfter/Microsoft.TestPlatform.ImportAfter.targets;/usr/share/dotnet/sdk/2.2.101/Microsoft.TestPlatform.targets;/home/mdegallaix/Projects/yaml-parser/yaml-parser-tests/obj/yaml-parser-tests.fsproj.nuget.g.targets") at /home/mdegallaix/Projects/yaml-parser/yaml-parser-tests/obj/yaml-parser-tests.fsproj.proj-info.targets (4,5)
       Property reassignment: $(TargetsForTfmSpecificContentInPackage)=";PackTool;PackageFSharpDesignTimeTools" (previous value: ";PackTool") at /usr/share/dotnet/sdk/2.2.101/FSharp/Microsoft.FSharp.NetSdk.targets (52,5)
       Property reassignment: $(MSBuildAllProjects)=";/usr/share/dotnet/sdk/2.2.101/Sdks/Microsoft.NET.Sdk/Sdk/Sdk.props;/home/mdegallaix/Projects/yaml-parser/yaml-parser-tests/obj/yaml-parser-tests.fsproj.nuget.g.props;/home/mdegallaix/Projects/yaml-parser/yaml-parser-tests/obj/yaml-parser-tests.fsproj.paket.props;/usr/share/dotnet/sdk/2.2.101/Sdks/Microsoft.NET.Sdk/targets/Microsoft.NET.Sdk.props;/usr/share/dotnet/sdk/2.2.101/Sdks/Microsoft.NET.Sdk/targets/Microsoft.NET.Sdk.DefaultItems.props;/usr/share/dotnet/sdk/2.2.101/Sdks/Microsoft.NET.Sdk/targets/Microsoft.NET.SupportedTargetFrameworks.props;/usr/share/dotnet/sdk/2.2.101/Sdks/Microsoft.NET.Sdk/targets/Microsoft.NET.Sdk.FSharp.props;/usr/share/dotnet/sdk/2.2.101/FSharp/Microsoft.FSharp.NetSdk.props;/home/mdegallaix/Projects/yaml-parser/.paket/Paket.Restore.targets;/usr/share/dotnet/sdk/2.2.101/Sdks/Microsoft.NET.Sdk/Sdk/Sdk.targets;/usr/share/dotnet/sdk/2.2.101/Sdks/Microsoft.NET.Sdk/targets/Microsoft.NET.Sdk.BeforeCommon.targets;/usr/share/dotnet/sdk/2.2.101/Sdks/Microsoft.NET.Sdk/targets/Microsoft.NET.DefaultAssemblyInfo.targets;/usr/share/dotnet/sdk/2.2.101/Sdks/Microsoft.NET.Sdk/targets/Microsoft.NET.DefaultOutputPaths.targets;/usr/share/dotnet/sdk/2.2.101/Sdks/Microsoft.NET.Sdk/targets/Microsoft.NET.TargetFrameworkInference.targets;/usr/share/dotnet/sdk/2.2.101/Sdks/Microsoft.NET.Sdk/targets/Microsoft.NET.RuntimeIdentifierInference.targets;/usr/share/dotnet/sdk/2.2.101/Sdks/Microsoft.NET.Sdk/targets/Microsoft.NET.NuGetOfflineCache.targets;/usr/share/dotnet/sdk/2.2.101/Sdks/Microsoft.NET.Sdk/targets/Microsoft.NET.Sdk.FSharpTargetsShim.targets;/usr/share/dotnet/sdk/2.2.101/FSharp/Microsoft.FSharp.NetSdk.targets;/usr/share/dotnet/sdk/2.2.101/FSharp/Microsoft.FSharp.Targets;/home/mdegallaix/Projects/yaml-parser/yaml-parser-tests/yaml-parser-tests.fsproj;/usr/share/dotnet/sdk/2.2.101/Microsoft.Common.CurrentVersion.targets;/usr/share/dotnet/sdk/2.2.101/NuGet.targets;/usr/share/dotnet/sdk/2.2.101/15.0/Microsoft.Common.targets/ImportAfter/Microsoft.NET.Build.Extensions.targets;/usr/share/dotnet/sdk/2.2.101/Microsoft/Microsoft.NET.Build.Extensions/Microsoft.NET.Build.Extensions.targets;/usr/share/dotnet/sdk/2.2.101/15.0/Microsoft.Common.targets/ImportAfter/Microsoft.TestPlatform.ImportAfter.targets;/usr/share/dotnet/sdk/2.2.101/Microsoft.TestPlatform.targets;/home/mdegallaix/Projects/yaml-parser/yaml-parser-tests/obj/yaml-parser-tests.fsproj.nuget.g.targets;/home/mdegallaix/Projects/yaml-parser/yaml-parser-tests/obj/yaml-parser-tests.fsproj.proj-info.targets;/usr/share/dotnet/sdk/2.2.101/Sdks/Microsoft.NET.Sdk/targets/Microsoft.NET.Sdk.targets" (previous value: ";/usr/share/dotnet/sdk/2.2.101/Sdks/Microsoft.NET.Sdk/Sdk/Sdk.props;/home/mdegallaix/Projects/yaml-parser/yaml-parser-tests/obj/yaml-parser-tests.fsproj.nuget.g.props;/home/mdegallaix/Projects/yaml-parser/yaml-parser-tests/obj/yaml-parser-tests.fsproj.paket.props;/usr/share/dotnet/sdk/2.2.101/Sdks/Microsoft.NET.Sdk/targets/Microsoft.NET.Sdk.props;/usr/share/dotnet/sdk/2.2.101/Sdks/Microsoft.NET.Sdk/targets/Microsoft.NET.Sdk.DefaultItems.props;/usr/share/dotnet/sdk/2.2.101/Sdks/Microsoft.NET.Sdk/targets/Microsoft.NET.SupportedTargetFrameworks.props;/usr/share/dotnet/sdk/2.2.101/Sdks/Microsoft.NET.Sdk/targets/Microsoft.NET.Sdk.FSharp.props;/usr/share/dotnet/sdk/2.2.101/FSharp/Microsoft.FSharp.NetSdk.props;/home/mdegallaix/Projects/yaml-parser/.paket/Paket.Restore.targets;/usr/share/dotnet/sdk/2.2.101/Sdks/Microsoft.NET.Sdk/Sdk/Sdk.targets;/usr/share/dotnet/sdk/2.2.101/Sdks/Microsoft.NET.Sdk/targets/Microsoft.NET.Sdk.BeforeCommon.targets;/usr/share/dotnet/sdk/2.2.101/Sdks/Microsoft.NET.Sdk/targets/Microsoft.NET.DefaultAssemblyInfo.targets;/usr/share/dotnet/sdk/2.2.101/Sdks/Microsoft.NET.Sdk/targets/Microsoft.NET.DefaultOutputPaths.targets;/usr/share/dotnet/sdk/2.2.101/Sdks/Microsoft.NET.Sdk/targets/Microsoft.NET.TargetFrameworkInference.targets;/usr/share/dotnet/sdk/2.2.101/Sdks/Microsoft.NET.Sdk/targets/Microsoft.NET.RuntimeIdentifierInference.targets;/usr/share/dotnet/sdk/2.2.101/Sdks/Microsoft.NET.Sdk/targets/Microsoft.NET.NuGetOfflineCache.targets;/usr/share/dotnet/sdk/2.2.101/Sdks/Microsoft.NET.Sdk/targets/Microsoft.NET.Sdk.FSharpTargetsShim.targets;/usr/share/dotnet/sdk/2.2.101/FSharp/Microsoft.FSharp.NetSdk.targets;/usr/share/dotnet/sdk/2.2.101/FSharp/Microsoft.FSharp.Targets;/home/mdegallaix/Projects/yaml-parser/yaml-parser-tests/yaml-parser-tests.fsproj;/usr/share/dotnet/sdk/2.2.101/Microsoft.Common.CurrentVersion.targets;/usr/share/dotnet/sdk/2.2.101/NuGet.targets;/usr/share/dotnet/sdk/2.2.101/15.0/Microsoft.Common.targets/ImportAfter/Microsoft.NET.Build.Extensions.targets;/usr/share/dotnet/sdk/2.2.101/Microsoft/Microsoft.NET.Build.Extensions/Microsoft.NET.Build.Extensions.targets;/usr/share/dotnet/sdk/2.2.101/15.0/Microsoft.Common.targets/ImportAfter/Microsoft.TestPlatform.ImportAfter.targets;/usr/share/dotnet/sdk/2.2.101/Microsoft.TestPlatform.targets;/home/mdegallaix/Projects/yaml-parser/yaml-parser-tests/obj/yaml-parser-tests.fsproj.nuget.g.targets;/home/mdegallaix/Projects/yaml-parser/yaml-parser-tests/obj/yaml-parser-tests.fsproj.proj-info.targets") at /usr/share/dotnet/sdk/2.2.101/Sdks/Microsoft.NET.Sdk/targets/Microsoft.NET.Sdk.targets (15,5)
       Property reassignment: $(MSBuildAllProjects)=";/usr/share/dotnet/sdk/2.2.101/Sdks/Microsoft.NET.Sdk/Sdk/Sdk.props;/home/mdegallaix/Projects/yaml-parser/yaml-parser-tests/obj/yaml-parser-tests.fsproj.nuget.g.props;/home/mdegallaix/Projects/yaml-parser/yaml-parser-tests/obj/yaml-parser-tests.fsproj.paket.props;/usr/share/dotnet/sdk/2.2.101/Sdks/Microsoft.NET.Sdk/targets/Microsoft.NET.Sdk.props;/usr/share/dotnet/sdk/2.2.101/Sdks/Microsoft.NET.Sdk/targets/Microsoft.NET.Sdk.DefaultItems.props;/usr/share/dotnet/sdk/2.2.101/Sdks/Microsoft.NET.Sdk/targets/Microsoft.NET.SupportedTargetFrameworks.props;/usr/share/dotnet/sdk/2.2.101/Sdks/Microsoft.NET.Sdk/targets/Microsoft.NET.Sdk.FSharp.props;/usr/share/dotnet/sdk/2.2.101/FSharp/Microsoft.FSharp.NetSdk.props;/home/mdegallaix/Projects/yaml-parser/.paket/Paket.Restore.targets;/usr/share/dotnet/sdk/2.2.101/Sdks/Microsoft.NET.Sdk/Sdk/Sdk.targets;/usr/share/dotnet/sdk/2.2.101/Sdks/Microsoft.NET.Sdk/targets/Microsoft.NET.Sdk.BeforeCommon.targets;/usr/share/dotnet/sdk/2.2.101/Sdks/Microsoft.NET.Sdk/targets/Microsoft.NET.DefaultAssemblyInfo.targets;/usr/share/dotnet/sdk/2.2.101/Sdks/Microsoft.NET.Sdk/targets/Microsoft.NET.DefaultOutputPaths.targets;/usr/share/dotnet/sdk/2.2.101/Sdks/Microsoft.NET.Sdk/targets/Microsoft.NET.TargetFrameworkInference.targets;/usr/share/dotnet/sdk/2.2.101/Sdks/Microsoft.NET.Sdk/targets/Microsoft.NET.RuntimeIdentifierInference.targets;/usr/share/dotnet/sdk/2.2.101/Sdks/Microsoft.NET.Sdk/targets/Microsoft.NET.NuGetOfflineCache.targets;/usr/share/dotnet/sdk/2.2.101/Sdks/Microsoft.NET.Sdk/targets/Microsoft.NET.Sdk.FSharpTargetsShim.targets;/usr/share/dotnet/sdk/2.2.101/FSharp/Microsoft.FSharp.NetSdk.targets;/usr/share/dotnet/sdk/2.2.101/FSharp/Microsoft.FSharp.Targets;/home/mdegallaix/Projects/yaml-parser/yaml-parser-tests/yaml-parser-tests.fsproj;/usr/share/dotnet/sdk/2.2.101/Microsoft.Common.CurrentVersion.targets;/usr/share/dotnet/sdk/2.2.101/NuGet.targets;/usr/share/dotnet/sdk/2.2.101/15.0/Microsoft.Common.targets/ImportAfter/Microsoft.NET.Build.Extensions.targets;/usr/share/dotnet/sdk/2.2.101/Microsoft/Microsoft.NET.Build.Extensions/Microsoft.NET.Build.Extensions.targets;/usr/share/dotnet/sdk/2.2.101/15.0/Microsoft.Common.targets/ImportAfter/Microsoft.TestPlatform.ImportAfter.targets;/usr/share/dotnet/sdk/2.2.101/Microsoft.TestPlatform.targets;/home/mdegallaix/Projects/yaml-parser/yaml-parser-tests/obj/yaml-parser-tests.fsproj.nuget.g.targets;/home/mdegallaix/Projects/yaml-parser/yaml-parser-tests/obj/yaml-parser-tests.fsproj.proj-info.targets;/usr/share/dotnet/sdk/2.2.101/Sdks/Microsoft.NET.Sdk/targets/Microsoft.NET.Sdk.targets;/usr/share/dotnet/sdk/2.2.101/Sdks/Microsoft.NET.Sdk/targets/Microsoft.NET.Sdk.Common.targets" (previous value: ";/usr/share/dotnet/sdk/2.2.101/Sdks/Microsoft.NET.Sdk/Sdk/Sdk.props;/home/mdegallaix/Projects/yaml-parser/yaml-parser-tests/obj/yaml-parser-tests.fsproj.nuget.g.props;/home/mdegallaix/Projects/yaml-parser/yaml-parser-tests/obj/yaml-parser-tests.fsproj.paket.props;/usr/share/dotnet/sdk/2.2.101/Sdks/Microsoft.NET.Sdk/targets/Microsoft.NET.Sdk.props;/usr/share/dotnet/sdk/2.2.101/Sdks/Microsoft.NET.Sdk/targets/Microsoft.NET.Sdk.DefaultItems.props;/usr/share/dotnet/sdk/2.2.101/Sdks/Microsoft.NET.Sdk/targets/Microsoft.NET.SupportedTargetFrameworks.props;/usr/share/dotnet/sdk/2.2.101/Sdks/Microsoft.NET.Sdk/targets/Microsoft.NET.Sdk.FSharp.props;/usr/share/dotnet/sdk/2.2.101/FSharp/Microsoft.FSharp.NetSdk.props;/home/mdegallaix/Projects/yaml-parser/.paket/Paket.Restore.targets;/usr/share/dotnet/sdk/2.2.101/Sdks/Microsoft.NET.Sdk/Sdk/Sdk.targets;/usr/share/dotnet/sdk/2.2.101/Sdks/Microsoft.NET.Sdk/targets/Microsoft.NET.Sdk.BeforeCommon.targets;/usr/share/dotnet/sdk/2.2.101/Sdks/Microsoft.NET.Sdk/targets/Microsoft.NET.DefaultAssemblyInfo.targets;/usr/share/dotnet/sdk/2.2.101/Sdks/Microsoft.NET.Sdk/targets/Microsoft.NET.DefaultOutputPaths.targets;/usr/share/dotnet/sdk/2.2.101/Sdks/Microsoft.NET.Sdk/targets/Microsoft.NET.TargetFrameworkInference.targets;/usr/share/dotnet/sdk/2.2.101/Sdks/Microsoft.NET.Sdk/targets/Microsoft.NET.RuntimeIdentifierInference.targets;/usr/share/dotnet/sdk/2.2.101/Sdks/Microsoft.NET.Sdk/targets/Microsoft.NET.NuGetOfflineCache.targets;/usr/share/dotnet/sdk/2.2.101/Sdks/Microsoft.NET.Sdk/targets/Microsoft.NET.Sdk.FSharpTargetsShim.targets;/usr/share/dotnet/sdk/2.2.101/FSharp/Microsoft.FSharp.NetSdk.targets;/usr/share/dotnet/sdk/2.2.101/FSharp/Microsoft.FSharp.Targets;/home/mdegallaix/Projects/yaml-parser/yaml-parser-tests/yaml-parser-tests.fsproj;/usr/share/dotnet/sdk/2.2.101/Microsoft.Common.CurrentVersion.targets;/usr/share/dotnet/sdk/2.2.101/NuGet.targets;/usr/share/dotnet/sdk/2.2.101/15.0/Microsoft.Common.targets/ImportAfter/Microsoft.NET.Build.Extensions.targets;/usr/share/dotnet/sdk/2.2.101/Microsoft/Microsoft.NET.Build.Extensions/Microsoft.NET.Build.Extensions.targets;/usr/share/dotnet/sdk/2.2.101/15.0/Microsoft.Common.targets/ImportAfter/Microsoft.TestPlatform.ImportAfter.targets;/usr/share/dotnet/sdk/2.2.101/Microsoft.TestPlatform.targets;/home/mdegallaix/Projects/yaml-parser/yaml-parser-tests/obj/yaml-parser-tests.fsproj.nuget.g.targets;/home/mdegallaix/Projects/yaml-parser/yaml-parser-tests/obj/yaml-parser-tests.fsproj.proj-info.targets;/usr/share/dotnet/sdk/2.2.101/Sdks/Microsoft.NET.Sdk/targets/Microsoft.NET.Sdk.targets") at /usr/share/dotnet/sdk/2.2.101/Sdks/Microsoft.NET.Sdk/targets/Microsoft.NET.Sdk.Common.targets (17,5)
       Property reassignment: $(MSBuildAllProjects)=";/usr/share/dotnet/sdk/2.2.101/Sdks/Microsoft.NET.Sdk/Sdk/Sdk.props;/home/mdegallaix/Projects/yaml-parser/yaml-parser-tests/obj/yaml-parser-tests.fsproj.nuget.g.props;/home/mdegallaix/Projects/yaml-parser/yaml-parser-tests/obj/yaml-parser-tests.fsproj.paket.props;/usr/share/dotnet/sdk/2.2.101/Sdks/Microsoft.NET.Sdk/targets/Microsoft.NET.Sdk.props;/usr/share/dotnet/sdk/2.2.101/Sdks/Microsoft.NET.Sdk/targets/Microsoft.NET.Sdk.DefaultItems.props;/usr/share/dotnet/sdk/2.2.101/Sdks/Microsoft.NET.Sdk/targets/Microsoft.NET.SupportedTargetFrameworks.props;/usr/share/dotnet/sdk/2.2.101/Sdks/Microsoft.NET.Sdk/targets/Microsoft.NET.Sdk.FSharp.props;/usr/share/dotnet/sdk/2.2.101/FSharp/Microsoft.FSharp.NetSdk.props;/home/mdegallaix/Projects/yaml-parser/.paket/Paket.Restore.targets;/usr/share/dotnet/sdk/2.2.101/Sdks/Microsoft.NET.Sdk/Sdk/Sdk.targets;/usr/share/dotnet/sdk/2.2.101/Sdks/Microsoft.NET.Sdk/targets/Microsoft.NET.Sdk.BeforeCommon.targets;/usr/share/dotnet/sdk/2.2.101/Sdks/Microsoft.NET.Sdk/targets/Microsoft.NET.DefaultAssemblyInfo.targets;/usr/share/dotnet/sdk/2.2.101/Sdks/Microsoft.NET.Sdk/targets/Microsoft.NET.DefaultOutputPaths.targets;/usr/share/dotnet/sdk/2.2.101/Sdks/Microsoft.NET.Sdk/targets/Microsoft.NET.TargetFrameworkInference.targets;/usr/share/dotnet/sdk/2.2.101/Sdks/Microsoft.NET.Sdk/targets/Microsoft.NET.RuntimeIdentifierInference.targets;/usr/share/dotnet/sdk/2.2.101/Sdks/Microsoft.NET.Sdk/targets/Microsoft.NET.NuGetOfflineCache.targets;/usr/share/dotnet/sdk/2.2.101/Sdks/Microsoft.NET.Sdk/targets/Microsoft.NET.Sdk.FSharpTargetsShim.targets;/usr/share/dotnet/sdk/2.2.101/FSharp/Microsoft.FSharp.NetSdk.targets;/usr/share/dotnet/sdk/2.2.101/FSharp/Microsoft.FSharp.Targets;/home/mdegallaix/Projects/yaml-parser/yaml-parser-tests/yaml-parser-tests.fsproj;/usr/share/dotnet/sdk/2.2.101/Microsoft.Common.CurrentVersion.targets;/usr/share/dotnet/sdk/2.2.101/NuGet.targets;/usr/share/dotnet/sdk/2.2.101/15.0/Microsoft.Common.targets/ImportAfter/Microsoft.NET.Build.Extensions.targets;/usr/share/dotnet/sdk/2.2.101/Microsoft/Microsoft.NET.Build.Extensions/Microsoft.NET.Build.Extensions.targets;/usr/share/dotnet/sdk/2.2.101/15.0/Microsoft.Common.targets/ImportAfter/Microsoft.TestPlatform.ImportAfter.targets;/usr/share/dotnet/sdk/2.2.101/Microsoft.TestPlatform.targets;/home/mdegallaix/Projects/yaml-parser/yaml-parser-tests/obj/yaml-parser-tests.fsproj.nuget.g.targets;/home/mdegallaix/Projects/yaml-parser/yaml-parser-tests/obj/yaml-parser-tests.fsproj.proj-info.targets;/usr/share/dotnet/sdk/2.2.101/Sdks/Microsoft.NET.Sdk/targets/Microsoft.NET.Sdk.targets;/usr/share/dotnet/sdk/2.2.101/Sdks/Microsoft.NET.Sdk/targets/Microsoft.NET.Sdk.Common.targets;/usr/share/dotnet/sdk/2.2.101/Sdks/Microsoft.NET.Sdk/targets/Microsoft.PackageDependencyResolution.targets" (previous value: ";/usr/share/dotnet/sdk/2.2.101/Sdks/Microsoft.NET.Sdk/Sdk/Sdk.props;/home/mdegallaix/Projects/yaml-parser/yaml-parser-tests/obj/yaml-parser-tests.fsproj.nuget.g.props;/home/mdegallaix/Projects/yaml-parser/yaml-parser-tests/obj/yaml-parser-tests.fsproj.paket.props;/usr/share/dotnet/sdk/2.2.101/Sdks/Microsoft.NET.Sdk/targets/Microsoft.NET.Sdk.props;/usr/share/dotnet/sdk/2.2.101/Sdks/Microsoft.NET.Sdk/targets/Microsoft.NET.Sdk.DefaultItems.props;/usr/share/dotnet/sdk/2.2.101/Sdks/Microsoft.NET.Sdk/targets/Microsoft.NET.SupportedTargetFrameworks.props;/usr/share/dotnet/sdk/2.2.101/Sdks/Microsoft.NET.Sdk/targets/Microsoft.NET.Sdk.FSharp.props;/usr/share/dotnet/sdk/2.2.101/FSharp/Microsoft.FSharp.NetSdk.props;/home/mdegallaix/Projects/yaml-parser/.paket/Paket.Restore.targets;/usr/share/dotnet/sdk/2.2.101/Sdks/Microsoft.NET.Sdk/Sdk/Sdk.targets;/usr/share/dotnet/sdk/2.2.101/Sdks/Microsoft.NET.Sdk/targets/Microsoft.NET.Sdk.BeforeCommon.targets;/usr/share/dotnet/sdk/2.2.101/Sdks/Microsoft.NET.Sdk/targets/Microsoft.NET.DefaultAssemblyInfo.targets;/usr/share/dotnet/sdk/2.2.101/Sdks/Microsoft.NET.Sdk/targets/Microsoft.NET.DefaultOutputPaths.targets;/usr/share/dotnet/sdk/2.2.101/Sdks/Microsoft.NET.Sdk/targets/Microsoft.NET.TargetFrameworkInference.targets;/usr/share/dotnet/sdk/2.2.101/Sdks/Microsoft.NET.Sdk/targets/Microsoft.NET.RuntimeIdentifierInference.targets;/usr/share/dotnet/sdk/2.2.101/Sdks/Microsoft.NET.Sdk/targets/Microsoft.NET.NuGetOfflineCache.targets;/usr/share/dotnet/sdk/2.2.101/Sdks/Microsoft.NET.Sdk/targets/Microsoft.NET.Sdk.FSharpTargetsShim.targets;/usr/share/dotnet/sdk/2.2.101/FSharp/Microsoft.FSharp.NetSdk.targets;/usr/share/dotnet/sdk/2.2.101/FSharp/Microsoft.FSharp.Targets;/home/mdegallaix/Projects/yaml-parser/yaml-parser-tests/yaml-parser-tests.fsproj;/usr/share/dotnet/sdk/2.2.101/Microsoft.Common.CurrentVersion.targets;/usr/share/dotnet/sdk/2.2.101/NuGet.targets;/usr/share/dotnet/sdk/2.2.101/15.0/Microsoft.Common.targets/ImportAfter/Microsoft.NET.Build.Extensions.targets;/usr/share/dotnet/sdk/2.2.101/Microsoft/Microsoft.NET.Build.Extensions/Microsoft.NET.Build.Extensions.targets;/usr/share/dotnet/sdk/2.2.101/15.0/Microsoft.Common.targets/ImportAfter/Microsoft.TestPlatform.ImportAfter.targets;/usr/share/dotnet/sdk/2.2.101/Microsoft.TestPlatform.targets;/home/mdegallaix/Projects/yaml-parser/yaml-parser-tests/obj/yaml-parser-tests.fsproj.nuget.g.targets;/home/mdegallaix/Projects/yaml-parser/yaml-parser-tests/obj/yaml-parser-tests.fsproj.proj-info.targets;/usr/share/dotnet/sdk/2.2.101/Sdks/Microsoft.NET.Sdk/targets/Microsoft.NET.Sdk.targets;/usr/share/dotnet/sdk/2.2.101/Sdks/Microsoft.NET.Sdk/targets/Microsoft.NET.Sdk.Common.targets") at /usr/share/dotnet/sdk/2.2.101/Sdks/Microsoft.NET.Sdk/targets/Microsoft.PackageDependencyResolution.targets (23,5)
       Property reassignment: $(ProjectAssetsCacheFile)="/home/mdegallaix/Projects/yaml-parser/yaml-parser-tests/obj/Debug/netcoreapp2.1/yaml-parser-tests.assets.cache" (previous value: "obj\Debug\netcoreapp2.1\yaml-parser-tests.assets.cache") at /usr/share/dotnet/sdk/2.2.101/Sdks/Microsoft.NET.Sdk/targets/Microsoft.PackageDependencyResolution.targets (33,5)
       Property reassignment: $(ResolveAssemblyReferencesDependsOn)="
             
             ResolveProjectReferences;
             FindInvalidProjectReferences;
             GetFrameworkPaths;
             GetReferenceAssemblyPaths;
             PrepareForBuild;
             ResolveSDKReferences;
             ExpandSDKReferences;
           ;
             ResolvePackageDependenciesForBuild;
             _HandlePackageFileConflicts;
           " (previous value: "
             ResolveProjectReferences;
             FindInvalidProjectReferences;
             GetFrameworkPaths;
             GetReferenceAssemblyPaths;
             PrepareForBuild;
             ResolveSDKReferences;
             ExpandSDKReferences;
           ") at /usr/share/dotnet/sdk/2.2.101/Sdks/Microsoft.NET.Sdk/targets/Microsoft.PackageDependencyResolution.targets (60,5)
       Property reassignment: $(PrepareResourcesDependsOn)="
             ResolvePackageDependenciesForBuild;
             _HandlePackageFileConflicts;
             
             PrepareResourceNames;
             ResGen;
             CompileLicxFiles
           
           " (previous value: "
             PrepareResourceNames;
             ResGen;
             CompileLicxFiles
           ") at /usr/share/dotnet/sdk/2.2.101/Sdks/Microsoft.NET.Sdk/targets/Microsoft.PackageDependencyResolution.targets (66,5)
       Property reassignment: $(MSBuildAllProjects)=";/usr/share/dotnet/sdk/2.2.101/Sdks/Microsoft.NET.Sdk/Sdk/Sdk.props;/home/mdegallaix/Projects/yaml-parser/yaml-parser-tests/obj/yaml-parser-tests.fsproj.nuget.g.props;/home/mdegallaix/Projects/yaml-parser/yaml-parser-tests/obj/yaml-parser-tests.fsproj.paket.props;/usr/share/dotnet/sdk/2.2.101/Sdks/Microsoft.NET.Sdk/targets/Microsoft.NET.Sdk.props;/usr/share/dotnet/sdk/2.2.101/Sdks/Microsoft.NET.Sdk/targets/Microsoft.NET.Sdk.DefaultItems.props;/usr/share/dotnet/sdk/2.2.101/Sdks/Microsoft.NET.Sdk/targets/Microsoft.NET.SupportedTargetFrameworks.props;/usr/share/dotnet/sdk/2.2.101/Sdks/Microsoft.NET.Sdk/targets/Microsoft.NET.Sdk.FSharp.props;/usr/share/dotnet/sdk/2.2.101/FSharp/Microsoft.FSharp.NetSdk.props;/home/mdegallaix/Projects/yaml-parser/.paket/Paket.Restore.targets;/usr/share/dotnet/sdk/2.2.101/Sdks/Microsoft.NET.Sdk/Sdk/Sdk.targets;/usr/share/dotnet/sdk/2.2.101/Sdks/Microsoft.NET.Sdk/targets/Microsoft.NET.Sdk.BeforeCommon.targets;/usr/share/dotnet/sdk/2.2.101/Sdks/Microsoft.NET.Sdk/targets/Microsoft.NET.DefaultAssemblyInfo.targets;/usr/share/dotnet/sdk/2.2.101/Sdks/Microsoft.NET.Sdk/targets/Microsoft.NET.DefaultOutputPaths.targets;/usr/share/dotnet/sdk/2.2.101/Sdks/Microsoft.NET.Sdk/targets/Microsoft.NET.TargetFrameworkInference.targets;/usr/share/dotnet/sdk/2.2.101/Sdks/Microsoft.NET.Sdk/targets/Microsoft.NET.RuntimeIdentifierInference.targets;/usr/share/dotnet/sdk/2.2.101/Sdks/Microsoft.NET.Sdk/targets/Microsoft.NET.NuGetOfflineCache.targets;/usr/share/dotnet/sdk/2.2.101/Sdks/Microsoft.NET.Sdk/targets/Microsoft.NET.Sdk.FSharpTargetsShim.targets;/usr/share/dotnet/sdk/2.2.101/FSharp/Microsoft.FSharp.NetSdk.targets;/usr/share/dotnet/sdk/2.2.101/FSharp/Microsoft.FSharp.Targets;/home/mdegallaix/Projects/yaml-parser/yaml-parser-tests/yaml-parser-tests.fsproj;/usr/share/dotnet/sdk/2.2.101/Microsoft.Common.CurrentVersion.targets;/usr/share/dotnet/sdk/2.2.101/NuGet.targets;/usr/share/dotnet/sdk/2.2.101/15.0/Microsoft.Common.targets/ImportAfter/Microsoft.NET.Build.Extensions.targets;/usr/share/dotnet/sdk/2.2.101/Microsoft/Microsoft.NET.Build.Extensions/Microsoft.NET.Build.Extensions.targets;/usr/share/dotnet/sdk/2.2.101/15.0/Microsoft.Common.targets/ImportAfter/Microsoft.TestPlatform.ImportAfter.targets;/usr/share/dotnet/sdk/2.2.101/Microsoft.TestPlatform.targets;/home/mdegallaix/Projects/yaml-parser/yaml-parser-tests/obj/yaml-parser-tests.fsproj.nuget.g.targets;/home/mdegallaix/Projects/yaml-parser/yaml-parser-tests/obj/yaml-parser-tests.fsproj.proj-info.targets;/usr/share/dotnet/sdk/2.2.101/Sdks/Microsoft.NET.Sdk/targets/Microsoft.NET.Sdk.targets;/usr/share/dotnet/sdk/2.2.101/Sdks/Microsoft.NET.Sdk/targets/Microsoft.NET.Sdk.Common.targets;/usr/share/dotnet/sdk/2.2.101/Sdks/Microsoft.NET.Sdk/targets/Microsoft.PackageDependencyResolution.targets;/usr/share/dotnet/sdk/2.2.101/Sdks/Microsoft.NET.Sdk/targets/Microsoft.NET.Sdk.DefaultItems.targets" (previous value: ";/usr/share/dotnet/sdk/2.2.101/Sdks/Microsoft.NET.Sdk/Sdk/Sdk.props;/home/mdegallaix/Projects/yaml-parser/yaml-parser-tests/obj/yaml-parser-tests.fsproj.nuget.g.props;/home/mdegallaix/Projects/yaml-parser/yaml-parser-tests/obj/yaml-parser-tests.fsproj.paket.props;/usr/share/dotnet/sdk/2.2.101/Sdks/Microsoft.NET.Sdk/targets/Microsoft.NET.Sdk.props;/usr/share/dotnet/sdk/2.2.101/Sdks/Microsoft.NET.Sdk/targets/Microsoft.NET.Sdk.DefaultItems.props;/usr/share/dotnet/sdk/2.2.101/Sdks/Microsoft.NET.Sdk/targets/Microsoft.NET.SupportedTargetFrameworks.props;/usr/share/dotnet/sdk/2.2.101/Sdks/Microsoft.NET.Sdk/targets/Microsoft.NET.Sdk.FSharp.props;/usr/share/dotnet/sdk/2.2.101/FSharp/Microsoft.FSharp.NetSdk.props;/home/mdegallaix/Projects/yaml-parser/.paket/Paket.Restore.targets;/usr/share/dotnet/sdk/2.2.101/Sdks/Microsoft.NET.Sdk/Sdk/Sdk.targets;/usr/share/dotnet/sdk/2.2.101/Sdks/Microsoft.NET.Sdk/targets/Microsoft.NET.Sdk.BeforeCommon.targets;/usr/share/dotnet/sdk/2.2.101/Sdks/Microsoft.NET.Sdk/targets/Microsoft.NET.DefaultAssemblyInfo.targets;/usr/share/dotnet/sdk/2.2.101/Sdks/Microsoft.NET.Sdk/targets/Microsoft.NET.DefaultOutputPaths.targets;/usr/share/dotnet/sdk/2.2.101/Sdks/Microsoft.NET.Sdk/targets/Microsoft.NET.TargetFrameworkInference.targets;/usr/share/dotnet/sdk/2.2.101/Sdks/Microsoft.NET.Sdk/targets/Microsoft.NET.RuntimeIdentifierInference.targets;/usr/share/dotnet/sdk/2.2.101/Sdks/Microsoft.NET.Sdk/targets/Microsoft.NET.NuGetOfflineCache.targets;/usr/share/dotnet/sdk/2.2.101/Sdks/Microsoft.NET.Sdk/targets/Microsoft.NET.Sdk.FSharpTargetsShim.targets;/usr/share/dotnet/sdk/2.2.101/FSharp/Microsoft.FSharp.NetSdk.targets;/usr/share/dotnet/sdk/2.2.101/FSharp/Microsoft.FSharp.Targets;/home/mdegallaix/Projects/yaml-parser/yaml-parser-tests/yaml-parser-tests.fsproj;/usr/share/dotnet/sdk/2.2.101/Microsoft.Common.CurrentVersion.targets;/usr/share/dotnet/sdk/2.2.101/NuGet.targets;/usr/share/dotnet/sdk/2.2.101/15.0/Microsoft.Common.targets/ImportAfter/Microsoft.NET.Build.Extensions.targets;/usr/share/dotnet/sdk/2.2.101/Microsoft/Microsoft.NET.Build.Extensions/Microsoft.NET.Build.Extensions.targets;/usr/share/dotnet/sdk/2.2.101/15.0/Microsoft.Common.targets/ImportAfter/Microsoft.TestPlatform.ImportAfter.targets;/usr/share/dotnet/sdk/2.2.101/Microsoft.TestPlatform.targets;/home/mdegallaix/Projects/yaml-parser/yaml-parser-tests/obj/yaml-parser-tests.fsproj.nuget.g.targets;/home/mdegallaix/Projects/yaml-parser/yaml-parser-tests/obj/yaml-parser-tests.fsproj.proj-info.targets;/usr/share/dotnet/sdk/2.2.101/Sdks/Microsoft.NET.Sdk/targets/Microsoft.NET.Sdk.targets;/usr/share/dotnet/sdk/2.2.101/Sdks/Microsoft.NET.Sdk/targets/Microsoft.NET.Sdk.Common.targets;/usr/share/dotnet/sdk/2.2.101/Sdks/Microsoft.NET.Sdk/targets/Microsoft.PackageDependencyResolution.targets") at /usr/share/dotnet/sdk/2.2.101/Sdks/Microsoft.NET.Sdk/targets/Microsoft.NET.Sdk.DefaultItems.targets (15,5)
       Property reassignment: $(DefaultItemExcludes)=";bin\Debug\/**;obj\Debug\/**;bin\/**" (previous value: ";bin\Debug\/**;obj\Debug\/**") at /usr/share/dotnet/sdk/2.2.101/Sdks/Microsoft.NET.Sdk/targets/Microsoft.NET.Sdk.DefaultItems.targets (30,5)
       Property reassignment: $(DefaultItemExcludes)=";bin\Debug\/**;obj\Debug\/**;bin\/**;obj\/**" (previous value: ";bin\Debug\/**;obj\Debug\/**;bin\/**") at /usr/share/dotnet/sdk/2.2.101/Sdks/Microsoft.NET.Sdk/targets/Microsoft.NET.Sdk.DefaultItems.targets (32,5)
       Property reassignment: $(DefaultItemExcludes)=";bin\Debug\/**;obj\Debug\/**;bin\/**;obj\/**;**/*.user" (previous value: ";bin\Debug\/**;obj\Debug\/**;bin\/**;obj\/**") at /usr/share/dotnet/sdk/2.2.101/Sdks/Microsoft.NET.Sdk/targets/Microsoft.NET.Sdk.DefaultItems.targets (35,5)
       Property reassignment: $(DefaultItemExcludes)=";bin\Debug\/**;obj\Debug\/**;bin\/**;obj\/**;**/*.user;**/*.*proj" (previous value: ";bin\Debug\/**;obj\Debug\/**;bin\/**;obj\/**;**/*.user") at /usr/share/dotnet/sdk/2.2.101/Sdks/Microsoft.NET.Sdk/targets/Microsoft.NET.Sdk.DefaultItems.targets (36,5)
       Property reassignment: $(DefaultItemExcludes)=";bin\Debug\/**;obj\Debug\/**;bin\/**;obj\/**;**/*.user;**/*.*proj;**/*.sln" (previous value: ";bin\Debug\/**;obj\Debug\/**;bin\/**;obj\/**;**/*.user;**/*.*proj") at /usr/share/dotnet/sdk/2.2.101/Sdks/Microsoft.NET.Sdk/targets/Microsoft.NET.Sdk.DefaultItems.targets (37,5)
       Property reassignment: $(DefaultItemExcludes)=";bin\Debug\/**;obj\Debug\/**;bin\/**;obj\/**;**/*.user;**/*.*proj;**/*.sln;**/*.vssscc" (previous value: ";bin\Debug\/**;obj\Debug\/**;bin\/**;obj\/**;**/*.user;**/*.*proj;**/*.sln") at /usr/share/dotnet/sdk/2.2.101/Sdks/Microsoft.NET.Sdk/targets/Microsoft.NET.Sdk.DefaultItems.targets (38,5)
       Property reassignment: $(_DefaultUserProfileRuntimeStorePath)="/home/mdegallaix/.dotnet/store" (previous value: "/home/mdegallaix") at /usr/share/dotnet/sdk/2.2.101/Sdks/Microsoft.NET.Sdk/targets/Microsoft.NET.Sdk.targets (82,5)
       Property reassignment: $(CoreBuildDependsOn)="
             
             BuildOnlySettings;
             PrepareForBuild;
             PreBuildEvent;
             ResolveReferences;
             PrepareResources;
             ResolveKeySource;
             Compile;
             ExportWindowsMDFile;
             UnmanagedUnregistration;
             GenerateSerializationAssemblies;
             CreateSatelliteAssemblies;
             GenerateManifests;
             GetTargetPath;
             PrepareForRun;
             UnmanagedRegistration;
             IncrementalClean;
             PostBuildEvent
           ;
             GenerateBuildDependencyFile;
             GenerateBuildRuntimeConfigurationFiles
           " (previous value: "
             BuildOnlySettings;
             PrepareForBuild;
             PreBuildEvent;
             ResolveReferences;
             PrepareResources;
             ResolveKeySource;
             Compile;
             ExportWindowsMDFile;
             UnmanagedUnregistration;
             GenerateSerializationAssemblies;
             CreateSatelliteAssemblies;
             GenerateManifests;
             GetTargetPath;
             PrepareForRun;
             UnmanagedRegistration;
             IncrementalClean;
             PostBuildEvent
           ") at /usr/share/dotnet/sdk/2.2.101/Sdks/Microsoft.NET.Sdk/targets/Microsoft.NET.Sdk.targets (87,5)
       Property reassignment: $(CoreCleanDependsOn)="
             _SdkBeforeClean;
             
           " (previous value: "") at /usr/share/dotnet/sdk/2.2.101/Sdks/Microsoft.NET.Sdk/targets/Microsoft.NET.Sdk.targets (95,5)
       Property reassignment: $(RebuildDependsOn)="
             _SdkBeforeRebuild;
             
             BeforeRebuild;
             Clean;
             Build;
             AfterRebuild;
           
           " (previous value: "
             BeforeRebuild;
             Clean;
             Build;
             AfterRebuild;
           ") at /usr/share/dotnet/sdk/2.2.101/Sdks/Microsoft.NET.Sdk/targets/Microsoft.NET.Sdk.targets (102,5)
       Property reassignment: $(CreateSatelliteAssembliesDependsOn)="
             
             _GenerateSatelliteAssemblyInputs;
             ComputeIntermediateSatelliteAssemblies;
             GenerateSatelliteAssemblies
           ;
             CoreGenerateSatelliteAssemblies
           " (previous value: "
             _GenerateSatelliteAssemblyInputs;
             ComputeIntermediateSatelliteAssemblies;
             GenerateSatelliteAssemblies
           ") at /usr/share/dotnet/sdk/2.2.101/Sdks/Microsoft.NET.Sdk/targets/Microsoft.NET.Sdk.targets (436,5)
       Property reassignment: $(MSBuildAllProjects)=";/usr/share/dotnet/sdk/2.2.101/Sdks/Microsoft.NET.Sdk/Sdk/Sdk.props;/home/mdegallaix/Projects/yaml-parser/yaml-parser-tests/obj/yaml-parser-tests.fsproj.nuget.g.props;/home/mdegallaix/Projects/yaml-parser/yaml-parser-tests/obj/yaml-parser-tests.fsproj.paket.props;/usr/share/dotnet/sdk/2.2.101/Sdks/Microsoft.NET.Sdk/targets/Microsoft.NET.Sdk.props;/usr/share/dotnet/sdk/2.2.101/Sdks/Microsoft.NET.Sdk/targets/Microsoft.NET.Sdk.DefaultItems.props;/usr/share/dotnet/sdk/2.2.101/Sdks/Microsoft.NET.Sdk/targets/Microsoft.NET.SupportedTargetFrameworks.props;/usr/share/dotnet/sdk/2.2.101/Sdks/Microsoft.NET.Sdk/targets/Microsoft.NET.Sdk.FSharp.props;/usr/share/dotnet/sdk/2.2.101/FSharp/Microsoft.FSharp.NetSdk.props;/home/mdegallaix/Projects/yaml-parser/.paket/Paket.Restore.targets;/usr/share/dotnet/sdk/2.2.101/Sdks/Microsoft.NET.Sdk/Sdk/Sdk.targets;/usr/share/dotnet/sdk/2.2.101/Sdks/Microsoft.NET.Sdk/targets/Microsoft.NET.Sdk.BeforeCommon.targets;/usr/share/dotnet/sdk/2.2.101/Sdks/Microsoft.NET.Sdk/targets/Microsoft.NET.DefaultAssemblyInfo.targets;/usr/share/dotnet/sdk/2.2.101/Sdks/Microsoft.NET.Sdk/targets/Microsoft.NET.DefaultOutputPaths.targets;/usr/share/dotnet/sdk/2.2.101/Sdks/Microsoft.NET.Sdk/targets/Microsoft.NET.TargetFrameworkInference.targets;/usr/share/dotnet/sdk/2.2.101/Sdks/Microsoft.NET.Sdk/targets/Microsoft.NET.RuntimeIdentifierInference.targets;/usr/share/dotnet/sdk/2.2.101/Sdks/Microsoft.NET.Sdk/targets/Microsoft.NET.NuGetOfflineCache.targets;/usr/share/dotnet/sdk/2.2.101/Sdks/Microsoft.NET.Sdk/targets/Microsoft.NET.Sdk.FSharpTargetsShim.targets;/usr/share/dotnet/sdk/2.2.101/FSharp/Microsoft.FSharp.NetSdk.targets;/usr/share/dotnet/sdk/2.2.101/FSharp/Microsoft.FSharp.Targets;/home/mdegallaix/Projects/yaml-parser/yaml-parser-tests/yaml-parser-tests.fsproj;/usr/share/dotnet/sdk/2.2.101/Microsoft.Common.CurrentVersion.targets;/usr/share/dotnet/sdk/2.2.101/NuGet.targets;/usr/share/dotnet/sdk/2.2.101/15.0/Microsoft.Common.targets/ImportAfter/Microsoft.NET.Build.Extensions.targets;/usr/share/dotnet/sdk/2.2.101/Microsoft/Microsoft.NET.Build.Extensions/Microsoft.NET.Build.Extensions.targets;/usr/share/dotnet/sdk/2.2.101/15.0/Microsoft.Common.targets/ImportAfter/Microsoft.TestPlatform.ImportAfter.targets;/usr/share/dotnet/sdk/2.2.101/Microsoft.TestPlatform.targets;/home/mdegallaix/Projects/yaml-parser/yaml-parser-tests/obj/yaml-parser-tests.fsproj.nuget.g.targets;/home/mdegallaix/Projects/yaml-parser/yaml-parser-tests/obj/yaml-parser-tests.fsproj.proj-info.targets;/usr/share/dotnet/sdk/2.2.101/Sdks/Microsoft.NET.Sdk/targets/Microsoft.NET.Sdk.targets;/usr/share/dotnet/sdk/2.2.101/Sdks/Microsoft.NET.Sdk/targets/Microsoft.NET.Sdk.Common.targets;/usr/share/dotnet/sdk/2.2.101/Sdks/Microsoft.NET.Sdk/targets/Microsoft.PackageDependencyResolution.targets;/usr/share/dotnet/sdk/2.2.101/Sdks/Microsoft.NET.Sdk/targets/Microsoft.NET.Sdk.DefaultItems.targets;/usr/share/dotnet/sdk/2.2.101/Sdks/Microsoft.NET.Sdk/targets/Microsoft.NET.DisableStandardFrameworkResolution.targets" (previous value: ";/usr/share/dotnet/sdk/2.2.101/Sdks/Microsoft.NET.Sdk/Sdk/Sdk.props;/home/mdegallaix/Projects/yaml-parser/yaml-parser-tests/obj/yaml-parser-tests.fsproj.nuget.g.props;/home/mdegallaix/Projects/yaml-parser/yaml-parser-tests/obj/yaml-parser-tests.fsproj.paket.props;/usr/share/dotnet/sdk/2.2.101/Sdks/Microsoft.NET.Sdk/targets/Microsoft.NET.Sdk.props;/usr/share/dotnet/sdk/2.2.101/Sdks/Microsoft.NET.Sdk/targets/Microsoft.NET.Sdk.DefaultItems.props;/usr/share/dotnet/sdk/2.2.101/Sdks/Microsoft.NET.Sdk/targets/Microsoft.NET.SupportedTargetFrameworks.props;/usr/share/dotnet/sdk/2.2.101/Sdks/Microsoft.NET.Sdk/targets/Microsoft.NET.Sdk.FSharp.props;/usr/share/dotnet/sdk/2.2.101/FSharp/Microsoft.FSharp.NetSdk.props;/home/mdegallaix/Projects/yaml-parser/.paket/Paket.Restore.targets;/usr/share/dotnet/sdk/2.2.101/Sdks/Microsoft.NET.Sdk/Sdk/Sdk.targets;/usr/share/dotnet/sdk/2.2.101/Sdks/Microsoft.NET.Sdk/targets/Microsoft.NET.Sdk.BeforeCommon.targets;/usr/share/dotnet/sdk/2.2.101/Sdks/Microsoft.NET.Sdk/targets/Microsoft.NET.DefaultAssemblyInfo.targets;/usr/share/dotnet/sdk/2.2.101/Sdks/Microsoft.NET.Sdk/targets/Microsoft.NET.DefaultOutputPaths.targets;/usr/share/dotnet/sdk/2.2.101/Sdks/Microsoft.NET.Sdk/targets/Microsoft.NET.TargetFrameworkInference.targets;/usr/share/dotnet/sdk/2.2.101/Sdks/Microsoft.NET.Sdk/targets/Microsoft.NET.RuntimeIdentifierInference.targets;/usr/share/dotnet/sdk/2.2.101/Sdks/Microsoft.NET.Sdk/targets/Microsoft.NET.NuGetOfflineCache.targets;/usr/share/dotnet/sdk/2.2.101/Sdks/Microsoft.NET.Sdk/targets/Microsoft.NET.Sdk.FSharpTargetsShim.targets;/usr/share/dotnet/sdk/2.2.101/FSharp/Microsoft.FSharp.NetSdk.targets;/usr/share/dotnet/sdk/2.2.101/FSharp/Microsoft.FSharp.Targets;/home/mdegallaix/Projects/yaml-parser/yaml-parser-tests/yaml-parser-tests.fsproj;/usr/share/dotnet/sdk/2.2.101/Microsoft.Common.CurrentVersion.targets;/usr/share/dotnet/sdk/2.2.101/NuGet.targets;/usr/share/dotnet/sdk/2.2.101/15.0/Microsoft.Common.targets/ImportAfter/Microsoft.NET.Build.Extensions.targets;/usr/share/dotnet/sdk/2.2.101/Microsoft/Microsoft.NET.Build.Extensions/Microsoft.NET.Build.Extensions.targets;/usr/share/dotnet/sdk/2.2.101/15.0/Microsoft.Common.targets/ImportAfter/Microsoft.TestPlatform.ImportAfter.targets;/usr/share/dotnet/sdk/2.2.101/Microsoft.TestPlatform.targets;/home/mdegallaix/Projects/yaml-parser/yaml-parser-tests/obj/yaml-parser-tests.fsproj.nuget.g.targets;/home/mdegallaix/Projects/yaml-parser/yaml-parser-tests/obj/yaml-parser-tests.fsproj.proj-info.targets;/usr/share/dotnet/sdk/2.2.101/Sdks/Microsoft.NET.Sdk/targets/Microsoft.NET.Sdk.targets;/usr/share/dotnet/sdk/2.2.101/Sdks/Microsoft.NET.Sdk/targets/Microsoft.NET.Sdk.Common.targets;/usr/share/dotnet/sdk/2.2.101/Sdks/Microsoft.NET.Sdk/targets/Microsoft.PackageDependencyResolution.targets;/usr/share/dotnet/sdk/2.2.101/Sdks/Microsoft.NET.Sdk/targets/Microsoft.NET.Sdk.DefaultItems.targets") at /usr/share/dotnet/sdk/2.2.101/Sdks/Microsoft.NET.Sdk/targets/Microsoft.NET.DisableStandardFrameworkResolution.targets (18,5)
       Property reassignment: $(MSBuildAllProjects)=";/usr/share/dotnet/sdk/2.2.101/Sdks/Microsoft.NET.Sdk/Sdk/Sdk.props;/home/mdegallaix/Projects/yaml-parser/yaml-parser-tests/obj/yaml-parser-tests.fsproj.nuget.g.props;/home/mdegallaix/Projects/yaml-parser/yaml-parser-tests/obj/yaml-parser-tests.fsproj.paket.props;/usr/share/dotnet/sdk/2.2.101/Sdks/Microsoft.NET.Sdk/targets/Microsoft.NET.Sdk.props;/usr/share/dotnet/sdk/2.2.101/Sdks/Microsoft.NET.Sdk/targets/Microsoft.NET.Sdk.DefaultItems.props;/usr/share/dotnet/sdk/2.2.101/Sdks/Microsoft.NET.Sdk/targets/Microsoft.NET.SupportedTargetFrameworks.props;/usr/share/dotnet/sdk/2.2.101/Sdks/Microsoft.NET.Sdk/targets/Microsoft.NET.Sdk.FSharp.props;/usr/share/dotnet/sdk/2.2.101/FSharp/Microsoft.FSharp.NetSdk.props;/home/mdegallaix/Projects/yaml-parser/.paket/Paket.Restore.targets;/usr/share/dotnet/sdk/2.2.101/Sdks/Microsoft.NET.Sdk/Sdk/Sdk.targets;/usr/share/dotnet/sdk/2.2.101/Sdks/Microsoft.NET.Sdk/targets/Microsoft.NET.Sdk.BeforeCommon.targets;/usr/share/dotnet/sdk/2.2.101/Sdks/Microsoft.NET.Sdk/targets/Microsoft.NET.DefaultAssemblyInfo.targets;/usr/share/dotnet/sdk/2.2.101/Sdks/Microsoft.NET.Sdk/targets/Microsoft.NET.DefaultOutputPaths.targets;/usr/share/dotnet/sdk/2.2.101/Sdks/Microsoft.NET.Sdk/targets/Microsoft.NET.TargetFrameworkInference.targets;/usr/share/dotnet/sdk/2.2.101/Sdks/Microsoft.NET.Sdk/targets/Microsoft.NET.RuntimeIdentifierInference.targets;/usr/share/dotnet/sdk/2.2.101/Sdks/Microsoft.NET.Sdk/targets/Microsoft.NET.NuGetOfflineCache.targets;/usr/share/dotnet/sdk/2.2.101/Sdks/Microsoft.NET.Sdk/targets/Microsoft.NET.Sdk.FSharpTargetsShim.targets;/usr/share/dotnet/sdk/2.2.101/FSharp/Microsoft.FSharp.NetSdk.targets;/usr/share/dotnet/sdk/2.2.101/FSharp/Microsoft.FSharp.Targets;/home/mdegallaix/Projects/yaml-parser/yaml-parser-tests/yaml-parser-tests.fsproj;/usr/share/dotnet/sdk/2.2.101/Microsoft.Common.CurrentVersion.targets;/usr/share/dotnet/sdk/2.2.101/NuGet.targets;/usr/share/dotnet/sdk/2.2.101/15.0/Microsoft.Common.targets/ImportAfter/Microsoft.NET.Build.Extensions.targets;/usr/share/dotnet/sdk/2.2.101/Microsoft/Microsoft.NET.Build.Extensions/Microsoft.NET.Build.Extensions.targets;/usr/share/dotnet/sdk/2.2.101/15.0/Microsoft.Common.targets/ImportAfter/Microsoft.TestPlatform.ImportAfter.targets;/usr/share/dotnet/sdk/2.2.101/Microsoft.TestPlatform.targets;/home/mdegallaix/Projects/yaml-parser/yaml-parser-tests/obj/yaml-parser-tests.fsproj.nuget.g.targets;/home/mdegallaix/Projects/yaml-parser/yaml-parser-tests/obj/yaml-parser-tests.fsproj.proj-info.targets;/usr/share/dotnet/sdk/2.2.101/Sdks/Microsoft.NET.Sdk/targets/Microsoft.NET.Sdk.targets;/usr/share/dotnet/sdk/2.2.101/Sdks/Microsoft.NET.Sdk/targets/Microsoft.NET.Sdk.Common.targets;/usr/share/dotnet/sdk/2.2.101/Sdks/Microsoft.NET.Sdk/targets/Microsoft.PackageDependencyResolution.targets;/usr/share/dotnet/sdk/2.2.101/Sdks/Microsoft.NET.Sdk/targets/Microsoft.NET.Sdk.DefaultItems.targets;/usr/share/dotnet/sdk/2.2.101/Sdks/Microsoft.NET.Sdk/targets/Microsoft.NET.DisableStandardFrameworkResolution.targets;/usr/share/dotnet/sdk/2.2.101/Sdks/Microsoft.NET.Sdk/targets/Microsoft.NET.GenerateAssemblyInfo.targets" (previous value: ";/usr/share/dotnet/sdk/2.2.101/Sdks/Microsoft.NET.Sdk/Sdk/Sdk.props;/home/mdegallaix/Projects/yaml-parser/yaml-parser-tests/obj/yaml-parser-tests.fsproj.nuget.g.props;/home/mdegallaix/Projects/yaml-parser/yaml-parser-tests/obj/yaml-parser-tests.fsproj.paket.props;/usr/share/dotnet/sdk/2.2.101/Sdks/Microsoft.NET.Sdk/targets/Microsoft.NET.Sdk.props;/usr/share/dotnet/sdk/2.2.101/Sdks/Microsoft.NET.Sdk/targets/Microsoft.NET.Sdk.DefaultItems.props;/usr/share/dotnet/sdk/2.2.101/Sdks/Microsoft.NET.Sdk/targets/Microsoft.NET.SupportedTargetFrameworks.props;/usr/share/dotnet/sdk/2.2.101/Sdks/Microsoft.NET.Sdk/targets/Microsoft.NET.Sdk.FSharp.props;/usr/share/dotnet/sdk/2.2.101/FSharp/Microsoft.FSharp.NetSdk.props;/home/mdegallaix/Projects/yaml-parser/.paket/Paket.Restore.targets;/usr/share/dotnet/sdk/2.2.101/Sdks/Microsoft.NET.Sdk/Sdk/Sdk.targets;/usr/share/dotnet/sdk/2.2.101/Sdks/Microsoft.NET.Sdk/targets/Microsoft.NET.Sdk.BeforeCommon.targets;/usr/share/dotnet/sdk/2.2.101/Sdks/Microsoft.NET.Sdk/targets/Microsoft.NET.DefaultAssemblyInfo.targets;/usr/share/dotnet/sdk/2.2.101/Sdks/Microsoft.NET.Sdk/targets/Microsoft.NET.DefaultOutputPaths.targets;/usr/share/dotnet/sdk/2.2.101/Sdks/Microsoft.NET.Sdk/targets/Microsoft.NET.TargetFrameworkInference.targets;/usr/share/dotnet/sdk/2.2.101/Sdks/Microsoft.NET.Sdk/targets/Microsoft.NET.RuntimeIdentifierInference.targets;/usr/share/dotnet/sdk/2.2.101/Sdks/Microsoft.NET.Sdk/targets/Microsoft.NET.NuGetOfflineCache.targets;/usr/share/dotnet/sdk/2.2.101/Sdks/Microsoft.NET.Sdk/targets/Microsoft.NET.Sdk.FSharpTargetsShim.targets;/usr/share/dotnet/sdk/2.2.101/FSharp/Microsoft.FSharp.NetSdk.targets;/usr/share/dotnet/sdk/2.2.101/FSharp/Microsoft.FSharp.Targets;/home/mdegallaix/Projects/yaml-parser/yaml-parser-tests/yaml-parser-tests.fsproj;/usr/share/dotnet/sdk/2.2.101/Microsoft.Common.CurrentVersion.targets;/usr/share/dotnet/sdk/2.2.101/NuGet.targets;/usr/share/dotnet/sdk/2.2.101/15.0/Microsoft.Common.targets/ImportAfter/Microsoft.NET.Build.Extensions.targets;/usr/share/dotnet/sdk/2.2.101/Microsoft/Microsoft.NET.Build.Extensions/Microsoft.NET.Build.Extensions.targets;/usr/share/dotnet/sdk/2.2.101/15.0/Microsoft.Common.targets/ImportAfter/Microsoft.TestPlatform.ImportAfter.targets;/usr/share/dotnet/sdk/2.2.101/Microsoft.TestPlatform.targets;/home/mdegallaix/Projects/yaml-parser/yaml-parser-tests/obj/yaml-parser-tests.fsproj.nuget.g.targets;/home/mdegallaix/Projects/yaml-parser/yaml-parser-tests/obj/yaml-parser-tests.fsproj.proj-info.targets;/usr/share/dotnet/sdk/2.2.101/Sdks/Microsoft.NET.Sdk/targets/Microsoft.NET.Sdk.targets;/usr/share/dotnet/sdk/2.2.101/Sdks/Microsoft.NET.Sdk/targets/Microsoft.NET.Sdk.Common.targets;/usr/share/dotnet/sdk/2.2.101/Sdks/Microsoft.NET.Sdk/targets/Microsoft.PackageDependencyResolution.targets;/usr/share/dotnet/sdk/2.2.101/Sdks/Microsoft.NET.Sdk/targets/Microsoft.NET.Sdk.DefaultItems.targets;/usr/share/dotnet/sdk/2.2.101/Sdks/Microsoft.NET.Sdk/targets/Microsoft.NET.DisableStandardFrameworkResolution.targets") at /usr/share/dotnet/sdk/2.2.101/Sdks/Microsoft.NET.Sdk/targets/Microsoft.NET.GenerateAssemblyInfo.targets (21,5)
       Property reassignment: $(MSBuildAllProjects)=";/usr/share/dotnet/sdk/2.2.101/Sdks/Microsoft.NET.Sdk/Sdk/Sdk.props;/home/mdegallaix/Projects/yaml-parser/yaml-parser-tests/obj/yaml-parser-tests.fsproj.nuget.g.props;/home/mdegallaix/Projects/yaml-parser/yaml-parser-tests/obj/yaml-parser-tests.fsproj.paket.props;/usr/share/dotnet/sdk/2.2.101/Sdks/Microsoft.NET.Sdk/targets/Microsoft.NET.Sdk.props;/usr/share/dotnet/sdk/2.2.101/Sdks/Microsoft.NET.Sdk/targets/Microsoft.NET.Sdk.DefaultItems.props;/usr/share/dotnet/sdk/2.2.101/Sdks/Microsoft.NET.Sdk/targets/Microsoft.NET.SupportedTargetFrameworks.props;/usr/share/dotnet/sdk/2.2.101/Sdks/Microsoft.NET.Sdk/targets/Microsoft.NET.Sdk.FSharp.props;/usr/share/dotnet/sdk/2.2.101/FSharp/Microsoft.FSharp.NetSdk.props;/home/mdegallaix/Projects/yaml-parser/.paket/Paket.Restore.targets;/usr/share/dotnet/sdk/2.2.101/Sdks/Microsoft.NET.Sdk/Sdk/Sdk.targets;/usr/share/dotnet/sdk/2.2.101/Sdks/Microsoft.NET.Sdk/targets/Microsoft.NET.Sdk.BeforeCommon.targets;/usr/share/dotnet/sdk/2.2.101/Sdks/Microsoft.NET.Sdk/targets/Microsoft.NET.DefaultAssemblyInfo.targets;/usr/share/dotnet/sdk/2.2.101/Sdks/Microsoft.NET.Sdk/targets/Microsoft.NET.DefaultOutputPaths.targets;/usr/share/dotnet/sdk/2.2.101/Sdks/Microsoft.NET.Sdk/targets/Microsoft.NET.TargetFrameworkInference.targets;/usr/share/dotnet/sdk/2.2.101/Sdks/Microsoft.NET.Sdk/targets/Microsoft.NET.RuntimeIdentifierInference.targets;/usr/share/dotnet/sdk/2.2.101/Sdks/Microsoft.NET.Sdk/targets/Microsoft.NET.NuGetOfflineCache.targets;/usr/share/dotnet/sdk/2.2.101/Sdks/Microsoft.NET.Sdk/targets/Microsoft.NET.Sdk.FSharpTargetsShim.targets;/usr/share/dotnet/sdk/2.2.101/FSharp/Microsoft.FSharp.NetSdk.targets;/usr/share/dotnet/sdk/2.2.101/FSharp/Microsoft.FSharp.Targets;/home/mdegallaix/Projects/yaml-parser/yaml-parser-tests/yaml-parser-tests.fsproj;/usr/share/dotnet/sdk/2.2.101/Microsoft.Common.CurrentVersion.targets;/usr/share/dotnet/sdk/2.2.101/NuGet.targets;/usr/share/dotnet/sdk/2.2.101/15.0/Microsoft.Common.targets/ImportAfter/Microsoft.NET.Build.Extensions.targets;/usr/share/dotnet/sdk/2.2.101/Microsoft/Microsoft.NET.Build.Extensions/Microsoft.NET.Build.Extensions.targets;/usr/share/dotnet/sdk/2.2.101/15.0/Microsoft.Common.targets/ImportAfter/Microsoft.TestPlatform.ImportAfter.targets;/usr/share/dotnet/sdk/2.2.101/Microsoft.TestPlatform.targets;/home/mdegallaix/Projects/yaml-parser/yaml-parser-tests/obj/yaml-parser-tests.fsproj.nuget.g.targets;/home/mdegallaix/Projects/yaml-parser/yaml-parser-tests/obj/yaml-parser-tests.fsproj.proj-info.targets;/usr/share/dotnet/sdk/2.2.101/Sdks/Microsoft.NET.Sdk/targets/Microsoft.NET.Sdk.targets;/usr/share/dotnet/sdk/2.2.101/Sdks/Microsoft.NET.Sdk/targets/Microsoft.NET.Sdk.Common.targets;/usr/share/dotnet/sdk/2.2.101/Sdks/Microsoft.NET.Sdk/targets/Microsoft.PackageDependencyResolution.targets;/usr/share/dotnet/sdk/2.2.101/Sdks/Microsoft.NET.Sdk/targets/Microsoft.NET.Sdk.DefaultItems.targets;/usr/share/dotnet/sdk/2.2.101/Sdks/Microsoft.NET.Sdk/targets/Microsoft.NET.DisableStandardFrameworkResolution.targets;/usr/share/dotnet/sdk/2.2.101/Sdks/Microsoft.NET.Sdk/targets/Microsoft.NET.GenerateAssemblyInfo.targets;/usr/share/dotnet/sdk/2.2.101/Sdks/Microsoft.NET.Sdk/targets/Microsoft.NET.ComposeStore.targets" (previous value: ";/usr/share/dotnet/sdk/2.2.101/Sdks/Microsoft.NET.Sdk/Sdk/Sdk.props;/home/mdegallaix/Projects/yaml-parser/yaml-parser-tests/obj/yaml-parser-tests.fsproj.nuget.g.props;/home/mdegallaix/Projects/yaml-parser/yaml-parser-tests/obj/yaml-parser-tests.fsproj.paket.props;/usr/share/dotnet/sdk/2.2.101/Sdks/Microsoft.NET.Sdk/targets/Microsoft.NET.Sdk.props;/usr/share/dotnet/sdk/2.2.101/Sdks/Microsoft.NET.Sdk/targets/Microsoft.NET.Sdk.DefaultItems.props;/usr/share/dotnet/sdk/2.2.101/Sdks/Microsoft.NET.Sdk/targets/Microsoft.NET.SupportedTargetFrameworks.props;/usr/share/dotnet/sdk/2.2.101/Sdks/Microsoft.NET.Sdk/targets/Microsoft.NET.Sdk.FSharp.props;/usr/share/dotnet/sdk/2.2.101/FSharp/Microsoft.FSharp.NetSdk.props;/home/mdegallaix/Projects/yaml-parser/.paket/Paket.Restore.targets;/usr/share/dotnet/sdk/2.2.101/Sdks/Microsoft.NET.Sdk/Sdk/Sdk.targets;/usr/share/dotnet/sdk/2.2.101/Sdks/Microsoft.NET.Sdk/targets/Microsoft.NET.Sdk.BeforeCommon.targets;/usr/share/dotnet/sdk/2.2.101/Sdks/Microsoft.NET.Sdk/targets/Microsoft.NET.DefaultAssemblyInfo.targets;/usr/share/dotnet/sdk/2.2.101/Sdks/Microsoft.NET.Sdk/targets/Microsoft.NET.DefaultOutputPaths.targets;/usr/share/dotnet/sdk/2.2.101/Sdks/Microsoft.NET.Sdk/targets/Microsoft.NET.TargetFrameworkInference.targets;/usr/share/dotnet/sdk/2.2.101/Sdks/Microsoft.NET.Sdk/targets/Microsoft.NET.RuntimeIdentifierInference.targets;/usr/share/dotnet/sdk/2.2.101/Sdks/Microsoft.NET.Sdk/targets/Microsoft.NET.NuGetOfflineCache.targets;/usr/share/dotnet/sdk/2.2.101/Sdks/Microsoft.NET.Sdk/targets/Microsoft.NET.Sdk.FSharpTargetsShim.targets;/usr/share/dotnet/sdk/2.2.101/FSharp/Microsoft.FSharp.NetSdk.targets;/usr/share/dotnet/sdk/2.2.101/FSharp/Microsoft.FSharp.Targets;/home/mdegallaix/Projects/yaml-parser/yaml-parser-tests/yaml-parser-tests.fsproj;/usr/share/dotnet/sdk/2.2.101/Microsoft.Common.CurrentVersion.targets;/usr/share/dotnet/sdk/2.2.101/NuGet.targets;/usr/share/dotnet/sdk/2.2.101/15.0/Microsoft.Common.targets/ImportAfter/Microsoft.NET.Build.Extensions.targets;/usr/share/dotnet/sdk/2.2.101/Microsoft/Microsoft.NET.Build.Extensions/Microsoft.NET.Build.Extensions.targets;/usr/share/dotnet/sdk/2.2.101/15.0/Microsoft.Common.targets/ImportAfter/Microsoft.TestPlatform.ImportAfter.targets;/usr/share/dotnet/sdk/2.2.101/Microsoft.TestPlatform.targets;/home/mdegallaix/Projects/yaml-parser/yaml-parser-tests/obj/yaml-parser-tests.fsproj.nuget.g.targets;/home/mdegallaix/Projects/yaml-parser/yaml-parser-tests/obj/yaml-parser-tests.fsproj.proj-info.targets;/usr/share/dotnet/sdk/2.2.101/Sdks/Microsoft.NET.Sdk/targets/Microsoft.NET.Sdk.targets;/usr/share/dotnet/sdk/2.2.101/Sdks/Microsoft.NET.Sdk/targets/Microsoft.NET.Sdk.Common.targets;/usr/share/dotnet/sdk/2.2.101/Sdks/Microsoft.NET.Sdk/targets/Microsoft.PackageDependencyResolution.targets;/usr/share/dotnet/sdk/2.2.101/Sdks/Microsoft.NET.Sdk/targets/Microsoft.NET.Sdk.DefaultItems.targets;/usr/share/dotnet/sdk/2.2.101/Sdks/Microsoft.NET.Sdk/targets/Microsoft.NET.DisableStandardFrameworkResolution.targets;/usr/share/dotnet/sdk/2.2.101/Sdks/Microsoft.NET.Sdk/targets/Microsoft.NET.GenerateAssemblyInfo.targets") at /usr/share/dotnet/sdk/2.2.101/Sdks/Microsoft.NET.Sdk/targets/Microsoft.NET.ComposeStore.targets (22,5)
       Property reassignment: $(MSBuildAllProjects)=";/usr/share/dotnet/sdk/2.2.101/Sdks/Microsoft.NET.Sdk/Sdk/Sdk.props;/home/mdegallaix/Projects/yaml-parser/yaml-parser-tests/obj/yaml-parser-tests.fsproj.nuget.g.props;/home/mdegallaix/Projects/yaml-parser/yaml-parser-tests/obj/yaml-parser-tests.fsproj.paket.props;/usr/share/dotnet/sdk/2.2.101/Sdks/Microsoft.NET.Sdk/targets/Microsoft.NET.Sdk.props;/usr/share/dotnet/sdk/2.2.101/Sdks/Microsoft.NET.Sdk/targets/Microsoft.NET.Sdk.DefaultItems.props;/usr/share/dotnet/sdk/2.2.101/Sdks/Microsoft.NET.Sdk/targets/Microsoft.NET.SupportedTargetFrameworks.props;/usr/share/dotnet/sdk/2.2.101/Sdks/Microsoft.NET.Sdk/targets/Microsoft.NET.Sdk.FSharp.props;/usr/share/dotnet/sdk/2.2.101/FSharp/Microsoft.FSharp.NetSdk.props;/home/mdegallaix/Projects/yaml-parser/.paket/Paket.Restore.targets;/usr/share/dotnet/sdk/2.2.101/Sdks/Microsoft.NET.Sdk/Sdk/Sdk.targets;/usr/share/dotnet/sdk/2.2.101/Sdks/Microsoft.NET.Sdk/targets/Microsoft.NET.Sdk.BeforeCommon.targets;/usr/share/dotnet/sdk/2.2.101/Sdks/Microsoft.NET.Sdk/targets/Microsoft.NET.DefaultAssemblyInfo.targets;/usr/share/dotnet/sdk/2.2.101/Sdks/Microsoft.NET.Sdk/targets/Microsoft.NET.DefaultOutputPaths.targets;/usr/share/dotnet/sdk/2.2.101/Sdks/Microsoft.NET.Sdk/targets/Microsoft.NET.TargetFrameworkInference.targets;/usr/share/dotnet/sdk/2.2.101/Sdks/Microsoft.NET.Sdk/targets/Microsoft.NET.RuntimeIdentifierInference.targets;/usr/share/dotnet/sdk/2.2.101/Sdks/Microsoft.NET.Sdk/targets/Microsoft.NET.NuGetOfflineCache.targets;/usr/share/dotnet/sdk/2.2.101/Sdks/Microsoft.NET.Sdk/targets/Microsoft.NET.Sdk.FSharpTargetsShim.targets;/usr/share/dotnet/sdk/2.2.101/FSharp/Microsoft.FSharp.NetSdk.targets;/usr/share/dotnet/sdk/2.2.101/FSharp/Microsoft.FSharp.Targets;/home/mdegallaix/Projects/yaml-parser/yaml-parser-tests/yaml-parser-tests.fsproj;/usr/share/dotnet/sdk/2.2.101/Microsoft.Common.CurrentVersion.targets;/usr/share/dotnet/sdk/2.2.101/NuGet.targets;/usr/share/dotnet/sdk/2.2.101/15.0/Microsoft.Common.targets/ImportAfter/Microsoft.NET.Build.Extensions.targets;/usr/share/dotnet/sdk/2.2.101/Microsoft/Microsoft.NET.Build.Extensions/Microsoft.NET.Build.Extensions.targets;/usr/share/dotnet/sdk/2.2.101/15.0/Microsoft.Common.targets/ImportAfter/Microsoft.TestPlatform.ImportAfter.targets;/usr/share/dotnet/sdk/2.2.101/Microsoft.TestPlatform.targets;/home/mdegallaix/Projects/yaml-parser/yaml-parser-tests/obj/yaml-parser-tests.fsproj.nuget.g.targets;/home/mdegallaix/Projects/yaml-parser/yaml-parser-tests/obj/yaml-parser-tests.fsproj.proj-info.targets;/usr/share/dotnet/sdk/2.2.101/Sdks/Microsoft.NET.Sdk/targets/Microsoft.NET.Sdk.targets;/usr/share/dotnet/sdk/2.2.101/Sdks/Microsoft.NET.Sdk/targets/Microsoft.NET.Sdk.Common.targets;/usr/share/dotnet/sdk/2.2.101/Sdks/Microsoft.NET.Sdk/targets/Microsoft.PackageDependencyResolution.targets;/usr/share/dotnet/sdk/2.2.101/Sdks/Microsoft.NET.Sdk/targets/Microsoft.NET.Sdk.DefaultItems.targets;/usr/share/dotnet/sdk/2.2.101/Sdks/Microsoft.NET.Sdk/targets/Microsoft.NET.DisableStandardFrameworkResolution.targets;/usr/share/dotnet/sdk/2.2.101/Sdks/Microsoft.NET.Sdk/targets/Microsoft.NET.GenerateAssemblyInfo.targets;/usr/share/dotnet/sdk/2.2.101/Sdks/Microsoft.NET.Sdk/targets/Microsoft.NET.ComposeStore.targets;/usr/share/dotnet/sdk/2.2.101/Sdks/Microsoft.NET.Sdk/targets/Microsoft.NET.CrossGen.targets" (previous value: ";/usr/share/dotnet/sdk/2.2.101/Sdks/Microsoft.NET.Sdk/Sdk/Sdk.props;/home/mdegallaix/Projects/yaml-parser/yaml-parser-tests/obj/yaml-parser-tests.fsproj.nuget.g.props;/home/mdegallaix/Projects/yaml-parser/yaml-parser-tests/obj/yaml-parser-tests.fsproj.paket.props;/usr/share/dotnet/sdk/2.2.101/Sdks/Microsoft.NET.Sdk/targets/Microsoft.NET.Sdk.props;/usr/share/dotnet/sdk/2.2.101/Sdks/Microsoft.NET.Sdk/targets/Microsoft.NET.Sdk.DefaultItems.props;/usr/share/dotnet/sdk/2.2.101/Sdks/Microsoft.NET.Sdk/targets/Microsoft.NET.SupportedTargetFrameworks.props;/usr/share/dotnet/sdk/2.2.101/Sdks/Microsoft.NET.Sdk/targets/Microsoft.NET.Sdk.FSharp.props;/usr/share/dotnet/sdk/2.2.101/FSharp/Microsoft.FSharp.NetSdk.props;/home/mdegallaix/Projects/yaml-parser/.paket/Paket.Restore.targets;/usr/share/dotnet/sdk/2.2.101/Sdks/Microsoft.NET.Sdk/Sdk/Sdk.targets;/usr/share/dotnet/sdk/2.2.101/Sdks/Microsoft.NET.Sdk/targets/Microsoft.NET.Sdk.BeforeCommon.targets;/usr/share/dotnet/sdk/2.2.101/Sdks/Microsoft.NET.Sdk/targets/Microsoft.NET.DefaultAssemblyInfo.targets;/usr/share/dotnet/sdk/2.2.101/Sdks/Microsoft.NET.Sdk/targets/Microsoft.NET.DefaultOutputPaths.targets;/usr/share/dotnet/sdk/2.2.101/Sdks/Microsoft.NET.Sdk/targets/Microsoft.NET.TargetFrameworkInference.targets;/usr/share/dotnet/sdk/2.2.101/Sdks/Microsoft.NET.Sdk/targets/Microsoft.NET.RuntimeIdentifierInference.targets;/usr/share/dotnet/sdk/2.2.101/Sdks/Microsoft.NET.Sdk/targets/Microsoft.NET.NuGetOfflineCache.targets;/usr/share/dotnet/sdk/2.2.101/Sdks/Microsoft.NET.Sdk/targets/Microsoft.NET.Sdk.FSharpTargetsShim.targets;/usr/share/dotnet/sdk/2.2.101/FSharp/Microsoft.FSharp.NetSdk.targets;/usr/share/dotnet/sdk/2.2.101/FSharp/Microsoft.FSharp.Targets;/home/mdegallaix/Projects/yaml-parser/yaml-parser-tests/yaml-parser-tests.fsproj;/usr/share/dotnet/sdk/2.2.101/Microsoft.Common.CurrentVersion.targets;/usr/share/dotnet/sdk/2.2.101/NuGet.targets;/usr/share/dotnet/sdk/2.2.101/15.0/Microsoft.Common.targets/ImportAfter/Microsoft.NET.Build.Extensions.targets;/usr/share/dotnet/sdk/2.2.101/Microsoft/Microsoft.NET.Build.Extensions/Microsoft.NET.Build.Extensions.targets;/usr/share/dotnet/sdk/2.2.101/15.0/Microsoft.Common.targets/ImportAfter/Microsoft.TestPlatform.ImportAfter.targets;/usr/share/dotnet/sdk/2.2.101/Microsoft.TestPlatform.targets;/home/mdegallaix/Projects/yaml-parser/yaml-parser-tests/obj/yaml-parser-tests.fsproj.nuget.g.targets;/home/mdegallaix/Projects/yaml-parser/yaml-parser-tests/obj/yaml-parser-tests.fsproj.proj-info.targets;/usr/share/dotnet/sdk/2.2.101/Sdks/Microsoft.NET.Sdk/targets/Microsoft.NET.Sdk.targets;/usr/share/dotnet/sdk/2.2.101/Sdks/Microsoft.NET.Sdk/targets/Microsoft.NET.Sdk.Common.targets;/usr/share/dotnet/sdk/2.2.101/Sdks/Microsoft.NET.Sdk/targets/Microsoft.PackageDependencyResolution.targets;/usr/share/dotnet/sdk/2.2.101/Sdks/Microsoft.NET.Sdk/targets/Microsoft.NET.Sdk.DefaultItems.targets;/usr/share/dotnet/sdk/2.2.101/Sdks/Microsoft.NET.Sdk/targets/Microsoft.NET.DisableStandardFrameworkResolution.targets;/usr/share/dotnet/sdk/2.2.101/Sdks/Microsoft.NET.Sdk/targets/Microsoft.NET.GenerateAssemblyInfo.targets;/usr/share/dotnet/sdk/2.2.101/Sdks/Microsoft.NET.Sdk/targets/Microsoft.NET.ComposeStore.targets") at /usr/share/dotnet/sdk/2.2.101/Sdks/Microsoft.NET.Sdk/targets/Microsoft.NET.CrossGen.targets (15,5)
       Property reassignment: $(MSBuildAllProjects)=";/usr/share/dotnet/sdk/2.2.101/Sdks/Microsoft.NET.Sdk/Sdk/Sdk.props;/home/mdegallaix/Projects/yaml-parser/yaml-parser/obj/yaml-parser.fsproj.nuget.g.props;/home/mdegallaix/Projects/yaml-parser/yaml-parser/obj/yaml-parser.fsproj.paket.props;/usr/share/dotnet/sdk/2.2.101/Sdks/Microsoft.NET.Sdk/targets/Microsoft.NET.Sdk.props;/usr/share/dotnet/sdk/2.2.101/Sdks/Microsoft.NET.Sdk/targets/Microsoft.NET.Sdk.DefaultItems.props;/usr/share/dotnet/sdk/2.2.101/Sdks/Microsoft.NET.Sdk/targets/Microsoft.NET.SupportedTargetFrameworks.props;/usr/share/dotnet/sdk/2.2.101/Sdks/Microsoft.NET.Sdk/targets/Microsoft.NET.Sdk.FSharp.props;/usr/share/dotnet/sdk/2.2.101/FSharp/Microsoft.FSharp.NetSdk.props;/home/mdegallaix/Projects/yaml-parser/.paket/Paket.Restore.targets" (previous value: ";/usr/share/dotnet/sdk/2.2.101/Sdks/Microsoft.NET.Sdk/Sdk/Sdk.props;/home/mdegallaix/Projects/yaml-parser/yaml-parser/obj/yaml-parser.fsproj.nuget.g.props;/home/mdegallaix/Projects/yaml-parser/yaml-parser/obj/yaml-parser.fsproj.paket.props;/usr/share/dotnet/sdk/2.2.101/Sdks/Microsoft.NET.Sdk/targets/Microsoft.NET.Sdk.props;/usr/share/dotnet/sdk/2.2.101/Sdks/Microsoft.NET.Sdk/targets/Microsoft.NET.Sdk.DefaultItems.props;/usr/share/dotnet/sdk/2.2.101/Sdks/Microsoft.NET.Sdk/targets/Microsoft.NET.SupportedTargetFrameworks.props;/usr/share/dotnet/sdk/2.2.101/Sdks/Microsoft.NET.Sdk/targets/Microsoft.NET.Sdk.FSharp.props;/usr/share/dotnet/sdk/2.2.101/FSharp/Microsoft.FSharp.NetSdk.props") at /home/mdegallaix/Projects/yaml-parser/.paket/Paket.Restore.targets (7,5)
       Property reassignment: $(MSBuildAllProjects)=";/usr/share/dotnet/sdk/2.2.101/Sdks/Microsoft.NET.Sdk/Sdk/Sdk.props;/home/mdegallaix/Projects/yaml-parser/yaml-parser/obj/yaml-parser.fsproj.nuget.g.props;/home/mdegallaix/Projects/yaml-parser/yaml-parser/obj/yaml-parser.fsproj.paket.props;/usr/share/dotnet/sdk/2.2.101/Sdks/Microsoft.NET.Sdk/targets/Microsoft.NET.Sdk.props;/usr/share/dotnet/sdk/2.2.101/Sdks/Microsoft.NET.Sdk/targets/Microsoft.NET.Sdk.DefaultItems.props;/usr/share/dotnet/sdk/2.2.101/Sdks/Microsoft.NET.Sdk/targets/Microsoft.NET.SupportedTargetFrameworks.props;/usr/share/dotnet/sdk/2.2.101/Sdks/Microsoft.NET.Sdk/targets/Microsoft.NET.Sdk.FSharp.props;/usr/share/dotnet/sdk/2.2.101/FSharp/Microsoft.FSharp.NetSdk.props;/home/mdegallaix/Projects/yaml-parser/.paket/Paket.Restore.targets;/usr/share/dotnet/sdk/2.2.101/Sdks/Microsoft.NET.Sdk/Sdk/Sdk.targets" (previous value: ";/usr/share/dotnet/sdk/2.2.101/Sdks/Microsoft.NET.Sdk/Sdk/Sdk.props;/home/mdegallaix/Projects/yaml-parser/yaml-parser/obj/yaml-parser.fsproj.nuget.g.props;/home/mdegallaix/Projects/yaml-parser/yaml-parser/obj/yaml-parser.fsproj.paket.props;/usr/share/dotnet/sdk/2.2.101/Sdks/Microsoft.NET.Sdk/targets/Microsoft.NET.Sdk.props;/usr/share/dotnet/sdk/2.2.101/Sdks/Microsoft.NET.Sdk/targets/Microsoft.NET.Sdk.DefaultItems.props;/usr/share/dotnet/sdk/2.2.101/Sdks/Microsoft.NET.Sdk/targets/Microsoft.NET.SupportedTargetFrameworks.props;/usr/share/dotnet/sdk/2.2.101/Sdks/Microsoft.NET.Sdk/targets/Microsoft.NET.Sdk.FSharp.props;/usr/share/dotnet/sdk/2.2.101/FSharp/Microsoft.FSharp.NetSdk.props;/home/mdegallaix/Projects/yaml-parser/.paket/Paket.Restore.targets") at /usr/share/dotnet/sdk/2.2.101/Sdks/Microsoft.NET.Sdk/Sdk/Sdk.targets (15,5)
       Property reassignment: $(MSBuildAllProjects)=";/usr/share/dotnet/sdk/2.2.101/Sdks/Microsoft.NET.Sdk/Sdk/Sdk.props;/home/mdegallaix/Projects/yaml-parser/yaml-parser/obj/yaml-parser.fsproj.nuget.g.props;/home/mdegallaix/Projects/yaml-parser/yaml-parser/obj/yaml-parser.fsproj.paket.props;/usr/share/dotnet/sdk/2.2.101/Sdks/Microsoft.NET.Sdk/targets/Microsoft.NET.Sdk.props;/usr/share/dotnet/sdk/2.2.101/Sdks/Microsoft.NET.Sdk/targets/Microsoft.NET.Sdk.DefaultItems.props;/usr/share/dotnet/sdk/2.2.101/Sdks/Microsoft.NET.Sdk/targets/Microsoft.NET.SupportedTargetFrameworks.props;/usr/share/dotnet/sdk/2.2.101/Sdks/Microsoft.NET.Sdk/targets/Microsoft.NET.Sdk.FSharp.props;/usr/share/dotnet/sdk/2.2.101/FSharp/Microsoft.FSharp.NetSdk.props;/home/mdegallaix/Projects/yaml-parser/.paket/Paket.Restore.targets;/usr/share/dotnet/sdk/2.2.101/Sdks/Microsoft.NET.Sdk/Sdk/Sdk.targets;/usr/share/dotnet/sdk/2.2.101/Sdks/Microsoft.NET.Sdk/targets/Microsoft.NET.Sdk.BeforeCommon.targets" (previous value: ";/usr/share/dotnet/sdk/2.2.101/Sdks/Microsoft.NET.Sdk/Sdk/Sdk.props;/home/mdegallaix/Projects/yaml-parser/yaml-parser/obj/yaml-parser.fsproj.nuget.g.props;/home/mdegallaix/Projects/yaml-parser/yaml-parser/obj/yaml-parser.fsproj.paket.props;/usr/share/dotnet/sdk/2.2.101/Sdks/Microsoft.NET.Sdk/targets/Microsoft.NET.Sdk.props;/usr/share/dotnet/sdk/2.2.101/Sdks/Microsoft.NET.Sdk/targets/Microsoft.NET.Sdk.DefaultItems.props;/usr/share/dotnet/sdk/2.2.101/Sdks/Microsoft.NET.Sdk/targets/Microsoft.NET.SupportedTargetFrameworks.props;/usr/share/dotnet/sdk/2.2.101/Sdks/Microsoft.NET.Sdk/targets/Microsoft.NET.Sdk.FSharp.props;/usr/share/dotnet/sdk/2.2.101/FSharp/Microsoft.FSharp.NetSdk.props;/home/mdegallaix/Projects/yaml-parser/.paket/Paket.Restore.targets;/usr/share/dotnet/sdk/2.2.101/Sdks/Microsoft.NET.Sdk/Sdk/Sdk.targets") at /usr/share/dotnet/sdk/2.2.101/Sdks/Microsoft.NET.Sdk/targets/Microsoft.NET.Sdk.BeforeCommon.targets (15,5)
       Property reassignment: $(MSBuildAllProjects)=";/usr/share/dotnet/sdk/2.2.101/Sdks/Microsoft.NET.Sdk/Sdk/Sdk.props;/home/mdegallaix/Projects/yaml-parser/yaml-parser/obj/yaml-parser.fsproj.nuget.g.props;/home/mdegallaix/Projects/yaml-parser/yaml-parser/obj/yaml-parser.fsproj.paket.props;/usr/share/dotnet/sdk/2.2.101/Sdks/Microsoft.NET.Sdk/targets/Microsoft.NET.Sdk.props;/usr/share/dotnet/sdk/2.2.101/Sdks/Microsoft.NET.Sdk/targets/Microsoft.NET.Sdk.DefaultItems.props;/usr/share/dotnet/sdk/2.2.101/Sdks/Microsoft.NET.Sdk/targets/Microsoft.NET.SupportedTargetFrameworks.props;/usr/share/dotnet/sdk/2.2.101/Sdks/Microsoft.NET.Sdk/targets/Microsoft.NET.Sdk.FSharp.props;/usr/share/dotnet/sdk/2.2.101/FSharp/Microsoft.FSharp.NetSdk.props;/home/mdegallaix/Projects/yaml-parser/.paket/Paket.Restore.targets;/usr/share/dotnet/sdk/2.2.101/Sdks/Microsoft.NET.Sdk/Sdk/Sdk.targets;/usr/share/dotnet/sdk/2.2.101/Sdks/Microsoft.NET.Sdk/targets/Microsoft.NET.Sdk.BeforeCommon.targets;/usr/share/dotnet/sdk/2.2.101/Sdks/Microsoft.NET.Sdk/targets/Microsoft.NET.DefaultAssemblyInfo.targets" (previous value: ";/usr/share/dotnet/sdk/2.2.101/Sdks/Microsoft.NET.Sdk/Sdk/Sdk.props;/home/mdegallaix/Projects/yaml-parser/yaml-parser/obj/yaml-parser.fsproj.nuget.g.props;/home/mdegallaix/Projects/yaml-parser/yaml-parser/obj/yaml-parser.fsproj.paket.props;/usr/share/dotnet/sdk/2.2.101/Sdks/Microsoft.NET.Sdk/targets/Microsoft.NET.Sdk.props;/usr/share/dotnet/sdk/2.2.101/Sdks/Microsoft.NET.Sdk/targets/Microsoft.NET.Sdk.DefaultItems.props;/usr/share/dotnet/sdk/2.2.101/Sdks/Microsoft.NET.Sdk/targets/Microsoft.NET.SupportedTargetFrameworks.props;/usr/share/dotnet/sdk/2.2.101/Sdks/Microsoft.NET.Sdk/targets/Microsoft.NET.Sdk.FSharp.props;/usr/share/dotnet/sdk/2.2.101/FSharp/Microsoft.FSharp.NetSdk.props;/home/mdegallaix/Projects/yaml-parser/.paket/Paket.Restore.targets;/usr/share/dotnet/sdk/2.2.101/Sdks/Microsoft.NET.Sdk/Sdk/Sdk.targets;/usr/share/dotnet/sdk/2.2.101/Sdks/Microsoft.NET.Sdk/targets/Microsoft.NET.Sdk.BeforeCommon.targets") at /usr/share/dotnet/sdk/2.2.101/Sdks/Microsoft.NET.Sdk/targets/Microsoft.NET.DefaultAssemblyInfo.targets (15,5)
       Property reassignment: $(MSBuildAllProjects)=";/usr/share/dotnet/sdk/2.2.101/Sdks/Microsoft.NET.Sdk/Sdk/Sdk.props;/home/mdegallaix/Projects/yaml-parser/yaml-parser/obj/yaml-parser.fsproj.nuget.g.props;/home/mdegallaix/Projects/yaml-parser/yaml-parser/obj/yaml-parser.fsproj.paket.props;/usr/share/dotnet/sdk/2.2.101/Sdks/Microsoft.NET.Sdk/targets/Microsoft.NET.Sdk.props;/usr/share/dotnet/sdk/2.2.101/Sdks/Microsoft.NET.Sdk/targets/Microsoft.NET.Sdk.DefaultItems.props;/usr/share/dotnet/sdk/2.2.101/Sdks/Microsoft.NET.Sdk/targets/Microsoft.NET.SupportedTargetFrameworks.props;/usr/share/dotnet/sdk/2.2.101/Sdks/Microsoft.NET.Sdk/targets/Microsoft.NET.Sdk.FSharp.props;/usr/share/dotnet/sdk/2.2.101/FSharp/Microsoft.FSharp.NetSdk.props;/home/mdegallaix/Projects/yaml-parser/.paket/Paket.Restore.targets;/usr/share/dotnet/sdk/2.2.101/Sdks/Microsoft.NET.Sdk/Sdk/Sdk.targets;/usr/share/dotnet/sdk/2.2.101/Sdks/Microsoft.NET.Sdk/targets/Microsoft.NET.Sdk.BeforeCommon.targets;/usr/share/dotnet/sdk/2.2.101/Sdks/Microsoft.NET.Sdk/targets/Microsoft.NET.DefaultAssemblyInfo.targets;/usr/share/dotnet/sdk/2.2.101/Sdks/Microsoft.NET.Sdk/targets/Microsoft.NET.DefaultOutputPaths.targets" (previous value: ";/usr/share/dotnet/sdk/2.2.101/Sdks/Microsoft.NET.Sdk/Sdk/Sdk.props;/home/mdegallaix/Projects/yaml-parser/yaml-parser/obj/yaml-parser.fsproj.nuget.g.props;/home/mdegallaix/Projects/yaml-parser/yaml-parser/obj/yaml-parser.fsproj.paket.props;/usr/share/dotnet/sdk/2.2.101/Sdks/Microsoft.NET.Sdk/targets/Microsoft.NET.Sdk.props;/usr/share/dotnet/sdk/2.2.101/Sdks/Microsoft.NET.Sdk/targets/Microsoft.NET.Sdk.DefaultItems.props;/usr/share/dotnet/sdk/2.2.101/Sdks/Microsoft.NET.Sdk/targets/Microsoft.NET.SupportedTargetFrameworks.props;/usr/share/dotnet/sdk/2.2.101/Sdks/Microsoft.NET.Sdk/targets/Microsoft.NET.Sdk.FSharp.props;/usr/share/dotnet/sdk/2.2.101/FSharp/Microsoft.FSharp.NetSdk.props;/home/mdegallaix/Projects/yaml-parser/.paket/Paket.Restore.targets;/usr/share/dotnet/sdk/2.2.101/Sdks/Microsoft.NET.Sdk/Sdk/Sdk.targets;/usr/share/dotnet/sdk/2.2.101/Sdks/Microsoft.NET.Sdk/targets/Microsoft.NET.Sdk.BeforeCommon.targets;/usr/share/dotnet/sdk/2.2.101/Sdks/Microsoft.NET.Sdk/targets/Microsoft.NET.DefaultAssemblyInfo.targets") at /usr/share/dotnet/sdk/2.2.101/Sdks/Microsoft.NET.Sdk/targets/Microsoft.NET.DefaultOutputPaths.targets (27,5)
       Property reassignment: $(MSBuildAllProjects)=";/usr/share/dotnet/sdk/2.2.101/Sdks/Microsoft.NET.Sdk/Sdk/Sdk.props;/home/mdegallaix/Projects/yaml-parser/yaml-parser/obj/yaml-parser.fsproj.nuget.g.props;/home/mdegallaix/Projects/yaml-parser/yaml-parser/obj/yaml-parser.fsproj.paket.props;/usr/share/dotnet/sdk/2.2.101/Sdks/Microsoft.NET.Sdk/targets/Microsoft.NET.Sdk.props;/usr/share/dotnet/sdk/2.2.101/Sdks/Microsoft.NET.Sdk/targets/Microsoft.NET.Sdk.DefaultItems.props;/usr/share/dotnet/sdk/2.2.101/Sdks/Microsoft.NET.Sdk/targets/Microsoft.NET.SupportedTargetFrameworks.props;/usr/share/dotnet/sdk/2.2.101/Sdks/Microsoft.NET.Sdk/targets/Microsoft.NET.Sdk.FSharp.props;/usr/share/dotnet/sdk/2.2.101/FSharp/Microsoft.FSharp.NetSdk.props;/home/mdegallaix/Projects/yaml-parser/.paket/Paket.Restore.targets;/usr/share/dotnet/sdk/2.2.101/Sdks/Microsoft.NET.Sdk/Sdk/Sdk.targets;/usr/share/dotnet/sdk/2.2.101/Sdks/Microsoft.NET.Sdk/targets/Microsoft.NET.Sdk.BeforeCommon.targets;/usr/share/dotnet/sdk/2.2.101/Sdks/Microsoft.NET.Sdk/targets/Microsoft.NET.DefaultAssemblyInfo.targets;/usr/share/dotnet/sdk/2.2.101/Sdks/Microsoft.NET.Sdk/targets/Microsoft.NET.DefaultOutputPaths.targets;/usr/share/dotnet/sdk/2.2.101/Sdks/Microsoft.NET.Sdk/targets/Microsoft.NET.TargetFrameworkInference.targets" (previous value: ";/usr/share/dotnet/sdk/2.2.101/Sdks/Microsoft.NET.Sdk/Sdk/Sdk.props;/home/mdegallaix/Projects/yaml-parser/yaml-parser/obj/yaml-parser.fsproj.nuget.g.props;/home/mdegallaix/Projects/yaml-parser/yaml-parser/obj/yaml-parser.fsproj.paket.props;/usr/share/dotnet/sdk/2.2.101/Sdks/Microsoft.NET.Sdk/targets/Microsoft.NET.Sdk.props;/usr/share/dotnet/sdk/2.2.101/Sdks/Microsoft.NET.Sdk/targets/Microsoft.NET.Sdk.DefaultItems.props;/usr/share/dotnet/sdk/2.2.101/Sdks/Microsoft.NET.Sdk/targets/Microsoft.NET.SupportedTargetFrameworks.props;/usr/share/dotnet/sdk/2.2.101/Sdks/Microsoft.NET.Sdk/targets/Microsoft.NET.Sdk.FSharp.props;/usr/share/dotnet/sdk/2.2.101/FSharp/Microsoft.FSharp.NetSdk.props;/home/mdegallaix/Projects/yaml-parser/.paket/Paket.Restore.targets;/usr/share/dotnet/sdk/2.2.101/Sdks/Microsoft.NET.Sdk/Sdk/Sdk.targets;/usr/share/dotnet/sdk/2.2.101/Sdks/Microsoft.NET.Sdk/targets/Microsoft.NET.Sdk.BeforeCommon.targets;/usr/share/dotnet/sdk/2.2.101/Sdks/Microsoft.NET.Sdk/targets/Microsoft.NET.DefaultAssemblyInfo.targets;/usr/share/dotnet/sdk/2.2.101/Sdks/Microsoft.NET.Sdk/targets/Microsoft.NET.DefaultOutputPaths.targets") at /usr/share/dotnet/sdk/2.2.101/Sdks/Microsoft.NET.Sdk/targets/Microsoft.NET.TargetFrameworkInference.targets (46,5)
       Property reassignment: $(DefaultItemExcludes)=";bin\Debug\/**;obj\Debug\/**" (previous value: ";bin\Debug\/**") at /usr/share/dotnet/sdk/2.2.101/Sdks/Microsoft.NET.Sdk/targets/Microsoft.NET.TargetFrameworkInference.targets (166,5)
       Property reassignment: $(IntermediateOutputPath)="obj\Debug\netstandard1.6\" (previous value: "obj\Debug\") at /usr/share/dotnet/sdk/2.2.101/Sdks/Microsoft.NET.Sdk/targets/Microsoft.NET.TargetFrameworkInference.targets (178,5)
       Property reassignment: $(OutputPath)="bin\Debug\netstandard1.6\" (previous value: "bin\Debug\") at /usr/share/dotnet/sdk/2.2.101/Sdks/Microsoft.NET.Sdk/targets/Microsoft.NET.TargetFrameworkInference.targets (179,5)
       Property reassignment: $(MSBuildAllProjects)=";/usr/share/dotnet/sdk/2.2.101/Sdks/Microsoft.NET.Sdk/Sdk/Sdk.props;/home/mdegallaix/Projects/yaml-parser/yaml-parser-tests/obj/yaml-parser-tests.fsproj.nuget.g.props;/home/mdegallaix/Projects/yaml-parser/yaml-parser-tests/obj/yaml-parser-tests.fsproj.paket.props;/usr/share/dotnet/sdk/2.2.101/Sdks/Microsoft.NET.Sdk/targets/Microsoft.NET.Sdk.props;/usr/share/dotnet/sdk/2.2.101/Sdks/Microsoft.NET.Sdk/targets/Microsoft.NET.Sdk.DefaultItems.props;/usr/share/dotnet/sdk/2.2.101/Sdks/Microsoft.NET.Sdk/targets/Microsoft.NET.SupportedTargetFrameworks.props;/usr/share/dotnet/sdk/2.2.101/Sdks/Microsoft.NET.Sdk/targets/Microsoft.NET.Sdk.FSharp.props;/usr/share/dotnet/sdk/2.2.101/FSharp/Microsoft.FSharp.NetSdk.props;/home/mdegallaix/Projects/yaml-parser/.paket/Paket.Restore.targets;/usr/share/dotnet/sdk/2.2.101/Sdks/Microsoft.NET.Sdk/Sdk/Sdk.targets;/usr/share/dotnet/sdk/2.2.101/Sdks/Microsoft.NET.Sdk/targets/Microsoft.NET.Sdk.BeforeCommon.targets;/usr/share/dotnet/sdk/2.2.101/Sdks/Microsoft.NET.Sdk/targets/Microsoft.NET.DefaultAssemblyInfo.targets;/usr/share/dotnet/sdk/2.2.101/Sdks/Microsoft.NET.Sdk/targets/Microsoft.NET.DefaultOutputPaths.targets;/usr/share/dotnet/sdk/2.2.101/Sdks/Microsoft.NET.Sdk/targets/Microsoft.NET.TargetFrameworkInference.targets;/usr/share/dotnet/sdk/2.2.101/Sdks/Microsoft.NET.Sdk/targets/Microsoft.NET.RuntimeIdentifierInference.targets;/usr/share/dotnet/sdk/2.2.101/Sdks/Microsoft.NET.Sdk/targets/Microsoft.NET.NuGetOfflineCache.targets;/usr/share/dotnet/sdk/2.2.101/Sdks/Microsoft.NET.Sdk/targets/Microsoft.NET.Sdk.FSharpTargetsShim.targets;/usr/share/dotnet/sdk/2.2.101/FSharp/Microsoft.FSharp.NetSdk.targets;/usr/share/dotnet/sdk/2.2.101/FSharp/Microsoft.FSharp.Targets;/home/mdegallaix/Projects/yaml-parser/yaml-parser-tests/yaml-parser-tests.fsproj;/usr/share/dotnet/sdk/2.2.101/Microsoft.Common.CurrentVersion.targets;/usr/share/dotnet/sdk/2.2.101/NuGet.targets;/usr/share/dotnet/sdk/2.2.101/15.0/Microsoft.Common.targets/ImportAfter/Microsoft.NET.Build.Extensions.targets;/usr/share/dotnet/sdk/2.2.101/Microsoft/Microsoft.NET.Build.Extensions/Microsoft.NET.Build.Extensions.targets;/usr/share/dotnet/sdk/2.2.101/15.0/Microsoft.Common.targets/ImportAfter/Microsoft.TestPlatform.ImportAfter.targets;/usr/share/dotnet/sdk/2.2.101/Microsoft.TestPlatform.targets;/home/mdegallaix/Projects/yaml-parser/yaml-parser-tests/obj/yaml-parser-tests.fsproj.nuget.g.targets;/home/mdegallaix/Projects/yaml-parser/yaml-parser-tests/obj/yaml-parser-tests.fsproj.proj-info.targets;/usr/share/dotnet/sdk/2.2.101/Sdks/Microsoft.NET.Sdk/targets/Microsoft.NET.Sdk.targets;/usr/share/dotnet/sdk/2.2.101/Sdks/Microsoft.NET.Sdk/targets/Microsoft.NET.Sdk.Common.targets;/usr/share/dotnet/sdk/2.2.101/Sdks/Microsoft.NET.Sdk/targets/Microsoft.PackageDependencyResolution.targets;/usr/share/dotnet/sdk/2.2.101/Sdks/Microsoft.NET.Sdk/targets/Microsoft.NET.Sdk.DefaultItems.targets;/usr/share/dotnet/sdk/2.2.101/Sdks/Microsoft.NET.Sdk/targets/Microsoft.NET.DisableStandardFrameworkResolution.targets;/usr/share/dotnet/sdk/2.2.101/Sdks/Microsoft.NET.Sdk/targets/Microsoft.NET.GenerateAssemblyInfo.targets;/usr/share/dotnet/sdk/2.2.101/Sdks/Microsoft.NET.Sdk/targets/Microsoft.NET.ComposeStore.targets;/usr/share/dotnet/sdk/2.2.101/Sdks/Microsoft.NET.Sdk/targets/Microsoft.NET.CrossGen.targets;/usr/share/dotnet/sdk/2.2.101/Sdks/Microsoft.NET.Sdk/targets/Microsoft.NET.ObsoleteReferences.targets" (previous value: ";/usr/share/dotnet/sdk/2.2.101/Sdks/Microsoft.NET.Sdk/Sdk/Sdk.props;/home/mdegallaix/Projects/yaml-parser/yaml-parser-tests/obj/yaml-parser-tests.fsproj.nuget.g.props;/home/mdegallaix/Projects/yaml-parser/yaml-parser-tests/obj/yaml-parser-tests.fsproj.paket.props;/usr/share/dotnet/sdk/2.2.101/Sdks/Microsoft.NET.Sdk/targets/Microsoft.NET.Sdk.props;/usr/share/dotnet/sdk/2.2.101/Sdks/Microsoft.NET.Sdk/targets/Microsoft.NET.Sdk.DefaultItems.props;/usr/share/dotnet/sdk/2.2.101/Sdks/Microsoft.NET.Sdk/targets/Microsoft.NET.SupportedTargetFrameworks.props;/usr/share/dotnet/sdk/2.2.101/Sdks/Microsoft.NET.Sdk/targets/Microsoft.NET.Sdk.FSharp.props;/usr/share/dotnet/sdk/2.2.101/FSharp/Microsoft.FSharp.NetSdk.props;/home/mdegallaix/Projects/yaml-parser/.paket/Paket.Restore.targets;/usr/share/dotnet/sdk/2.2.101/Sdks/Microsoft.NET.Sdk/Sdk/Sdk.targets;/usr/share/dotnet/sdk/2.2.101/Sdks/Microsoft.NET.Sdk/targets/Microsoft.NET.Sdk.BeforeCommon.targets;/usr/share/dotnet/sdk/2.2.101/Sdks/Microsoft.NET.Sdk/targets/Microsoft.NET.DefaultAssemblyInfo.targets;/usr/share/dotnet/sdk/2.2.101/Sdks/Microsoft.NET.Sdk/targets/Microsoft.NET.DefaultOutputPaths.targets;/usr/share/dotnet/sdk/2.2.101/Sdks/Microsoft.NET.Sdk/targets/Microsoft.NET.TargetFrameworkInference.targets;/usr/share/dotnet/sdk/2.2.101/Sdks/Microsoft.NET.Sdk/targets/Microsoft.NET.RuntimeIdentifierInference.targets;/usr/share/dotnet/sdk/2.2.101/Sdks/Microsoft.NET.Sdk/targets/Microsoft.NET.NuGetOfflineCache.targets;/usr/share/dotnet/sdk/2.2.101/Sdks/Microsoft.NET.Sdk/targets/Microsoft.NET.Sdk.FSharpTargetsShim.targets;/usr/share/dotnet/sdk/2.2.101/FSharp/Microsoft.FSharp.NetSdk.targets;/usr/share/dotnet/sdk/2.2.101/FSharp/Microsoft.FSharp.Targets;/home/mdegallaix/Projects/yaml-parser/yaml-parser-tests/yaml-parser-tests.fsproj;/usr/share/dotnet/sdk/2.2.101/Microsoft.Common.CurrentVersion.targets;/usr/share/dotnet/sdk/2.2.101/NuGet.targets;/usr/share/dotnet/sdk/2.2.101/15.0/Microsoft.Common.targets/ImportAfter/Microsoft.NET.Build.Extensions.targets;/usr/share/dotnet/sdk/2.2.101/Microsoft/Microsoft.NET.Build.Extensions/Microsoft.NET.Build.Extensions.targets;/usr/share/dotnet/sdk/2.2.101/15.0/Microsoft.Common.targets/ImportAfter/Microsoft.TestPlatform.ImportAfter.targets;/usr/share/dotnet/sdk/2.2.101/Microsoft.TestPlatform.targets;/home/mdegallaix/Projects/yaml-parser/yaml-parser-tests/obj/yaml-parser-tests.fsproj.nuget.g.targets;/home/mdegallaix/Projects/yaml-parser/yaml-parser-tests/obj/yaml-parser-tests.fsproj.proj-info.targets;/usr/share/dotnet/sdk/2.2.101/Sdks/Microsoft.NET.Sdk/targets/Microsoft.NET.Sdk.targets;/usr/share/dotnet/sdk/2.2.101/Sdks/Microsoft.NET.Sdk/targets/Microsoft.NET.Sdk.Common.targets;/usr/share/dotnet/sdk/2.2.101/Sdks/Microsoft.NET.Sdk/targets/Microsoft.PackageDependencyResolution.targets;/usr/share/dotnet/sdk/2.2.101/Sdks/Microsoft.NET.Sdk/targets/Microsoft.NET.Sdk.DefaultItems.targets;/usr/share/dotnet/sdk/2.2.101/Sdks/Microsoft.NET.Sdk/targets/Microsoft.NET.DisableStandardFrameworkResolution.targets;/usr/share/dotnet/sdk/2.2.101/Sdks/Microsoft.NET.Sdk/targets/Microsoft.NET.GenerateAssemblyInfo.targets;/usr/share/dotnet/sdk/2.2.101/Sdks/Microsoft.NET.Sdk/targets/Microsoft.NET.ComposeStore.targets;/usr/share/dotnet/sdk/2.2.101/Sdks/Microsoft.NET.Sdk/targets/Microsoft.NET.CrossGen.targets") at /usr/share/dotnet/sdk/2.2.101/Sdks/Microsoft.NET.Sdk/targets/Microsoft.NET.ObsoleteReferences.targets (15,5)
       Property reassignment: $(MSBuildAllProjects)=";/usr/share/dotnet/sdk/2.2.101/Sdks/Microsoft.NET.Sdk/Sdk/Sdk.props;/home/mdegallaix/Projects/yaml-parser/yaml-parser/obj/yaml-parser.fsproj.nuget.g.props;/home/mdegallaix/Projects/yaml-parser/yaml-parser/obj/yaml-parser.fsproj.paket.props;/usr/share/dotnet/sdk/2.2.101/Sdks/Microsoft.NET.Sdk/targets/Microsoft.NET.Sdk.props;/usr/share/dotnet/sdk/2.2.101/Sdks/Microsoft.NET.Sdk/targets/Microsoft.NET.Sdk.DefaultItems.props;/usr/share/dotnet/sdk/2.2.101/Sdks/Microsoft.NET.Sdk/targets/Microsoft.NET.SupportedTargetFrameworks.props;/usr/share/dotnet/sdk/2.2.101/Sdks/Microsoft.NET.Sdk/targets/Microsoft.NET.Sdk.FSharp.props;/usr/share/dotnet/sdk/2.2.101/FSharp/Microsoft.FSharp.NetSdk.props;/home/mdegallaix/Projects/yaml-parser/.paket/Paket.Restore.targets;/usr/share/dotnet/sdk/2.2.101/Sdks/Microsoft.NET.Sdk/Sdk/Sdk.targets;/usr/share/dotnet/sdk/2.2.101/Sdks/Microsoft.NET.Sdk/targets/Microsoft.NET.Sdk.BeforeCommon.targets;/usr/share/dotnet/sdk/2.2.101/Sdks/Microsoft.NET.Sdk/targets/Microsoft.NET.DefaultAssemblyInfo.targets;/usr/share/dotnet/sdk/2.2.101/Sdks/Microsoft.NET.Sdk/targets/Microsoft.NET.DefaultOutputPaths.targets;/usr/share/dotnet/sdk/2.2.101/Sdks/Microsoft.NET.Sdk/targets/Microsoft.NET.TargetFrameworkInference.targets;/usr/share/dotnet/sdk/2.2.101/Sdks/Microsoft.NET.Sdk/targets/Microsoft.NET.RuntimeIdentifierInference.targets" (previous value: ";/usr/share/dotnet/sdk/2.2.101/Sdks/Microsoft.NET.Sdk/Sdk/Sdk.props;/home/mdegallaix/Projects/yaml-parser/yaml-parser/obj/yaml-parser.fsproj.nuget.g.props;/home/mdegallaix/Projects/yaml-parser/yaml-parser/obj/yaml-parser.fsproj.paket.props;/usr/share/dotnet/sdk/2.2.101/Sdks/Microsoft.NET.Sdk/targets/Microsoft.NET.Sdk.props;/usr/share/dotnet/sdk/2.2.101/Sdks/Microsoft.NET.Sdk/targets/Microsoft.NET.Sdk.DefaultItems.props;/usr/share/dotnet/sdk/2.2.101/Sdks/Microsoft.NET.Sdk/targets/Microsoft.NET.SupportedTargetFrameworks.props;/usr/share/dotnet/sdk/2.2.101/Sdks/Microsoft.NET.Sdk/targets/Microsoft.NET.Sdk.FSharp.props;/usr/share/dotnet/sdk/2.2.101/FSharp/Microsoft.FSharp.NetSdk.props;/home/mdegallaix/Projects/yaml-parser/.paket/Paket.Restore.targets;/usr/share/dotnet/sdk/2.2.101/Sdks/Microsoft.NET.Sdk/Sdk/Sdk.targets;/usr/share/dotnet/sdk/2.2.101/Sdks/Microsoft.NET.Sdk/targets/Microsoft.NET.Sdk.BeforeCommon.targets;/usr/share/dotnet/sdk/2.2.101/Sdks/Microsoft.NET.Sdk/targets/Microsoft.NET.DefaultAssemblyInfo.targets;/usr/share/dotnet/sdk/2.2.101/Sdks/Microsoft.NET.Sdk/targets/Microsoft.NET.DefaultOutputPaths.targets;/usr/share/dotnet/sdk/2.2.101/Sdks/Microsoft.NET.Sdk/targets/Microsoft.NET.TargetFrameworkInference.targets") at /usr/share/dotnet/sdk/2.2.101/Sdks/Microsoft.NET.Sdk/targets/Microsoft.NET.RuntimeIdentifierInference.targets (15,5)
       Property reassignment: $(MSBuildAllProjects)=";/usr/share/dotnet/sdk/2.2.101/Sdks/Microsoft.NET.Sdk/Sdk/Sdk.props;/home/mdegallaix/Projects/yaml-parser/yaml-parser-tests/obj/yaml-parser-tests.fsproj.nuget.g.props;/home/mdegallaix/Projects/yaml-parser/yaml-parser-tests/obj/yaml-parser-tests.fsproj.paket.props;/usr/share/dotnet/sdk/2.2.101/Sdks/Microsoft.NET.Sdk/targets/Microsoft.NET.Sdk.props;/usr/share/dotnet/sdk/2.2.101/Sdks/Microsoft.NET.Sdk/targets/Microsoft.NET.Sdk.DefaultItems.props;/usr/share/dotnet/sdk/2.2.101/Sdks/Microsoft.NET.Sdk/targets/Microsoft.NET.SupportedTargetFrameworks.props;/usr/share/dotnet/sdk/2.2.101/Sdks/Microsoft.NET.Sdk/targets/Microsoft.NET.Sdk.FSharp.props;/usr/share/dotnet/sdk/2.2.101/FSharp/Microsoft.FSharp.NetSdk.props;/home/mdegallaix/Projects/yaml-parser/.paket/Paket.Restore.targets;/usr/share/dotnet/sdk/2.2.101/Sdks/Microsoft.NET.Sdk/Sdk/Sdk.targets;/usr/share/dotnet/sdk/2.2.101/Sdks/Microsoft.NET.Sdk/targets/Microsoft.NET.Sdk.BeforeCommon.targets;/usr/share/dotnet/sdk/2.2.101/Sdks/Microsoft.NET.Sdk/targets/Microsoft.NET.DefaultAssemblyInfo.targets;/usr/share/dotnet/sdk/2.2.101/Sdks/Microsoft.NET.Sdk/targets/Microsoft.NET.DefaultOutputPaths.targets;/usr/share/dotnet/sdk/2.2.101/Sdks/Microsoft.NET.Sdk/targets/Microsoft.NET.TargetFrameworkInference.targets;/usr/share/dotnet/sdk/2.2.101/Sdks/Microsoft.NET.Sdk/targets/Microsoft.NET.RuntimeIdentifierInference.targets;/usr/share/dotnet/sdk/2.2.101/Sdks/Microsoft.NET.Sdk/targets/Microsoft.NET.NuGetOfflineCache.targets;/usr/share/dotnet/sdk/2.2.101/Sdks/Microsoft.NET.Sdk/targets/Microsoft.NET.Sdk.FSharpTargetsShim.targets;/usr/share/dotnet/sdk/2.2.101/FSharp/Microsoft.FSharp.NetSdk.targets;/usr/share/dotnet/sdk/2.2.101/FSharp/Microsoft.FSharp.Targets;/home/mdegallaix/Projects/yaml-parser/yaml-parser-tests/yaml-parser-tests.fsproj;/usr/share/dotnet/sdk/2.2.101/Microsoft.Common.CurrentVersion.targets;/usr/share/dotnet/sdk/2.2.101/NuGet.targets;/usr/share/dotnet/sdk/2.2.101/15.0/Microsoft.Common.targets/ImportAfter/Microsoft.NET.Build.Extensions.targets;/usr/share/dotnet/sdk/2.2.101/Microsoft/Microsoft.NET.Build.Extensions/Microsoft.NET.Build.Extensions.targets;/usr/share/dotnet/sdk/2.2.101/15.0/Microsoft.Common.targets/ImportAfter/Microsoft.TestPlatform.ImportAfter.targets;/usr/share/dotnet/sdk/2.2.101/Microsoft.TestPlatform.targets;/home/mdegallaix/Projects/yaml-parser/yaml-parser-tests/obj/yaml-parser-tests.fsproj.nuget.g.targets;/home/mdegallaix/Projects/yaml-parser/yaml-parser-tests/obj/yaml-parser-tests.fsproj.proj-info.targets;/usr/share/dotnet/sdk/2.2.101/Sdks/Microsoft.NET.Sdk/targets/Microsoft.NET.Sdk.targets;/usr/share/dotnet/sdk/2.2.101/Sdks/Microsoft.NET.Sdk/targets/Microsoft.NET.Sdk.Common.targets;/usr/share/dotnet/sdk/2.2.101/Sdks/Microsoft.NET.Sdk/targets/Microsoft.PackageDependencyResolution.targets;/usr/share/dotnet/sdk/2.2.101/Sdks/Microsoft.NET.Sdk/targets/Microsoft.NET.Sdk.DefaultItems.targets;/usr/share/dotnet/sdk/2.2.101/Sdks/Microsoft.NET.Sdk/targets/Microsoft.NET.DisableStandardFrameworkResolution.targets;/usr/share/dotnet/sdk/2.2.101/Sdks/Microsoft.NET.Sdk/targets/Microsoft.NET.GenerateAssemblyInfo.targets;/usr/share/dotnet/sdk/2.2.101/Sdks/Microsoft.NET.Sdk/targets/Microsoft.NET.ComposeStore.targets;/usr/share/dotnet/sdk/2.2.101/Sdks/Microsoft.NET.Sdk/targets/Microsoft.NET.CrossGen.targets;/usr/share/dotnet/sdk/2.2.101/Sdks/Microsoft.NET.Sdk/targets/Microsoft.NET.ObsoleteReferences.targets;/usr/share/dotnet/sdk/2.2.101/Sdks/Microsoft.NET.Sdk/targets/Microsoft.NET.Publish.targets" (previous value: ";/usr/share/dotnet/sdk/2.2.101/Sdks/Microsoft.NET.Sdk/Sdk/Sdk.props;/home/mdegallaix/Projects/yaml-parser/yaml-parser-tests/obj/yaml-parser-tests.fsproj.nuget.g.props;/home/mdegallaix/Projects/yaml-parser/yaml-parser-tests/obj/yaml-parser-tests.fsproj.paket.props;/usr/share/dotnet/sdk/2.2.101/Sdks/Microsoft.NET.Sdk/targets/Microsoft.NET.Sdk.props;/usr/share/dotnet/sdk/2.2.101/Sdks/Microsoft.NET.Sdk/targets/Microsoft.NET.Sdk.DefaultItems.props;/usr/share/dotnet/sdk/2.2.101/Sdks/Microsoft.NET.Sdk/targets/Microsoft.NET.SupportedTargetFrameworks.props;/usr/share/dotnet/sdk/2.2.101/Sdks/Microsoft.NET.Sdk/targets/Microsoft.NET.Sdk.FSharp.props;/usr/share/dotnet/sdk/2.2.101/FSharp/Microsoft.FSharp.NetSdk.props;/home/mdegallaix/Projects/yaml-parser/.paket/Paket.Restore.targets;/usr/share/dotnet/sdk/2.2.101/Sdks/Microsoft.NET.Sdk/Sdk/Sdk.targets;/usr/share/dotnet/sdk/2.2.101/Sdks/Microsoft.NET.Sdk/targets/Microsoft.NET.Sdk.BeforeCommon.targets;/usr/share/dotnet/sdk/2.2.101/Sdks/Microsoft.NET.Sdk/targets/Microsoft.NET.DefaultAssemblyInfo.targets;/usr/share/dotnet/sdk/2.2.101/Sdks/Microsoft.NET.Sdk/targets/Microsoft.NET.DefaultOutputPaths.targets;/usr/share/dotnet/sdk/2.2.101/Sdks/Microsoft.NET.Sdk/targets/Microsoft.NET.TargetFrameworkInference.targets;/usr/share/dotnet/sdk/2.2.101/Sdks/Microsoft.NET.Sdk/targets/Microsoft.NET.RuntimeIdentifierInference.targets;/usr/share/dotnet/sdk/2.2.101/Sdks/Microsoft.NET.Sdk/targets/Microsoft.NET.NuGetOfflineCache.targets;/usr/share/dotnet/sdk/2.2.101/Sdks/Microsoft.NET.Sdk/targets/Microsoft.NET.Sdk.FSharpTargetsShim.targets;/usr/share/dotnet/sdk/2.2.101/FSharp/Microsoft.FSharp.NetSdk.targets;/usr/share/dotnet/sdk/2.2.101/FSharp/Microsoft.FSharp.Targets;/home/mdegallaix/Projects/yaml-parser/yaml-parser-tests/yaml-parser-tests.fsproj;/usr/share/dotnet/sdk/2.2.101/Microsoft.Common.CurrentVersion.targets;/usr/share/dotnet/sdk/2.2.101/NuGet.targets;/usr/share/dotnet/sdk/2.2.101/15.0/Microsoft.Common.targets/ImportAfter/Microsoft.NET.Build.Extensions.targets;/usr/share/dotnet/sdk/2.2.101/Microsoft/Microsoft.NET.Build.Extensions/Microsoft.NET.Build.Extensions.targets;/usr/share/dotnet/sdk/2.2.101/15.0/Microsoft.Common.targets/ImportAfter/Microsoft.TestPlatform.ImportAfter.targets;/usr/share/dotnet/sdk/2.2.101/Microsoft.TestPlatform.targets;/home/mdegallaix/Projects/yaml-parser/yaml-parser-tests/obj/yaml-parser-tests.fsproj.nuget.g.targets;/home/mdegallaix/Projects/yaml-parser/yaml-parser-tests/obj/yaml-parser-tests.fsproj.proj-info.targets;/usr/share/dotnet/sdk/2.2.101/Sdks/Microsoft.NET.Sdk/targets/Microsoft.NET.Sdk.targets;/usr/share/dotnet/sdk/2.2.101/Sdks/Microsoft.NET.Sdk/targets/Microsoft.NET.Sdk.Common.targets;/usr/share/dotnet/sdk/2.2.101/Sdks/Microsoft.NET.Sdk/targets/Microsoft.PackageDependencyResolution.targets;/usr/share/dotnet/sdk/2.2.101/Sdks/Microsoft.NET.Sdk/targets/Microsoft.NET.Sdk.DefaultItems.targets;/usr/share/dotnet/sdk/2.2.101/Sdks/Microsoft.NET.Sdk/targets/Microsoft.NET.DisableStandardFrameworkResolution.targets;/usr/share/dotnet/sdk/2.2.101/Sdks/Microsoft.NET.Sdk/targets/Microsoft.NET.GenerateAssemblyInfo.targets;/usr/share/dotnet/sdk/2.2.101/Sdks/Microsoft.NET.Sdk/targets/Microsoft.NET.ComposeStore.targets;/usr/share/dotnet/sdk/2.2.101/Sdks/Microsoft.NET.Sdk/targets/Microsoft.NET.CrossGen.targets;/usr/share/dotnet/sdk/2.2.101/Sdks/Microsoft.NET.Sdk/targets/Microsoft.NET.ObsoleteReferences.targets") at /usr/share/dotnet/sdk/2.2.101/Sdks/Microsoft.NET.Sdk/targets/Microsoft.NET.Publish.targets (15,5)
       Property reassignment: $(_ShimInputCacheFile)="/home/mdegallaix/Projects/yaml-parser/yaml-parser-tests/obj/Debug/netcoreapp2.1/yaml-parser-tests.shiminput.cache" (previous value: "obj\Debug\netcoreapp2.1\yaml-parser-tests.shiminput.cache") at /usr/share/dotnet/sdk/2.2.101/Sdks/Microsoft.NET.Sdk/targets/Microsoft.NET.PackTool.targets (91,5)
       Property reassignment: $(_ShimCreatedSentinelFile)="/home/mdegallaix/Projects/yaml-parser/yaml-parser-tests/obj/Debug/netcoreapp2.1/yaml-parser-tests.shimcreated.sentinel" (previous value: "obj\Debug\netcoreapp2.1\yaml-parser-tests.shimcreated.sentinel") at /usr/share/dotnet/sdk/2.2.101/Sdks/Microsoft.NET.Sdk/targets/Microsoft.NET.PackTool.targets (93,5)
       Property reassignment: $(MSBuildAllProjects)=";/usr/share/dotnet/sdk/2.2.101/Sdks/Microsoft.NET.Sdk/Sdk/Sdk.props;/home/mdegallaix/Projects/yaml-parser/yaml-parser-tests/obj/yaml-parser-tests.fsproj.nuget.g.props;/home/mdegallaix/Projects/yaml-parser/yaml-parser-tests/obj/yaml-parser-tests.fsproj.paket.props;/usr/share/dotnet/sdk/2.2.101/Sdks/Microsoft.NET.Sdk/targets/Microsoft.NET.Sdk.props;/usr/share/dotnet/sdk/2.2.101/Sdks/Microsoft.NET.Sdk/targets/Microsoft.NET.Sdk.DefaultItems.props;/usr/share/dotnet/sdk/2.2.101/Sdks/Microsoft.NET.Sdk/targets/Microsoft.NET.SupportedTargetFrameworks.props;/usr/share/dotnet/sdk/2.2.101/Sdks/Microsoft.NET.Sdk/targets/Microsoft.NET.Sdk.FSharp.props;/usr/share/dotnet/sdk/2.2.101/FSharp/Microsoft.FSharp.NetSdk.props;/home/mdegallaix/Projects/yaml-parser/.paket/Paket.Restore.targets;/usr/share/dotnet/sdk/2.2.101/Sdks/Microsoft.NET.Sdk/Sdk/Sdk.targets;/usr/share/dotnet/sdk/2.2.101/Sdks/Microsoft.NET.Sdk/targets/Microsoft.NET.Sdk.BeforeCommon.targets;/usr/share/dotnet/sdk/2.2.101/Sdks/Microsoft.NET.Sdk/targets/Microsoft.NET.DefaultAssemblyInfo.targets;/usr/share/dotnet/sdk/2.2.101/Sdks/Microsoft.NET.Sdk/targets/Microsoft.NET.DefaultOutputPaths.targets;/usr/share/dotnet/sdk/2.2.101/Sdks/Microsoft.NET.Sdk/targets/Microsoft.NET.TargetFrameworkInference.targets;/usr/share/dotnet/sdk/2.2.101/Sdks/Microsoft.NET.Sdk/targets/Microsoft.NET.RuntimeIdentifierInference.targets;/usr/share/dotnet/sdk/2.2.101/Sdks/Microsoft.NET.Sdk/targets/Microsoft.NET.NuGetOfflineCache.targets;/usr/share/dotnet/sdk/2.2.101/Sdks/Microsoft.NET.Sdk/targets/Microsoft.NET.Sdk.FSharpTargetsShim.targets;/usr/share/dotnet/sdk/2.2.101/FSharp/Microsoft.FSharp.NetSdk.targets;/usr/share/dotnet/sdk/2.2.101/FSharp/Microsoft.FSharp.Targets;/home/mdegallaix/Projects/yaml-parser/yaml-parser-tests/yaml-parser-tests.fsproj;/usr/share/dotnet/sdk/2.2.101/Microsoft.Common.CurrentVersion.targets;/usr/share/dotnet/sdk/2.2.101/NuGet.targets;/usr/share/dotnet/sdk/2.2.101/15.0/Microsoft.Common.targets/ImportAfter/Microsoft.NET.Build.Extensions.targets;/usr/share/dotnet/sdk/2.2.101/Microsoft/Microsoft.NET.Build.Extensions/Microsoft.NET.Build.Extensions.targets;/usr/share/dotnet/sdk/2.2.101/15.0/Microsoft.Common.targets/ImportAfter/Microsoft.TestPlatform.ImportAfter.targets;/usr/share/dotnet/sdk/2.2.101/Microsoft.TestPlatform.targets;/home/mdegallaix/Projects/yaml-parser/yaml-parser-tests/obj/yaml-parser-tests.fsproj.nuget.g.targets;/home/mdegallaix/Projects/yaml-parser/yaml-parser-tests/obj/yaml-parser-tests.fsproj.proj-info.targets;/usr/share/dotnet/sdk/2.2.101/Sdks/Microsoft.NET.Sdk/targets/Microsoft.NET.Sdk.targets;/usr/share/dotnet/sdk/2.2.101/Sdks/Microsoft.NET.Sdk/targets/Microsoft.NET.Sdk.Common.targets;/usr/share/dotnet/sdk/2.2.101/Sdks/Microsoft.NET.Sdk/targets/Microsoft.PackageDependencyResolution.targets;/usr/share/dotnet/sdk/2.2.101/Sdks/Microsoft.NET.Sdk/targets/Microsoft.NET.Sdk.DefaultItems.targets;/usr/share/dotnet/sdk/2.2.101/Sdks/Microsoft.NET.Sdk/targets/Microsoft.NET.DisableStandardFrameworkResolution.targets;/usr/share/dotnet/sdk/2.2.101/Sdks/Microsoft.NET.Sdk/targets/Microsoft.NET.GenerateAssemblyInfo.targets;/usr/share/dotnet/sdk/2.2.101/Sdks/Microsoft.NET.Sdk/targets/Microsoft.NET.ComposeStore.targets;/usr/share/dotnet/sdk/2.2.101/Sdks/Microsoft.NET.Sdk/targets/Microsoft.NET.CrossGen.targets;/usr/share/dotnet/sdk/2.2.101/Sdks/Microsoft.NET.Sdk/targets/Microsoft.NET.ObsoleteReferences.targets;/usr/share/dotnet/sdk/2.2.101/Sdks/Microsoft.NET.Sdk/targets/Microsoft.NET.Publish.targets;/usr/share/dotnet/sdk/2.2.101/Sdks/Microsoft.NET.Sdk/targets/Microsoft.NET.PreserveCompilationContext.targets" (previous value: ";/usr/share/dotnet/sdk/2.2.101/Sdks/Microsoft.NET.Sdk/Sdk/Sdk.props;/home/mdegallaix/Projects/yaml-parser/yaml-parser-tests/obj/yaml-parser-tests.fsproj.nuget.g.props;/home/mdegallaix/Projects/yaml-parser/yaml-parser-tests/obj/yaml-parser-tests.fsproj.paket.props;/usr/share/dotnet/sdk/2.2.101/Sdks/Microsoft.NET.Sdk/targets/Microsoft.NET.Sdk.props;/usr/share/dotnet/sdk/2.2.101/Sdks/Microsoft.NET.Sdk/targets/Microsoft.NET.Sdk.DefaultItems.props;/usr/share/dotnet/sdk/2.2.101/Sdks/Microsoft.NET.Sdk/targets/Microsoft.NET.SupportedTargetFrameworks.props;/usr/share/dotnet/sdk/2.2.101/Sdks/Microsoft.NET.Sdk/targets/Microsoft.NET.Sdk.FSharp.props;/usr/share/dotnet/sdk/2.2.101/FSharp/Microsoft.FSharp.NetSdk.props;/home/mdegallaix/Projects/yaml-parser/.paket/Paket.Restore.targets;/usr/share/dotnet/sdk/2.2.101/Sdks/Microsoft.NET.Sdk/Sdk/Sdk.targets;/usr/share/dotnet/sdk/2.2.101/Sdks/Microsoft.NET.Sdk/targets/Microsoft.NET.Sdk.BeforeCommon.targets;/usr/share/dotnet/sdk/2.2.101/Sdks/Microsoft.NET.Sdk/targets/Microsoft.NET.DefaultAssemblyInfo.targets;/usr/share/dotnet/sdk/2.2.101/Sdks/Microsoft.NET.Sdk/targets/Microsoft.NET.DefaultOutputPaths.targets;/usr/share/dotnet/sdk/2.2.101/Sdks/Microsoft.NET.Sdk/targets/Microsoft.NET.TargetFrameworkInference.targets;/usr/share/dotnet/sdk/2.2.101/Sdks/Microsoft.NET.Sdk/targets/Microsoft.NET.RuntimeIdentifierInference.targets;/usr/share/dotnet/sdk/2.2.101/Sdks/Microsoft.NET.Sdk/targets/Microsoft.NET.NuGetOfflineCache.targets;/usr/share/dotnet/sdk/2.2.101/Sdks/Microsoft.NET.Sdk/targets/Microsoft.NET.Sdk.FSharpTargetsShim.targets;/usr/share/dotnet/sdk/2.2.101/FSharp/Microsoft.FSharp.NetSdk.targets;/usr/share/dotnet/sdk/2.2.101/FSharp/Microsoft.FSharp.Targets;/home/mdegallaix/Projects/yaml-parser/yaml-parser-tests/yaml-parser-tests.fsproj;/usr/share/dotnet/sdk/2.2.101/Microsoft.Common.CurrentVersion.targets;/usr/share/dotnet/sdk/2.2.101/NuGet.targets;/usr/share/dotnet/sdk/2.2.101/15.0/Microsoft.Common.targets/ImportAfter/Microsoft.NET.Build.Extensions.targets;/usr/share/dotnet/sdk/2.2.101/Microsoft/Microsoft.NET.Build.Extensions/Microsoft.NET.Build.Extensions.targets;/usr/share/dotnet/sdk/2.2.101/15.0/Microsoft.Common.targets/ImportAfter/Microsoft.TestPlatform.ImportAfter.targets;/usr/share/dotnet/sdk/2.2.101/Microsoft.TestPlatform.targets;/home/mdegallaix/Projects/yaml-parser/yaml-parser-tests/obj/yaml-parser-tests.fsproj.nuget.g.targets;/home/mdegallaix/Projects/yaml-parser/yaml-parser-tests/obj/yaml-parser-tests.fsproj.proj-info.targets;/usr/share/dotnet/sdk/2.2.101/Sdks/Microsoft.NET.Sdk/targets/Microsoft.NET.Sdk.targets;/usr/share/dotnet/sdk/2.2.101/Sdks/Microsoft.NET.Sdk/targets/Microsoft.NET.Sdk.Common.targets;/usr/share/dotnet/sdk/2.2.101/Sdks/Microsoft.NET.Sdk/targets/Microsoft.PackageDependencyResolution.targets;/usr/share/dotnet/sdk/2.2.101/Sdks/Microsoft.NET.Sdk/targets/Microsoft.NET.Sdk.DefaultItems.targets;/usr/share/dotnet/sdk/2.2.101/Sdks/Microsoft.NET.Sdk/targets/Microsoft.NET.DisableStandardFrameworkResolution.targets;/usr/share/dotnet/sdk/2.2.101/Sdks/Microsoft.NET.Sdk/targets/Microsoft.NET.GenerateAssemblyInfo.targets;/usr/share/dotnet/sdk/2.2.101/Sdks/Microsoft.NET.Sdk/targets/Microsoft.NET.ComposeStore.targets;/usr/share/dotnet/sdk/2.2.101/Sdks/Microsoft.NET.Sdk/targets/Microsoft.NET.CrossGen.targets;/usr/share/dotnet/sdk/2.2.101/Sdks/Microsoft.NET.Sdk/targets/Microsoft.NET.ObsoleteReferences.targets;/usr/share/dotnet/sdk/2.2.101/Sdks/Microsoft.NET.Sdk/targets/Microsoft.NET.Publish.targets") at /usr/share/dotnet/sdk/2.2.101/Sdks/Microsoft.NET.Sdk/targets/Microsoft.NET.PreserveCompilationContext.targets (15,5)
       Property reassignment: $(MSBuildAllProjects)=";/usr/share/dotnet/sdk/2.2.101/Sdks/Microsoft.NET.Sdk/Sdk/Sdk.props;/home/mdegallaix/Projects/yaml-parser/yaml-parser-tests/obj/yaml-parser-tests.fsproj.nuget.g.props;/home/mdegallaix/Projects/yaml-parser/yaml-parser-tests/obj/yaml-parser-tests.fsproj.paket.props;/usr/share/dotnet/sdk/2.2.101/Sdks/Microsoft.NET.Sdk/targets/Microsoft.NET.Sdk.props;/usr/share/dotnet/sdk/2.2.101/Sdks/Microsoft.NET.Sdk/targets/Microsoft.NET.Sdk.DefaultItems.props;/usr/share/dotnet/sdk/2.2.101/Sdks/Microsoft.NET.Sdk/targets/Microsoft.NET.SupportedTargetFrameworks.props;/usr/share/dotnet/sdk/2.2.101/Sdks/Microsoft.NET.Sdk/targets/Microsoft.NET.Sdk.FSharp.props;/usr/share/dotnet/sdk/2.2.101/FSharp/Microsoft.FSharp.NetSdk.props;/home/mdegallaix/Projects/yaml-parser/.paket/Paket.Restore.targets;/usr/share/dotnet/sdk/2.2.101/Sdks/Microsoft.NET.Sdk/Sdk/Sdk.targets;/usr/share/dotnet/sdk/2.2.101/Sdks/Microsoft.NET.Sdk/targets/Microsoft.NET.Sdk.BeforeCommon.targets;/usr/share/dotnet/sdk/2.2.101/Sdks/Microsoft.NET.Sdk/targets/Microsoft.NET.DefaultAssemblyInfo.targets;/usr/share/dotnet/sdk/2.2.101/Sdks/Microsoft.NET.Sdk/targets/Microsoft.NET.DefaultOutputPaths.targets;/usr/share/dotnet/sdk/2.2.101/Sdks/Microsoft.NET.Sdk/targets/Microsoft.NET.TargetFrameworkInference.targets;/usr/share/dotnet/sdk/2.2.101/Sdks/Microsoft.NET.Sdk/targets/Microsoft.NET.RuntimeIdentifierInference.targets;/usr/share/dotnet/sdk/2.2.101/Sdks/Microsoft.NET.Sdk/targets/Microsoft.NET.NuGetOfflineCache.targets;/usr/share/dotnet/sdk/2.2.101/Sdks/Microsoft.NET.Sdk/targets/Microsoft.NET.Sdk.FSharpTargetsShim.targets;/usr/share/dotnet/sdk/2.2.101/FSharp/Microsoft.FSharp.NetSdk.targets;/usr/share/dotnet/sdk/2.2.101/FSharp/Microsoft.FSharp.Targets;/home/mdegallaix/Projects/yaml-parser/yaml-parser-tests/yaml-parser-tests.fsproj;/usr/share/dotnet/sdk/2.2.101/Microsoft.Common.CurrentVersion.targets;/usr/share/dotnet/sdk/2.2.101/NuGet.targets;/usr/share/dotnet/sdk/2.2.101/15.0/Microsoft.Common.targets/ImportAfter/Microsoft.NET.Build.Extensions.targets;/usr/share/dotnet/sdk/2.2.101/Microsoft/Microsoft.NET.Build.Extensions/Microsoft.NET.Build.Extensions.targets;/usr/share/dotnet/sdk/2.2.101/15.0/Microsoft.Common.targets/ImportAfter/Microsoft.TestPlatform.ImportAfter.targets;/usr/share/dotnet/sdk/2.2.101/Microsoft.TestPlatform.targets;/home/mdegallaix/Projects/yaml-parser/yaml-parser-tests/obj/yaml-parser-tests.fsproj.nuget.g.targets;/home/mdegallaix/Projects/yaml-parser/yaml-parser-tests/obj/yaml-parser-tests.fsproj.proj-info.targets;/usr/share/dotnet/sdk/2.2.101/Sdks/Microsoft.NET.Sdk/targets/Microsoft.NET.Sdk.targets;/usr/share/dotnet/sdk/2.2.101/Sdks/Microsoft.NET.Sdk/targets/Microsoft.NET.Sdk.Common.targets;/usr/share/dotnet/sdk/2.2.101/Sdks/Microsoft.NET.Sdk/targets/Microsoft.PackageDependencyResolution.targets;/usr/share/dotnet/sdk/2.2.101/Sdks/Microsoft.NET.Sdk/targets/Microsoft.NET.Sdk.DefaultItems.targets;/usr/share/dotnet/sdk/2.2.101/Sdks/Microsoft.NET.Sdk/targets/Microsoft.NET.DisableStandardFrameworkResolution.targets;/usr/share/dotnet/sdk/2.2.101/Sdks/Microsoft.NET.Sdk/targets/Microsoft.NET.GenerateAssemblyInfo.targets;/usr/share/dotnet/sdk/2.2.101/Sdks/Microsoft.NET.Sdk/targets/Microsoft.NET.ComposeStore.targets;/usr/share/dotnet/sdk/2.2.101/Sdks/Microsoft.NET.Sdk/targets/Microsoft.NET.CrossGen.targets;/usr/share/dotnet/sdk/2.2.101/Sdks/Microsoft.NET.Sdk/targets/Microsoft.NET.ObsoleteReferences.targets;/usr/share/dotnet/sdk/2.2.101/Sdks/Microsoft.NET.Sdk/targets/Microsoft.NET.Publish.targets;/usr/share/dotnet/sdk/2.2.101/Sdks/Microsoft.NET.Sdk/targets/Microsoft.NET.PreserveCompilationContext.targets;/usr/share/dotnet/sdk/2.2.101/Sdks/Microsoft.NET.Sdk/targets/Microsoft.NET.ConflictResolution.targets" (previous value: ";/usr/share/dotnet/sdk/2.2.101/Sdks/Microsoft.NET.Sdk/Sdk/Sdk.props;/home/mdegallaix/Projects/yaml-parser/yaml-parser-tests/obj/yaml-parser-tests.fsproj.nuget.g.props;/home/mdegallaix/Projects/yaml-parser/yaml-parser-tests/obj/yaml-parser-tests.fsproj.paket.props;/usr/share/dotnet/sdk/2.2.101/Sdks/Microsoft.NET.Sdk/targets/Microsoft.NET.Sdk.props;/usr/share/dotnet/sdk/2.2.101/Sdks/Microsoft.NET.Sdk/targets/Microsoft.NET.Sdk.DefaultItems.props;/usr/share/dotnet/sdk/2.2.101/Sdks/Microsoft.NET.Sdk/targets/Microsoft.NET.SupportedTargetFrameworks.props;/usr/share/dotnet/sdk/2.2.101/Sdks/Microsoft.NET.Sdk/targets/Microsoft.NET.Sdk.FSharp.props;/usr/share/dotnet/sdk/2.2.101/FSharp/Microsoft.FSharp.NetSdk.props;/home/mdegallaix/Projects/yaml-parser/.paket/Paket.Restore.targets;/usr/share/dotnet/sdk/2.2.101/Sdks/Microsoft.NET.Sdk/Sdk/Sdk.targets;/usr/share/dotnet/sdk/2.2.101/Sdks/Microsoft.NET.Sdk/targets/Microsoft.NET.Sdk.BeforeCommon.targets;/usr/share/dotnet/sdk/2.2.101/Sdks/Microsoft.NET.Sdk/targets/Microsoft.NET.DefaultAssemblyInfo.targets;/usr/share/dotnet/sdk/2.2.101/Sdks/Microsoft.NET.Sdk/targets/Microsoft.NET.DefaultOutputPaths.targets;/usr/share/dotnet/sdk/2.2.101/Sdks/Microsoft.NET.Sdk/targets/Microsoft.NET.TargetFrameworkInference.targets;/usr/share/dotnet/sdk/2.2.101/Sdks/Microsoft.NET.Sdk/targets/Microsoft.NET.RuntimeIdentifierInference.targets;/usr/share/dotnet/sdk/2.2.101/Sdks/Microsoft.NET.Sdk/targets/Microsoft.NET.NuGetOfflineCache.targets;/usr/share/dotnet/sdk/2.2.101/Sdks/Microsoft.NET.Sdk/targets/Microsoft.NET.Sdk.FSharpTargetsShim.targets;/usr/share/dotnet/sdk/2.2.101/FSharp/Microsoft.FSharp.NetSdk.targets;/usr/share/dotnet/sdk/2.2.101/FSharp/Microsoft.FSharp.Targets;/home/mdegallaix/Projects/yaml-parser/yaml-parser-tests/yaml-parser-tests.fsproj;/usr/share/dotnet/sdk/2.2.101/Microsoft.Common.CurrentVersion.targets;/usr/share/dotnet/sdk/2.2.101/NuGet.targets;/usr/share/dotnet/sdk/2.2.101/15.0/Microsoft.Common.targets/ImportAfter/Microsoft.NET.Build.Extensions.targets;/usr/share/dotnet/sdk/2.2.101/Microsoft/Microsoft.NET.Build.Extensions/Microsoft.NET.Build.Extensions.targets;/usr/share/dotnet/sdk/2.2.101/15.0/Microsoft.Common.targets/ImportAfter/Microsoft.TestPlatform.ImportAfter.targets;/usr/share/dotnet/sdk/2.2.101/Microsoft.TestPlatform.targets;/home/mdegallaix/Projects/yaml-parser/yaml-parser-tests/obj/yaml-parser-tests.fsproj.nuget.g.targets;/home/mdegallaix/Projects/yaml-parser/yaml-parser-tests/obj/yaml-parser-tests.fsproj.proj-info.targets;/usr/share/dotnet/sdk/2.2.101/Sdks/Microsoft.NET.Sdk/targets/Microsoft.NET.Sdk.targets;/usr/share/dotnet/sdk/2.2.101/Sdks/Microsoft.NET.Sdk/targets/Microsoft.NET.Sdk.Common.targets;/usr/share/dotnet/sdk/2.2.101/Sdks/Microsoft.NET.Sdk/targets/Microsoft.PackageDependencyResolution.targets;/usr/share/dotnet/sdk/2.2.101/Sdks/Microsoft.NET.Sdk/targets/Microsoft.NET.Sdk.DefaultItems.targets;/usr/share/dotnet/sdk/2.2.101/Sdks/Microsoft.NET.Sdk/targets/Microsoft.NET.DisableStandardFrameworkResolution.targets;/usr/share/dotnet/sdk/2.2.101/Sdks/Microsoft.NET.Sdk/targets/Microsoft.NET.GenerateAssemblyInfo.targets;/usr/share/dotnet/sdk/2.2.101/Sdks/Microsoft.NET.Sdk/targets/Microsoft.NET.ComposeStore.targets;/usr/share/dotnet/sdk/2.2.101/Sdks/Microsoft.NET.Sdk/targets/Microsoft.NET.CrossGen.targets;/usr/share/dotnet/sdk/2.2.101/Sdks/Microsoft.NET.Sdk/targets/Microsoft.NET.ObsoleteReferences.targets;/usr/share/dotnet/sdk/2.2.101/Sdks/Microsoft.NET.Sdk/targets/Microsoft.NET.Publish.targets;/usr/share/dotnet/sdk/2.2.101/Sdks/Microsoft.NET.Sdk/targets/Microsoft.NET.PreserveCompilationContext.targets") at /usr/share/dotnet/sdk/2.2.101/Sdks/Microsoft.NET.Sdk/targets/Microsoft.NET.ConflictResolution.targets (16,5)
       Property reassignment: $(MSBuildAllProjects)=";/usr/share/dotnet/sdk/2.2.101/Sdks/Microsoft.NET.Sdk/Sdk/Sdk.props;/home/mdegallaix/Projects/yaml-parser/yaml-parser-tests/obj/yaml-parser-tests.fsproj.nuget.g.props;/home/mdegallaix/Projects/yaml-parser/yaml-parser-tests/obj/yaml-parser-tests.fsproj.paket.props;/usr/share/dotnet/sdk/2.2.101/Sdks/Microsoft.NET.Sdk/targets/Microsoft.NET.Sdk.props;/usr/share/dotnet/sdk/2.2.101/Sdks/Microsoft.NET.Sdk/targets/Microsoft.NET.Sdk.DefaultItems.props;/usr/share/dotnet/sdk/2.2.101/Sdks/Microsoft.NET.Sdk/targets/Microsoft.NET.SupportedTargetFrameworks.props;/usr/share/dotnet/sdk/2.2.101/Sdks/Microsoft.NET.Sdk/targets/Microsoft.NET.Sdk.FSharp.props;/usr/share/dotnet/sdk/2.2.101/FSharp/Microsoft.FSharp.NetSdk.props;/home/mdegallaix/Projects/yaml-parser/.paket/Paket.Restore.targets;/usr/share/dotnet/sdk/2.2.101/Sdks/Microsoft.NET.Sdk/Sdk/Sdk.targets;/usr/share/dotnet/sdk/2.2.101/Sdks/Microsoft.NET.Sdk/targets/Microsoft.NET.Sdk.BeforeCommon.targets;/usr/share/dotnet/sdk/2.2.101/Sdks/Microsoft.NET.Sdk/targets/Microsoft.NET.DefaultAssemblyInfo.targets;/usr/share/dotnet/sdk/2.2.101/Sdks/Microsoft.NET.Sdk/targets/Microsoft.NET.DefaultOutputPaths.targets;/usr/share/dotnet/sdk/2.2.101/Sdks/Microsoft.NET.Sdk/targets/Microsoft.NET.TargetFrameworkInference.targets;/usr/share/dotnet/sdk/2.2.101/Sdks/Microsoft.NET.Sdk/targets/Microsoft.NET.RuntimeIdentifierInference.targets;/usr/share/dotnet/sdk/2.2.101/Sdks/Microsoft.NET.Sdk/targets/Microsoft.NET.NuGetOfflineCache.targets;/usr/share/dotnet/sdk/2.2.101/Sdks/Microsoft.NET.Sdk/targets/Microsoft.NET.Sdk.FSharpTargetsShim.targets;/usr/share/dotnet/sdk/2.2.101/FSharp/Microsoft.FSharp.NetSdk.targets;/usr/share/dotnet/sdk/2.2.101/FSharp/Microsoft.FSharp.Targets;/home/mdegallaix/Projects/yaml-parser/yaml-parser-tests/yaml-parser-tests.fsproj;/usr/share/dotnet/sdk/2.2.101/Microsoft.Common.CurrentVersion.targets;/usr/share/dotnet/sdk/2.2.101/NuGet.targets;/usr/share/dotnet/sdk/2.2.101/15.0/Microsoft.Common.targets/ImportAfter/Microsoft.NET.Build.Extensions.targets;/usr/share/dotnet/sdk/2.2.101/Microsoft/Microsoft.NET.Build.Extensions/Microsoft.NET.Build.Extensions.targets;/usr/share/dotnet/sdk/2.2.101/15.0/Microsoft.Common.targets/ImportAfter/Microsoft.TestPlatform.ImportAfter.targets;/usr/share/dotnet/sdk/2.2.101/Microsoft.TestPlatform.targets;/home/mdegallaix/Projects/yaml-parser/yaml-parser-tests/obj/yaml-parser-tests.fsproj.nuget.g.targets;/home/mdegallaix/Projects/yaml-parser/yaml-parser-tests/obj/yaml-parser-tests.fsproj.proj-info.targets;/usr/share/dotnet/sdk/2.2.101/Sdks/Microsoft.NET.Sdk/targets/Microsoft.NET.Sdk.targets;/usr/share/dotnet/sdk/2.2.101/Sdks/Microsoft.NET.Sdk/targets/Microsoft.NET.Sdk.Common.targets;/usr/share/dotnet/sdk/2.2.101/Sdks/Microsoft.NET.Sdk/targets/Microsoft.PackageDependencyResolution.targets;/usr/share/dotnet/sdk/2.2.101/Sdks/Microsoft.NET.Sdk/targets/Microsoft.NET.Sdk.DefaultItems.targets;/usr/share/dotnet/sdk/2.2.101/Sdks/Microsoft.NET.Sdk/targets/Microsoft.NET.DisableStandardFrameworkResolution.targets;/usr/share/dotnet/sdk/2.2.101/Sdks/Microsoft.NET.Sdk/targets/Microsoft.NET.GenerateAssemblyInfo.targets;/usr/share/dotnet/sdk/2.2.101/Sdks/Microsoft.NET.Sdk/targets/Microsoft.NET.ComposeStore.targets;/usr/share/dotnet/sdk/2.2.101/Sdks/Microsoft.NET.Sdk/targets/Microsoft.NET.CrossGen.targets;/usr/share/dotnet/sdk/2.2.101/Sdks/Microsoft.NET.Sdk/targets/Microsoft.NET.ObsoleteReferences.targets;/usr/share/dotnet/sdk/2.2.101/Sdks/Microsoft.NET.Sdk/targets/Microsoft.NET.Publish.targets;/usr/share/dotnet/sdk/2.2.101/Sdks/Microsoft.NET.Sdk/targets/Microsoft.NET.PreserveCompilationContext.targets;/usr/share/dotnet/sdk/2.2.101/Sdks/Microsoft.NET.Sdk/targets/Microsoft.NET.ConflictResolution.targets;/usr/share/dotnet/sdk/2.2.101/Sdks/Microsoft.NET.Sdk/targets/Microsoft.NET.DefaultPackageConflictOverrides.targets" (previous value: ";/usr/share/dotnet/sdk/2.2.101/Sdks/Microsoft.NET.Sdk/Sdk/Sdk.props;/home/mdegallaix/Projects/yaml-parser/yaml-parser-tests/obj/yaml-parser-tests.fsproj.nuget.g.props;/home/mdegallaix/Projects/yaml-parser/yaml-parser-tests/obj/yaml-parser-tests.fsproj.paket.props;/usr/share/dotnet/sdk/2.2.101/Sdks/Microsoft.NET.Sdk/targets/Microsoft.NET.Sdk.props;/usr/share/dotnet/sdk/2.2.101/Sdks/Microsoft.NET.Sdk/targets/Microsoft.NET.Sdk.DefaultItems.props;/usr/share/dotnet/sdk/2.2.101/Sdks/Microsoft.NET.Sdk/targets/Microsoft.NET.SupportedTargetFrameworks.props;/usr/share/dotnet/sdk/2.2.101/Sdks/Microsoft.NET.Sdk/targets/Microsoft.NET.Sdk.FSharp.props;/usr/share/dotnet/sdk/2.2.101/FSharp/Microsoft.FSharp.NetSdk.props;/home/mdegallaix/Projects/yaml-parser/.paket/Paket.Restore.targets;/usr/share/dotnet/sdk/2.2.101/Sdks/Microsoft.NET.Sdk/Sdk/Sdk.targets;/usr/share/dotnet/sdk/2.2.101/Sdks/Microsoft.NET.Sdk/targets/Microsoft.NET.Sdk.BeforeCommon.targets;/usr/share/dotnet/sdk/2.2.101/Sdks/Microsoft.NET.Sdk/targets/Microsoft.NET.DefaultAssemblyInfo.targets;/usr/share/dotnet/sdk/2.2.101/Sdks/Microsoft.NET.Sdk/targets/Microsoft.NET.DefaultOutputPaths.targets;/usr/share/dotnet/sdk/2.2.101/Sdks/Microsoft.NET.Sdk/targets/Microsoft.NET.TargetFrameworkInference.targets;/usr/share/dotnet/sdk/2.2.101/Sdks/Microsoft.NET.Sdk/targets/Microsoft.NET.RuntimeIdentifierInference.targets;/usr/share/dotnet/sdk/2.2.101/Sdks/Microsoft.NET.Sdk/targets/Microsoft.NET.NuGetOfflineCache.targets;/usr/share/dotnet/sdk/2.2.101/Sdks/Microsoft.NET.Sdk/targets/Microsoft.NET.Sdk.FSharpTargetsShim.targets;/usr/share/dotnet/sdk/2.2.101/FSharp/Microsoft.FSharp.NetSdk.targets;/usr/share/dotnet/sdk/2.2.101/FSharp/Microsoft.FSharp.Targets;/home/mdegallaix/Projects/yaml-parser/yaml-parser-tests/yaml-parser-tests.fsproj;/usr/share/dotnet/sdk/2.2.101/Microsoft.Common.CurrentVersion.targets;/usr/share/dotnet/sdk/2.2.101/NuGet.targets;/usr/share/dotnet/sdk/2.2.101/15.0/Microsoft.Common.targets/ImportAfter/Microsoft.NET.Build.Extensions.targets;/usr/share/dotnet/sdk/2.2.101/Microsoft/Microsoft.NET.Build.Extensions/Microsoft.NET.Build.Extensions.targets;/usr/share/dotnet/sdk/2.2.101/15.0/Microsoft.Common.targets/ImportAfter/Microsoft.TestPlatform.ImportAfter.targets;/usr/share/dotnet/sdk/2.2.101/Microsoft.TestPlatform.targets;/home/mdegallaix/Projects/yaml-parser/yaml-parser-tests/obj/yaml-parser-tests.fsproj.nuget.g.targets;/home/mdegallaix/Projects/yaml-parser/yaml-parser-tests/obj/yaml-parser-tests.fsproj.proj-info.targets;/usr/share/dotnet/sdk/2.2.101/Sdks/Microsoft.NET.Sdk/targets/Microsoft.NET.Sdk.targets;/usr/share/dotnet/sdk/2.2.101/Sdks/Microsoft.NET.Sdk/targets/Microsoft.NET.Sdk.Common.targets;/usr/share/dotnet/sdk/2.2.101/Sdks/Microsoft.NET.Sdk/targets/Microsoft.PackageDependencyResolution.targets;/usr/share/dotnet/sdk/2.2.101/Sdks/Microsoft.NET.Sdk/targets/Microsoft.NET.Sdk.DefaultItems.targets;/usr/share/dotnet/sdk/2.2.101/Sdks/Microsoft.NET.Sdk/targets/Microsoft.NET.DisableStandardFrameworkResolution.targets;/usr/share/dotnet/sdk/2.2.101/Sdks/Microsoft.NET.Sdk/targets/Microsoft.NET.GenerateAssemblyInfo.targets;/usr/share/dotnet/sdk/2.2.101/Sdks/Microsoft.NET.Sdk/targets/Microsoft.NET.ComposeStore.targets;/usr/share/dotnet/sdk/2.2.101/Sdks/Microsoft.NET.Sdk/targets/Microsoft.NET.CrossGen.targets;/usr/share/dotnet/sdk/2.2.101/Sdks/Microsoft.NET.Sdk/targets/Microsoft.NET.ObsoleteReferences.targets;/usr/share/dotnet/sdk/2.2.101/Sdks/Microsoft.NET.Sdk/targets/Microsoft.NET.Publish.targets;/usr/share/dotnet/sdk/2.2.101/Sdks/Microsoft.NET.Sdk/targets/Microsoft.NET.PreserveCompilationContext.targets;/usr/share/dotnet/sdk/2.2.101/Sdks/Microsoft.NET.Sdk/targets/Microsoft.NET.ConflictResolution.targets") at /usr/share/dotnet/sdk/2.2.101/Sdks/Microsoft.NET.Sdk/targets/Microsoft.NET.DefaultPackageConflictOverrides.targets (15,5)
       Property reassignment: $(MSBuildAllProjects)=";/usr/share/dotnet/sdk/2.2.101/Sdks/Microsoft.NET.Sdk/Sdk/Sdk.props;/home/mdegallaix/Projects/yaml-parser/yaml-parser-tests/obj/yaml-parser-tests.fsproj.nuget.g.props;/home/mdegallaix/Projects/yaml-parser/yaml-parser-tests/obj/yaml-parser-tests.fsproj.paket.props;/usr/share/dotnet/sdk/2.2.101/Sdks/Microsoft.NET.Sdk/targets/Microsoft.NET.Sdk.props;/usr/share/dotnet/sdk/2.2.101/Sdks/Microsoft.NET.Sdk/targets/Microsoft.NET.Sdk.DefaultItems.props;/usr/share/dotnet/sdk/2.2.101/Sdks/Microsoft.NET.Sdk/targets/Microsoft.NET.SupportedTargetFrameworks.props;/usr/share/dotnet/sdk/2.2.101/Sdks/Microsoft.NET.Sdk/targets/Microsoft.NET.Sdk.FSharp.props;/usr/share/dotnet/sdk/2.2.101/FSharp/Microsoft.FSharp.NetSdk.props;/home/mdegallaix/Projects/yaml-parser/.paket/Paket.Restore.targets;/usr/share/dotnet/sdk/2.2.101/Sdks/Microsoft.NET.Sdk/Sdk/Sdk.targets;/usr/share/dotnet/sdk/2.2.101/Sdks/Microsoft.NET.Sdk/targets/Microsoft.NET.Sdk.BeforeCommon.targets;/usr/share/dotnet/sdk/2.2.101/Sdks/Microsoft.NET.Sdk/targets/Microsoft.NET.DefaultAssemblyInfo.targets;/usr/share/dotnet/sdk/2.2.101/Sdks/Microsoft.NET.Sdk/targets/Microsoft.NET.DefaultOutputPaths.targets;/usr/share/dotnet/sdk/2.2.101/Sdks/Microsoft.NET.Sdk/targets/Microsoft.NET.TargetFrameworkInference.targets;/usr/share/dotnet/sdk/2.2.101/Sdks/Microsoft.NET.Sdk/targets/Microsoft.NET.RuntimeIdentifierInference.targets;/usr/share/dotnet/sdk/2.2.101/Sdks/Microsoft.NET.Sdk/targets/Microsoft.NET.NuGetOfflineCache.targets;/usr/share/dotnet/sdk/2.2.101/Sdks/Microsoft.NET.Sdk/targets/Microsoft.NET.Sdk.FSharpTargetsShim.targets;/usr/share/dotnet/sdk/2.2.101/FSharp/Microsoft.FSharp.NetSdk.targets;/usr/share/dotnet/sdk/2.2.101/FSharp/Microsoft.FSharp.Targets;/home/mdegallaix/Projects/yaml-parser/yaml-parser-tests/yaml-parser-tests.fsproj;/usr/share/dotnet/sdk/2.2.101/Microsoft.Common.CurrentVersion.targets;/usr/share/dotnet/sdk/2.2.101/NuGet.targets;/usr/share/dotnet/sdk/2.2.101/15.0/Microsoft.Common.targets/ImportAfter/Microsoft.NET.Build.Extensions.targets;/usr/share/dotnet/sdk/2.2.101/Microsoft/Microsoft.NET.Build.Extensions/Microsoft.NET.Build.Extensions.targets;/usr/share/dotnet/sdk/2.2.101/15.0/Microsoft.Common.targets/ImportAfter/Microsoft.TestPlatform.ImportAfter.targets;/usr/share/dotnet/sdk/2.2.101/Microsoft.TestPlatform.targets;/home/mdegallaix/Projects/yaml-parser/yaml-parser-tests/obj/yaml-parser-tests.fsproj.nuget.g.targets;/home/mdegallaix/Projects/yaml-parser/yaml-parser-tests/obj/yaml-parser-tests.fsproj.proj-info.targets;/usr/share/dotnet/sdk/2.2.101/Sdks/Microsoft.NET.Sdk/targets/Microsoft.NET.Sdk.targets;/usr/share/dotnet/sdk/2.2.101/Sdks/Microsoft.NET.Sdk/targets/Microsoft.NET.Sdk.Common.targets;/usr/share/dotnet/sdk/2.2.101/Sdks/Microsoft.NET.Sdk/targets/Microsoft.PackageDependencyResolution.targets;/usr/share/dotnet/sdk/2.2.101/Sdks/Microsoft.NET.Sdk/targets/Microsoft.NET.Sdk.DefaultItems.targets;/usr/share/dotnet/sdk/2.2.101/Sdks/Microsoft.NET.Sdk/targets/Microsoft.NET.DisableStandardFrameworkResolution.targets;/usr/share/dotnet/sdk/2.2.101/Sdks/Microsoft.NET.Sdk/targets/Microsoft.NET.GenerateAssemblyInfo.targets;/usr/share/dotnet/sdk/2.2.101/Sdks/Microsoft.NET.Sdk/targets/Microsoft.NET.ComposeStore.targets;/usr/share/dotnet/sdk/2.2.101/Sdks/Microsoft.NET.Sdk/targets/Microsoft.NET.CrossGen.targets;/usr/share/dotnet/sdk/2.2.101/Sdks/Microsoft.NET.Sdk/targets/Microsoft.NET.ObsoleteReferences.targets;/usr/share/dotnet/sdk/2.2.101/Sdks/Microsoft.NET.Sdk/targets/Microsoft.NET.Publish.targets;/usr/share/dotnet/sdk/2.2.101/Sdks/Microsoft.NET.Sdk/targets/Microsoft.NET.PreserveCompilationContext.targets;/usr/share/dotnet/sdk/2.2.101/Sdks/Microsoft.NET.Sdk/targets/Microsoft.NET.ConflictResolution.targets;/usr/share/dotnet/sdk/2.2.101/Sdks/Microsoft.NET.Sdk/targets/Microsoft.NET.DefaultPackageConflictOverrides.targets;/usr/share/dotnet/sdk/2.2.101/Sdks/Microsoft.NET.Sdk/targets/Microsoft.NET.Sdk.FSharp.targets" (previous value: ";/usr/share/dotnet/sdk/2.2.101/Sdks/Microsoft.NET.Sdk/Sdk/Sdk.props;/home/mdegallaix/Projects/yaml-parser/yaml-parser-tests/obj/yaml-parser-tests.fsproj.nuget.g.props;/home/mdegallaix/Projects/yaml-parser/yaml-parser-tests/obj/yaml-parser-tests.fsproj.paket.props;/usr/share/dotnet/sdk/2.2.101/Sdks/Microsoft.NET.Sdk/targets/Microsoft.NET.Sdk.props;/usr/share/dotnet/sdk/2.2.101/Sdks/Microsoft.NET.Sdk/targets/Microsoft.NET.Sdk.DefaultItems.props;/usr/share/dotnet/sdk/2.2.101/Sdks/Microsoft.NET.Sdk/targets/Microsoft.NET.SupportedTargetFrameworks.props;/usr/share/dotnet/sdk/2.2.101/Sdks/Microsoft.NET.Sdk/targets/Microsoft.NET.Sdk.FSharp.props;/usr/share/dotnet/sdk/2.2.101/FSharp/Microsoft.FSharp.NetSdk.props;/home/mdegallaix/Projects/yaml-parser/.paket/Paket.Restore.targets;/usr/share/dotnet/sdk/2.2.101/Sdks/Microsoft.NET.Sdk/Sdk/Sdk.targets;/usr/share/dotnet/sdk/2.2.101/Sdks/Microsoft.NET.Sdk/targets/Microsoft.NET.Sdk.BeforeCommon.targets;/usr/share/dotnet/sdk/2.2.101/Sdks/Microsoft.NET.Sdk/targets/Microsoft.NET.DefaultAssemblyInfo.targets;/usr/share/dotnet/sdk/2.2.101/Sdks/Microsoft.NET.Sdk/targets/Microsoft.NET.DefaultOutputPaths.targets;/usr/share/dotnet/sdk/2.2.101/Sdks/Microsoft.NET.Sdk/targets/Microsoft.NET.TargetFrameworkInference.targets;/usr/share/dotnet/sdk/2.2.101/Sdks/Microsoft.NET.Sdk/targets/Microsoft.NET.RuntimeIdentifierInference.targets;/usr/share/dotnet/sdk/2.2.101/Sdks/Microsoft.NET.Sdk/targets/Microsoft.NET.NuGetOfflineCache.targets;/usr/share/dotnet/sdk/2.2.101/Sdks/Microsoft.NET.Sdk/targets/Microsoft.NET.Sdk.FSharpTargetsShim.targets;/usr/share/dotnet/sdk/2.2.101/FSharp/Microsoft.FSharp.NetSdk.targets;/usr/share/dotnet/sdk/2.2.101/FSharp/Microsoft.FSharp.Targets;/home/mdegallaix/Projects/yaml-parser/yaml-parser-tests/yaml-parser-tests.fsproj;/usr/share/dotnet/sdk/2.2.101/Microsoft.Common.CurrentVersion.targets;/usr/share/dotnet/sdk/2.2.101/NuGet.targets;/usr/share/dotnet/sdk/2.2.101/15.0/Microsoft.Common.targets/ImportAfter/Microsoft.NET.Build.Extensions.targets;/usr/share/dotnet/sdk/2.2.101/Microsoft/Microsoft.NET.Build.Extensions/Microsoft.NET.Build.Extensions.targets;/usr/share/dotnet/sdk/2.2.101/15.0/Microsoft.Common.targets/ImportAfter/Microsoft.TestPlatform.ImportAfter.targets;/usr/share/dotnet/sdk/2.2.101/Microsoft.TestPlatform.targets;/home/mdegallaix/Projects/yaml-parser/yaml-parser-tests/obj/yaml-parser-tests.fsproj.nuget.g.targets;/home/mdegallaix/Projects/yaml-parser/yaml-parser-tests/obj/yaml-parser-tests.fsproj.proj-info.targets;/usr/share/dotnet/sdk/2.2.101/Sdks/Microsoft.NET.Sdk/targets/Microsoft.NET.Sdk.targets;/usr/share/dotnet/sdk/2.2.101/Sdks/Microsoft.NET.Sdk/targets/Microsoft.NET.Sdk.Common.targets;/usr/share/dotnet/sdk/2.2.101/Sdks/Microsoft.NET.Sdk/targets/Microsoft.PackageDependencyResolution.targets;/usr/share/dotnet/sdk/2.2.101/Sdks/Microsoft.NET.Sdk/targets/Microsoft.NET.Sdk.DefaultItems.targets;/usr/share/dotnet/sdk/2.2.101/Sdks/Microsoft.NET.Sdk/targets/Microsoft.NET.DisableStandardFrameworkResolution.targets;/usr/share/dotnet/sdk/2.2.101/Sdks/Microsoft.NET.Sdk/targets/Microsoft.NET.GenerateAssemblyInfo.targets;/usr/share/dotnet/sdk/2.2.101/Sdks/Microsoft.NET.Sdk/targets/Microsoft.NET.ComposeStore.targets;/usr/share/dotnet/sdk/2.2.101/Sdks/Microsoft.NET.Sdk/targets/Microsoft.NET.CrossGen.targets;/usr/share/dotnet/sdk/2.2.101/Sdks/Microsoft.NET.Sdk/targets/Microsoft.NET.ObsoleteReferences.targets;/usr/share/dotnet/sdk/2.2.101/Sdks/Microsoft.NET.Sdk/targets/Microsoft.NET.Publish.targets;/usr/share/dotnet/sdk/2.2.101/Sdks/Microsoft.NET.Sdk/targets/Microsoft.NET.PreserveCompilationContext.targets;/usr/share/dotnet/sdk/2.2.101/Sdks/Microsoft.NET.Sdk/targets/Microsoft.NET.ConflictResolution.targets;/usr/share/dotnet/sdk/2.2.101/Sdks/Microsoft.NET.Sdk/targets/Microsoft.NET.DefaultPackageConflictOverrides.targets") at /usr/share/dotnet/sdk/2.2.101/Sdks/Microsoft.NET.Sdk/targets/Microsoft.NET.Sdk.FSharp.targets (16,6)
       Property reassignment: $(MSBuildAllProjects)=";/usr/share/dotnet/sdk/2.2.101/Sdks/Microsoft.NET.Sdk/Sdk/Sdk.props;/home/mdegallaix/Projects/yaml-parser/yaml-parser-tests/obj/yaml-parser-tests.fsproj.nuget.g.props;/home/mdegallaix/Projects/yaml-parser/yaml-parser-tests/obj/yaml-parser-tests.fsproj.paket.props;/usr/share/dotnet/sdk/2.2.101/Sdks/Microsoft.NET.Sdk/targets/Microsoft.NET.Sdk.props;/usr/share/dotnet/sdk/2.2.101/Sdks/Microsoft.NET.Sdk/targets/Microsoft.NET.Sdk.DefaultItems.props;/usr/share/dotnet/sdk/2.2.101/Sdks/Microsoft.NET.Sdk/targets/Microsoft.NET.SupportedTargetFrameworks.props;/usr/share/dotnet/sdk/2.2.101/Sdks/Microsoft.NET.Sdk/targets/Microsoft.NET.Sdk.FSharp.props;/usr/share/dotnet/sdk/2.2.101/FSharp/Microsoft.FSharp.NetSdk.props;/home/mdegallaix/Projects/yaml-parser/.paket/Paket.Restore.targets;/usr/share/dotnet/sdk/2.2.101/Sdks/Microsoft.NET.Sdk/Sdk/Sdk.targets;/usr/share/dotnet/sdk/2.2.101/Sdks/Microsoft.NET.Sdk/targets/Microsoft.NET.Sdk.BeforeCommon.targets;/usr/share/dotnet/sdk/2.2.101/Sdks/Microsoft.NET.Sdk/targets/Microsoft.NET.DefaultAssemblyInfo.targets;/usr/share/dotnet/sdk/2.2.101/Sdks/Microsoft.NET.Sdk/targets/Microsoft.NET.DefaultOutputPaths.targets;/usr/share/dotnet/sdk/2.2.101/Sdks/Microsoft.NET.Sdk/targets/Microsoft.NET.TargetFrameworkInference.targets;/usr/share/dotnet/sdk/2.2.101/Sdks/Microsoft.NET.Sdk/targets/Microsoft.NET.RuntimeIdentifierInference.targets;/usr/share/dotnet/sdk/2.2.101/Sdks/Microsoft.NET.Sdk/targets/Microsoft.NET.NuGetOfflineCache.targets;/usr/share/dotnet/sdk/2.2.101/Sdks/Microsoft.NET.Sdk/targets/Microsoft.NET.Sdk.FSharpTargetsShim.targets;/usr/share/dotnet/sdk/2.2.101/FSharp/Microsoft.FSharp.NetSdk.targets;/usr/share/dotnet/sdk/2.2.101/FSharp/Microsoft.FSharp.Targets;/home/mdegallaix/Projects/yaml-parser/yaml-parser-tests/yaml-parser-tests.fsproj;/usr/share/dotnet/sdk/2.2.101/Microsoft.Common.CurrentVersion.targets;/usr/share/dotnet/sdk/2.2.101/NuGet.targets;/usr/share/dotnet/sdk/2.2.101/15.0/Microsoft.Common.targets/ImportAfter/Microsoft.NET.Build.Extensions.targets;/usr/share/dotnet/sdk/2.2.101/Microsoft/Microsoft.NET.Build.Extensions/Microsoft.NET.Build.Extensions.targets;/usr/share/dotnet/sdk/2.2.101/15.0/Microsoft.Common.targets/ImportAfter/Microsoft.TestPlatform.ImportAfter.targets;/usr/share/dotnet/sdk/2.2.101/Microsoft.TestPlatform.targets;/home/mdegallaix/Projects/yaml-parser/yaml-parser-tests/obj/yaml-parser-tests.fsproj.nuget.g.targets;/home/mdegallaix/Projects/yaml-parser/yaml-parser-tests/obj/yaml-parser-tests.fsproj.proj-info.targets;/usr/share/dotnet/sdk/2.2.101/Sdks/Microsoft.NET.Sdk/targets/Microsoft.NET.Sdk.targets;/usr/share/dotnet/sdk/2.2.101/Sdks/Microsoft.NET.Sdk/targets/Microsoft.NET.Sdk.Common.targets;/usr/share/dotnet/sdk/2.2.101/Sdks/Microsoft.NET.Sdk/targets/Microsoft.PackageDependencyResolution.targets;/usr/share/dotnet/sdk/2.2.101/Sdks/Microsoft.NET.Sdk/targets/Microsoft.NET.Sdk.DefaultItems.targets;/usr/share/dotnet/sdk/2.2.101/Sdks/Microsoft.NET.Sdk/targets/Microsoft.NET.DisableStandardFrameworkResolution.targets;/usr/share/dotnet/sdk/2.2.101/Sdks/Microsoft.NET.Sdk/targets/Microsoft.NET.GenerateAssemblyInfo.targets;/usr/share/dotnet/sdk/2.2.101/Sdks/Microsoft.NET.Sdk/targets/Microsoft.NET.ComposeStore.targets;/usr/share/dotnet/sdk/2.2.101/Sdks/Microsoft.NET.Sdk/targets/Microsoft.NET.CrossGen.targets;/usr/share/dotnet/sdk/2.2.101/Sdks/Microsoft.NET.Sdk/targets/Microsoft.NET.ObsoleteReferences.targets;/usr/share/dotnet/sdk/2.2.101/Sdks/Microsoft.NET.Sdk/targets/Microsoft.NET.Publish.targets;/usr/share/dotnet/sdk/2.2.101/Sdks/Microsoft.NET.Sdk/targets/Microsoft.NET.PreserveCompilationContext.targets;/usr/share/dotnet/sdk/2.2.101/Sdks/Microsoft.NET.Sdk/targets/Microsoft.NET.ConflictResolution.targets;/usr/share/dotnet/sdk/2.2.101/Sdks/Microsoft.NET.Sdk/targets/Microsoft.NET.DefaultPackageConflictOverrides.targets;/usr/share/dotnet/sdk/2.2.101/Sdks/Microsoft.NET.Sdk/targets/Microsoft.NET.Sdk.FSharp.targets;/usr/share/dotnet/sdk/2.2.101/FSharp/Microsoft.FSharp.Overrides.NetSdk.targets" (previous value: ";/usr/share/dotnet/sdk/2.2.101/Sdks/Microsoft.NET.Sdk/Sdk/Sdk.props;/home/mdegallaix/Projects/yaml-parser/yaml-parser-tests/obj/yaml-parser-tests.fsproj.nuget.g.props;/home/mdegallaix/Projects/yaml-parser/yaml-parser-tests/obj/yaml-parser-tests.fsproj.paket.props;/usr/share/dotnet/sdk/2.2.101/Sdks/Microsoft.NET.Sdk/targets/Microsoft.NET.Sdk.props;/usr/share/dotnet/sdk/2.2.101/Sdks/Microsoft.NET.Sdk/targets/Microsoft.NET.Sdk.DefaultItems.props;/usr/share/dotnet/sdk/2.2.101/Sdks/Microsoft.NET.Sdk/targets/Microsoft.NET.SupportedTargetFrameworks.props;/usr/share/dotnet/sdk/2.2.101/Sdks/Microsoft.NET.Sdk/targets/Microsoft.NET.Sdk.FSharp.props;/usr/share/dotnet/sdk/2.2.101/FSharp/Microsoft.FSharp.NetSdk.props;/home/mdegallaix/Projects/yaml-parser/.paket/Paket.Restore.targets;/usr/share/dotnet/sdk/2.2.101/Sdks/Microsoft.NET.Sdk/Sdk/Sdk.targets;/usr/share/dotnet/sdk/2.2.101/Sdks/Microsoft.NET.Sdk/targets/Microsoft.NET.Sdk.BeforeCommon.targets;/usr/share/dotnet/sdk/2.2.101/Sdks/Microsoft.NET.Sdk/targets/Microsoft.NET.DefaultAssemblyInfo.targets;/usr/share/dotnet/sdk/2.2.101/Sdks/Microsoft.NET.Sdk/targets/Microsoft.NET.DefaultOutputPaths.targets;/usr/share/dotnet/sdk/2.2.101/Sdks/Microsoft.NET.Sdk/targets/Microsoft.NET.TargetFrameworkInference.targets;/usr/share/dotnet/sdk/2.2.101/Sdks/Microsoft.NET.Sdk/targets/Microsoft.NET.RuntimeIdentifierInference.targets;/usr/share/dotnet/sdk/2.2.101/Sdks/Microsoft.NET.Sdk/targets/Microsoft.NET.NuGetOfflineCache.targets;/usr/share/dotnet/sdk/2.2.101/Sdks/Microsoft.NET.Sdk/targets/Microsoft.NET.Sdk.FSharpTargetsShim.targets;/usr/share/dotnet/sdk/2.2.101/FSharp/Microsoft.FSharp.NetSdk.targets;/usr/share/dotnet/sdk/2.2.101/FSharp/Microsoft.FSharp.Targets;/home/mdegallaix/Projects/yaml-parser/yaml-parser-tests/yaml-parser-tests.fsproj;/usr/share/dotnet/sdk/2.2.101/Microsoft.Common.CurrentVersion.targets;/usr/share/dotnet/sdk/2.2.101/NuGet.targets;/usr/share/dotnet/sdk/2.2.101/15.0/Microsoft.Common.targets/ImportAfter/Microsoft.NET.Build.Extensions.targets;/usr/share/dotnet/sdk/2.2.101/Microsoft/Microsoft.NET.Build.Extensions/Microsoft.NET.Build.Extensions.targets;/usr/share/dotnet/sdk/2.2.101/15.0/Microsoft.Common.targets/ImportAfter/Microsoft.TestPlatform.ImportAfter.targets;/usr/share/dotnet/sdk/2.2.101/Microsoft.TestPlatform.targets;/home/mdegallaix/Projects/yaml-parser/yaml-parser-tests/obj/yaml-parser-tests.fsproj.nuget.g.targets;/home/mdegallaix/Projects/yaml-parser/yaml-parser-tests/obj/yaml-parser-tests.fsproj.proj-info.targets;/usr/share/dotnet/sdk/2.2.101/Sdks/Microsoft.NET.Sdk/targets/Microsoft.NET.Sdk.targets;/usr/share/dotnet/sdk/2.2.101/Sdks/Microsoft.NET.Sdk/targets/Microsoft.NET.Sdk.Common.targets;/usr/share/dotnet/sdk/2.2.101/Sdks/Microsoft.NET.Sdk/targets/Microsoft.PackageDependencyResolution.targets;/usr/share/dotnet/sdk/2.2.101/Sdks/Microsoft.NET.Sdk/targets/Microsoft.NET.Sdk.DefaultItems.targets;/usr/share/dotnet/sdk/2.2.101/Sdks/Microsoft.NET.Sdk/targets/Microsoft.NET.DisableStandardFrameworkResolution.targets;/usr/share/dotnet/sdk/2.2.101/Sdks/Microsoft.NET.Sdk/targets/Microsoft.NET.GenerateAssemblyInfo.targets;/usr/share/dotnet/sdk/2.2.101/Sdks/Microsoft.NET.Sdk/targets/Microsoft.NET.ComposeStore.targets;/usr/share/dotnet/sdk/2.2.101/Sdks/Microsoft.NET.Sdk/targets/Microsoft.NET.CrossGen.targets;/usr/share/dotnet/sdk/2.2.101/Sdks/Microsoft.NET.Sdk/targets/Microsoft.NET.ObsoleteReferences.targets;/usr/share/dotnet/sdk/2.2.101/Sdks/Microsoft.NET.Sdk/targets/Microsoft.NET.Publish.targets;/usr/share/dotnet/sdk/2.2.101/Sdks/Microsoft.NET.Sdk/targets/Microsoft.NET.PreserveCompilationContext.targets;/usr/share/dotnet/sdk/2.2.101/Sdks/Microsoft.NET.Sdk/targets/Microsoft.NET.ConflictResolution.targets;/usr/share/dotnet/sdk/2.2.101/Sdks/Microsoft.NET.Sdk/targets/Microsoft.NET.DefaultPackageConflictOverrides.targets;/usr/share/dotnet/sdk/2.2.101/Sdks/Microsoft.NET.Sdk/targets/Microsoft.NET.Sdk.FSharp.targets") at /usr/share/dotnet/sdk/2.2.101/FSharp/Microsoft.FSharp.Overrides.NetSdk.targets (17,5)
       Property reassignment: $(DefineConstants)="TRACE;DEBUG;NETCOREAPP;NETCOREAPP2_1" (previous value: "TRACE;DEBUG") at /usr/share/dotnet/sdk/2.2.101/Sdks/Microsoft.NET.Sdk/targets/Microsoft.NET.Sdk.FSharp.targets (32,5)
       Property reassignment: $(MSBuildAllProjects)=";/usr/share/dotnet/sdk/2.2.101/Sdks/Microsoft.NET.Sdk/Sdk/Sdk.props;/home/mdegallaix/Projects/yaml-parser/yaml-parser-tests/obj/yaml-parser-tests.fsproj.nuget.g.props;/home/mdegallaix/Projects/yaml-parser/yaml-parser-tests/obj/yaml-parser-tests.fsproj.paket.props;/usr/share/dotnet/sdk/2.2.101/Sdks/Microsoft.NET.Sdk/targets/Microsoft.NET.Sdk.props;/usr/share/dotnet/sdk/2.2.101/Sdks/Microsoft.NET.Sdk/targets/Microsoft.NET.Sdk.DefaultItems.props;/usr/share/dotnet/sdk/2.2.101/Sdks/Microsoft.NET.Sdk/targets/Microsoft.NET.SupportedTargetFrameworks.props;/usr/share/dotnet/sdk/2.2.101/Sdks/Microsoft.NET.Sdk/targets/Microsoft.NET.Sdk.FSharp.props;/usr/share/dotnet/sdk/2.2.101/FSharp/Microsoft.FSharp.NetSdk.props;/home/mdegallaix/Projects/yaml-parser/.paket/Paket.Restore.targets;/usr/share/dotnet/sdk/2.2.101/Sdks/Microsoft.NET.Sdk/Sdk/Sdk.targets;/usr/share/dotnet/sdk/2.2.101/Sdks/Microsoft.NET.Sdk/targets/Microsoft.NET.Sdk.BeforeCommon.targets;/usr/share/dotnet/sdk/2.2.101/Sdks/Microsoft.NET.Sdk/targets/Microsoft.NET.DefaultAssemblyInfo.targets;/usr/share/dotnet/sdk/2.2.101/Sdks/Microsoft.NET.Sdk/targets/Microsoft.NET.DefaultOutputPaths.targets;/usr/share/dotnet/sdk/2.2.101/Sdks/Microsoft.NET.Sdk/targets/Microsoft.NET.TargetFrameworkInference.targets;/usr/share/dotnet/sdk/2.2.101/Sdks/Microsoft.NET.Sdk/targets/Microsoft.NET.RuntimeIdentifierInference.targets;/usr/share/dotnet/sdk/2.2.101/Sdks/Microsoft.NET.Sdk/targets/Microsoft.NET.NuGetOfflineCache.targets;/usr/share/dotnet/sdk/2.2.101/Sdks/Microsoft.NET.Sdk/targets/Microsoft.NET.Sdk.FSharpTargetsShim.targets;/usr/share/dotnet/sdk/2.2.101/FSharp/Microsoft.FSharp.NetSdk.targets;/usr/share/dotnet/sdk/2.2.101/FSharp/Microsoft.FSharp.Targets;/home/mdegallaix/Projects/yaml-parser/yaml-parser-tests/yaml-parser-tests.fsproj;/usr/share/dotnet/sdk/2.2.101/Microsoft.Common.CurrentVersion.targets;/usr/share/dotnet/sdk/2.2.101/NuGet.targets;/usr/share/dotnet/sdk/2.2.101/15.0/Microsoft.Common.targets/ImportAfter/Microsoft.NET.Build.Extensions.targets;/usr/share/dotnet/sdk/2.2.101/Microsoft/Microsoft.NET.Build.Extensions/Microsoft.NET.Build.Extensions.targets;/usr/share/dotnet/sdk/2.2.101/15.0/Microsoft.Common.targets/ImportAfter/Microsoft.TestPlatform.ImportAfter.targets;/usr/share/dotnet/sdk/2.2.101/Microsoft.TestPlatform.targets;/home/mdegallaix/Projects/yaml-parser/yaml-parser-tests/obj/yaml-parser-tests.fsproj.nuget.g.targets;/home/mdegallaix/Projects/yaml-parser/yaml-parser-tests/obj/yaml-parser-tests.fsproj.proj-info.targets;/usr/share/dotnet/sdk/2.2.101/Sdks/Microsoft.NET.Sdk/targets/Microsoft.NET.Sdk.targets;/usr/share/dotnet/sdk/2.2.101/Sdks/Microsoft.NET.Sdk/targets/Microsoft.NET.Sdk.Common.targets;/usr/share/dotnet/sdk/2.2.101/Sdks/Microsoft.NET.Sdk/targets/Microsoft.PackageDependencyResolution.targets;/usr/share/dotnet/sdk/2.2.101/Sdks/Microsoft.NET.Sdk/targets/Microsoft.NET.Sdk.DefaultItems.targets;/usr/share/dotnet/sdk/2.2.101/Sdks/Microsoft.NET.Sdk/targets/Microsoft.NET.DisableStandardFrameworkResolution.targets;/usr/share/dotnet/sdk/2.2.101/Sdks/Microsoft.NET.Sdk/targets/Microsoft.NET.GenerateAssemblyInfo.targets;/usr/share/dotnet/sdk/2.2.101/Sdks/Microsoft.NET.Sdk/targets/Microsoft.NET.ComposeStore.targets;/usr/share/dotnet/sdk/2.2.101/Sdks/Microsoft.NET.Sdk/targets/Microsoft.NET.CrossGen.targets;/usr/share/dotnet/sdk/2.2.101/Sdks/Microsoft.NET.Sdk/targets/Microsoft.NET.ObsoleteReferences.targets;/usr/share/dotnet/sdk/2.2.101/Sdks/Microsoft.NET.Sdk/targets/Microsoft.NET.Publish.targets;/usr/share/dotnet/sdk/2.2.101/Sdks/Microsoft.NET.Sdk/targets/Microsoft.NET.PreserveCompilationContext.targets;/usr/share/dotnet/sdk/2.2.101/Sdks/Microsoft.NET.Sdk/targets/Microsoft.NET.ConflictResolution.targets;/usr/share/dotnet/sdk/2.2.101/Sdks/Microsoft.NET.Sdk/targets/Microsoft.NET.DefaultPackageConflictOverrides.targets;/usr/share/dotnet/sdk/2.2.101/Sdks/Microsoft.NET.Sdk/targets/Microsoft.NET.Sdk.FSharp.targets;/usr/share/dotnet/sdk/2.2.101/FSharp/Microsoft.FSharp.Overrides.NetSdk.targets;/usr/share/dotnet/sdk/2.2.101/Sdks/NuGet.Build.Tasks.Pack/build/NuGet.Build.Tasks.Pack.targets" (previous value: ";/usr/share/dotnet/sdk/2.2.101/Sdks/Microsoft.NET.Sdk/Sdk/Sdk.props;/home/mdegallaix/Projects/yaml-parser/yaml-parser-tests/obj/yaml-parser-tests.fsproj.nuget.g.props;/home/mdegallaix/Projects/yaml-parser/yaml-parser-tests/obj/yaml-parser-tests.fsproj.paket.props;/usr/share/dotnet/sdk/2.2.101/Sdks/Microsoft.NET.Sdk/targets/Microsoft.NET.Sdk.props;/usr/share/dotnet/sdk/2.2.101/Sdks/Microsoft.NET.Sdk/targets/Microsoft.NET.Sdk.DefaultItems.props;/usr/share/dotnet/sdk/2.2.101/Sdks/Microsoft.NET.Sdk/targets/Microsoft.NET.SupportedTargetFrameworks.props;/usr/share/dotnet/sdk/2.2.101/Sdks/Microsoft.NET.Sdk/targets/Microsoft.NET.Sdk.FSharp.props;/usr/share/dotnet/sdk/2.2.101/FSharp/Microsoft.FSharp.NetSdk.props;/home/mdegallaix/Projects/yaml-parser/.paket/Paket.Restore.targets;/usr/share/dotnet/sdk/2.2.101/Sdks/Microsoft.NET.Sdk/Sdk/Sdk.targets;/usr/share/dotnet/sdk/2.2.101/Sdks/Microsoft.NET.Sdk/targets/Microsoft.NET.Sdk.BeforeCommon.targets;/usr/share/dotnet/sdk/2.2.101/Sdks/Microsoft.NET.Sdk/targets/Microsoft.NET.DefaultAssemblyInfo.targets;/usr/share/dotnet/sdk/2.2.101/Sdks/Microsoft.NET.Sdk/targets/Microsoft.NET.DefaultOutputPaths.targets;/usr/share/dotnet/sdk/2.2.101/Sdks/Microsoft.NET.Sdk/targets/Microsoft.NET.TargetFrameworkInference.targets;/usr/share/dotnet/sdk/2.2.101/Sdks/Microsoft.NET.Sdk/targets/Microsoft.NET.RuntimeIdentifierInference.targets;/usr/share/dotnet/sdk/2.2.101/Sdks/Microsoft.NET.Sdk/targets/Microsoft.NET.NuGetOfflineCache.targets;/usr/share/dotnet/sdk/2.2.101/Sdks/Microsoft.NET.Sdk/targets/Microsoft.NET.Sdk.FSharpTargetsShim.targets;/usr/share/dotnet/sdk/2.2.101/FSharp/Microsoft.FSharp.NetSdk.targets;/usr/share/dotnet/sdk/2.2.101/FSharp/Microsoft.FSharp.Targets;/home/mdegallaix/Projects/yaml-parser/yaml-parser-tests/yaml-parser-tests.fsproj;/usr/share/dotnet/sdk/2.2.101/Microsoft.Common.CurrentVersion.targets;/usr/share/dotnet/sdk/2.2.101/NuGet.targets;/usr/share/dotnet/sdk/2.2.101/15.0/Microsoft.Common.targets/ImportAfter/Microsoft.NET.Build.Extensions.targets;/usr/share/dotnet/sdk/2.2.101/Microsoft/Microsoft.NET.Build.Extensions/Microsoft.NET.Build.Extensions.targets;/usr/share/dotnet/sdk/2.2.101/15.0/Microsoft.Common.targets/ImportAfter/Microsoft.TestPlatform.ImportAfter.targets;/usr/share/dotnet/sdk/2.2.101/Microsoft.TestPlatform.targets;/home/mdegallaix/Projects/yaml-parser/yaml-parser-tests/obj/yaml-parser-tests.fsproj.nuget.g.targets;/home/mdegallaix/Projects/yaml-parser/yaml-parser-tests/obj/yaml-parser-tests.fsproj.proj-info.targets;/usr/share/dotnet/sdk/2.2.101/Sdks/Microsoft.NET.Sdk/targets/Microsoft.NET.Sdk.targets;/usr/share/dotnet/sdk/2.2.101/Sdks/Microsoft.NET.Sdk/targets/Microsoft.NET.Sdk.Common.targets;/usr/share/dotnet/sdk/2.2.101/Sdks/Microsoft.NET.Sdk/targets/Microsoft.PackageDependencyResolution.targets;/usr/share/dotnet/sdk/2.2.101/Sdks/Microsoft.NET.Sdk/targets/Microsoft.NET.Sdk.DefaultItems.targets;/usr/share/dotnet/sdk/2.2.101/Sdks/Microsoft.NET.Sdk/targets/Microsoft.NET.DisableStandardFrameworkResolution.targets;/usr/share/dotnet/sdk/2.2.101/Sdks/Microsoft.NET.Sdk/targets/Microsoft.NET.GenerateAssemblyInfo.targets;/usr/share/dotnet/sdk/2.2.101/Sdks/Microsoft.NET.Sdk/targets/Microsoft.NET.ComposeStore.targets;/usr/share/dotnet/sdk/2.2.101/Sdks/Microsoft.NET.Sdk/targets/Microsoft.NET.CrossGen.targets;/usr/share/dotnet/sdk/2.2.101/Sdks/Microsoft.NET.Sdk/targets/Microsoft.NET.ObsoleteReferences.targets;/usr/share/dotnet/sdk/2.2.101/Sdks/Microsoft.NET.Sdk/targets/Microsoft.NET.Publish.targets;/usr/share/dotnet/sdk/2.2.101/Sdks/Microsoft.NET.Sdk/targets/Microsoft.NET.PreserveCompilationContext.targets;/usr/share/dotnet/sdk/2.2.101/Sdks/Microsoft.NET.Sdk/targets/Microsoft.NET.ConflictResolution.targets;/usr/share/dotnet/sdk/2.2.101/Sdks/Microsoft.NET.Sdk/targets/Microsoft.NET.DefaultPackageConflictOverrides.targets;/usr/share/dotnet/sdk/2.2.101/Sdks/Microsoft.NET.Sdk/targets/Microsoft.NET.Sdk.FSharp.targets;/usr/share/dotnet/sdk/2.2.101/FSharp/Microsoft.FSharp.Overrides.NetSdk.targets") at /usr/share/dotnet/sdk/2.2.101/Sdks/NuGet.Build.Tasks.Pack/build/NuGet.Build.Tasks.Pack.targets (18,5)
       Property reassignment: $(MSBuildAllProjects)=";/usr/share/dotnet/sdk/2.2.101/Sdks/Microsoft.NET.Sdk/Sdk/Sdk.props;/home/mdegallaix/Projects/yaml-parser/yaml-parser/obj/yaml-parser.fsproj.nuget.g.props;/home/mdegallaix/Projects/yaml-parser/yaml-parser/obj/yaml-parser.fsproj.paket.props;/usr/share/dotnet/sdk/2.2.101/Sdks/Microsoft.NET.Sdk/targets/Microsoft.NET.Sdk.props;/usr/share/dotnet/sdk/2.2.101/Sdks/Microsoft.NET.Sdk/targets/Microsoft.NET.Sdk.DefaultItems.props;/usr/share/dotnet/sdk/2.2.101/Sdks/Microsoft.NET.Sdk/targets/Microsoft.NET.SupportedTargetFrameworks.props;/usr/share/dotnet/sdk/2.2.101/Sdks/Microsoft.NET.Sdk/targets/Microsoft.NET.Sdk.FSharp.props;/usr/share/dotnet/sdk/2.2.101/FSharp/Microsoft.FSharp.NetSdk.props;/home/mdegallaix/Projects/yaml-parser/.paket/Paket.Restore.targets;/usr/share/dotnet/sdk/2.2.101/Sdks/Microsoft.NET.Sdk/Sdk/Sdk.targets;/usr/share/dotnet/sdk/2.2.101/Sdks/Microsoft.NET.Sdk/targets/Microsoft.NET.Sdk.BeforeCommon.targets;/usr/share/dotnet/sdk/2.2.101/Sdks/Microsoft.NET.Sdk/targets/Microsoft.NET.DefaultAssemblyInfo.targets;/usr/share/dotnet/sdk/2.2.101/Sdks/Microsoft.NET.Sdk/targets/Microsoft.NET.DefaultOutputPaths.targets;/usr/share/dotnet/sdk/2.2.101/Sdks/Microsoft.NET.Sdk/targets/Microsoft.NET.TargetFrameworkInference.targets;/usr/share/dotnet/sdk/2.2.101/Sdks/Microsoft.NET.Sdk/targets/Microsoft.NET.RuntimeIdentifierInference.targets;/usr/share/dotnet/sdk/2.2.101/Sdks/Microsoft.NET.Sdk/targets/Microsoft.NET.NuGetOfflineCache.targets" (previous value: ";/usr/share/dotnet/sdk/2.2.101/Sdks/Microsoft.NET.Sdk/Sdk/Sdk.props;/home/mdegallaix/Projects/yaml-parser/yaml-parser/obj/yaml-parser.fsproj.nuget.g.props;/home/mdegallaix/Projects/yaml-parser/yaml-parser/obj/yaml-parser.fsproj.paket.props;/usr/share/dotnet/sdk/2.2.101/Sdks/Microsoft.NET.Sdk/targets/Microsoft.NET.Sdk.props;/usr/share/dotnet/sdk/2.2.101/Sdks/Microsoft.NET.Sdk/targets/Microsoft.NET.Sdk.DefaultItems.props;/usr/share/dotnet/sdk/2.2.101/Sdks/Microsoft.NET.Sdk/targets/Microsoft.NET.SupportedTargetFrameworks.props;/usr/share/dotnet/sdk/2.2.101/Sdks/Microsoft.NET.Sdk/targets/Microsoft.NET.Sdk.FSharp.props;/usr/share/dotnet/sdk/2.2.101/FSharp/Microsoft.FSharp.NetSdk.props;/home/mdegallaix/Projects/yaml-parser/.paket/Paket.Restore.targets;/usr/share/dotnet/sdk/2.2.101/Sdks/Microsoft.NET.Sdk/Sdk/Sdk.targets;/usr/share/dotnet/sdk/2.2.101/Sdks/Microsoft.NET.Sdk/targets/Microsoft.NET.Sdk.BeforeCommon.targets;/usr/share/dotnet/sdk/2.2.101/Sdks/Microsoft.NET.Sdk/targets/Microsoft.NET.DefaultAssemblyInfo.targets;/usr/share/dotnet/sdk/2.2.101/Sdks/Microsoft.NET.Sdk/targets/Microsoft.NET.DefaultOutputPaths.targets;/usr/share/dotnet/sdk/2.2.101/Sdks/Microsoft.NET.Sdk/targets/Microsoft.NET.TargetFrameworkInference.targets;/usr/share/dotnet/sdk/2.2.101/Sdks/Microsoft.NET.Sdk/targets/Microsoft.NET.RuntimeIdentifierInference.targets") at /usr/share/dotnet/sdk/2.2.101/Sdks/Microsoft.NET.Sdk/targets/Microsoft.NET.NuGetOfflineCache.targets (15,5)
       Property reassignment: $(PackageDescription)="Package Description" (previous value: "") at /usr/share/dotnet/sdk/2.2.101/Sdks/NuGet.Build.Tasks.Pack/build/NuGet.Build.Tasks.Pack.targets (32,5)
       Property reassignment: $(GenerateNuspecDependsOn)="Build;_LoadPackInputItems; _GetTargetFrameworksOutput; _WalkEachTargetPerFramework; _GetPackageFiles; " (previous value: "_LoadPackInputItems; _GetTargetFrameworksOutput; _WalkEachTargetPerFramework; _GetPackageFiles; ") at /usr/share/dotnet/sdk/2.2.101/Sdks/NuGet.Build.Tasks.Pack/build/NuGet.Build.Tasks.Pack.targets (56,5)
       Property reassignment: $(_FrameworkVersionForImplicitDefine)="1_6" (previous value: "1.6") at /usr/share/dotnet/sdk/2.2.101/Sdks/Microsoft.NET.Sdk/targets/Microsoft.NET.Sdk.BeforeCommon.targets (156,5)
       Property reassignment: $(MSBuildAllProjects)=";/usr/share/dotnet/sdk/2.2.101/Sdks/Microsoft.NET.Sdk/Sdk/Sdk.props;/home/mdegallaix/Projects/yaml-parser/yaml-parser/obj/yaml-parser.fsproj.nuget.g.props;/home/mdegallaix/Projects/yaml-parser/yaml-parser/obj/yaml-parser.fsproj.paket.props;/usr/share/dotnet/sdk/2.2.101/Sdks/Microsoft.NET.Sdk/targets/Microsoft.NET.Sdk.props;/usr/share/dotnet/sdk/2.2.101/Sdks/Microsoft.NET.Sdk/targets/Microsoft.NET.Sdk.DefaultItems.props;/usr/share/dotnet/sdk/2.2.101/Sdks/Microsoft.NET.Sdk/targets/Microsoft.NET.SupportedTargetFrameworks.props;/usr/share/dotnet/sdk/2.2.101/Sdks/Microsoft.NET.Sdk/targets/Microsoft.NET.Sdk.FSharp.props;/usr/share/dotnet/sdk/2.2.101/FSharp/Microsoft.FSharp.NetSdk.props;/home/mdegallaix/Projects/yaml-parser/.paket/Paket.Restore.targets;/usr/share/dotnet/sdk/2.2.101/Sdks/Microsoft.NET.Sdk/Sdk/Sdk.targets;/usr/share/dotnet/sdk/2.2.101/Sdks/Microsoft.NET.Sdk/targets/Microsoft.NET.Sdk.BeforeCommon.targets;/usr/share/dotnet/sdk/2.2.101/Sdks/Microsoft.NET.Sdk/targets/Microsoft.NET.DefaultAssemblyInfo.targets;/usr/share/dotnet/sdk/2.2.101/Sdks/Microsoft.NET.Sdk/targets/Microsoft.NET.DefaultOutputPaths.targets;/usr/share/dotnet/sdk/2.2.101/Sdks/Microsoft.NET.Sdk/targets/Microsoft.NET.TargetFrameworkInference.targets;/usr/share/dotnet/sdk/2.2.101/Sdks/Microsoft.NET.Sdk/targets/Microsoft.NET.RuntimeIdentifierInference.targets;/usr/share/dotnet/sdk/2.2.101/Sdks/Microsoft.NET.Sdk/targets/Microsoft.NET.NuGetOfflineCache.targets;/usr/share/dotnet/sdk/2.2.101/Sdks/Microsoft.NET.Sdk/targets/Microsoft.NET.Sdk.FSharpTargetsShim.targets" (previous value: ";/usr/share/dotnet/sdk/2.2.101/Sdks/Microsoft.NET.Sdk/Sdk/Sdk.props;/home/mdegallaix/Projects/yaml-parser/yaml-parser/obj/yaml-parser.fsproj.nuget.g.props;/home/mdegallaix/Projects/yaml-parser/yaml-parser/obj/yaml-parser.fsproj.paket.props;/usr/share/dotnet/sdk/2.2.101/Sdks/Microsoft.NET.Sdk/targets/Microsoft.NET.Sdk.props;/usr/share/dotnet/sdk/2.2.101/Sdks/Microsoft.NET.Sdk/targets/Microsoft.NET.Sdk.DefaultItems.props;/usr/share/dotnet/sdk/2.2.101/Sdks/Microsoft.NET.Sdk/targets/Microsoft.NET.SupportedTargetFrameworks.props;/usr/share/dotnet/sdk/2.2.101/Sdks/Microsoft.NET.Sdk/targets/Microsoft.NET.Sdk.FSharp.props;/usr/share/dotnet/sdk/2.2.101/FSharp/Microsoft.FSharp.NetSdk.props;/home/mdegallaix/Projects/yaml-parser/.paket/Paket.Restore.targets;/usr/share/dotnet/sdk/2.2.101/Sdks/Microsoft.NET.Sdk/Sdk/Sdk.targets;/usr/share/dotnet/sdk/2.2.101/Sdks/Microsoft.NET.Sdk/targets/Microsoft.NET.Sdk.BeforeCommon.targets;/usr/share/dotnet/sdk/2.2.101/Sdks/Microsoft.NET.Sdk/targets/Microsoft.NET.DefaultAssemblyInfo.targets;/usr/share/dotnet/sdk/2.2.101/Sdks/Microsoft.NET.Sdk/targets/Microsoft.NET.DefaultOutputPaths.targets;/usr/share/dotnet/sdk/2.2.101/Sdks/Microsoft.NET.Sdk/targets/Microsoft.NET.TargetFrameworkInference.targets;/usr/share/dotnet/sdk/2.2.101/Sdks/Microsoft.NET.Sdk/targets/Microsoft.NET.RuntimeIdentifierInference.targets;/usr/share/dotnet/sdk/2.2.101/Sdks/Microsoft.NET.Sdk/targets/Microsoft.NET.NuGetOfflineCache.targets") at /usr/share/dotnet/sdk/2.2.101/Sdks/Microsoft.NET.Sdk/targets/Microsoft.NET.Sdk.FSharpTargetsShim.targets (16,6)
       Property reassignment: $(DefineConstants)="TRACE;DEBUG" (previous value: "TRACE") at /usr/share/dotnet/sdk/2.2.101/Sdks/Microsoft.NET.Sdk/targets/Microsoft.NET.Sdk.FSharpTargetsShim.targets (37,5)
       Property reassignment: $(MSBuildAllProjects)=";/usr/share/dotnet/sdk/2.2.101/Sdks/Microsoft.NET.Sdk/Sdk/Sdk.props;/home/mdegallaix/Projects/yaml-parser/yaml-parser/obj/yaml-parser.fsproj.nuget.g.props;/home/mdegallaix/Projects/yaml-parser/yaml-parser/obj/yaml-parser.fsproj.paket.props;/usr/share/dotnet/sdk/2.2.101/Sdks/Microsoft.NET.Sdk/targets/Microsoft.NET.Sdk.props;/usr/share/dotnet/sdk/2.2.101/Sdks/Microsoft.NET.Sdk/targets/Microsoft.NET.Sdk.DefaultItems.props;/usr/share/dotnet/sdk/2.2.101/Sdks/Microsoft.NET.Sdk/targets/Microsoft.NET.SupportedTargetFrameworks.props;/usr/share/dotnet/sdk/2.2.101/Sdks/Microsoft.NET.Sdk/targets/Microsoft.NET.Sdk.FSharp.props;/usr/share/dotnet/sdk/2.2.101/FSharp/Microsoft.FSharp.NetSdk.props;/home/mdegallaix/Projects/yaml-parser/.paket/Paket.Restore.targets;/usr/share/dotnet/sdk/2.2.101/Sdks/Microsoft.NET.Sdk/Sdk/Sdk.targets;/usr/share/dotnet/sdk/2.2.101/Sdks/Microsoft.NET.Sdk/targets/Microsoft.NET.Sdk.BeforeCommon.targets;/usr/share/dotnet/sdk/2.2.101/Sdks/Microsoft.NET.Sdk/targets/Microsoft.NET.DefaultAssemblyInfo.targets;/usr/share/dotnet/sdk/2.2.101/Sdks/Microsoft.NET.Sdk/targets/Microsoft.NET.DefaultOutputPaths.targets;/usr/share/dotnet/sdk/2.2.101/Sdks/Microsoft.NET.Sdk/targets/Microsoft.NET.TargetFrameworkInference.targets;/usr/share/dotnet/sdk/2.2.101/Sdks/Microsoft.NET.Sdk/targets/Microsoft.NET.RuntimeIdentifierInference.targets;/usr/share/dotnet/sdk/2.2.101/Sdks/Microsoft.NET.Sdk/targets/Microsoft.NET.NuGetOfflineCache.targets;/usr/share/dotnet/sdk/2.2.101/Sdks/Microsoft.NET.Sdk/targets/Microsoft.NET.Sdk.FSharpTargetsShim.targets;/usr/share/dotnet/sdk/2.2.101/FSharp/Microsoft.FSharp.NetSdk.targets" (previous value: ";/usr/share/dotnet/sdk/2.2.101/Sdks/Microsoft.NET.Sdk/Sdk/Sdk.props;/home/mdegallaix/Projects/yaml-parser/yaml-parser/obj/yaml-parser.fsproj.nuget.g.props;/home/mdegallaix/Projects/yaml-parser/yaml-parser/obj/yaml-parser.fsproj.paket.props;/usr/share/dotnet/sdk/2.2.101/Sdks/Microsoft.NET.Sdk/targets/Microsoft.NET.Sdk.props;/usr/share/dotnet/sdk/2.2.101/Sdks/Microsoft.NET.Sdk/targets/Microsoft.NET.Sdk.DefaultItems.props;/usr/share/dotnet/sdk/2.2.101/Sdks/Microsoft.NET.Sdk/targets/Microsoft.NET.SupportedTargetFrameworks.props;/usr/share/dotnet/sdk/2.2.101/Sdks/Microsoft.NET.Sdk/targets/Microsoft.NET.Sdk.FSharp.props;/usr/share/dotnet/sdk/2.2.101/FSharp/Microsoft.FSharp.NetSdk.props;/home/mdegallaix/Projects/yaml-parser/.paket/Paket.Restore.targets;/usr/share/dotnet/sdk/2.2.101/Sdks/Microsoft.NET.Sdk/Sdk/Sdk.targets;/usr/share/dotnet/sdk/2.2.101/Sdks/Microsoft.NET.Sdk/targets/Microsoft.NET.Sdk.BeforeCommon.targets;/usr/share/dotnet/sdk/2.2.101/Sdks/Microsoft.NET.Sdk/targets/Microsoft.NET.DefaultAssemblyInfo.targets;/usr/share/dotnet/sdk/2.2.101/Sdks/Microsoft.NET.Sdk/targets/Microsoft.NET.DefaultOutputPaths.targets;/usr/share/dotnet/sdk/2.2.101/Sdks/Microsoft.NET.Sdk/targets/Microsoft.NET.TargetFrameworkInference.targets;/usr/share/dotnet/sdk/2.2.101/Sdks/Microsoft.NET.Sdk/targets/Microsoft.NET.RuntimeIdentifierInference.targets;/usr/share/dotnet/sdk/2.2.101/Sdks/Microsoft.NET.Sdk/targets/Microsoft.NET.NuGetOfflineCache.targets;/usr/share/dotnet/sdk/2.2.101/Sdks/Microsoft.NET.Sdk/targets/Microsoft.NET.Sdk.FSharpTargetsShim.targets") at /usr/share/dotnet/sdk/2.2.101/FSharp/Microsoft.FSharp.NetSdk.targets (17,5)
       Property reassignment: $(MSBuildAllProjects)=";/usr/share/dotnet/sdk/2.2.101/Sdks/Microsoft.NET.Sdk/Sdk/Sdk.props;/home/mdegallaix/Projects/yaml-parser/yaml-parser/obj/yaml-parser.fsproj.nuget.g.props;/home/mdegallaix/Projects/yaml-parser/yaml-parser/obj/yaml-parser.fsproj.paket.props;/usr/share/dotnet/sdk/2.2.101/Sdks/Microsoft.NET.Sdk/targets/Microsoft.NET.Sdk.props;/usr/share/dotnet/sdk/2.2.101/Sdks/Microsoft.NET.Sdk/targets/Microsoft.NET.Sdk.DefaultItems.props;/usr/share/dotnet/sdk/2.2.101/Sdks/Microsoft.NET.Sdk/targets/Microsoft.NET.SupportedTargetFrameworks.props;/usr/share/dotnet/sdk/2.2.101/Sdks/Microsoft.NET.Sdk/targets/Microsoft.NET.Sdk.FSharp.props;/usr/share/dotnet/sdk/2.2.101/FSharp/Microsoft.FSharp.NetSdk.props;/home/mdegallaix/Projects/yaml-parser/.paket/Paket.Restore.targets;/usr/share/dotnet/sdk/2.2.101/Sdks/Microsoft.NET.Sdk/Sdk/Sdk.targets;/usr/share/dotnet/sdk/2.2.101/Sdks/Microsoft.NET.Sdk/targets/Microsoft.NET.Sdk.BeforeCommon.targets;/usr/share/dotnet/sdk/2.2.101/Sdks/Microsoft.NET.Sdk/targets/Microsoft.NET.DefaultAssemblyInfo.targets;/usr/share/dotnet/sdk/2.2.101/Sdks/Microsoft.NET.Sdk/targets/Microsoft.NET.DefaultOutputPaths.targets;/usr/share/dotnet/sdk/2.2.101/Sdks/Microsoft.NET.Sdk/targets/Microsoft.NET.TargetFrameworkInference.targets;/usr/share/dotnet/sdk/2.2.101/Sdks/Microsoft.NET.Sdk/targets/Microsoft.NET.RuntimeIdentifierInference.targets;/usr/share/dotnet/sdk/2.2.101/Sdks/Microsoft.NET.Sdk/targets/Microsoft.NET.NuGetOfflineCache.targets;/usr/share/dotnet/sdk/2.2.101/Sdks/Microsoft.NET.Sdk/targets/Microsoft.NET.Sdk.FSharpTargetsShim.targets;/usr/share/dotnet/sdk/2.2.101/FSharp/Microsoft.FSharp.NetSdk.targets;/usr/share/dotnet/sdk/2.2.101/FSharp/Microsoft.FSharp.Targets" (previous value: ";/usr/share/dotnet/sdk/2.2.101/Sdks/Microsoft.NET.Sdk/Sdk/Sdk.props;/home/mdegallaix/Projects/yaml-parser/yaml-parser/obj/yaml-parser.fsproj.nuget.g.props;/home/mdegallaix/Projects/yaml-parser/yaml-parser/obj/yaml-parser.fsproj.paket.props;/usr/share/dotnet/sdk/2.2.101/Sdks/Microsoft.NET.Sdk/targets/Microsoft.NET.Sdk.props;/usr/share/dotnet/sdk/2.2.101/Sdks/Microsoft.NET.Sdk/targets/Microsoft.NET.Sdk.DefaultItems.props;/usr/share/dotnet/sdk/2.2.101/Sdks/Microsoft.NET.Sdk/targets/Microsoft.NET.SupportedTargetFrameworks.props;/usr/share/dotnet/sdk/2.2.101/Sdks/Microsoft.NET.Sdk/targets/Microsoft.NET.Sdk.FSharp.props;/usr/share/dotnet/sdk/2.2.101/FSharp/Microsoft.FSharp.NetSdk.props;/home/mdegallaix/Projects/yaml-parser/.paket/Paket.Restore.targets;/usr/share/dotnet/sdk/2.2.101/Sdks/Microsoft.NET.Sdk/Sdk/Sdk.targets;/usr/share/dotnet/sdk/2.2.101/Sdks/Microsoft.NET.Sdk/targets/Microsoft.NET.Sdk.BeforeCommon.targets;/usr/share/dotnet/sdk/2.2.101/Sdks/Microsoft.NET.Sdk/targets/Microsoft.NET.DefaultAssemblyInfo.targets;/usr/share/dotnet/sdk/2.2.101/Sdks/Microsoft.NET.Sdk/targets/Microsoft.NET.DefaultOutputPaths.targets;/usr/share/dotnet/sdk/2.2.101/Sdks/Microsoft.NET.Sdk/targets/Microsoft.NET.TargetFrameworkInference.targets;/usr/share/dotnet/sdk/2.2.101/Sdks/Microsoft.NET.Sdk/targets/Microsoft.NET.RuntimeIdentifierInference.targets;/usr/share/dotnet/sdk/2.2.101/Sdks/Microsoft.NET.Sdk/targets/Microsoft.NET.NuGetOfflineCache.targets;/usr/share/dotnet/sdk/2.2.101/Sdks/Microsoft.NET.Sdk/targets/Microsoft.NET.Sdk.FSharpTargetsShim.targets;/usr/share/dotnet/sdk/2.2.101/FSharp/Microsoft.FSharp.NetSdk.targets") at /usr/share/dotnet/sdk/2.2.101/FSharp/Microsoft.FSharp.Targets (21,9)
       Overriding target "_GenerateCompileDependencyCache" in project "/usr/share/dotnet/sdk/2.2.101/Microsoft.Common.CurrentVersion.targets" with target "_GenerateCompileDependencyCache" from project "/usr/share/dotnet/sdk/2.2.101/FSharp/Microsoft.FSharp.Targets".
       Overriding target "GenerateTargetFrameworkMonikerAttribute" in project "/usr/share/dotnet/sdk/2.2.101/Microsoft.Common.CurrentVersion.targets" with target "GenerateTargetFrameworkMonikerAttribute" from project "/usr/share/dotnet/sdk/2.2.101/FSharp/Microsoft.FSharp.Targets".
       Overriding target "GetTargetFrameworkProperties" in project "/usr/share/dotnet/sdk/2.2.101/Microsoft.Common.CurrentVersion.targets" with target "GetTargetFrameworkProperties" from project "/usr/share/dotnet/sdk/2.2.101/Sdks/Microsoft.NET.Sdk/targets/Microsoft.NET.Sdk.Common.targets".
       Overriding target "GetReferenceAssemblyPaths" in project "/usr/share/dotnet/sdk/2.2.101/Microsoft.Common.CurrentVersion.targets" with target "GetReferenceAssemblyPaths" from project "/usr/share/dotnet/sdk/2.2.101/Sdks/Microsoft.NET.Sdk/targets/Microsoft.NET.DisableStandardFrameworkResolution.targets".
       Overriding target "GetFrameworkPaths" in project "/usr/share/dotnet/sdk/2.2.101/Microsoft.Common.CurrentVersion.targets" with target "GetFrameworkPaths" from project "/usr/share/dotnet/sdk/2.2.101/Sdks/Microsoft.NET.Sdk/targets/Microsoft.NET.DisableStandardFrameworkResolution.targets".
       Overriding target "Publish" in project "/usr/share/dotnet/sdk/2.2.101/Microsoft.Common.CurrentVersion.targets" with target "Publish" from project "/usr/share/dotnet/sdk/2.2.101/Sdks/Microsoft.NET.Sdk/targets/Microsoft.NET.Publish.targets".
       Overriding target "GetCopyToPublishDirectoryItems" in project "/usr/share/dotnet/sdk/2.2.101/Microsoft.Common.CurrentVersion.targets" with target "GetCopyToPublishDirectoryItems" from project "/usr/share/dotnet/sdk/2.2.101/Sdks/Microsoft.NET.Sdk/targets/Microsoft.NET.Publish.targets".
       Overriding target "CoreGenerateAssemblyInfo" in project "/usr/share/dotnet/sdk/2.2.101/Sdks/Microsoft.NET.Sdk/targets/Microsoft.NET.GenerateAssemblyInfo.targets" with target "CoreGenerateAssemblyInfo" from project "/usr/share/dotnet/sdk/2.2.101/FSharp/Microsoft.FSharp.Overrides.NetSdk.targets".
       The target "_GenerateRestoreGraphWalkPerFramework" listed in a BeforeTargets attribute at "/home/mdegallaix/Projects/yaml-parser/.paket/Paket.Restore.targets (71,79)" does not exist in the project, and will be ignored.
   1:2>Project "/home/mdegallaix/Projects/yaml-parser/yaml-parser.sln" (1:2) is building "/home/mdegallaix/Projects/yaml-parser/yaml-parser-tests/yaml-parser-tests.fsproj" (2:6) on node 2 (default targets).
   2:6>Building with tools version "15.0".
       Target "_CheckForUnsupportedTargetFramework" skipped, due to false condition; ('$(_UnsupportedTargetFrameworkError)' == 'true') was evaluated as ('' == 'true').
   2:6>Target "_CollectTargetFrameworkForTelemetry" in file "/usr/share/dotnet/sdk/2.2.101/Sdks/Microsoft.NET.Sdk/targets/Microsoft.NET.TargetFrameworkInference.targets" from project "/home/mdegallaix/Projects/yaml-parser/yaml-parser-tests/yaml-parser-tests.fsproj" (target "_CheckForInvalidConfigurationAndPlatform" depends on it):
       Using "Telemetry" task from assembly "Microsoft.Build.Tasks.Core, Version=15.1.0.0, Culture=neutral, PublicKeyToken=b03f5f7f11d50a3a".
       Task "Telemetry"
       Done executing task "Telemetry".
   2:6>Done building target "_CollectTargetFrameworkForTelemetry" in project "yaml-parser-tests.fsproj".
   2:6>Target "_CheckForUnsupportedNETCoreVersion" in file "/usr/share/dotnet/sdk/2.2.101/Sdks/Microsoft.NET.Sdk/targets/Microsoft.NET.TargetFrameworkInference.targets" from project "/home/mdegallaix/Projects/yaml-parser/yaml-parser-tests/yaml-parser-tests.fsproj" (target "_CheckForInvalidConfigurationAndPlatform" depends on it):
       Task "NETSdkError" skipped, due to false condition; ('$(_TargetFrameworkVersionWithoutV)' > '$(NETCoreAppMaximumVersion)') was evaluated as ('2.1' > '2.2').
   2:6>Done building target "_CheckForUnsupportedNETCoreVersion" in project "yaml-parser-tests.fsproj".
       Target "_CheckForUnsupportedNETStandardVersion" skipped, due to false condition; ('$(TargetFrameworkIdentifier)' == '.NETStandard' And '$(NETStandardMaximumVersion)' != '') was evaluated as ('.NETCoreApp' == '.NETStandard' And '' != '').
   2:6>Target "_CheckForUnsupportedAppHostUsage" in file "/usr/share/dotnet/sdk/2.2.101/Sdks/Microsoft.NET.Sdk/targets/Microsoft.NET.RuntimeIdentifierInference.targets" from project "/home/mdegallaix/Projects/yaml-parser/yaml-parser-tests/yaml-parser-tests.fsproj" (target "_CheckForInvalidConfigurationAndPlatform" depends on it):
       Task "NETSdkError" skipped, due to false condition; ('$(SelfContained)' == 'true' and '$(RuntimeIdentifier)' == '') was evaluated as ('' == 'true' and '' == '').
       Task "NETSdkError" skipped, due to false condition; ('$(UseAppHost)' == 'true' and '$(RuntimeIdentifier)' == '') was evaluated as ('' == 'true' and '' == '').
       Task "NETSdkError" skipped, due to false condition; ('$(SelfContained)' == 'true' and '$(UseAppHost)' != 'true') was evaluated as ('' == 'true' and '' != 'true').
       Task "NETSdkError" skipped, due to false condition; ('$(SelfContained)' != 'true' and '$(UseAppHost)' == 'true' and '$(_TargetFrameworkVersionWithoutV)' < '2.1') was evaluated as ('' != 'true' and '' == 'true' and '2.1' < '2.1').
   2:6>Done building target "_CheckForUnsupportedAppHostUsage" in project "yaml-parser-tests.fsproj".
       Target "_CheckForMismatchingPlatform" skipped, due to false condition; ('$(RuntimeIdentifier)' != '' and '$(PlatformTarget)' != '') was evaluated as ('' != '' and '' != '').
       Target "_CheckForNETCoreSdkIsPreview" skipped, due to false condition; ( '$(_NETCoreSdkIsPreview)' == 'true' AND '$(SuppressNETCoreSdkPreviewMessage)' != 'true' ) was evaluated as ( '' == 'true' AND '' != 'true' ).
   2:6>Target "_GetProjectJsonPath" in file "/usr/share/dotnet/sdk/2.2.101/NuGet.targets" from project "/home/mdegallaix/Projects/yaml-parser/yaml-parser-tests/yaml-parser-tests.fsproj" (target "_GetRestoreProjectStyle" depends on it):
       Task "GetRestoreProjectJsonPathTask" skipped, due to false condition; ( '$(RestoreProjectStyle)' == 'ProjectJson' OR '$(RestoreProjectStyle)' == '' ) was evaluated as ( 'PackageReference' == 'ProjectJson' OR 'PackageReference' == '' ).
   2:6>Done building target "_GetProjectJsonPath" in project "yaml-parser-tests.fsproj".
       Target "PaketBootstrapping" skipped, due to false condition; (Exists('$(PaketToolsPath)paket.bootstrapper.proj')) was evaluated as (Exists('/home/mdegallaix/Projects/yaml-parser/.paket/paket.bootstrapper.proj')).
   2:6>Target "PaketRestore" in file "/home/mdegallaix/Projects/yaml-parser/.paket/Paket.Restore.targets" from project "/home/mdegallaix/Projects/yaml-parser/yaml-parser-tests/yaml-parser-tests.fsproj" (target "CollectPackageReferences" depends on it):
       Task "Exec"
         /usr/bin/shasum "/home/mdegallaix/Projects/yaml-parser/.paket/../paket-files/paket.restore.cached" | /usr/bin/awk '{ print $1 }'
     0>Property reassignment: $(_DebugSymbolsProduced)="true" (previous value: "false") at /usr/share/dotnet/sdk/2.2.101/Microsoft.Common.CurrentVersion.targets (148,5)
       Property reassignment: $(_DocumentationFileProduced)="false" (previous value: "true") at /usr/share/dotnet/sdk/2.2.101/Microsoft.Common.CurrentVersion.targets (157,5)
       Property reassignment: $(ProcessorArchitecture)="msil" (previous value: "") at /usr/share/dotnet/sdk/2.2.101/Microsoft.Common.CurrentVersion.targets (486,5)
       Property reassignment: $(DelaySign)="" (previous value: "false") at /usr/share/dotnet/sdk/2.2.101/Microsoft.Common.CurrentVersion.targets (525,5)
       Property reassignment: $(MSBuildAllProjects)=";/usr/share/dotnet/sdk/2.2.101/Sdks/Microsoft.NET.Sdk/Sdk/Sdk.props;/home/mdegallaix/Projects/yaml-parser/yaml-parser/obj/yaml-parser.fsproj.nuget.g.props;/home/mdegallaix/Projects/yaml-parser/yaml-parser/obj/yaml-parser.fsproj.paket.props;/usr/share/dotnet/sdk/2.2.101/Sdks/Microsoft.NET.Sdk/targets/Microsoft.NET.Sdk.props;/usr/share/dotnet/sdk/2.2.101/Sdks/Microsoft.NET.Sdk/targets/Microsoft.NET.Sdk.DefaultItems.props;/usr/share/dotnet/sdk/2.2.101/Sdks/Microsoft.NET.Sdk/targets/Microsoft.NET.SupportedTargetFrameworks.props;/usr/share/dotnet/sdk/2.2.101/Sdks/Microsoft.NET.Sdk/targets/Microsoft.NET.Sdk.FSharp.props;/usr/share/dotnet/sdk/2.2.101/FSharp/Microsoft.FSharp.NetSdk.props;/home/mdegallaix/Projects/yaml-parser/.paket/Paket.Restore.targets;/usr/share/dotnet/sdk/2.2.101/Sdks/Microsoft.NET.Sdk/Sdk/Sdk.targets;/usr/share/dotnet/sdk/2.2.101/Sdks/Microsoft.NET.Sdk/targets/Microsoft.NET.Sdk.BeforeCommon.targets;/usr/share/dotnet/sdk/2.2.101/Sdks/Microsoft.NET.Sdk/targets/Microsoft.NET.DefaultAssemblyInfo.targets;/usr/share/dotnet/sdk/2.2.101/Sdks/Microsoft.NET.Sdk/targets/Microsoft.NET.DefaultOutputPaths.targets;/usr/share/dotnet/sdk/2.2.101/Sdks/Microsoft.NET.Sdk/targets/Microsoft.NET.TargetFrameworkInference.targets;/usr/share/dotnet/sdk/2.2.101/Sdks/Microsoft.NET.Sdk/targets/Microsoft.NET.RuntimeIdentifierInference.targets;/usr/share/dotnet/sdk/2.2.101/Sdks/Microsoft.NET.Sdk/targets/Microsoft.NET.NuGetOfflineCache.targets;/usr/share/dotnet/sdk/2.2.101/Sdks/Microsoft.NET.Sdk/targets/Microsoft.NET.Sdk.FSharpTargetsShim.targets;/usr/share/dotnet/sdk/2.2.101/FSharp/Microsoft.FSharp.NetSdk.targets;/usr/share/dotnet/sdk/2.2.101/FSharp/Microsoft.FSharp.Targets;/home/mdegallaix/Projects/yaml-parser/yaml-parser/yaml-parser.fsproj;/usr/share/dotnet/sdk/2.2.101/Microsoft.Common.CurrentVersion.targets" (previous value: ";/usr/share/dotnet/sdk/2.2.101/Sdks/Microsoft.NET.Sdk/Sdk/Sdk.props;/home/mdegallaix/Projects/yaml-parser/yaml-parser/obj/yaml-parser.fsproj.nuget.g.props;/home/mdegallaix/Projects/yaml-parser/yaml-parser/obj/yaml-parser.fsproj.paket.props;/usr/share/dotnet/sdk/2.2.101/Sdks/Microsoft.NET.Sdk/targets/Microsoft.NET.Sdk.props;/usr/share/dotnet/sdk/2.2.101/Sdks/Microsoft.NET.Sdk/targets/Microsoft.NET.Sdk.DefaultItems.props;/usr/share/dotnet/sdk/2.2.101/Sdks/Microsoft.NET.Sdk/targets/Microsoft.NET.SupportedTargetFrameworks.props;/usr/share/dotnet/sdk/2.2.101/Sdks/Microsoft.NET.Sdk/targets/Microsoft.NET.Sdk.FSharp.props;/usr/share/dotnet/sdk/2.2.101/FSharp/Microsoft.FSharp.NetSdk.props;/home/mdegallaix/Projects/yaml-parser/.paket/Paket.Restore.targets;/usr/share/dotnet/sdk/2.2.101/Sdks/Microsoft.NET.Sdk/Sdk/Sdk.targets;/usr/share/dotnet/sdk/2.2.101/Sdks/Microsoft.NET.Sdk/targets/Microsoft.NET.Sdk.BeforeCommon.targets;/usr/share/dotnet/sdk/2.2.101/Sdks/Microsoft.NET.Sdk/targets/Microsoft.NET.DefaultAssemblyInfo.targets;/usr/share/dotnet/sdk/2.2.101/Sdks/Microsoft.NET.Sdk/targets/Microsoft.NET.DefaultOutputPaths.targets;/usr/share/dotnet/sdk/2.2.101/Sdks/Microsoft.NET.Sdk/targets/Microsoft.NET.TargetFrameworkInference.targets;/usr/share/dotnet/sdk/2.2.101/Sdks/Microsoft.NET.Sdk/targets/Microsoft.NET.RuntimeIdentifierInference.targets;/usr/share/dotnet/sdk/2.2.101/Sdks/Microsoft.NET.Sdk/targets/Microsoft.NET.NuGetOfflineCache.targets;/usr/share/dotnet/sdk/2.2.101/Sdks/Microsoft.NET.Sdk/targets/Microsoft.NET.Sdk.FSharpTargetsShim.targets;/usr/share/dotnet/sdk/2.2.101/FSharp/Microsoft.FSharp.NetSdk.targets;/usr/share/dotnet/sdk/2.2.101/FSharp/Microsoft.FSharp.Targets") at /usr/share/dotnet/sdk/2.2.101/Microsoft.Common.CurrentVersion.targets (536,5)
       Property reassignment: $(_SGenGenerateSerializationAssembliesConfig)="Auto" (previous value: "") at /usr/share/dotnet/sdk/2.2.101/Microsoft.Common.CurrentVersion.targets (3500,5)
       Property reassignment: $(_SGenGenerateSerializationAssembliesConfig)="Off" (previous value: "Auto") at /usr/share/dotnet/sdk/2.2.101/Microsoft.Common.CurrentVersion.targets (3501,5)
       Property reassignment: $(MSBuildAllProjects)=";/usr/share/dotnet/sdk/2.2.101/Sdks/Microsoft.NET.Sdk/Sdk/Sdk.props;/home/mdegallaix/Projects/yaml-parser/yaml-parser/obj/yaml-parser.fsproj.nuget.g.props;/home/mdegallaix/Projects/yaml-parser/yaml-parser/obj/yaml-parser.fsproj.paket.props;/usr/share/dotnet/sdk/2.2.101/Sdks/Microsoft.NET.Sdk/targets/Microsoft.NET.Sdk.props;/usr/share/dotnet/sdk/2.2.101/Sdks/Microsoft.NET.Sdk/targets/Microsoft.NET.Sdk.DefaultItems.props;/usr/share/dotnet/sdk/2.2.101/Sdks/Microsoft.NET.Sdk/targets/Microsoft.NET.SupportedTargetFrameworks.props;/usr/share/dotnet/sdk/2.2.101/Sdks/Microsoft.NET.Sdk/targets/Microsoft.NET.Sdk.FSharp.props;/usr/share/dotnet/sdk/2.2.101/FSharp/Microsoft.FSharp.NetSdk.props;/home/mdegallaix/Projects/yaml-parser/.paket/Paket.Restore.targets;/usr/share/dotnet/sdk/2.2.101/Sdks/Microsoft.NET.Sdk/Sdk/Sdk.targets;/usr/share/dotnet/sdk/2.2.101/Sdks/Microsoft.NET.Sdk/targets/Microsoft.NET.Sdk.BeforeCommon.targets;/usr/share/dotnet/sdk/2.2.101/Sdks/Microsoft.NET.Sdk/targets/Microsoft.NET.DefaultAssemblyInfo.targets;/usr/share/dotnet/sdk/2.2.101/Sdks/Microsoft.NET.Sdk/targets/Microsoft.NET.DefaultOutputPaths.targets;/usr/share/dotnet/sdk/2.2.101/Sdks/Microsoft.NET.Sdk/targets/Microsoft.NET.TargetFrameworkInference.targets;/usr/share/dotnet/sdk/2.2.101/Sdks/Microsoft.NET.Sdk/targets/Microsoft.NET.RuntimeIdentifierInference.targets;/usr/share/dotnet/sdk/2.2.101/Sdks/Microsoft.NET.Sdk/targets/Microsoft.NET.NuGetOfflineCache.targets;/usr/share/dotnet/sdk/2.2.101/Sdks/Microsoft.NET.Sdk/targets/Microsoft.NET.Sdk.FSharpTargetsShim.targets;/usr/share/dotnet/sdk/2.2.101/FSharp/Microsoft.FSharp.NetSdk.targets;/usr/share/dotnet/sdk/2.2.101/FSharp/Microsoft.FSharp.Targets;/home/mdegallaix/Projects/yaml-parser/yaml-parser/yaml-parser.fsproj;/usr/share/dotnet/sdk/2.2.101/Microsoft.Common.CurrentVersion.targets;/usr/share/dotnet/sdk/2.2.101/NuGet.targets" (previous value: ";/usr/share/dotnet/sdk/2.2.101/Sdks/Microsoft.NET.Sdk/Sdk/Sdk.props;/home/mdegallaix/Projects/yaml-parser/yaml-parser/obj/yaml-parser.fsproj.nuget.g.props;/home/mdegallaix/Projects/yaml-parser/yaml-parser/obj/yaml-parser.fsproj.paket.props;/usr/share/dotnet/sdk/2.2.101/Sdks/Microsoft.NET.Sdk/targets/Microsoft.NET.Sdk.props;/usr/share/dotnet/sdk/2.2.101/Sdks/Microsoft.NET.Sdk/targets/Microsoft.NET.Sdk.DefaultItems.props;/usr/share/dotnet/sdk/2.2.101/Sdks/Microsoft.NET.Sdk/targets/Microsoft.NET.SupportedTargetFrameworks.props;/usr/share/dotnet/sdk/2.2.101/Sdks/Microsoft.NET.Sdk/targets/Microsoft.NET.Sdk.FSharp.props;/usr/share/dotnet/sdk/2.2.101/FSharp/Microsoft.FSharp.NetSdk.props;/home/mdegallaix/Projects/yaml-parser/.paket/Paket.Restore.targets;/usr/share/dotnet/sdk/2.2.101/Sdks/Microsoft.NET.Sdk/Sdk/Sdk.targets;/usr/share/dotnet/sdk/2.2.101/Sdks/Microsoft.NET.Sdk/targets/Microsoft.NET.Sdk.BeforeCommon.targets;/usr/share/dotnet/sdk/2.2.101/Sdks/Microsoft.NET.Sdk/targets/Microsoft.NET.DefaultAssemblyInfo.targets;/usr/share/dotnet/sdk/2.2.101/Sdks/Microsoft.NET.Sdk/targets/Microsoft.NET.DefaultOutputPaths.targets;/usr/share/dotnet/sdk/2.2.101/Sdks/Microsoft.NET.Sdk/targets/Microsoft.NET.TargetFrameworkInference.targets;/usr/share/dotnet/sdk/2.2.101/Sdks/Microsoft.NET.Sdk/targets/Microsoft.NET.RuntimeIdentifierInference.targets;/usr/share/dotnet/sdk/2.2.101/Sdks/Microsoft.NET.Sdk/targets/Microsoft.NET.NuGetOfflineCache.targets;/usr/share/dotnet/sdk/2.2.101/Sdks/Microsoft.NET.Sdk/targets/Microsoft.NET.Sdk.FSharpTargetsShim.targets;/usr/share/dotnet/sdk/2.2.101/FSharp/Microsoft.FSharp.NetSdk.targets;/usr/share/dotnet/sdk/2.2.101/FSharp/Microsoft.FSharp.Targets;/home/mdegallaix/Projects/yaml-parser/yaml-parser/yaml-parser.fsproj;/usr/share/dotnet/sdk/2.2.101/Microsoft.Common.CurrentVersion.targets") at /usr/share/dotnet/sdk/2.2.101/NuGet.targets (45,5)
       Property reassignment: $(MSBuildAllProjects)=";/usr/share/dotnet/sdk/2.2.101/Sdks/Microsoft.NET.Sdk/Sdk/Sdk.props;/home/mdegallaix/Projects/yaml-parser/yaml-parser/obj/yaml-parser.fsproj.nuget.g.props;/home/mdegallaix/Projects/yaml-parser/yaml-parser/obj/yaml-parser.fsproj.paket.props;/usr/share/dotnet/sdk/2.2.101/Sdks/Microsoft.NET.Sdk/targets/Microsoft.NET.Sdk.props;/usr/share/dotnet/sdk/2.2.101/Sdks/Microsoft.NET.Sdk/targets/Microsoft.NET.Sdk.DefaultItems.props;/usr/share/dotnet/sdk/2.2.101/Sdks/Microsoft.NET.Sdk/targets/Microsoft.NET.SupportedTargetFrameworks.props;/usr/share/dotnet/sdk/2.2.101/Sdks/Microsoft.NET.Sdk/targets/Microsoft.NET.Sdk.FSharp.props;/usr/share/dotnet/sdk/2.2.101/FSharp/Microsoft.FSharp.NetSdk.props;/home/mdegallaix/Projects/yaml-parser/.paket/Paket.Restore.targets;/usr/share/dotnet/sdk/2.2.101/Sdks/Microsoft.NET.Sdk/Sdk/Sdk.targets;/usr/share/dotnet/sdk/2.2.101/Sdks/Microsoft.NET.Sdk/targets/Microsoft.NET.Sdk.BeforeCommon.targets;/usr/share/dotnet/sdk/2.2.101/Sdks/Microsoft.NET.Sdk/targets/Microsoft.NET.DefaultAssemblyInfo.targets;/usr/share/dotnet/sdk/2.2.101/Sdks/Microsoft.NET.Sdk/targets/Microsoft.NET.DefaultOutputPaths.targets;/usr/share/dotnet/sdk/2.2.101/Sdks/Microsoft.NET.Sdk/targets/Microsoft.NET.TargetFrameworkInference.targets;/usr/share/dotnet/sdk/2.2.101/Sdks/Microsoft.NET.Sdk/targets/Microsoft.NET.RuntimeIdentifierInference.targets;/usr/share/dotnet/sdk/2.2.101/Sdks/Microsoft.NET.Sdk/targets/Microsoft.NET.NuGetOfflineCache.targets;/usr/share/dotnet/sdk/2.2.101/Sdks/Microsoft.NET.Sdk/targets/Microsoft.NET.Sdk.FSharpTargetsShim.targets;/usr/share/dotnet/sdk/2.2.101/FSharp/Microsoft.FSharp.NetSdk.targets;/usr/share/dotnet/sdk/2.2.101/FSharp/Microsoft.FSharp.Targets;/home/mdegallaix/Projects/yaml-parser/yaml-parser/yaml-parser.fsproj;/usr/share/dotnet/sdk/2.2.101/Microsoft.Common.CurrentVersion.targets;/usr/share/dotnet/sdk/2.2.101/NuGet.targets;/usr/share/dotnet/sdk/2.2.101/15.0/Microsoft.Common.targets/ImportAfter/Microsoft.NET.Build.Extensions.targets" (previous value: ";/usr/share/dotnet/sdk/2.2.101/Sdks/Microsoft.NET.Sdk/Sdk/Sdk.props;/home/mdegallaix/Projects/yaml-parser/yaml-parser/obj/yaml-parser.fsproj.nuget.g.props;/home/mdegallaix/Projects/yaml-parser/yaml-parser/obj/yaml-parser.fsproj.paket.props;/usr/share/dotnet/sdk/2.2.101/Sdks/Microsoft.NET.Sdk/targets/Microsoft.NET.Sdk.props;/usr/share/dotnet/sdk/2.2.101/Sdks/Microsoft.NET.Sdk/targets/Microsoft.NET.Sdk.DefaultItems.props;/usr/share/dotnet/sdk/2.2.101/Sdks/Microsoft.NET.Sdk/targets/Microsoft.NET.SupportedTargetFrameworks.props;/usr/share/dotnet/sdk/2.2.101/Sdks/Microsoft.NET.Sdk/targets/Microsoft.NET.Sdk.FSharp.props;/usr/share/dotnet/sdk/2.2.101/FSharp/Microsoft.FSharp.NetSdk.props;/home/mdegallaix/Projects/yaml-parser/.paket/Paket.Restore.targets;/usr/share/dotnet/sdk/2.2.101/Sdks/Microsoft.NET.Sdk/Sdk/Sdk.targets;/usr/share/dotnet/sdk/2.2.101/Sdks/Microsoft.NET.Sdk/targets/Microsoft.NET.Sdk.BeforeCommon.targets;/usr/share/dotnet/sdk/2.2.101/Sdks/Microsoft.NET.Sdk/targets/Microsoft.NET.DefaultAssemblyInfo.targets;/usr/share/dotnet/sdk/2.2.101/Sdks/Microsoft.NET.Sdk/targets/Microsoft.NET.DefaultOutputPaths.targets;/usr/share/dotnet/sdk/2.2.101/Sdks/Microsoft.NET.Sdk/targets/Microsoft.NET.TargetFrameworkInference.targets;/usr/share/dotnet/sdk/2.2.101/Sdks/Microsoft.NET.Sdk/targets/Microsoft.NET.RuntimeIdentifierInference.targets;/usr/share/dotnet/sdk/2.2.101/Sdks/Microsoft.NET.Sdk/targets/Microsoft.NET.NuGetOfflineCache.targets;/usr/share/dotnet/sdk/2.2.101/Sdks/Microsoft.NET.Sdk/targets/Microsoft.NET.Sdk.FSharpTargetsShim.targets;/usr/share/dotnet/sdk/2.2.101/FSharp/Microsoft.FSharp.NetSdk.targets;/usr/share/dotnet/sdk/2.2.101/FSharp/Microsoft.FSharp.Targets;/home/mdegallaix/Projects/yaml-parser/yaml-parser/yaml-parser.fsproj;/usr/share/dotnet/sdk/2.2.101/Microsoft.Common.CurrentVersion.targets;/usr/share/dotnet/sdk/2.2.101/NuGet.targets") at /usr/share/dotnet/sdk/2.2.101/15.0/Microsoft.Common.targets/ImportAfter/Microsoft.NET.Build.Extensions.targets (14,5)
       Property reassignment: $(MSBuildAllProjects)=";/usr/share/dotnet/sdk/2.2.101/Sdks/Microsoft.NET.Sdk/Sdk/Sdk.props;/home/mdegallaix/Projects/yaml-parser/yaml-parser/obj/yaml-parser.fsproj.nuget.g.props;/home/mdegallaix/Projects/yaml-parser/yaml-parser/obj/yaml-parser.fsproj.paket.props;/usr/share/dotnet/sdk/2.2.101/Sdks/Microsoft.NET.Sdk/targets/Microsoft.NET.Sdk.props;/usr/share/dotnet/sdk/2.2.101/Sdks/Microsoft.NET.Sdk/targets/Microsoft.NET.Sdk.DefaultItems.props;/usr/share/dotnet/sdk/2.2.101/Sdks/Microsoft.NET.Sdk/targets/Microsoft.NET.SupportedTargetFrameworks.props;/usr/share/dotnet/sdk/2.2.101/Sdks/Microsoft.NET.Sdk/targets/Microsoft.NET.Sdk.FSharp.props;/usr/share/dotnet/sdk/2.2.101/FSharp/Microsoft.FSharp.NetSdk.props;/home/mdegallaix/Projects/yaml-parser/.paket/Paket.Restore.targets;/usr/share/dotnet/sdk/2.2.101/Sdks/Microsoft.NET.Sdk/Sdk/Sdk.targets;/usr/share/dotnet/sdk/2.2.101/Sdks/Microsoft.NET.Sdk/targets/Microsoft.NET.Sdk.BeforeCommon.targets;/usr/share/dotnet/sdk/2.2.101/Sdks/Microsoft.NET.Sdk/targets/Microsoft.NET.DefaultAssemblyInfo.targets;/usr/share/dotnet/sdk/2.2.101/Sdks/Microsoft.NET.Sdk/targets/Microsoft.NET.DefaultOutputPaths.targets;/usr/share/dotnet/sdk/2.2.101/Sdks/Microsoft.NET.Sdk/targets/Microsoft.NET.TargetFrameworkInference.targets;/usr/share/dotnet/sdk/2.2.101/Sdks/Microsoft.NET.Sdk/targets/Microsoft.NET.RuntimeIdentifierInference.targets;/usr/share/dotnet/sdk/2.2.101/Sdks/Microsoft.NET.Sdk/targets/Microsoft.NET.NuGetOfflineCache.targets;/usr/share/dotnet/sdk/2.2.101/Sdks/Microsoft.NET.Sdk/targets/Microsoft.NET.Sdk.FSharpTargetsShim.targets;/usr/share/dotnet/sdk/2.2.101/FSharp/Microsoft.FSharp.NetSdk.targets;/usr/share/dotnet/sdk/2.2.101/FSharp/Microsoft.FSharp.Targets;/home/mdegallaix/Projects/yaml-parser/yaml-parser/yaml-parser.fsproj;/usr/share/dotnet/sdk/2.2.101/Microsoft.Common.CurrentVersion.targets;/usr/share/dotnet/sdk/2.2.101/NuGet.targets;/usr/share/dotnet/sdk/2.2.101/15.0/Microsoft.Common.targets/ImportAfter/Microsoft.NET.Build.Extensions.targets;/usr/share/dotnet/sdk/2.2.101/Microsoft/Microsoft.NET.Build.Extensions/Microsoft.NET.Build.Extensions.targets" (previous value: ";/usr/share/dotnet/sdk/2.2.101/Sdks/Microsoft.NET.Sdk/Sdk/Sdk.props;/home/mdegallaix/Projects/yaml-parser/yaml-parser/obj/yaml-parser.fsproj.nuget.g.props;/home/mdegallaix/Projects/yaml-parser/yaml-parser/obj/yaml-parser.fsproj.paket.props;/usr/share/dotnet/sdk/2.2.101/Sdks/Microsoft.NET.Sdk/targets/Microsoft.NET.Sdk.props;/usr/share/dotnet/sdk/2.2.101/Sdks/Microsoft.NET.Sdk/targets/Microsoft.NET.Sdk.DefaultItems.props;/usr/share/dotnet/sdk/2.2.101/Sdks/Microsoft.NET.Sdk/targets/Microsoft.NET.SupportedTargetFrameworks.props;/usr/share/dotnet/sdk/2.2.101/Sdks/Microsoft.NET.Sdk/targets/Microsoft.NET.Sdk.FSharp.props;/usr/share/dotnet/sdk/2.2.101/FSharp/Microsoft.FSharp.NetSdk.props;/home/mdegallaix/Projects/yaml-parser/.paket/Paket.Restore.targets;/usr/share/dotnet/sdk/2.2.101/Sdks/Microsoft.NET.Sdk/Sdk/Sdk.targets;/usr/share/dotnet/sdk/2.2.101/Sdks/Microsoft.NET.Sdk/targets/Microsoft.NET.Sdk.BeforeCommon.targets;/usr/share/dotnet/sdk/2.2.101/Sdks/Microsoft.NET.Sdk/targets/Microsoft.NET.DefaultAssemblyInfo.targets;/usr/share/dotnet/sdk/2.2.101/Sdks/Microsoft.NET.Sdk/targets/Microsoft.NET.DefaultOutputPaths.targets;/usr/share/dotnet/sdk/2.2.101/Sdks/Microsoft.NET.Sdk/targets/Microsoft.NET.TargetFrameworkInference.targets;/usr/share/dotnet/sdk/2.2.101/Sdks/Microsoft.NET.Sdk/targets/Microsoft.NET.RuntimeIdentifierInference.targets;/usr/share/dotnet/sdk/2.2.101/Sdks/Microsoft.NET.Sdk/targets/Microsoft.NET.NuGetOfflineCache.targets;/usr/share/dotnet/sdk/2.2.101/Sdks/Microsoft.NET.Sdk/targets/Microsoft.NET.Sdk.FSharpTargetsShim.targets;/usr/share/dotnet/sdk/2.2.101/FSharp/Microsoft.FSharp.NetSdk.targets;/usr/share/dotnet/sdk/2.2.101/FSharp/Microsoft.FSharp.Targets;/home/mdegallaix/Projects/yaml-parser/yaml-parser/yaml-parser.fsproj;/usr/share/dotnet/sdk/2.2.101/Microsoft.Common.CurrentVersion.targets;/usr/share/dotnet/sdk/2.2.101/NuGet.targets;/usr/share/dotnet/sdk/2.2.101/15.0/Microsoft.Common.targets/ImportAfter/Microsoft.NET.Build.Extensions.targets") at /usr/share/dotnet/sdk/2.2.101/Microsoft/Microsoft.NET.Build.Extensions/Microsoft.NET.Build.Extensions.targets (15,5)
       Property reassignment: $(MSBuildAllProjects)=";/usr/share/dotnet/sdk/2.2.101/Sdks/Microsoft.NET.Sdk/Sdk/Sdk.props;/home/mdegallaix/Projects/yaml-parser/yaml-parser/obj/yaml-parser.fsproj.nuget.g.props;/home/mdegallaix/Projects/yaml-parser/yaml-parser/obj/yaml-parser.fsproj.paket.props;/usr/share/dotnet/sdk/2.2.101/Sdks/Microsoft.NET.Sdk/targets/Microsoft.NET.Sdk.props;/usr/share/dotnet/sdk/2.2.101/Sdks/Microsoft.NET.Sdk/targets/Microsoft.NET.Sdk.DefaultItems.props;/usr/share/dotnet/sdk/2.2.101/Sdks/Microsoft.NET.Sdk/targets/Microsoft.NET.SupportedTargetFrameworks.props;/usr/share/dotnet/sdk/2.2.101/Sdks/Microsoft.NET.Sdk/targets/Microsoft.NET.Sdk.FSharp.props;/usr/share/dotnet/sdk/2.2.101/FSharp/Microsoft.FSharp.NetSdk.props;/home/mdegallaix/Projects/yaml-parser/.paket/Paket.Restore.targets;/usr/share/dotnet/sdk/2.2.101/Sdks/Microsoft.NET.Sdk/Sdk/Sdk.targets;/usr/share/dotnet/sdk/2.2.101/Sdks/Microsoft.NET.Sdk/targets/Microsoft.NET.Sdk.BeforeCommon.targets;/usr/share/dotnet/sdk/2.2.101/Sdks/Microsoft.NET.Sdk/targets/Microsoft.NET.DefaultAssemblyInfo.targets;/usr/share/dotnet/sdk/2.2.101/Sdks/Microsoft.NET.Sdk/targets/Microsoft.NET.DefaultOutputPaths.targets;/usr/share/dotnet/sdk/2.2.101/Sdks/Microsoft.NET.Sdk/targets/Microsoft.NET.TargetFrameworkInference.targets;/usr/share/dotnet/sdk/2.2.101/Sdks/Microsoft.NET.Sdk/targets/Microsoft.NET.RuntimeIdentifierInference.targets;/usr/share/dotnet/sdk/2.2.101/Sdks/Microsoft.NET.Sdk/targets/Microsoft.NET.NuGetOfflineCache.targets;/usr/share/dotnet/sdk/2.2.101/Sdks/Microsoft.NET.Sdk/targets/Microsoft.NET.Sdk.FSharpTargetsShim.targets;/usr/share/dotnet/sdk/2.2.101/FSharp/Microsoft.FSharp.NetSdk.targets;/usr/share/dotnet/sdk/2.2.101/FSharp/Microsoft.FSharp.Targets;/home/mdegallaix/Projects/yaml-parser/yaml-parser/yaml-parser.fsproj;/usr/share/dotnet/sdk/2.2.101/Microsoft.Common.CurrentVersion.targets;/usr/share/dotnet/sdk/2.2.101/NuGet.targets;/usr/share/dotnet/sdk/2.2.101/15.0/Microsoft.Common.targets/ImportAfter/Microsoft.NET.Build.Extensions.targets;/usr/share/dotnet/sdk/2.2.101/Microsoft/Microsoft.NET.Build.Extensions/Microsoft.NET.Build.Extensions.targets;/usr/share/dotnet/sdk/2.2.101/15.0/Microsoft.Common.targets/ImportAfter/Microsoft.TestPlatform.ImportAfter.targets" (previous value: ";/usr/share/dotnet/sdk/2.2.101/Sdks/Microsoft.NET.Sdk/Sdk/Sdk.props;/home/mdegallaix/Projects/yaml-parser/yaml-parser/obj/yaml-parser.fsproj.nuget.g.props;/home/mdegallaix/Projects/yaml-parser/yaml-parser/obj/yaml-parser.fsproj.paket.props;/usr/share/dotnet/sdk/2.2.101/Sdks/Microsoft.NET.Sdk/targets/Microsoft.NET.Sdk.props;/usr/share/dotnet/sdk/2.2.101/Sdks/Microsoft.NET.Sdk/targets/Microsoft.NET.Sdk.DefaultItems.props;/usr/share/dotnet/sdk/2.2.101/Sdks/Microsoft.NET.Sdk/targets/Microsoft.NET.SupportedTargetFrameworks.props;/usr/share/dotnet/sdk/2.2.101/Sdks/Microsoft.NET.Sdk/targets/Microsoft.NET.Sdk.FSharp.props;/usr/share/dotnet/sdk/2.2.101/FSharp/Microsoft.FSharp.NetSdk.props;/home/mdegallaix/Projects/yaml-parser/.paket/Paket.Restore.targets;/usr/share/dotnet/sdk/2.2.101/Sdks/Microsoft.NET.Sdk/Sdk/Sdk.targets;/usr/share/dotnet/sdk/2.2.101/Sdks/Microsoft.NET.Sdk/targets/Microsoft.NET.Sdk.BeforeCommon.targets;/usr/share/dotnet/sdk/2.2.101/Sdks/Microsoft.NET.Sdk/targets/Microsoft.NET.DefaultAssemblyInfo.targets;/usr/share/dotnet/sdk/2.2.101/Sdks/Microsoft.NET.Sdk/targets/Microsoft.NET.DefaultOutputPaths.targets;/usr/share/dotnet/sdk/2.2.101/Sdks/Microsoft.NET.Sdk/targets/Microsoft.NET.TargetFrameworkInference.targets;/usr/share/dotnet/sdk/2.2.101/Sdks/Microsoft.NET.Sdk/targets/Microsoft.NET.RuntimeIdentifierInference.targets;/usr/share/dotnet/sdk/2.2.101/Sdks/Microsoft.NET.Sdk/targets/Microsoft.NET.NuGetOfflineCache.targets;/usr/share/dotnet/sdk/2.2.101/Sdks/Microsoft.NET.Sdk/targets/Microsoft.NET.Sdk.FSharpTargetsShim.targets;/usr/share/dotnet/sdk/2.2.101/FSharp/Microsoft.FSharp.NetSdk.targets;/usr/share/dotnet/sdk/2.2.101/FSharp/Microsoft.FSharp.Targets;/home/mdegallaix/Projects/yaml-parser/yaml-parser/yaml-parser.fsproj;/usr/share/dotnet/sdk/2.2.101/Microsoft.Common.CurrentVersion.targets;/usr/share/dotnet/sdk/2.2.101/NuGet.targets;/usr/share/dotnet/sdk/2.2.101/15.0/Microsoft.Common.targets/ImportAfter/Microsoft.NET.Build.Extensions.targets;/usr/share/dotnet/sdk/2.2.101/Microsoft/Microsoft.NET.Build.Extensions/Microsoft.NET.Build.Extensions.targets") at /usr/share/dotnet/sdk/2.2.101/15.0/Microsoft.Common.targets/ImportAfter/Microsoft.TestPlatform.ImportAfter.targets (16,5)
       Property reassignment: $(MSBuildAllProjects)=";/usr/share/dotnet/sdk/2.2.101/Sdks/Microsoft.NET.Sdk/Sdk/Sdk.props;/home/mdegallaix/Projects/yaml-parser/yaml-parser/obj/yaml-parser.fsproj.nuget.g.props;/home/mdegallaix/Projects/yaml-parser/yaml-parser/obj/yaml-parser.fsproj.paket.props;/usr/share/dotnet/sdk/2.2.101/Sdks/Microsoft.NET.Sdk/targets/Microsoft.NET.Sdk.props;/usr/share/dotnet/sdk/2.2.101/Sdks/Microsoft.NET.Sdk/targets/Microsoft.NET.Sdk.DefaultItems.props;/usr/share/dotnet/sdk/2.2.101/Sdks/Microsoft.NET.Sdk/targets/Microsoft.NET.SupportedTargetFrameworks.props;/usr/share/dotnet/sdk/2.2.101/Sdks/Microsoft.NET.Sdk/targets/Microsoft.NET.Sdk.FSharp.props;/usr/share/dotnet/sdk/2.2.101/FSharp/Microsoft.FSharp.NetSdk.props;/home/mdegallaix/Projects/yaml-parser/.paket/Paket.Restore.targets;/usr/share/dotnet/sdk/2.2.101/Sdks/Microsoft.NET.Sdk/Sdk/Sdk.targets;/usr/share/dotnet/sdk/2.2.101/Sdks/Microsoft.NET.Sdk/targets/Microsoft.NET.Sdk.BeforeCommon.targets;/usr/share/dotnet/sdk/2.2.101/Sdks/Microsoft.NET.Sdk/targets/Microsoft.NET.DefaultAssemblyInfo.targets;/usr/share/dotnet/sdk/2.2.101/Sdks/Microsoft.NET.Sdk/targets/Microsoft.NET.DefaultOutputPaths.targets;/usr/share/dotnet/sdk/2.2.101/Sdks/Microsoft.NET.Sdk/targets/Microsoft.NET.TargetFrameworkInference.targets;/usr/share/dotnet/sdk/2.2.101/Sdks/Microsoft.NET.Sdk/targets/Microsoft.NET.RuntimeIdentifierInference.targets;/usr/share/dotnet/sdk/2.2.101/Sdks/Microsoft.NET.Sdk/targets/Microsoft.NET.NuGetOfflineCache.targets;/usr/share/dotnet/sdk/2.2.101/Sdks/Microsoft.NET.Sdk/targets/Microsoft.NET.Sdk.FSharpTargetsShim.targets;/usr/share/dotnet/sdk/2.2.101/FSharp/Microsoft.FSharp.NetSdk.targets;/usr/share/dotnet/sdk/2.2.101/FSharp/Microsoft.FSharp.Targets;/home/mdegallaix/Projects/yaml-parser/yaml-parser/yaml-parser.fsproj;/usr/share/dotnet/sdk/2.2.101/Microsoft.Common.CurrentVersion.targets;/usr/share/dotnet/sdk/2.2.101/NuGet.targets;/usr/share/dotnet/sdk/2.2.101/15.0/Microsoft.Common.targets/ImportAfter/Microsoft.NET.Build.Extensions.targets;/usr/share/dotnet/sdk/2.2.101/Microsoft/Microsoft.NET.Build.Extensions/Microsoft.NET.Build.Extensions.targets;/usr/share/dotnet/sdk/2.2.101/15.0/Microsoft.Common.targets/ImportAfter/Microsoft.TestPlatform.ImportAfter.targets;/usr/share/dotnet/sdk/2.2.101/Microsoft.TestPlatform.targets" (previous value: ";/usr/share/dotnet/sdk/2.2.101/Sdks/Microsoft.NET.Sdk/Sdk/Sdk.props;/home/mdegallaix/Projects/yaml-parser/yaml-parser/obj/yaml-parser.fsproj.nuget.g.props;/home/mdegallaix/Projects/yaml-parser/yaml-parser/obj/yaml-parser.fsproj.paket.props;/usr/share/dotnet/sdk/2.2.101/Sdks/Microsoft.NET.Sdk/targets/Microsoft.NET.Sdk.props;/usr/share/dotnet/sdk/2.2.101/Sdks/Microsoft.NET.Sdk/targets/Microsoft.NET.Sdk.DefaultItems.props;/usr/share/dotnet/sdk/2.2.101/Sdks/Microsoft.NET.Sdk/targets/Microsoft.NET.SupportedTargetFrameworks.props;/usr/share/dotnet/sdk/2.2.101/Sdks/Microsoft.NET.Sdk/targets/Microsoft.NET.Sdk.FSharp.props;/usr/share/dotnet/sdk/2.2.101/FSharp/Microsoft.FSharp.NetSdk.props;/home/mdegallaix/Projects/yaml-parser/.paket/Paket.Restore.targets;/usr/share/dotnet/sdk/2.2.101/Sdks/Microsoft.NET.Sdk/Sdk/Sdk.targets;/usr/share/dotnet/sdk/2.2.101/Sdks/Microsoft.NET.Sdk/targets/Microsoft.NET.Sdk.BeforeCommon.targets;/usr/share/dotnet/sdk/2.2.101/Sdks/Microsoft.NET.Sdk/targets/Microsoft.NET.DefaultAssemblyInfo.targets;/usr/share/dotnet/sdk/2.2.101/Sdks/Microsoft.NET.Sdk/targets/Microsoft.NET.DefaultOutputPaths.targets;/usr/share/dotnet/sdk/2.2.101/Sdks/Microsoft.NET.Sdk/targets/Microsoft.NET.TargetFrameworkInference.targets;/usr/share/dotnet/sdk/2.2.101/Sdks/Microsoft.NET.Sdk/targets/Microsoft.NET.RuntimeIdentifierInference.targets;/usr/share/dotnet/sdk/2.2.101/Sdks/Microsoft.NET.Sdk/targets/Microsoft.NET.NuGetOfflineCache.targets;/usr/share/dotnet/sdk/2.2.101/Sdks/Microsoft.NET.Sdk/targets/Microsoft.NET.Sdk.FSharpTargetsShim.targets;/usr/share/dotnet/sdk/2.2.101/FSharp/Microsoft.FSharp.NetSdk.targets;/usr/share/dotnet/sdk/2.2.101/FSharp/Microsoft.FSharp.Targets;/home/mdegallaix/Projects/yaml-parser/yaml-parser/yaml-parser.fsproj;/usr/share/dotnet/sdk/2.2.101/Microsoft.Common.CurrentVersion.targets;/usr/share/dotnet/sdk/2.2.101/NuGet.targets;/usr/share/dotnet/sdk/2.2.101/15.0/Microsoft.Common.targets/ImportAfter/Microsoft.NET.Build.Extensions.targets;/usr/share/dotnet/sdk/2.2.101/Microsoft/Microsoft.NET.Build.Extensions/Microsoft.NET.Build.Extensions.targets;/usr/share/dotnet/sdk/2.2.101/15.0/Microsoft.Common.targets/ImportAfter/Microsoft.TestPlatform.ImportAfter.targets") at /usr/share/dotnet/sdk/2.2.101/Microsoft.TestPlatform.targets (17,5)
       Property reassignment: $(MSBuildAllProjects)=";/usr/share/dotnet/sdk/2.2.101/Sdks/Microsoft.NET.Sdk/Sdk/Sdk.props;/home/mdegallaix/Projects/yaml-parser/yaml-parser/obj/yaml-parser.fsproj.nuget.g.props;/home/mdegallaix/Projects/yaml-parser/yaml-parser/obj/yaml-parser.fsproj.paket.props;/usr/share/dotnet/sdk/2.2.101/Sdks/Microsoft.NET.Sdk/targets/Microsoft.NET.Sdk.props;/usr/share/dotnet/sdk/2.2.101/Sdks/Microsoft.NET.Sdk/targets/Microsoft.NET.Sdk.DefaultItems.props;/usr/share/dotnet/sdk/2.2.101/Sdks/Microsoft.NET.Sdk/targets/Microsoft.NET.SupportedTargetFrameworks.props;/usr/share/dotnet/sdk/2.2.101/Sdks/Microsoft.NET.Sdk/targets/Microsoft.NET.Sdk.FSharp.props;/usr/share/dotnet/sdk/2.2.101/FSharp/Microsoft.FSharp.NetSdk.props;/home/mdegallaix/Projects/yaml-parser/.paket/Paket.Restore.targets;/usr/share/dotnet/sdk/2.2.101/Sdks/Microsoft.NET.Sdk/Sdk/Sdk.targets;/usr/share/dotnet/sdk/2.2.101/Sdks/Microsoft.NET.Sdk/targets/Microsoft.NET.Sdk.BeforeCommon.targets;/usr/share/dotnet/sdk/2.2.101/Sdks/Microsoft.NET.Sdk/targets/Microsoft.NET.DefaultAssemblyInfo.targets;/usr/share/dotnet/sdk/2.2.101/Sdks/Microsoft.NET.Sdk/targets/Microsoft.NET.DefaultOutputPaths.targets;/usr/share/dotnet/sdk/2.2.101/Sdks/Microsoft.NET.Sdk/targets/Microsoft.NET.TargetFrameworkInference.targets;/usr/share/dotnet/sdk/2.2.101/Sdks/Microsoft.NET.Sdk/targets/Microsoft.NET.RuntimeIdentifierInference.targets;/usr/share/dotnet/sdk/2.2.101/Sdks/Microsoft.NET.Sdk/targets/Microsoft.NET.NuGetOfflineCache.targets;/usr/share/dotnet/sdk/2.2.101/Sdks/Microsoft.NET.Sdk/targets/Microsoft.NET.Sdk.FSharpTargetsShim.targets;/usr/share/dotnet/sdk/2.2.101/FSharp/Microsoft.FSharp.NetSdk.targets;/usr/share/dotnet/sdk/2.2.101/FSharp/Microsoft.FSharp.Targets;/home/mdegallaix/Projects/yaml-parser/yaml-parser/yaml-parser.fsproj;/usr/share/dotnet/sdk/2.2.101/Microsoft.Common.CurrentVersion.targets;/usr/share/dotnet/sdk/2.2.101/NuGet.targets;/usr/share/dotnet/sdk/2.2.101/15.0/Microsoft.Common.targets/ImportAfter/Microsoft.NET.Build.Extensions.targets;/usr/share/dotnet/sdk/2.2.101/Microsoft/Microsoft.NET.Build.Extensions/Microsoft.NET.Build.Extensions.targets;/usr/share/dotnet/sdk/2.2.101/15.0/Microsoft.Common.targets/ImportAfter/Microsoft.TestPlatform.ImportAfter.targets;/usr/share/dotnet/sdk/2.2.101/Microsoft.TestPlatform.targets;/home/mdegallaix/Projects/yaml-parser/yaml-parser/obj/yaml-parser.fsproj.nuget.g.targets" (previous value: ";/usr/share/dotnet/sdk/2.2.101/Sdks/Microsoft.NET.Sdk/Sdk/Sdk.props;/home/mdegallaix/Projects/yaml-parser/yaml-parser/obj/yaml-parser.fsproj.nuget.g.props;/home/mdegallaix/Projects/yaml-parser/yaml-parser/obj/yaml-parser.fsproj.paket.props;/usr/share/dotnet/sdk/2.2.101/Sdks/Microsoft.NET.Sdk/targets/Microsoft.NET.Sdk.props;/usr/share/dotnet/sdk/2.2.101/Sdks/Microsoft.NET.Sdk/targets/Microsoft.NET.Sdk.DefaultItems.props;/usr/share/dotnet/sdk/2.2.101/Sdks/Microsoft.NET.Sdk/targets/Microsoft.NET.SupportedTargetFrameworks.props;/usr/share/dotnet/sdk/2.2.101/Sdks/Microsoft.NET.Sdk/targets/Microsoft.NET.Sdk.FSharp.props;/usr/share/dotnet/sdk/2.2.101/FSharp/Microsoft.FSharp.NetSdk.props;/home/mdegallaix/Projects/yaml-parser/.paket/Paket.Restore.targets;/usr/share/dotnet/sdk/2.2.101/Sdks/Microsoft.NET.Sdk/Sdk/Sdk.targets;/usr/share/dotnet/sdk/2.2.101/Sdks/Microsoft.NET.Sdk/targets/Microsoft.NET.Sdk.BeforeCommon.targets;/usr/share/dotnet/sdk/2.2.101/Sdks/Microsoft.NET.Sdk/targets/Microsoft.NET.DefaultAssemblyInfo.targets;/usr/share/dotnet/sdk/2.2.101/Sdks/Microsoft.NET.Sdk/targets/Microsoft.NET.DefaultOutputPaths.targets;/usr/share/dotnet/sdk/2.2.101/Sdks/Microsoft.NET.Sdk/targets/Microsoft.NET.TargetFrameworkInference.targets;/usr/share/dotnet/sdk/2.2.101/Sdks/Microsoft.NET.Sdk/targets/Microsoft.NET.RuntimeIdentifierInference.targets;/usr/share/dotnet/sdk/2.2.101/Sdks/Microsoft.NET.Sdk/targets/Microsoft.NET.NuGetOfflineCache.targets;/usr/share/dotnet/sdk/2.2.101/Sdks/Microsoft.NET.Sdk/targets/Microsoft.NET.Sdk.FSharpTargetsShim.targets;/usr/share/dotnet/sdk/2.2.101/FSharp/Microsoft.FSharp.NetSdk.targets;/usr/share/dotnet/sdk/2.2.101/FSharp/Microsoft.FSharp.Targets;/home/mdegallaix/Projects/yaml-parser/yaml-parser/yaml-parser.fsproj;/usr/share/dotnet/sdk/2.2.101/Microsoft.Common.CurrentVersion.targets;/usr/share/dotnet/sdk/2.2.101/NuGet.targets;/usr/share/dotnet/sdk/2.2.101/15.0/Microsoft.Common.targets/ImportAfter/Microsoft.NET.Build.Extensions.targets;/usr/share/dotnet/sdk/2.2.101/Microsoft/Microsoft.NET.Build.Extensions/Microsoft.NET.Build.Extensions.targets;/usr/share/dotnet/sdk/2.2.101/15.0/Microsoft.Common.targets/ImportAfter/Microsoft.TestPlatform.ImportAfter.targets;/usr/share/dotnet/sdk/2.2.101/Microsoft.TestPlatform.targets") at /home/mdegallaix/Projects/yaml-parser/yaml-parser/obj/yaml-parser.fsproj.nuget.g.targets (4,5)
       Property reassignment: $(MSBuildAllProjects)=";/usr/share/dotnet/sdk/2.2.101/Sdks/Microsoft.NET.Sdk/Sdk/Sdk.props;/home/mdegallaix/Projects/yaml-parser/yaml-parser/obj/yaml-parser.fsproj.nuget.g.props;/home/mdegallaix/Projects/yaml-parser/yaml-parser/obj/yaml-parser.fsproj.paket.props;/usr/share/dotnet/sdk/2.2.101/Sdks/Microsoft.NET.Sdk/targets/Microsoft.NET.Sdk.props;/usr/share/dotnet/sdk/2.2.101/Sdks/Microsoft.NET.Sdk/targets/Microsoft.NET.Sdk.DefaultItems.props;/usr/share/dotnet/sdk/2.2.101/Sdks/Microsoft.NET.Sdk/targets/Microsoft.NET.SupportedTargetFrameworks.props;/usr/share/dotnet/sdk/2.2.101/Sdks/Microsoft.NET.Sdk/targets/Microsoft.NET.Sdk.FSharp.props;/usr/share/dotnet/sdk/2.2.101/FSharp/Microsoft.FSharp.NetSdk.props;/home/mdegallaix/Projects/yaml-parser/.paket/Paket.Restore.targets;/usr/share/dotnet/sdk/2.2.101/Sdks/Microsoft.NET.Sdk/Sdk/Sdk.targets;/usr/share/dotnet/sdk/2.2.101/Sdks/Microsoft.NET.Sdk/targets/Microsoft.NET.Sdk.BeforeCommon.targets;/usr/share/dotnet/sdk/2.2.101/Sdks/Microsoft.NET.Sdk/targets/Microsoft.NET.DefaultAssemblyInfo.targets;/usr/share/dotnet/sdk/2.2.101/Sdks/Microsoft.NET.Sdk/targets/Microsoft.NET.DefaultOutputPaths.targets;/usr/share/dotnet/sdk/2.2.101/Sdks/Microsoft.NET.Sdk/targets/Microsoft.NET.TargetFrameworkInference.targets;/usr/share/dotnet/sdk/2.2.101/Sdks/Microsoft.NET.Sdk/targets/Microsoft.NET.RuntimeIdentifierInference.targets;/usr/share/dotnet/sdk/2.2.101/Sdks/Microsoft.NET.Sdk/targets/Microsoft.NET.NuGetOfflineCache.targets;/usr/share/dotnet/sdk/2.2.101/Sdks/Microsoft.NET.Sdk/targets/Microsoft.NET.Sdk.FSharpTargetsShim.targets;/usr/share/dotnet/sdk/2.2.101/FSharp/Microsoft.FSharp.NetSdk.targets;/usr/share/dotnet/sdk/2.2.101/FSharp/Microsoft.FSharp.Targets;/home/mdegallaix/Projects/yaml-parser/yaml-parser/yaml-parser.fsproj;/usr/share/dotnet/sdk/2.2.101/Microsoft.Common.CurrentVersion.targets;/usr/share/dotnet/sdk/2.2.101/NuGet.targets;/usr/share/dotnet/sdk/2.2.101/15.0/Microsoft.Common.targets/ImportAfter/Microsoft.NET.Build.Extensions.targets;/usr/share/dotnet/sdk/2.2.101/Microsoft/Microsoft.NET.Build.Extensions/Microsoft.NET.Build.Extensions.targets;/usr/share/dotnet/sdk/2.2.101/15.0/Microsoft.Common.targets/ImportAfter/Microsoft.TestPlatform.ImportAfter.targets;/usr/share/dotnet/sdk/2.2.101/Microsoft.TestPlatform.targets;/home/mdegallaix/Projects/yaml-parser/yaml-parser/obj/yaml-parser.fsproj.nuget.g.targets;/home/mdegallaix/Projects/yaml-parser/yaml-parser/obj/yaml-parser.fsproj.proj-info.targets" (previous value: ";/usr/share/dotnet/sdk/2.2.101/Sdks/Microsoft.NET.Sdk/Sdk/Sdk.props;/home/mdegallaix/Projects/yaml-parser/yaml-parser/obj/yaml-parser.fsproj.nuget.g.props;/home/mdegallaix/Projects/yaml-parser/yaml-parser/obj/yaml-parser.fsproj.paket.props;/usr/share/dotnet/sdk/2.2.101/Sdks/Microsoft.NET.Sdk/targets/Microsoft.NET.Sdk.props;/usr/share/dotnet/sdk/2.2.101/Sdks/Microsoft.NET.Sdk/targets/Microsoft.NET.Sdk.DefaultItems.props;/usr/share/dotnet/sdk/2.2.101/Sdks/Microsoft.NET.Sdk/targets/Microsoft.NET.SupportedTargetFrameworks.props;/usr/share/dotnet/sdk/2.2.101/Sdks/Microsoft.NET.Sdk/targets/Microsoft.NET.Sdk.FSharp.props;/usr/share/dotnet/sdk/2.2.101/FSharp/Microsoft.FSharp.NetSdk.props;/home/mdegallaix/Projects/yaml-parser/.paket/Paket.Restore.targets;/usr/share/dotnet/sdk/2.2.101/Sdks/Microsoft.NET.Sdk/Sdk/Sdk.targets;/usr/share/dotnet/sdk/2.2.101/Sdks/Microsoft.NET.Sdk/targets/Microsoft.NET.Sdk.BeforeCommon.targets;/usr/share/dotnet/sdk/2.2.101/Sdks/Microsoft.NET.Sdk/targets/Microsoft.NET.DefaultAssemblyInfo.targets;/usr/share/dotnet/sdk/2.2.101/Sdks/Microsoft.NET.Sdk/targets/Microsoft.NET.DefaultOutputPaths.targets;/usr/share/dotnet/sdk/2.2.101/Sdks/Microsoft.NET.Sdk/targets/Microsoft.NET.TargetFrameworkInference.targets;/usr/share/dotnet/sdk/2.2.101/Sdks/Microsoft.NET.Sdk/targets/Microsoft.NET.RuntimeIdentifierInference.targets;/usr/share/dotnet/sdk/2.2.101/Sdks/Microsoft.NET.Sdk/targets/Microsoft.NET.NuGetOfflineCache.targets;/usr/share/dotnet/sdk/2.2.101/Sdks/Microsoft.NET.Sdk/targets/Microsoft.NET.Sdk.FSharpTargetsShim.targets;/usr/share/dotnet/sdk/2.2.101/FSharp/Microsoft.FSharp.NetSdk.targets;/usr/share/dotnet/sdk/2.2.101/FSharp/Microsoft.FSharp.Targets;/home/mdegallaix/Projects/yaml-parser/yaml-parser/yaml-parser.fsproj;/usr/share/dotnet/sdk/2.2.101/Microsoft.Common.CurrentVersion.targets;/usr/share/dotnet/sdk/2.2.101/NuGet.targets;/usr/share/dotnet/sdk/2.2.101/15.0/Microsoft.Common.targets/ImportAfter/Microsoft.NET.Build.Extensions.targets;/usr/share/dotnet/sdk/2.2.101/Microsoft/Microsoft.NET.Build.Extensions/Microsoft.NET.Build.Extensions.targets;/usr/share/dotnet/sdk/2.2.101/15.0/Microsoft.Common.targets/ImportAfter/Microsoft.TestPlatform.ImportAfter.targets;/usr/share/dotnet/sdk/2.2.101/Microsoft.TestPlatform.targets;/home/mdegallaix/Projects/yaml-parser/yaml-parser/obj/yaml-parser.fsproj.nuget.g.targets") at /home/mdegallaix/Projects/yaml-parser/yaml-parser/obj/yaml-parser.fsproj.proj-info.targets (4,5)
       Property reassignment: $(TargetsForTfmSpecificContentInPackage)=";PackTool;PackageFSharpDesignTimeTools" (previous value: ";PackTool") at /usr/share/dotnet/sdk/2.2.101/FSharp/Microsoft.FSharp.NetSdk.targets (52,5)
       Property reassignment: $(MSBuildAllProjects)=";/usr/share/dotnet/sdk/2.2.101/Sdks/Microsoft.NET.Sdk/Sdk/Sdk.props;/home/mdegallaix/Projects/yaml-parser/yaml-parser/obj/yaml-parser.fsproj.nuget.g.props;/home/mdegallaix/Projects/yaml-parser/yaml-parser/obj/yaml-parser.fsproj.paket.props;/usr/share/dotnet/sdk/2.2.101/Sdks/Microsoft.NET.Sdk/targets/Microsoft.NET.Sdk.props;/usr/share/dotnet/sdk/2.2.101/Sdks/Microsoft.NET.Sdk/targets/Microsoft.NET.Sdk.DefaultItems.props;/usr/share/dotnet/sdk/2.2.101/Sdks/Microsoft.NET.Sdk/targets/Microsoft.NET.SupportedTargetFrameworks.props;/usr/share/dotnet/sdk/2.2.101/Sdks/Microsoft.NET.Sdk/targets/Microsoft.NET.Sdk.FSharp.props;/usr/share/dotnet/sdk/2.2.101/FSharp/Microsoft.FSharp.NetSdk.props;/home/mdegallaix/Projects/yaml-parser/.paket/Paket.Restore.targets;/usr/share/dotnet/sdk/2.2.101/Sdks/Microsoft.NET.Sdk/Sdk/Sdk.targets;/usr/share/dotnet/sdk/2.2.101/Sdks/Microsoft.NET.Sdk/targets/Microsoft.NET.Sdk.BeforeCommon.targets;/usr/share/dotnet/sdk/2.2.101/Sdks/Microsoft.NET.Sdk/targets/Microsoft.NET.DefaultAssemblyInfo.targets;/usr/share/dotnet/sdk/2.2.101/Sdks/Microsoft.NET.Sdk/targets/Microsoft.NET.DefaultOutputPaths.targets;/usr/share/dotnet/sdk/2.2.101/Sdks/Microsoft.NET.Sdk/targets/Microsoft.NET.TargetFrameworkInference.targets;/usr/share/dotnet/sdk/2.2.101/Sdks/Microsoft.NET.Sdk/targets/Microsoft.NET.RuntimeIdentifierInference.targets;/usr/share/dotnet/sdk/2.2.101/Sdks/Microsoft.NET.Sdk/targets/Microsoft.NET.NuGetOfflineCache.targets;/usr/share/dotnet/sdk/2.2.101/Sdks/Microsoft.NET.Sdk/targets/Microsoft.NET.Sdk.FSharpTargetsShim.targets;/usr/share/dotnet/sdk/2.2.101/FSharp/Microsoft.FSharp.NetSdk.targets;/usr/share/dotnet/sdk/2.2.101/FSharp/Microsoft.FSharp.Targets;/home/mdegallaix/Projects/yaml-parser/yaml-parser/yaml-parser.fsproj;/usr/share/dotnet/sdk/2.2.101/Microsoft.Common.CurrentVersion.targets;/usr/share/dotnet/sdk/2.2.101/NuGet.targets;/usr/share/dotnet/sdk/2.2.101/15.0/Microsoft.Common.targets/ImportAfter/Microsoft.NET.Build.Extensions.targets;/usr/share/dotnet/sdk/2.2.101/Microsoft/Microsoft.NET.Build.Extensions/Microsoft.NET.Build.Extensions.targets;/usr/share/dotnet/sdk/2.2.101/15.0/Microsoft.Common.targets/ImportAfter/Microsoft.TestPlatform.ImportAfter.targets;/usr/share/dotnet/sdk/2.2.101/Microsoft.TestPlatform.targets;/home/mdegallaix/Projects/yaml-parser/yaml-parser/obj/yaml-parser.fsproj.nuget.g.targets;/home/mdegallaix/Projects/yaml-parser/yaml-parser/obj/yaml-parser.fsproj.proj-info.targets;/usr/share/dotnet/sdk/2.2.101/Sdks/Microsoft.NET.Sdk/targets/Microsoft.NET.Sdk.targets" (previous value: ";/usr/share/dotnet/sdk/2.2.101/Sdks/Microsoft.NET.Sdk/Sdk/Sdk.props;/home/mdegallaix/Projects/yaml-parser/yaml-parser/obj/yaml-parser.fsproj.nuget.g.props;/home/mdegallaix/Projects/yaml-parser/yaml-parser/obj/yaml-parser.fsproj.paket.props;/usr/share/dotnet/sdk/2.2.101/Sdks/Microsoft.NET.Sdk/targets/Microsoft.NET.Sdk.props;/usr/share/dotnet/sdk/2.2.101/Sdks/Microsoft.NET.Sdk/targets/Microsoft.NET.Sdk.DefaultItems.props;/usr/share/dotnet/sdk/2.2.101/Sdks/Microsoft.NET.Sdk/targets/Microsoft.NET.SupportedTargetFrameworks.props;/usr/share/dotnet/sdk/2.2.101/Sdks/Microsoft.NET.Sdk/targets/Microsoft.NET.Sdk.FSharp.props;/usr/share/dotnet/sdk/2.2.101/FSharp/Microsoft.FSharp.NetSdk.props;/home/mdegallaix/Projects/yaml-parser/.paket/Paket.Restore.targets;/usr/share/dotnet/sdk/2.2.101/Sdks/Microsoft.NET.Sdk/Sdk/Sdk.targets;/usr/share/dotnet/sdk/2.2.101/Sdks/Microsoft.NET.Sdk/targets/Microsoft.NET.Sdk.BeforeCommon.targets;/usr/share/dotnet/sdk/2.2.101/Sdks/Microsoft.NET.Sdk/targets/Microsoft.NET.DefaultAssemblyInfo.targets;/usr/share/dotnet/sdk/2.2.101/Sdks/Microsoft.NET.Sdk/targets/Microsoft.NET.DefaultOutputPaths.targets;/usr/share/dotnet/sdk/2.2.101/Sdks/Microsoft.NET.Sdk/targets/Microsoft.NET.TargetFrameworkInference.targets;/usr/share/dotnet/sdk/2.2.101/Sdks/Microsoft.NET.Sdk/targets/Microsoft.NET.RuntimeIdentifierInference.targets;/usr/share/dotnet/sdk/2.2.101/Sdks/Microsoft.NET.Sdk/targets/Microsoft.NET.NuGetOfflineCache.targets;/usr/share/dotnet/sdk/2.2.101/Sdks/Microsoft.NET.Sdk/targets/Microsoft.NET.Sdk.FSharpTargetsShim.targets;/usr/share/dotnet/sdk/2.2.101/FSharp/Microsoft.FSharp.NetSdk.targets;/usr/share/dotnet/sdk/2.2.101/FSharp/Microsoft.FSharp.Targets;/home/mdegallaix/Projects/yaml-parser/yaml-parser/yaml-parser.fsproj;/usr/share/dotnet/sdk/2.2.101/Microsoft.Common.CurrentVersion.targets;/usr/share/dotnet/sdk/2.2.101/NuGet.targets;/usr/share/dotnet/sdk/2.2.101/15.0/Microsoft.Common.targets/ImportAfter/Microsoft.NET.Build.Extensions.targets;/usr/share/dotnet/sdk/2.2.101/Microsoft/Microsoft.NET.Build.Extensions/Microsoft.NET.Build.Extensions.targets;/usr/share/dotnet/sdk/2.2.101/15.0/Microsoft.Common.targets/ImportAfter/Microsoft.TestPlatform.ImportAfter.targets;/usr/share/dotnet/sdk/2.2.101/Microsoft.TestPlatform.targets;/home/mdegallaix/Projects/yaml-parser/yaml-parser/obj/yaml-parser.fsproj.nuget.g.targets;/home/mdegallaix/Projects/yaml-parser/yaml-parser/obj/yaml-parser.fsproj.proj-info.targets") at /usr/share/dotnet/sdk/2.2.101/Sdks/Microsoft.NET.Sdk/targets/Microsoft.NET.Sdk.targets (15,5)
       Property reassignment: $(MSBuildAllProjects)=";/usr/share/dotnet/sdk/2.2.101/Sdks/Microsoft.NET.Sdk/Sdk/Sdk.props;/home/mdegallaix/Projects/yaml-parser/yaml-parser/obj/yaml-parser.fsproj.nuget.g.props;/home/mdegallaix/Projects/yaml-parser/yaml-parser/obj/yaml-parser.fsproj.paket.props;/usr/share/dotnet/sdk/2.2.101/Sdks/Microsoft.NET.Sdk/targets/Microsoft.NET.Sdk.props;/usr/share/dotnet/sdk/2.2.101/Sdks/Microsoft.NET.Sdk/targets/Microsoft.NET.Sdk.DefaultItems.props;/usr/share/dotnet/sdk/2.2.101/Sdks/Microsoft.NET.Sdk/targets/Microsoft.NET.SupportedTargetFrameworks.props;/usr/share/dotnet/sdk/2.2.101/Sdks/Microsoft.NET.Sdk/targets/Microsoft.NET.Sdk.FSharp.props;/usr/share/dotnet/sdk/2.2.101/FSharp/Microsoft.FSharp.NetSdk.props;/home/mdegallaix/Projects/yaml-parser/.paket/Paket.Restore.targets;/usr/share/dotnet/sdk/2.2.101/Sdks/Microsoft.NET.Sdk/Sdk/Sdk.targets;/usr/share/dotnet/sdk/2.2.101/Sdks/Microsoft.NET.Sdk/targets/Microsoft.NET.Sdk.BeforeCommon.targets;/usr/share/dotnet/sdk/2.2.101/Sdks/Microsoft.NET.Sdk/targets/Microsoft.NET.DefaultAssemblyInfo.targets;/usr/share/dotnet/sdk/2.2.101/Sdks/Microsoft.NET.Sdk/targets/Microsoft.NET.DefaultOutputPaths.targets;/usr/share/dotnet/sdk/2.2.101/Sdks/Microsoft.NET.Sdk/targets/Microsoft.NET.TargetFrameworkInference.targets;/usr/share/dotnet/sdk/2.2.101/Sdks/Microsoft.NET.Sdk/targets/Microsoft.NET.RuntimeIdentifierInference.targets;/usr/share/dotnet/sdk/2.2.101/Sdks/Microsoft.NET.Sdk/targets/Microsoft.NET.NuGetOfflineCache.targets;/usr/share/dotnet/sdk/2.2.101/Sdks/Microsoft.NET.Sdk/targets/Microsoft.NET.Sdk.FSharpTargetsShim.targets;/usr/share/dotnet/sdk/2.2.101/FSharp/Microsoft.FSharp.NetSdk.targets;/usr/share/dotnet/sdk/2.2.101/FSharp/Microsoft.FSharp.Targets;/home/mdegallaix/Projects/yaml-parser/yaml-parser/yaml-parser.fsproj;/usr/share/dotnet/sdk/2.2.101/Microsoft.Common.CurrentVersion.targets;/usr/share/dotnet/sdk/2.2.101/NuGet.targets;/usr/share/dotnet/sdk/2.2.101/15.0/Microsoft.Common.targets/ImportAfter/Microsoft.NET.Build.Extensions.targets;/usr/share/dotnet/sdk/2.2.101/Microsoft/Microsoft.NET.Build.Extensions/Microsoft.NET.Build.Extensions.targets;/usr/share/dotnet/sdk/2.2.101/15.0/Microsoft.Common.targets/ImportAfter/Microsoft.TestPlatform.ImportAfter.targets;/usr/share/dotnet/sdk/2.2.101/Microsoft.TestPlatform.targets;/home/mdegallaix/Projects/yaml-parser/yaml-parser/obj/yaml-parser.fsproj.nuget.g.targets;/home/mdegallaix/Projects/yaml-parser/yaml-parser/obj/yaml-parser.fsproj.proj-info.targets;/usr/share/dotnet/sdk/2.2.101/Sdks/Microsoft.NET.Sdk/targets/Microsoft.NET.Sdk.targets;/usr/share/dotnet/sdk/2.2.101/Sdks/Microsoft.NET.Sdk/targets/Microsoft.NET.Sdk.Common.targets" (previous value: ";/usr/share/dotnet/sdk/2.2.101/Sdks/Microsoft.NET.Sdk/Sdk/Sdk.props;/home/mdegallaix/Projects/yaml-parser/yaml-parser/obj/yaml-parser.fsproj.nuget.g.props;/home/mdegallaix/Projects/yaml-parser/yaml-parser/obj/yaml-parser.fsproj.paket.props;/usr/share/dotnet/sdk/2.2.101/Sdks/Microsoft.NET.Sdk/targets/Microsoft.NET.Sdk.props;/usr/share/dotnet/sdk/2.2.101/Sdks/Microsoft.NET.Sdk/targets/Microsoft.NET.Sdk.DefaultItems.props;/usr/share/dotnet/sdk/2.2.101/Sdks/Microsoft.NET.Sdk/targets/Microsoft.NET.SupportedTargetFrameworks.props;/usr/share/dotnet/sdk/2.2.101/Sdks/Microsoft.NET.Sdk/targets/Microsoft.NET.Sdk.FSharp.props;/usr/share/dotnet/sdk/2.2.101/FSharp/Microsoft.FSharp.NetSdk.props;/home/mdegallaix/Projects/yaml-parser/.paket/Paket.Restore.targets;/usr/share/dotnet/sdk/2.2.101/Sdks/Microsoft.NET.Sdk/Sdk/Sdk.targets;/usr/share/dotnet/sdk/2.2.101/Sdks/Microsoft.NET.Sdk/targets/Microsoft.NET.Sdk.BeforeCommon.targets;/usr/share/dotnet/sdk/2.2.101/Sdks/Microsoft.NET.Sdk/targets/Microsoft.NET.DefaultAssemblyInfo.targets;/usr/share/dotnet/sdk/2.2.101/Sdks/Microsoft.NET.Sdk/targets/Microsoft.NET.DefaultOutputPaths.targets;/usr/share/dotnet/sdk/2.2.101/Sdks/Microsoft.NET.Sdk/targets/Microsoft.NET.TargetFrameworkInference.targets;/usr/share/dotnet/sdk/2.2.101/Sdks/Microsoft.NET.Sdk/targets/Microsoft.NET.RuntimeIdentifierInference.targets;/usr/share/dotnet/sdk/2.2.101/Sdks/Microsoft.NET.Sdk/targets/Microsoft.NET.NuGetOfflineCache.targets;/usr/share/dotnet/sdk/2.2.101/Sdks/Microsoft.NET.Sdk/targets/Microsoft.NET.Sdk.FSharpTargetsShim.targets;/usr/share/dotnet/sdk/2.2.101/FSharp/Microsoft.FSharp.NetSdk.targets;/usr/share/dotnet/sdk/2.2.101/FSharp/Microsoft.FSharp.Targets;/home/mdegallaix/Projects/yaml-parser/yaml-parser/yaml-parser.fsproj;/usr/share/dotnet/sdk/2.2.101/Microsoft.Common.CurrentVersion.targets;/usr/share/dotnet/sdk/2.2.101/NuGet.targets;/usr/share/dotnet/sdk/2.2.101/15.0/Microsoft.Common.targets/ImportAfter/Microsoft.NET.Build.Extensions.targets;/usr/share/dotnet/sdk/2.2.101/Microsoft/Microsoft.NET.Build.Extensions/Microsoft.NET.Build.Extensions.targets;/usr/share/dotnet/sdk/2.2.101/15.0/Microsoft.Common.targets/ImportAfter/Microsoft.TestPlatform.ImportAfter.targets;/usr/share/dotnet/sdk/2.2.101/Microsoft.TestPlatform.targets;/home/mdegallaix/Projects/yaml-parser/yaml-parser/obj/yaml-parser.fsproj.nuget.g.targets;/home/mdegallaix/Projects/yaml-parser/yaml-parser/obj/yaml-parser.fsproj.proj-info.targets;/usr/share/dotnet/sdk/2.2.101/Sdks/Microsoft.NET.Sdk/targets/Microsoft.NET.Sdk.targets") at /usr/share/dotnet/sdk/2.2.101/Sdks/Microsoft.NET.Sdk/targets/Microsoft.NET.Sdk.Common.targets (17,5)
       Property reassignment: $(MSBuildAllProjects)=";/usr/share/dotnet/sdk/2.2.101/Sdks/Microsoft.NET.Sdk/Sdk/Sdk.props;/home/mdegallaix/Projects/yaml-parser/yaml-parser/obj/yaml-parser.fsproj.nuget.g.props;/home/mdegallaix/Projects/yaml-parser/yaml-parser/obj/yaml-parser.fsproj.paket.props;/usr/share/dotnet/sdk/2.2.101/Sdks/Microsoft.NET.Sdk/targets/Microsoft.NET.Sdk.props;/usr/share/dotnet/sdk/2.2.101/Sdks/Microsoft.NET.Sdk/targets/Microsoft.NET.Sdk.DefaultItems.props;/usr/share/dotnet/sdk/2.2.101/Sdks/Microsoft.NET.Sdk/targets/Microsoft.NET.SupportedTargetFrameworks.props;/usr/share/dotnet/sdk/2.2.101/Sdks/Microsoft.NET.Sdk/targets/Microsoft.NET.Sdk.FSharp.props;/usr/share/dotnet/sdk/2.2.101/FSharp/Microsoft.FSharp.NetSdk.props;/home/mdegallaix/Projects/yaml-parser/.paket/Paket.Restore.targets;/usr/share/dotnet/sdk/2.2.101/Sdks/Microsoft.NET.Sdk/Sdk/Sdk.targets;/usr/share/dotnet/sdk/2.2.101/Sdks/Microsoft.NET.Sdk/targets/Microsoft.NET.Sdk.BeforeCommon.targets;/usr/share/dotnet/sdk/2.2.101/Sdks/Microsoft.NET.Sdk/targets/Microsoft.NET.DefaultAssemblyInfo.targets;/usr/share/dotnet/sdk/2.2.101/Sdks/Microsoft.NET.Sdk/targets/Microsoft.NET.DefaultOutputPaths.targets;/usr/share/dotnet/sdk/2.2.101/Sdks/Microsoft.NET.Sdk/targets/Microsoft.NET.TargetFrameworkInference.targets;/usr/share/dotnet/sdk/2.2.101/Sdks/Microsoft.NET.Sdk/targets/Microsoft.NET.RuntimeIdentifierInference.targets;/usr/share/dotnet/sdk/2.2.101/Sdks/Microsoft.NET.Sdk/targets/Microsoft.NET.NuGetOfflineCache.targets;/usr/share/dotnet/sdk/2.2.101/Sdks/Microsoft.NET.Sdk/targets/Microsoft.NET.Sdk.FSharpTargetsShim.targets;/usr/share/dotnet/sdk/2.2.101/FSharp/Microsoft.FSharp.NetSdk.targets;/usr/share/dotnet/sdk/2.2.101/FSharp/Microsoft.FSharp.Targets;/home/mdegallaix/Projects/yaml-parser/yaml-parser/yaml-parser.fsproj;/usr/share/dotnet/sdk/2.2.101/Microsoft.Common.CurrentVersion.targets;/usr/share/dotnet/sdk/2.2.101/NuGet.targets;/usr/share/dotnet/sdk/2.2.101/15.0/Microsoft.Common.targets/ImportAfter/Microsoft.NET.Build.Extensions.targets;/usr/share/dotnet/sdk/2.2.101/Microsoft/Microsoft.NET.Build.Extensions/Microsoft.NET.Build.Extensions.targets;/usr/share/dotnet/sdk/2.2.101/15.0/Microsoft.Common.targets/ImportAfter/Microsoft.TestPlatform.ImportAfter.targets;/usr/share/dotnet/sdk/2.2.101/Microsoft.TestPlatform.targets;/home/mdegallaix/Projects/yaml-parser/yaml-parser/obj/yaml-parser.fsproj.nuget.g.targets;/home/mdegallaix/Projects/yaml-parser/yaml-parser/obj/yaml-parser.fsproj.proj-info.targets;/usr/share/dotnet/sdk/2.2.101/Sdks/Microsoft.NET.Sdk/targets/Microsoft.NET.Sdk.targets;/usr/share/dotnet/sdk/2.2.101/Sdks/Microsoft.NET.Sdk/targets/Microsoft.NET.Sdk.Common.targets;/usr/share/dotnet/sdk/2.2.101/Sdks/Microsoft.NET.Sdk/targets/Microsoft.PackageDependencyResolution.targets" (previous value: ";/usr/share/dotnet/sdk/2.2.101/Sdks/Microsoft.NET.Sdk/Sdk/Sdk.props;/home/mdegallaix/Projects/yaml-parser/yaml-parser/obj/yaml-parser.fsproj.nuget.g.props;/home/mdegallaix/Projects/yaml-parser/yaml-parser/obj/yaml-parser.fsproj.paket.props;/usr/share/dotnet/sdk/2.2.101/Sdks/Microsoft.NET.Sdk/targets/Microsoft.NET.Sdk.props;/usr/share/dotnet/sdk/2.2.101/Sdks/Microsoft.NET.Sdk/targets/Microsoft.NET.Sdk.DefaultItems.props;/usr/share/dotnet/sdk/2.2.101/Sdks/Microsoft.NET.Sdk/targets/Microsoft.NET.SupportedTargetFrameworks.props;/usr/share/dotnet/sdk/2.2.101/Sdks/Microsoft.NET.Sdk/targets/Microsoft.NET.Sdk.FSharp.props;/usr/share/dotnet/sdk/2.2.101/FSharp/Microsoft.FSharp.NetSdk.props;/home/mdegallaix/Projects/yaml-parser/.paket/Paket.Restore.targets;/usr/share/dotnet/sdk/2.2.101/Sdks/Microsoft.NET.Sdk/Sdk/Sdk.targets;/usr/share/dotnet/sdk/2.2.101/Sdks/Microsoft.NET.Sdk/targets/Microsoft.NET.Sdk.BeforeCommon.targets;/usr/share/dotnet/sdk/2.2.101/Sdks/Microsoft.NET.Sdk/targets/Microsoft.NET.DefaultAssemblyInfo.targets;/usr/share/dotnet/sdk/2.2.101/Sdks/Microsoft.NET.Sdk/targets/Microsoft.NET.DefaultOutputPaths.targets;/usr/share/dotnet/sdk/2.2.101/Sdks/Microsoft.NET.Sdk/targets/Microsoft.NET.TargetFrameworkInference.targets;/usr/share/dotnet/sdk/2.2.101/Sdks/Microsoft.NET.Sdk/targets/Microsoft.NET.RuntimeIdentifierInference.targets;/usr/share/dotnet/sdk/2.2.101/Sdks/Microsoft.NET.Sdk/targets/Microsoft.NET.NuGetOfflineCache.targets;/usr/share/dotnet/sdk/2.2.101/Sdks/Microsoft.NET.Sdk/targets/Microsoft.NET.Sdk.FSharpTargetsShim.targets;/usr/share/dotnet/sdk/2.2.101/FSharp/Microsoft.FSharp.NetSdk.targets;/usr/share/dotnet/sdk/2.2.101/FSharp/Microsoft.FSharp.Targets;/home/mdegallaix/Projects/yaml-parser/yaml-parser/yaml-parser.fsproj;/usr/share/dotnet/sdk/2.2.101/Microsoft.Common.CurrentVersion.targets;/usr/share/dotnet/sdk/2.2.101/NuGet.targets;/usr/share/dotnet/sdk/2.2.101/15.0/Microsoft.Common.targets/ImportAfter/Microsoft.NET.Build.Extensions.targets;/usr/share/dotnet/sdk/2.2.101/Microsoft/Microsoft.NET.Build.Extensions/Microsoft.NET.Build.Extensions.targets;/usr/share/dotnet/sdk/2.2.101/15.0/Microsoft.Common.targets/ImportAfter/Microsoft.TestPlatform.ImportAfter.targets;/usr/share/dotnet/sdk/2.2.101/Microsoft.TestPlatform.targets;/home/mdegallaix/Projects/yaml-parser/yaml-parser/obj/yaml-parser.fsproj.nuget.g.targets;/home/mdegallaix/Projects/yaml-parser/yaml-parser/obj/yaml-parser.fsproj.proj-info.targets;/usr/share/dotnet/sdk/2.2.101/Sdks/Microsoft.NET.Sdk/targets/Microsoft.NET.Sdk.targets;/usr/share/dotnet/sdk/2.2.101/Sdks/Microsoft.NET.Sdk/targets/Microsoft.NET.Sdk.Common.targets") at /usr/share/dotnet/sdk/2.2.101/Sdks/Microsoft.NET.Sdk/targets/Microsoft.PackageDependencyResolution.targets (23,5)
       Property reassignment: $(ProjectAssetsCacheFile)="/home/mdegallaix/Projects/yaml-parser/yaml-parser/obj/Debug/netstandard1.6/yaml-parser.assets.cache" (previous value: "obj\Debug\netstandard1.6\yaml-parser.assets.cache") at /usr/share/dotnet/sdk/2.2.101/Sdks/Microsoft.NET.Sdk/targets/Microsoft.PackageDependencyResolution.targets (33,5)
       Property reassignment: $(ResolveAssemblyReferencesDependsOn)="
             
             ResolveProjectReferences;
             FindInvalidProjectReferences;
             GetFrameworkPaths;
             GetReferenceAssemblyPaths;
             PrepareForBuild;
             ResolveSDKReferences;
             ExpandSDKReferences;
           ;
             ResolvePackageDependenciesForBuild;
             _HandlePackageFileConflicts;
           " (previous value: "
             ResolveProjectReferences;
             FindInvalidProjectReferences;
             GetFrameworkPaths;
             GetReferenceAssemblyPaths;
             PrepareForBuild;
             ResolveSDKReferences;
             ExpandSDKReferences;
           ") at /usr/share/dotnet/sdk/2.2.101/Sdks/Microsoft.NET.Sdk/targets/Microsoft.PackageDependencyResolution.targets (60,5)
       Property reassignment: $(PrepareResourcesDependsOn)="
             ResolvePackageDependenciesForBuild;
             _HandlePackageFileConflicts;
             
             PrepareResourceNames;
             ResGen;
             CompileLicxFiles
           
           " (previous value: "
             PrepareResourceNames;
             ResGen;
             CompileLicxFiles
           ") at /usr/share/dotnet/sdk/2.2.101/Sdks/Microsoft.NET.Sdk/targets/Microsoft.PackageDependencyResolution.targets (66,5)
       Property reassignment: $(MSBuildAllProjects)=";/usr/share/dotnet/sdk/2.2.101/Sdks/Microsoft.NET.Sdk/Sdk/Sdk.props;/home/mdegallaix/Projects/yaml-parser/yaml-parser/obj/yaml-parser.fsproj.nuget.g.props;/home/mdegallaix/Projects/yaml-parser/yaml-parser/obj/yaml-parser.fsproj.paket.props;/usr/share/dotnet/sdk/2.2.101/Sdks/Microsoft.NET.Sdk/targets/Microsoft.NET.Sdk.props;/usr/share/dotnet/sdk/2.2.101/Sdks/Microsoft.NET.Sdk/targets/Microsoft.NET.Sdk.DefaultItems.props;/usr/share/dotnet/sdk/2.2.101/Sdks/Microsoft.NET.Sdk/targets/Microsoft.NET.SupportedTargetFrameworks.props;/usr/share/dotnet/sdk/2.2.101/Sdks/Microsoft.NET.Sdk/targets/Microsoft.NET.Sdk.FSharp.props;/usr/share/dotnet/sdk/2.2.101/FSharp/Microsoft.FSharp.NetSdk.props;/home/mdegallaix/Projects/yaml-parser/.paket/Paket.Restore.targets;/usr/share/dotnet/sdk/2.2.101/Sdks/Microsoft.NET.Sdk/Sdk/Sdk.targets;/usr/share/dotnet/sdk/2.2.101/Sdks/Microsoft.NET.Sdk/targets/Microsoft.NET.Sdk.BeforeCommon.targets;/usr/share/dotnet/sdk/2.2.101/Sdks/Microsoft.NET.Sdk/targets/Microsoft.NET.DefaultAssemblyInfo.targets;/usr/share/dotnet/sdk/2.2.101/Sdks/Microsoft.NET.Sdk/targets/Microsoft.NET.DefaultOutputPaths.targets;/usr/share/dotnet/sdk/2.2.101/Sdks/Microsoft.NET.Sdk/targets/Microsoft.NET.TargetFrameworkInference.targets;/usr/share/dotnet/sdk/2.2.101/Sdks/Microsoft.NET.Sdk/targets/Microsoft.NET.RuntimeIdentifierInference.targets;/usr/share/dotnet/sdk/2.2.101/Sdks/Microsoft.NET.Sdk/targets/Microsoft.NET.NuGetOfflineCache.targets;/usr/share/dotnet/sdk/2.2.101/Sdks/Microsoft.NET.Sdk/targets/Microsoft.NET.Sdk.FSharpTargetsShim.targets;/usr/share/dotnet/sdk/2.2.101/FSharp/Microsoft.FSharp.NetSdk.targets;/usr/share/dotnet/sdk/2.2.101/FSharp/Microsoft.FSharp.Targets;/home/mdegallaix/Projects/yaml-parser/yaml-parser/yaml-parser.fsproj;/usr/share/dotnet/sdk/2.2.101/Microsoft.Common.CurrentVersion.targets;/usr/share/dotnet/sdk/2.2.101/NuGet.targets;/usr/share/dotnet/sdk/2.2.101/15.0/Microsoft.Common.targets/ImportAfter/Microsoft.NET.Build.Extensions.targets;/usr/share/dotnet/sdk/2.2.101/Microsoft/Microsoft.NET.Build.Extensions/Microsoft.NET.Build.Extensions.targets;/usr/share/dotnet/sdk/2.2.101/15.0/Microsoft.Common.targets/ImportAfter/Microsoft.TestPlatform.ImportAfter.targets;/usr/share/dotnet/sdk/2.2.101/Microsoft.TestPlatform.targets;/home/mdegallaix/Projects/yaml-parser/yaml-parser/obj/yaml-parser.fsproj.nuget.g.targets;/home/mdegallaix/Projects/yaml-parser/yaml-parser/obj/yaml-parser.fsproj.proj-info.targets;/usr/share/dotnet/sdk/2.2.101/Sdks/Microsoft.NET.Sdk/targets/Microsoft.NET.Sdk.targets;/usr/share/dotnet/sdk/2.2.101/Sdks/Microsoft.NET.Sdk/targets/Microsoft.NET.Sdk.Common.targets;/usr/share/dotnet/sdk/2.2.101/Sdks/Microsoft.NET.Sdk/targets/Microsoft.PackageDependencyResolution.targets;/usr/share/dotnet/sdk/2.2.101/Sdks/Microsoft.NET.Sdk/targets/Microsoft.NET.Sdk.DefaultItems.targets" (previous value: ";/usr/share/dotnet/sdk/2.2.101/Sdks/Microsoft.NET.Sdk/Sdk/Sdk.props;/home/mdegallaix/Projects/yaml-parser/yaml-parser/obj/yaml-parser.fsproj.nuget.g.props;/home/mdegallaix/Projects/yaml-parser/yaml-parser/obj/yaml-parser.fsproj.paket.props;/usr/share/dotnet/sdk/2.2.101/Sdks/Microsoft.NET.Sdk/targets/Microsoft.NET.Sdk.props;/usr/share/dotnet/sdk/2.2.101/Sdks/Microsoft.NET.Sdk/targets/Microsoft.NET.Sdk.DefaultItems.props;/usr/share/dotnet/sdk/2.2.101/Sdks/Microsoft.NET.Sdk/targets/Microsoft.NET.SupportedTargetFrameworks.props;/usr/share/dotnet/sdk/2.2.101/Sdks/Microsoft.NET.Sdk/targets/Microsoft.NET.Sdk.FSharp.props;/usr/share/dotnet/sdk/2.2.101/FSharp/Microsoft.FSharp.NetSdk.props;/home/mdegallaix/Projects/yaml-parser/.paket/Paket.Restore.targets;/usr/share/dotnet/sdk/2.2.101/Sdks/Microsoft.NET.Sdk/Sdk/Sdk.targets;/usr/share/dotnet/sdk/2.2.101/Sdks/Microsoft.NET.Sdk/targets/Microsoft.NET.Sdk.BeforeCommon.targets;/usr/share/dotnet/sdk/2.2.101/Sdks/Microsoft.NET.Sdk/targets/Microsoft.NET.DefaultAssemblyInfo.targets;/usr/share/dotnet/sdk/2.2.101/Sdks/Microsoft.NET.Sdk/targets/Microsoft.NET.DefaultOutputPaths.targets;/usr/share/dotnet/sdk/2.2.101/Sdks/Microsoft.NET.Sdk/targets/Microsoft.NET.TargetFrameworkInference.targets;/usr/share/dotnet/sdk/2.2.101/Sdks/Microsoft.NET.Sdk/targets/Microsoft.NET.RuntimeIdentifierInference.targets;/usr/share/dotnet/sdk/2.2.101/Sdks/Microsoft.NET.Sdk/targets/Microsoft.NET.NuGetOfflineCache.targets;/usr/share/dotnet/sdk/2.2.101/Sdks/Microsoft.NET.Sdk/targets/Microsoft.NET.Sdk.FSharpTargetsShim.targets;/usr/share/dotnet/sdk/2.2.101/FSharp/Microsoft.FSharp.NetSdk.targets;/usr/share/dotnet/sdk/2.2.101/FSharp/Microsoft.FSharp.Targets;/home/mdegallaix/Projects/yaml-parser/yaml-parser/yaml-parser.fsproj;/usr/share/dotnet/sdk/2.2.101/Microsoft.Common.CurrentVersion.targets;/usr/share/dotnet/sdk/2.2.101/NuGet.targets;/usr/share/dotnet/sdk/2.2.101/15.0/Microsoft.Common.targets/ImportAfter/Microsoft.NET.Build.Extensions.targets;/usr/share/dotnet/sdk/2.2.101/Microsoft/Microsoft.NET.Build.Extensions/Microsoft.NET.Build.Extensions.targets;/usr/share/dotnet/sdk/2.2.101/15.0/Microsoft.Common.targets/ImportAfter/Microsoft.TestPlatform.ImportAfter.targets;/usr/share/dotnet/sdk/2.2.101/Microsoft.TestPlatform.targets;/home/mdegallaix/Projects/yaml-parser/yaml-parser/obj/yaml-parser.fsproj.nuget.g.targets;/home/mdegallaix/Projects/yaml-parser/yaml-parser/obj/yaml-parser.fsproj.proj-info.targets;/usr/share/dotnet/sdk/2.2.101/Sdks/Microsoft.NET.Sdk/targets/Microsoft.NET.Sdk.targets;/usr/share/dotnet/sdk/2.2.101/Sdks/Microsoft.NET.Sdk/targets/Microsoft.NET.Sdk.Common.targets;/usr/share/dotnet/sdk/2.2.101/Sdks/Microsoft.NET.Sdk/targets/Microsoft.PackageDependencyResolution.targets") at /usr/share/dotnet/sdk/2.2.101/Sdks/Microsoft.NET.Sdk/targets/Microsoft.NET.Sdk.DefaultItems.targets (15,5)
       Property reassignment: $(DefaultItemExcludes)=";bin\Debug\/**;obj\Debug\/**;bin\/**" (previous value: ";bin\Debug\/**;obj\Debug\/**") at /usr/share/dotnet/sdk/2.2.101/Sdks/Microsoft.NET.Sdk/targets/Microsoft.NET.Sdk.DefaultItems.targets (30,5)
       Property reassignment: $(DefaultItemExcludes)=";bin\Debug\/**;obj\Debug\/**;bin\/**;obj\/**" (previous value: ";bin\Debug\/**;obj\Debug\/**;bin\/**") at /usr/share/dotnet/sdk/2.2.101/Sdks/Microsoft.NET.Sdk/targets/Microsoft.NET.Sdk.DefaultItems.targets (32,5)
       Property reassignment: $(DefaultItemExcludes)=";bin\Debug\/**;obj\Debug\/**;bin\/**;obj\/**;**/*.user" (previous value: ";bin\Debug\/**;obj\Debug\/**;bin\/**;obj\/**") at /usr/share/dotnet/sdk/2.2.101/Sdks/Microsoft.NET.Sdk/targets/Microsoft.NET.Sdk.DefaultItems.targets (35,5)
       Property reassignment: $(DefaultItemExcludes)=";bin\Debug\/**;obj\Debug\/**;bin\/**;obj\/**;**/*.user;**/*.*proj" (previous value: ";bin\Debug\/**;obj\Debug\/**;bin\/**;obj\/**;**/*.user") at /usr/share/dotnet/sdk/2.2.101/Sdks/Microsoft.NET.Sdk/targets/Microsoft.NET.Sdk.DefaultItems.targets (36,5)
       Property reassignment: $(DefaultItemExcludes)=";bin\Debug\/**;obj\Debug\/**;bin\/**;obj\/**;**/*.user;**/*.*proj;**/*.sln" (previous value: ";bin\Debug\/**;obj\Debug\/**;bin\/**;obj\/**;**/*.user;**/*.*proj") at /usr/share/dotnet/sdk/2.2.101/Sdks/Microsoft.NET.Sdk/targets/Microsoft.NET.Sdk.DefaultItems.targets (37,5)
       Property reassignment: $(DefaultItemExcludes)=";bin\Debug\/**;obj\Debug\/**;bin\/**;obj\/**;**/*.user;**/*.*proj;**/*.sln;**/*.vssscc" (previous value: ";bin\Debug\/**;obj\Debug\/**;bin\/**;obj\/**;**/*.user;**/*.*proj;**/*.sln") at /usr/share/dotnet/sdk/2.2.101/Sdks/Microsoft.NET.Sdk/targets/Microsoft.NET.Sdk.DefaultItems.targets (38,5)
       Property reassignment: $(_DefaultUserProfileRuntimeStorePath)="/home/mdegallaix/.dotnet/store" (previous value: "/home/mdegallaix") at /usr/share/dotnet/sdk/2.2.101/Sdks/Microsoft.NET.Sdk/targets/Microsoft.NET.Sdk.targets (82,5)
       Property reassignment: $(CoreBuildDependsOn)="
             
             BuildOnlySettings;
             PrepareForBuild;
             PreBuildEvent;
             ResolveReferences;
             PrepareResources;
             ResolveKeySource;
             Compile;
             ExportWindowsMDFile;
             UnmanagedUnregistration;
             GenerateSerializationAssemblies;
             CreateSatelliteAssemblies;
             GenerateManifests;
             GetTargetPath;
             PrepareForRun;
             UnmanagedRegistration;
             IncrementalClean;
             PostBuildEvent
           ;
             GenerateBuildDependencyFile;
             GenerateBuildRuntimeConfigurationFiles
           " (previous value: "
             BuildOnlySettings;
             PrepareForBuild;
             PreBuildEvent;
             ResolveReferences;
             PrepareResources;
             ResolveKeySource;
             Compile;
             ExportWindowsMDFile;
             UnmanagedUnregistration;
             GenerateSerializationAssemblies;
             CreateSatelliteAssemblies;
             GenerateManifests;
             GetTargetPath;
             PrepareForRun;
             UnmanagedRegistration;
             IncrementalClean;
             PostBuildEvent
           ") at /usr/share/dotnet/sdk/2.2.101/Sdks/Microsoft.NET.Sdk/targets/Microsoft.NET.Sdk.targets (87,5)
       Property reassignment: $(CoreCleanDependsOn)="
             _SdkBeforeClean;
             
           " (previous value: "") at /usr/share/dotnet/sdk/2.2.101/Sdks/Microsoft.NET.Sdk/targets/Microsoft.NET.Sdk.targets (95,5)
       Property reassignment: $(RebuildDependsOn)="
             _SdkBeforeRebuild;
             
             BeforeRebuild;
             Clean;
             Build;
             AfterRebuild;
           
           " (previous value: "
             BeforeRebuild;
             Clean;
             Build;
             AfterRebuild;
           ") at /usr/share/dotnet/sdk/2.2.101/Sdks/Microsoft.NET.Sdk/targets/Microsoft.NET.Sdk.targets (102,5)
       Property reassignment: $(CreateSatelliteAssembliesDependsOn)="
             
             _GenerateSatelliteAssemblyInputs;
             ComputeIntermediateSatelliteAssemblies;
             GenerateSatelliteAssemblies
           ;
             CoreGenerateSatelliteAssemblies
           " (previous value: "
             _GenerateSatelliteAssemblyInputs;
             ComputeIntermediateSatelliteAssemblies;
             GenerateSatelliteAssemblies
           ") at /usr/share/dotnet/sdk/2.2.101/Sdks/Microsoft.NET.Sdk/targets/Microsoft.NET.Sdk.targets (436,5)
       Property reassignment: $(MSBuildAllProjects)=";/usr/share/dotnet/sdk/2.2.101/Sdks/Microsoft.NET.Sdk/Sdk/Sdk.props;/home/mdegallaix/Projects/yaml-parser/yaml-parser/obj/yaml-parser.fsproj.nuget.g.props;/home/mdegallaix/Projects/yaml-parser/yaml-parser/obj/yaml-parser.fsproj.paket.props;/usr/share/dotnet/sdk/2.2.101/Sdks/Microsoft.NET.Sdk/targets/Microsoft.NET.Sdk.props;/usr/share/dotnet/sdk/2.2.101/Sdks/Microsoft.NET.Sdk/targets/Microsoft.NET.Sdk.DefaultItems.props;/usr/share/dotnet/sdk/2.2.101/Sdks/Microsoft.NET.Sdk/targets/Microsoft.NET.SupportedTargetFrameworks.props;/usr/share/dotnet/sdk/2.2.101/Sdks/Microsoft.NET.Sdk/targets/Microsoft.NET.Sdk.FSharp.props;/usr/share/dotnet/sdk/2.2.101/FSharp/Microsoft.FSharp.NetSdk.props;/home/mdegallaix/Projects/yaml-parser/.paket/Paket.Restore.targets;/usr/share/dotnet/sdk/2.2.101/Sdks/Microsoft.NET.Sdk/Sdk/Sdk.targets;/usr/share/dotnet/sdk/2.2.101/Sdks/Microsoft.NET.Sdk/targets/Microsoft.NET.Sdk.BeforeCommon.targets;/usr/share/dotnet/sdk/2.2.101/Sdks/Microsoft.NET.Sdk/targets/Microsoft.NET.DefaultAssemblyInfo.targets;/usr/share/dotnet/sdk/2.2.101/Sdks/Microsoft.NET.Sdk/targets/Microsoft.NET.DefaultOutputPaths.targets;/usr/share/dotnet/sdk/2.2.101/Sdks/Microsoft.NET.Sdk/targets/Microsoft.NET.TargetFrameworkInference.targets;/usr/share/dotnet/sdk/2.2.101/Sdks/Microsoft.NET.Sdk/targets/Microsoft.NET.RuntimeIdentifierInference.targets;/usr/share/dotnet/sdk/2.2.101/Sdks/Microsoft.NET.Sdk/targets/Microsoft.NET.NuGetOfflineCache.targets;/usr/share/dotnet/sdk/2.2.101/Sdks/Microsoft.NET.Sdk/targets/Microsoft.NET.Sdk.FSharpTargetsShim.targets;/usr/share/dotnet/sdk/2.2.101/FSharp/Microsoft.FSharp.NetSdk.targets;/usr/share/dotnet/sdk/2.2.101/FSharp/Microsoft.FSharp.Targets;/home/mdegallaix/Projects/yaml-parser/yaml-parser/yaml-parser.fsproj;/usr/share/dotnet/sdk/2.2.101/Microsoft.Common.CurrentVersion.targets;/usr/share/dotnet/sdk/2.2.101/NuGet.targets;/usr/share/dotnet/sdk/2.2.101/15.0/Microsoft.Common.targets/ImportAfter/Microsoft.NET.Build.Extensions.targets;/usr/share/dotnet/sdk/2.2.101/Microsoft/Microsoft.NET.Build.Extensions/Microsoft.NET.Build.Extensions.targets;/usr/share/dotnet/sdk/2.2.101/15.0/Microsoft.Common.targets/ImportAfter/Microsoft.TestPlatform.ImportAfter.targets;/usr/share/dotnet/sdk/2.2.101/Microsoft.TestPlatform.targets;/home/mdegallaix/Projects/yaml-parser/yaml-parser/obj/yaml-parser.fsproj.nuget.g.targets;/home/mdegallaix/Projects/yaml-parser/yaml-parser/obj/yaml-parser.fsproj.proj-info.targets;/usr/share/dotnet/sdk/2.2.101/Sdks/Microsoft.NET.Sdk/targets/Microsoft.NET.Sdk.targets;/usr/share/dotnet/sdk/2.2.101/Sdks/Microsoft.NET.Sdk/targets/Microsoft.NET.Sdk.Common.targets;/usr/share/dotnet/sdk/2.2.101/Sdks/Microsoft.NET.Sdk/targets/Microsoft.PackageDependencyResolution.targets;/usr/share/dotnet/sdk/2.2.101/Sdks/Microsoft.NET.Sdk/targets/Microsoft.NET.Sdk.DefaultItems.targets;/usr/share/dotnet/sdk/2.2.101/Sdks/Microsoft.NET.Sdk/targets/Microsoft.NET.DisableStandardFrameworkResolution.targets" (previous value: ";/usr/share/dotnet/sdk/2.2.101/Sdks/Microsoft.NET.Sdk/Sdk/Sdk.props;/home/mdegallaix/Projects/yaml-parser/yaml-parser/obj/yaml-parser.fsproj.nuget.g.props;/home/mdegallaix/Projects/yaml-parser/yaml-parser/obj/yaml-parser.fsproj.paket.props;/usr/share/dotnet/sdk/2.2.101/Sdks/Microsoft.NET.Sdk/targets/Microsoft.NET.Sdk.props;/usr/share/dotnet/sdk/2.2.101/Sdks/Microsoft.NET.Sdk/targets/Microsoft.NET.Sdk.DefaultItems.props;/usr/share/dotnet/sdk/2.2.101/Sdks/Microsoft.NET.Sdk/targets/Microsoft.NET.SupportedTargetFrameworks.props;/usr/share/dotnet/sdk/2.2.101/Sdks/Microsoft.NET.Sdk/targets/Microsoft.NET.Sdk.FSharp.props;/usr/share/dotnet/sdk/2.2.101/FSharp/Microsoft.FSharp.NetSdk.props;/home/mdegallaix/Projects/yaml-parser/.paket/Paket.Restore.targets;/usr/share/dotnet/sdk/2.2.101/Sdks/Microsoft.NET.Sdk/Sdk/Sdk.targets;/usr/share/dotnet/sdk/2.2.101/Sdks/Microsoft.NET.Sdk/targets/Microsoft.NET.Sdk.BeforeCommon.targets;/usr/share/dotnet/sdk/2.2.101/Sdks/Microsoft.NET.Sdk/targets/Microsoft.NET.DefaultAssemblyInfo.targets;/usr/share/dotnet/sdk/2.2.101/Sdks/Microsoft.NET.Sdk/targets/Microsoft.NET.DefaultOutputPaths.targets;/usr/share/dotnet/sdk/2.2.101/Sdks/Microsoft.NET.Sdk/targets/Microsoft.NET.TargetFrameworkInference.targets;/usr/share/dotnet/sdk/2.2.101/Sdks/Microsoft.NET.Sdk/targets/Microsoft.NET.RuntimeIdentifierInference.targets;/usr/share/dotnet/sdk/2.2.101/Sdks/Microsoft.NET.Sdk/targets/Microsoft.NET.NuGetOfflineCache.targets;/usr/share/dotnet/sdk/2.2.101/Sdks/Microsoft.NET.Sdk/targets/Microsoft.NET.Sdk.FSharpTargetsShim.targets;/usr/share/dotnet/sdk/2.2.101/FSharp/Microsoft.FSharp.NetSdk.targets;/usr/share/dotnet/sdk/2.2.101/FSharp/Microsoft.FSharp.Targets;/home/mdegallaix/Projects/yaml-parser/yaml-parser/yaml-parser.fsproj;/usr/share/dotnet/sdk/2.2.101/Microsoft.Common.CurrentVersion.targets;/usr/share/dotnet/sdk/2.2.101/NuGet.targets;/usr/share/dotnet/sdk/2.2.101/15.0/Microsoft.Common.targets/ImportAfter/Microsoft.NET.Build.Extensions.targets;/usr/share/dotnet/sdk/2.2.101/Microsoft/Microsoft.NET.Build.Extensions/Microsoft.NET.Build.Extensions.targets;/usr/share/dotnet/sdk/2.2.101/15.0/Microsoft.Common.targets/ImportAfter/Microsoft.TestPlatform.ImportAfter.targets;/usr/share/dotnet/sdk/2.2.101/Microsoft.TestPlatform.targets;/home/mdegallaix/Projects/yaml-parser/yaml-parser/obj/yaml-parser.fsproj.nuget.g.targets;/home/mdegallaix/Projects/yaml-parser/yaml-parser/obj/yaml-parser.fsproj.proj-info.targets;/usr/share/dotnet/sdk/2.2.101/Sdks/Microsoft.NET.Sdk/targets/Microsoft.NET.Sdk.targets;/usr/share/dotnet/sdk/2.2.101/Sdks/Microsoft.NET.Sdk/targets/Microsoft.NET.Sdk.Common.targets;/usr/share/dotnet/sdk/2.2.101/Sdks/Microsoft.NET.Sdk/targets/Microsoft.PackageDependencyResolution.targets;/usr/share/dotnet/sdk/2.2.101/Sdks/Microsoft.NET.Sdk/targets/Microsoft.NET.Sdk.DefaultItems.targets") at /usr/share/dotnet/sdk/2.2.101/Sdks/Microsoft.NET.Sdk/targets/Microsoft.NET.DisableStandardFrameworkResolution.targets (18,5)
       Property reassignment: $(MSBuildAllProjects)=";/usr/share/dotnet/sdk/2.2.101/Sdks/Microsoft.NET.Sdk/Sdk/Sdk.props;/home/mdegallaix/Projects/yaml-parser/yaml-parser/obj/yaml-parser.fsproj.nuget.g.props;/home/mdegallaix/Projects/yaml-parser/yaml-parser/obj/yaml-parser.fsproj.paket.props;/usr/share/dotnet/sdk/2.2.101/Sdks/Microsoft.NET.Sdk/targets/Microsoft.NET.Sdk.props;/usr/share/dotnet/sdk/2.2.101/Sdks/Microsoft.NET.Sdk/targets/Microsoft.NET.Sdk.DefaultItems.props;/usr/share/dotnet/sdk/2.2.101/Sdks/Microsoft.NET.Sdk/targets/Microsoft.NET.SupportedTargetFrameworks.props;/usr/share/dotnet/sdk/2.2.101/Sdks/Microsoft.NET.Sdk/targets/Microsoft.NET.Sdk.FSharp.props;/usr/share/dotnet/sdk/2.2.101/FSharp/Microsoft.FSharp.NetSdk.props;/home/mdegallaix/Projects/yaml-parser/.paket/Paket.Restore.targets;/usr/share/dotnet/sdk/2.2.101/Sdks/Microsoft.NET.Sdk/Sdk/Sdk.targets;/usr/share/dotnet/sdk/2.2.101/Sdks/Microsoft.NET.Sdk/targets/Microsoft.NET.Sdk.BeforeCommon.targets;/usr/share/dotnet/sdk/2.2.101/Sdks/Microsoft.NET.Sdk/targets/Microsoft.NET.DefaultAssemblyInfo.targets;/usr/share/dotnet/sdk/2.2.101/Sdks/Microsoft.NET.Sdk/targets/Microsoft.NET.DefaultOutputPaths.targets;/usr/share/dotnet/sdk/2.2.101/Sdks/Microsoft.NET.Sdk/targets/Microsoft.NET.TargetFrameworkInference.targets;/usr/share/dotnet/sdk/2.2.101/Sdks/Microsoft.NET.Sdk/targets/Microsoft.NET.RuntimeIdentifierInference.targets;/usr/share/dotnet/sdk/2.2.101/Sdks/Microsoft.NET.Sdk/targets/Microsoft.NET.NuGetOfflineCache.targets;/usr/share/dotnet/sdk/2.2.101/Sdks/Microsoft.NET.Sdk/targets/Microsoft.NET.Sdk.FSharpTargetsShim.targets;/usr/share/dotnet/sdk/2.2.101/FSharp/Microsoft.FSharp.NetSdk.targets;/usr/share/dotnet/sdk/2.2.101/FSharp/Microsoft.FSharp.Targets;/home/mdegallaix/Projects/yaml-parser/yaml-parser/yaml-parser.fsproj;/usr/share/dotnet/sdk/2.2.101/Microsoft.Common.CurrentVersion.targets;/usr/share/dotnet/sdk/2.2.101/NuGet.targets;/usr/share/dotnet/sdk/2.2.101/15.0/Microsoft.Common.targets/ImportAfter/Microsoft.NET.Build.Extensions.targets;/usr/share/dotnet/sdk/2.2.101/Microsoft/Microsoft.NET.Build.Extensions/Microsoft.NET.Build.Extensions.targets;/usr/share/dotnet/sdk/2.2.101/15.0/Microsoft.Common.targets/ImportAfter/Microsoft.TestPlatform.ImportAfter.targets;/usr/share/dotnet/sdk/2.2.101/Microsoft.TestPlatform.targets;/home/mdegallaix/Projects/yaml-parser/yaml-parser/obj/yaml-parser.fsproj.nuget.g.targets;/home/mdegallaix/Projects/yaml-parser/yaml-parser/obj/yaml-parser.fsproj.proj-info.targets;/usr/share/dotnet/sdk/2.2.101/Sdks/Microsoft.NET.Sdk/targets/Microsoft.NET.Sdk.targets;/usr/share/dotnet/sdk/2.2.101/Sdks/Microsoft.NET.Sdk/targets/Microsoft.NET.Sdk.Common.targets;/usr/share/dotnet/sdk/2.2.101/Sdks/Microsoft.NET.Sdk/targets/Microsoft.PackageDependencyResolution.targets;/usr/share/dotnet/sdk/2.2.101/Sdks/Microsoft.NET.Sdk/targets/Microsoft.NET.Sdk.DefaultItems.targets;/usr/share/dotnet/sdk/2.2.101/Sdks/Microsoft.NET.Sdk/targets/Microsoft.NET.DisableStandardFrameworkResolution.targets;/usr/share/dotnet/sdk/2.2.101/Sdks/Microsoft.NET.Sdk/targets/Microsoft.NET.GenerateAssemblyInfo.targets" (previous value: ";/usr/share/dotnet/sdk/2.2.101/Sdks/Microsoft.NET.Sdk/Sdk/Sdk.props;/home/mdegallaix/Projects/yaml-parser/yaml-parser/obj/yaml-parser.fsproj.nuget.g.props;/home/mdegallaix/Projects/yaml-parser/yaml-parser/obj/yaml-parser.fsproj.paket.props;/usr/share/dotnet/sdk/2.2.101/Sdks/Microsoft.NET.Sdk/targets/Microsoft.NET.Sdk.props;/usr/share/dotnet/sdk/2.2.101/Sdks/Microsoft.NET.Sdk/targets/Microsoft.NET.Sdk.DefaultItems.props;/usr/share/dotnet/sdk/2.2.101/Sdks/Microsoft.NET.Sdk/targets/Microsoft.NET.SupportedTargetFrameworks.props;/usr/share/dotnet/sdk/2.2.101/Sdks/Microsoft.NET.Sdk/targets/Microsoft.NET.Sdk.FSharp.props;/usr/share/dotnet/sdk/2.2.101/FSharp/Microsoft.FSharp.NetSdk.props;/home/mdegallaix/Projects/yaml-parser/.paket/Paket.Restore.targets;/usr/share/dotnet/sdk/2.2.101/Sdks/Microsoft.NET.Sdk/Sdk/Sdk.targets;/usr/share/dotnet/sdk/2.2.101/Sdks/Microsoft.NET.Sdk/targets/Microsoft.NET.Sdk.BeforeCommon.targets;/usr/share/dotnet/sdk/2.2.101/Sdks/Microsoft.NET.Sdk/targets/Microsoft.NET.DefaultAssemblyInfo.targets;/usr/share/dotnet/sdk/2.2.101/Sdks/Microsoft.NET.Sdk/targets/Microsoft.NET.DefaultOutputPaths.targets;/usr/share/dotnet/sdk/2.2.101/Sdks/Microsoft.NET.Sdk/targets/Microsoft.NET.TargetFrameworkInference.targets;/usr/share/dotnet/sdk/2.2.101/Sdks/Microsoft.NET.Sdk/targets/Microsoft.NET.RuntimeIdentifierInference.targets;/usr/share/dotnet/sdk/2.2.101/Sdks/Microsoft.NET.Sdk/targets/Microsoft.NET.NuGetOfflineCache.targets;/usr/share/dotnet/sdk/2.2.101/Sdks/Microsoft.NET.Sdk/targets/Microsoft.NET.Sdk.FSharpTargetsShim.targets;/usr/share/dotnet/sdk/2.2.101/FSharp/Microsoft.FSharp.NetSdk.targets;/usr/share/dotnet/sdk/2.2.101/FSharp/Microsoft.FSharp.Targets;/home/mdegallaix/Projects/yaml-parser/yaml-parser/yaml-parser.fsproj;/usr/share/dotnet/sdk/2.2.101/Microsoft.Common.CurrentVersion.targets;/usr/share/dotnet/sdk/2.2.101/NuGet.targets;/usr/share/dotnet/sdk/2.2.101/15.0/Microsoft.Common.targets/ImportAfter/Microsoft.NET.Build.Extensions.targets;/usr/share/dotnet/sdk/2.2.101/Microsoft/Microsoft.NET.Build.Extensions/Microsoft.NET.Build.Extensions.targets;/usr/share/dotnet/sdk/2.2.101/15.0/Microsoft.Common.targets/ImportAfter/Microsoft.TestPlatform.ImportAfter.targets;/usr/share/dotnet/sdk/2.2.101/Microsoft.TestPlatform.targets;/home/mdegallaix/Projects/yaml-parser/yaml-parser/obj/yaml-parser.fsproj.nuget.g.targets;/home/mdegallaix/Projects/yaml-parser/yaml-parser/obj/yaml-parser.fsproj.proj-info.targets;/usr/share/dotnet/sdk/2.2.101/Sdks/Microsoft.NET.Sdk/targets/Microsoft.NET.Sdk.targets;/usr/share/dotnet/sdk/2.2.101/Sdks/Microsoft.NET.Sdk/targets/Microsoft.NET.Sdk.Common.targets;/usr/share/dotnet/sdk/2.2.101/Sdks/Microsoft.NET.Sdk/targets/Microsoft.PackageDependencyResolution.targets;/usr/share/dotnet/sdk/2.2.101/Sdks/Microsoft.NET.Sdk/targets/Microsoft.NET.Sdk.DefaultItems.targets;/usr/share/dotnet/sdk/2.2.101/Sdks/Microsoft.NET.Sdk/targets/Microsoft.NET.DisableStandardFrameworkResolution.targets") at /usr/share/dotnet/sdk/2.2.101/Sdks/Microsoft.NET.Sdk/targets/Microsoft.NET.GenerateAssemblyInfo.targets (21,5)
       Property reassignment: $(MSBuildAllProjects)=";/usr/share/dotnet/sdk/2.2.101/Sdks/Microsoft.NET.Sdk/Sdk/Sdk.props;/home/mdegallaix/Projects/yaml-parser/yaml-parser/obj/yaml-parser.fsproj.nuget.g.props;/home/mdegallaix/Projects/yaml-parser/yaml-parser/obj/yaml-parser.fsproj.paket.props;/usr/share/dotnet/sdk/2.2.101/Sdks/Microsoft.NET.Sdk/targets/Microsoft.NET.Sdk.props;/usr/share/dotnet/sdk/2.2.101/Sdks/Microsoft.NET.Sdk/targets/Microsoft.NET.Sdk.DefaultItems.props;/usr/share/dotnet/sdk/2.2.101/Sdks/Microsoft.NET.Sdk/targets/Microsoft.NET.SupportedTargetFrameworks.props;/usr/share/dotnet/sdk/2.2.101/Sdks/Microsoft.NET.Sdk/targets/Microsoft.NET.Sdk.FSharp.props;/usr/share/dotnet/sdk/2.2.101/FSharp/Microsoft.FSharp.NetSdk.props;/home/mdegallaix/Projects/yaml-parser/.paket/Paket.Restore.targets;/usr/share/dotnet/sdk/2.2.101/Sdks/Microsoft.NET.Sdk/Sdk/Sdk.targets;/usr/share/dotnet/sdk/2.2.101/Sdks/Microsoft.NET.Sdk/targets/Microsoft.NET.Sdk.BeforeCommon.targets;/usr/share/dotnet/sdk/2.2.101/Sdks/Microsoft.NET.Sdk/targets/Microsoft.NET.DefaultAssemblyInfo.targets;/usr/share/dotnet/sdk/2.2.101/Sdks/Microsoft.NET.Sdk/targets/Microsoft.NET.DefaultOutputPaths.targets;/usr/share/dotnet/sdk/2.2.101/Sdks/Microsoft.NET.Sdk/targets/Microsoft.NET.TargetFrameworkInference.targets;/usr/share/dotnet/sdk/2.2.101/Sdks/Microsoft.NET.Sdk/targets/Microsoft.NET.RuntimeIdentifierInference.targets;/usr/share/dotnet/sdk/2.2.101/Sdks/Microsoft.NET.Sdk/targets/Microsoft.NET.NuGetOfflineCache.targets;/usr/share/dotnet/sdk/2.2.101/Sdks/Microsoft.NET.Sdk/targets/Microsoft.NET.Sdk.FSharpTargetsShim.targets;/usr/share/dotnet/sdk/2.2.101/FSharp/Microsoft.FSharp.NetSdk.targets;/usr/share/dotnet/sdk/2.2.101/FSharp/Microsoft.FSharp.Targets;/home/mdegallaix/Projects/yaml-parser/yaml-parser/yaml-parser.fsproj;/usr/share/dotnet/sdk/2.2.101/Microsoft.Common.CurrentVersion.targets;/usr/share/dotnet/sdk/2.2.101/NuGet.targets;/usr/share/dotnet/sdk/2.2.101/15.0/Microsoft.Common.targets/ImportAfter/Microsoft.NET.Build.Extensions.targets;/usr/share/dotnet/sdk/2.2.101/Microsoft/Microsoft.NET.Build.Extensions/Microsoft.NET.Build.Extensions.targets;/usr/share/dotnet/sdk/2.2.101/15.0/Microsoft.Common.targets/ImportAfter/Microsoft.TestPlatform.ImportAfter.targets;/usr/share/dotnet/sdk/2.2.101/Microsoft.TestPlatform.targets;/home/mdegallaix/Projects/yaml-parser/yaml-parser/obj/yaml-parser.fsproj.nuget.g.targets;/home/mdegallaix/Projects/yaml-parser/yaml-parser/obj/yaml-parser.fsproj.proj-info.targets;/usr/share/dotnet/sdk/2.2.101/Sdks/Microsoft.NET.Sdk/targets/Microsoft.NET.Sdk.targets;/usr/share/dotnet/sdk/2.2.101/Sdks/Microsoft.NET.Sdk/targets/Microsoft.NET.Sdk.Common.targets;/usr/share/dotnet/sdk/2.2.101/Sdks/Microsoft.NET.Sdk/targets/Microsoft.PackageDependencyResolution.targets;/usr/share/dotnet/sdk/2.2.101/Sdks/Microsoft.NET.Sdk/targets/Microsoft.NET.Sdk.DefaultItems.targets;/usr/share/dotnet/sdk/2.2.101/Sdks/Microsoft.NET.Sdk/targets/Microsoft.NET.DisableStandardFrameworkResolution.targets;/usr/share/dotnet/sdk/2.2.101/Sdks/Microsoft.NET.Sdk/targets/Microsoft.NET.GenerateAssemblyInfo.targets;/usr/share/dotnet/sdk/2.2.101/Sdks/Microsoft.NET.Sdk/targets/Microsoft.NET.ComposeStore.targets" (previous value: ";/usr/share/dotnet/sdk/2.2.101/Sdks/Microsoft.NET.Sdk/Sdk/Sdk.props;/home/mdegallaix/Projects/yaml-parser/yaml-parser/obj/yaml-parser.fsproj.nuget.g.props;/home/mdegallaix/Projects/yaml-parser/yaml-parser/obj/yaml-parser.fsproj.paket.props;/usr/share/dotnet/sdk/2.2.101/Sdks/Microsoft.NET.Sdk/targets/Microsoft.NET.Sdk.props;/usr/share/dotnet/sdk/2.2.101/Sdks/Microsoft.NET.Sdk/targets/Microsoft.NET.Sdk.DefaultItems.props;/usr/share/dotnet/sdk/2.2.101/Sdks/Microsoft.NET.Sdk/targets/Microsoft.NET.SupportedTargetFrameworks.props;/usr/share/dotnet/sdk/2.2.101/Sdks/Microsoft.NET.Sdk/targets/Microsoft.NET.Sdk.FSharp.props;/usr/share/dotnet/sdk/2.2.101/FSharp/Microsoft.FSharp.NetSdk.props;/home/mdegallaix/Projects/yaml-parser/.paket/Paket.Restore.targets;/usr/share/dotnet/sdk/2.2.101/Sdks/Microsoft.NET.Sdk/Sdk/Sdk.targets;/usr/share/dotnet/sdk/2.2.101/Sdks/Microsoft.NET.Sdk/targets/Microsoft.NET.Sdk.BeforeCommon.targets;/usr/share/dotnet/sdk/2.2.101/Sdks/Microsoft.NET.Sdk/targets/Microsoft.NET.DefaultAssemblyInfo.targets;/usr/share/dotnet/sdk/2.2.101/Sdks/Microsoft.NET.Sdk/targets/Microsoft.NET.DefaultOutputPaths.targets;/usr/share/dotnet/sdk/2.2.101/Sdks/Microsoft.NET.Sdk/targets/Microsoft.NET.TargetFrameworkInference.targets;/usr/share/dotnet/sdk/2.2.101/Sdks/Microsoft.NET.Sdk/targets/Microsoft.NET.RuntimeIdentifierInference.targets;/usr/share/dotnet/sdk/2.2.101/Sdks/Microsoft.NET.Sdk/targets/Microsoft.NET.NuGetOfflineCache.targets;/usr/share/dotnet/sdk/2.2.101/Sdks/Microsoft.NET.Sdk/targets/Microsoft.NET.Sdk.FSharpTargetsShim.targets;/usr/share/dotnet/sdk/2.2.101/FSharp/Microsoft.FSharp.NetSdk.targets;/usr/share/dotnet/sdk/2.2.101/FSharp/Microsoft.FSharp.Targets;/home/mdegallaix/Projects/yaml-parser/yaml-parser/yaml-parser.fsproj;/usr/share/dotnet/sdk/2.2.101/Microsoft.Common.CurrentVersion.targets;/usr/share/dotnet/sdk/2.2.101/NuGet.targets;/usr/share/dotnet/sdk/2.2.101/15.0/Microsoft.Common.targets/ImportAfter/Microsoft.NET.Build.Extensions.targets;/usr/share/dotnet/sdk/2.2.101/Microsoft/Microsoft.NET.Build.Extensions/Microsoft.NET.Build.Extensions.targets;/usr/share/dotnet/sdk/2.2.101/15.0/Microsoft.Common.targets/ImportAfter/Microsoft.TestPlatform.ImportAfter.targets;/usr/share/dotnet/sdk/2.2.101/Microsoft.TestPlatform.targets;/home/mdegallaix/Projects/yaml-parser/yaml-parser/obj/yaml-parser.fsproj.nuget.g.targets;/home/mdegallaix/Projects/yaml-parser/yaml-parser/obj/yaml-parser.fsproj.proj-info.targets;/usr/share/dotnet/sdk/2.2.101/Sdks/Microsoft.NET.Sdk/targets/Microsoft.NET.Sdk.targets;/usr/share/dotnet/sdk/2.2.101/Sdks/Microsoft.NET.Sdk/targets/Microsoft.NET.Sdk.Common.targets;/usr/share/dotnet/sdk/2.2.101/Sdks/Microsoft.NET.Sdk/targets/Microsoft.PackageDependencyResolution.targets;/usr/share/dotnet/sdk/2.2.101/Sdks/Microsoft.NET.Sdk/targets/Microsoft.NET.Sdk.DefaultItems.targets;/usr/share/dotnet/sdk/2.2.101/Sdks/Microsoft.NET.Sdk/targets/Microsoft.NET.DisableStandardFrameworkResolution.targets;/usr/share/dotnet/sdk/2.2.101/Sdks/Microsoft.NET.Sdk/targets/Microsoft.NET.GenerateAssemblyInfo.targets") at /usr/share/dotnet/sdk/2.2.101/Sdks/Microsoft.NET.Sdk/targets/Microsoft.NET.ComposeStore.targets (22,5)
       Property reassignment: $(MSBuildAllProjects)=";/usr/share/dotnet/sdk/2.2.101/Sdks/Microsoft.NET.Sdk/Sdk/Sdk.props;/home/mdegallaix/Projects/yaml-parser/yaml-parser/obj/yaml-parser.fsproj.nuget.g.props;/home/mdegallaix/Projects/yaml-parser/yaml-parser/obj/yaml-parser.fsproj.paket.props;/usr/share/dotnet/sdk/2.2.101/Sdks/Microsoft.NET.Sdk/targets/Microsoft.NET.Sdk.props;/usr/share/dotnet/sdk/2.2.101/Sdks/Microsoft.NET.Sdk/targets/Microsoft.NET.Sdk.DefaultItems.props;/usr/share/dotnet/sdk/2.2.101/Sdks/Microsoft.NET.Sdk/targets/Microsoft.NET.SupportedTargetFrameworks.props;/usr/share/dotnet/sdk/2.2.101/Sdks/Microsoft.NET.Sdk/targets/Microsoft.NET.Sdk.FSharp.props;/usr/share/dotnet/sdk/2.2.101/FSharp/Microsoft.FSharp.NetSdk.props;/home/mdegallaix/Projects/yaml-parser/.paket/Paket.Restore.targets;/usr/share/dotnet/sdk/2.2.101/Sdks/Microsoft.NET.Sdk/Sdk/Sdk.targets;/usr/share/dotnet/sdk/2.2.101/Sdks/Microsoft.NET.Sdk/targets/Microsoft.NET.Sdk.BeforeCommon.targets;/usr/share/dotnet/sdk/2.2.101/Sdks/Microsoft.NET.Sdk/targets/Microsoft.NET.DefaultAssemblyInfo.targets;/usr/share/dotnet/sdk/2.2.101/Sdks/Microsoft.NET.Sdk/targets/Microsoft.NET.DefaultOutputPaths.targets;/usr/share/dotnet/sdk/2.2.101/Sdks/Microsoft.NET.Sdk/targets/Microsoft.NET.TargetFrameworkInference.targets;/usr/share/dotnet/sdk/2.2.101/Sdks/Microsoft.NET.Sdk/targets/Microsoft.NET.RuntimeIdentifierInference.targets;/usr/share/dotnet/sdk/2.2.101/Sdks/Microsoft.NET.Sdk/targets/Microsoft.NET.NuGetOfflineCache.targets;/usr/share/dotnet/sdk/2.2.101/Sdks/Microsoft.NET.Sdk/targets/Microsoft.NET.Sdk.FSharpTargetsShim.targets;/usr/share/dotnet/sdk/2.2.101/FSharp/Microsoft.FSharp.NetSdk.targets;/usr/share/dotnet/sdk/2.2.101/FSharp/Microsoft.FSharp.Targets;/home/mdegallaix/Projects/yaml-parser/yaml-parser/yaml-parser.fsproj;/usr/share/dotnet/sdk/2.2.101/Microsoft.Common.CurrentVersion.targets;/usr/share/dotnet/sdk/2.2.101/NuGet.targets;/usr/share/dotnet/sdk/2.2.101/15.0/Microsoft.Common.targets/ImportAfter/Microsoft.NET.Build.Extensions.targets;/usr/share/dotnet/sdk/2.2.101/Microsoft/Microsoft.NET.Build.Extensions/Microsoft.NET.Build.Extensions.targets;/usr/share/dotnet/sdk/2.2.101/15.0/Microsoft.Common.targets/ImportAfter/Microsoft.TestPlatform.ImportAfter.targets;/usr/share/dotnet/sdk/2.2.101/Microsoft.TestPlatform.targets;/home/mdegallaix/Projects/yaml-parser/yaml-parser/obj/yaml-parser.fsproj.nuget.g.targets;/home/mdegallaix/Projects/yaml-parser/yaml-parser/obj/yaml-parser.fsproj.proj-info.targets;/usr/share/dotnet/sdk/2.2.101/Sdks/Microsoft.NET.Sdk/targets/Microsoft.NET.Sdk.targets;/usr/share/dotnet/sdk/2.2.101/Sdks/Microsoft.NET.Sdk/targets/Microsoft.NET.Sdk.Common.targets;/usr/share/dotnet/sdk/2.2.101/Sdks/Microsoft.NET.Sdk/targets/Microsoft.PackageDependencyResolution.targets;/usr/share/dotnet/sdk/2.2.101/Sdks/Microsoft.NET.Sdk/targets/Microsoft.NET.Sdk.DefaultItems.targets;/usr/share/dotnet/sdk/2.2.101/Sdks/Microsoft.NET.Sdk/targets/Microsoft.NET.DisableStandardFrameworkResolution.targets;/usr/share/dotnet/sdk/2.2.101/Sdks/Microsoft.NET.Sdk/targets/Microsoft.NET.GenerateAssemblyInfo.targets;/usr/share/dotnet/sdk/2.2.101/Sdks/Microsoft.NET.Sdk/targets/Microsoft.NET.ComposeStore.targets;/usr/share/dotnet/sdk/2.2.101/Sdks/Microsoft.NET.Sdk/targets/Microsoft.NET.CrossGen.targets" (previous value: ";/usr/share/dotnet/sdk/2.2.101/Sdks/Microsoft.NET.Sdk/Sdk/Sdk.props;/home/mdegallaix/Projects/yaml-parser/yaml-parser/obj/yaml-parser.fsproj.nuget.g.props;/home/mdegallaix/Projects/yaml-parser/yaml-parser/obj/yaml-parser.fsproj.paket.props;/usr/share/dotnet/sdk/2.2.101/Sdks/Microsoft.NET.Sdk/targets/Microsoft.NET.Sdk.props;/usr/share/dotnet/sdk/2.2.101/Sdks/Microsoft.NET.Sdk/targets/Microsoft.NET.Sdk.DefaultItems.props;/usr/share/dotnet/sdk/2.2.101/Sdks/Microsoft.NET.Sdk/targets/Microsoft.NET.SupportedTargetFrameworks.props;/usr/share/dotnet/sdk/2.2.101/Sdks/Microsoft.NET.Sdk/targets/Microsoft.NET.Sdk.FSharp.props;/usr/share/dotnet/sdk/2.2.101/FSharp/Microsoft.FSharp.NetSdk.props;/home/mdegallaix/Projects/yaml-parser/.paket/Paket.Restore.targets;/usr/share/dotnet/sdk/2.2.101/Sdks/Microsoft.NET.Sdk/Sdk/Sdk.targets;/usr/share/dotnet/sdk/2.2.101/Sdks/Microsoft.NET.Sdk/targets/Microsoft.NET.Sdk.BeforeCommon.targets;/usr/share/dotnet/sdk/2.2.101/Sdks/Microsoft.NET.Sdk/targets/Microsoft.NET.DefaultAssemblyInfo.targets;/usr/share/dotnet/sdk/2.2.101/Sdks/Microsoft.NET.Sdk/targets/Microsoft.NET.DefaultOutputPaths.targets;/usr/share/dotnet/sdk/2.2.101/Sdks/Microsoft.NET.Sdk/targets/Microsoft.NET.TargetFrameworkInference.targets;/usr/share/dotnet/sdk/2.2.101/Sdks/Microsoft.NET.Sdk/targets/Microsoft.NET.RuntimeIdentifierInference.targets;/usr/share/dotnet/sdk/2.2.101/Sdks/Microsoft.NET.Sdk/targets/Microsoft.NET.NuGetOfflineCache.targets;/usr/share/dotnet/sdk/2.2.101/Sdks/Microsoft.NET.Sdk/targets/Microsoft.NET.Sdk.FSharpTargetsShim.targets;/usr/share/dotnet/sdk/2.2.101/FSharp/Microsoft.FSharp.NetSdk.targets;/usr/share/dotnet/sdk/2.2.101/FSharp/Microsoft.FSharp.Targets;/home/mdegallaix/Projects/yaml-parser/yaml-parser/yaml-parser.fsproj;/usr/share/dotnet/sdk/2.2.101/Microsoft.Common.CurrentVersion.targets;/usr/share/dotnet/sdk/2.2.101/NuGet.targets;/usr/share/dotnet/sdk/2.2.101/15.0/Microsoft.Common.targets/ImportAfter/Microsoft.NET.Build.Extensions.targets;/usr/share/dotnet/sdk/2.2.101/Microsoft/Microsoft.NET.Build.Extensions/Microsoft.NET.Build.Extensions.targets;/usr/share/dotnet/sdk/2.2.101/15.0/Microsoft.Common.targets/ImportAfter/Microsoft.TestPlatform.ImportAfter.targets;/usr/share/dotnet/sdk/2.2.101/Microsoft.TestPlatform.targets;/home/mdegallaix/Projects/yaml-parser/yaml-parser/obj/yaml-parser.fsproj.nuget.g.targets;/home/mdegallaix/Projects/yaml-parser/yaml-parser/obj/yaml-parser.fsproj.proj-info.targets;/usr/share/dotnet/sdk/2.2.101/Sdks/Microsoft.NET.Sdk/targets/Microsoft.NET.Sdk.targets;/usr/share/dotnet/sdk/2.2.101/Sdks/Microsoft.NET.Sdk/targets/Microsoft.NET.Sdk.Common.targets;/usr/share/dotnet/sdk/2.2.101/Sdks/Microsoft.NET.Sdk/targets/Microsoft.PackageDependencyResolution.targets;/usr/share/dotnet/sdk/2.2.101/Sdks/Microsoft.NET.Sdk/targets/Microsoft.NET.Sdk.DefaultItems.targets;/usr/share/dotnet/sdk/2.2.101/Sdks/Microsoft.NET.Sdk/targets/Microsoft.NET.DisableStandardFrameworkResolution.targets;/usr/share/dotnet/sdk/2.2.101/Sdks/Microsoft.NET.Sdk/targets/Microsoft.NET.GenerateAssemblyInfo.targets;/usr/share/dotnet/sdk/2.2.101/Sdks/Microsoft.NET.Sdk/targets/Microsoft.NET.ComposeStore.targets") at /usr/share/dotnet/sdk/2.2.101/Sdks/Microsoft.NET.Sdk/targets/Microsoft.NET.CrossGen.targets (15,5)
       Property reassignment: $(MSBuildAllProjects)=";/usr/share/dotnet/sdk/2.2.101/Sdks/Microsoft.NET.Sdk/Sdk/Sdk.props;/home/mdegallaix/Projects/yaml-parser/yaml-parser/obj/yaml-parser.fsproj.nuget.g.props;/home/mdegallaix/Projects/yaml-parser/yaml-parser/obj/yaml-parser.fsproj.paket.props;/usr/share/dotnet/sdk/2.2.101/Sdks/Microsoft.NET.Sdk/targets/Microsoft.NET.Sdk.props;/usr/share/dotnet/sdk/2.2.101/Sdks/Microsoft.NET.Sdk/targets/Microsoft.NET.Sdk.DefaultItems.props;/usr/share/dotnet/sdk/2.2.101/Sdks/Microsoft.NET.Sdk/targets/Microsoft.NET.SupportedTargetFrameworks.props;/usr/share/dotnet/sdk/2.2.101/Sdks/Microsoft.NET.Sdk/targets/Microsoft.NET.Sdk.FSharp.props;/usr/share/dotnet/sdk/2.2.101/FSharp/Microsoft.FSharp.NetSdk.props;/home/mdegallaix/Projects/yaml-parser/.paket/Paket.Restore.targets;/usr/share/dotnet/sdk/2.2.101/Sdks/Microsoft.NET.Sdk/Sdk/Sdk.targets;/usr/share/dotnet/sdk/2.2.101/Sdks/Microsoft.NET.Sdk/targets/Microsoft.NET.Sdk.BeforeCommon.targets;/usr/share/dotnet/sdk/2.2.101/Sdks/Microsoft.NET.Sdk/targets/Microsoft.NET.DefaultAssemblyInfo.targets;/usr/share/dotnet/sdk/2.2.101/Sdks/Microsoft.NET.Sdk/targets/Microsoft.NET.DefaultOutputPaths.targets;/usr/share/dotnet/sdk/2.2.101/Sdks/Microsoft.NET.Sdk/targets/Microsoft.NET.TargetFrameworkInference.targets;/usr/share/dotnet/sdk/2.2.101/Sdks/Microsoft.NET.Sdk/targets/Microsoft.NET.RuntimeIdentifierInference.targets;/usr/share/dotnet/sdk/2.2.101/Sdks/Microsoft.NET.Sdk/targets/Microsoft.NET.NuGetOfflineCache.targets;/usr/share/dotnet/sdk/2.2.101/Sdks/Microsoft.NET.Sdk/targets/Microsoft.NET.Sdk.FSharpTargetsShim.targets;/usr/share/dotnet/sdk/2.2.101/FSharp/Microsoft.FSharp.NetSdk.targets;/usr/share/dotnet/sdk/2.2.101/FSharp/Microsoft.FSharp.Targets;/home/mdegallaix/Projects/yaml-parser/yaml-parser/yaml-parser.fsproj;/usr/share/dotnet/sdk/2.2.101/Microsoft.Common.CurrentVersion.targets;/usr/share/dotnet/sdk/2.2.101/NuGet.targets;/usr/share/dotnet/sdk/2.2.101/15.0/Microsoft.Common.targets/ImportAfter/Microsoft.NET.Build.Extensions.targets;/usr/share/dotnet/sdk/2.2.101/Microsoft/Microsoft.NET.Build.Extensions/Microsoft.NET.Build.Extensions.targets;/usr/share/dotnet/sdk/2.2.101/15.0/Microsoft.Common.targets/ImportAfter/Microsoft.TestPlatform.ImportAfter.targets;/usr/share/dotnet/sdk/2.2.101/Microsoft.TestPlatform.targets;/home/mdegallaix/Projects/yaml-parser/yaml-parser/obj/yaml-parser.fsproj.nuget.g.targets;/home/mdegallaix/Projects/yaml-parser/yaml-parser/obj/yaml-parser.fsproj.proj-info.targets;/usr/share/dotnet/sdk/2.2.101/Sdks/Microsoft.NET.Sdk/targets/Microsoft.NET.Sdk.targets;/usr/share/dotnet/sdk/2.2.101/Sdks/Microsoft.NET.Sdk/targets/Microsoft.NET.Sdk.Common.targets;/usr/share/dotnet/sdk/2.2.101/Sdks/Microsoft.NET.Sdk/targets/Microsoft.PackageDependencyResolution.targets;/usr/share/dotnet/sdk/2.2.101/Sdks/Microsoft.NET.Sdk/targets/Microsoft.NET.Sdk.DefaultItems.targets;/usr/share/dotnet/sdk/2.2.101/Sdks/Microsoft.NET.Sdk/targets/Microsoft.NET.DisableStandardFrameworkResolution.targets;/usr/share/dotnet/sdk/2.2.101/Sdks/Microsoft.NET.Sdk/targets/Microsoft.NET.GenerateAssemblyInfo.targets;/usr/share/dotnet/sdk/2.2.101/Sdks/Microsoft.NET.Sdk/targets/Microsoft.NET.ComposeStore.targets;/usr/share/dotnet/sdk/2.2.101/Sdks/Microsoft.NET.Sdk/targets/Microsoft.NET.CrossGen.targets;/usr/share/dotnet/sdk/2.2.101/Sdks/Microsoft.NET.Sdk/targets/Microsoft.NET.ObsoleteReferences.targets" (previous value: ";/usr/share/dotnet/sdk/2.2.101/Sdks/Microsoft.NET.Sdk/Sdk/Sdk.props;/home/mdegallaix/Projects/yaml-parser/yaml-parser/obj/yaml-parser.fsproj.nuget.g.props;/home/mdegallaix/Projects/yaml-parser/yaml-parser/obj/yaml-parser.fsproj.paket.props;/usr/share/dotnet/sdk/2.2.101/Sdks/Microsoft.NET.Sdk/targets/Microsoft.NET.Sdk.props;/usr/share/dotnet/sdk/2.2.101/Sdks/Microsoft.NET.Sdk/targets/Microsoft.NET.Sdk.DefaultItems.props;/usr/share/dotnet/sdk/2.2.101/Sdks/Microsoft.NET.Sdk/targets/Microsoft.NET.SupportedTargetFrameworks.props;/usr/share/dotnet/sdk/2.2.101/Sdks/Microsoft.NET.Sdk/targets/Microsoft.NET.Sdk.FSharp.props;/usr/share/dotnet/sdk/2.2.101/FSharp/Microsoft.FSharp.NetSdk.props;/home/mdegallaix/Projects/yaml-parser/.paket/Paket.Restore.targets;/usr/share/dotnet/sdk/2.2.101/Sdks/Microsoft.NET.Sdk/Sdk/Sdk.targets;/usr/share/dotnet/sdk/2.2.101/Sdks/Microsoft.NET.Sdk/targets/Microsoft.NET.Sdk.BeforeCommon.targets;/usr/share/dotnet/sdk/2.2.101/Sdks/Microsoft.NET.Sdk/targets/Microsoft.NET.DefaultAssemblyInfo.targets;/usr/share/dotnet/sdk/2.2.101/Sdks/Microsoft.NET.Sdk/targets/Microsoft.NET.DefaultOutputPaths.targets;/usr/share/dotnet/sdk/2.2.101/Sdks/Microsoft.NET.Sdk/targets/Microsoft.NET.TargetFrameworkInference.targets;/usr/share/dotnet/sdk/2.2.101/Sdks/Microsoft.NET.Sdk/targets/Microsoft.NET.RuntimeIdentifierInference.targets;/usr/share/dotnet/sdk/2.2.101/Sdks/Microsoft.NET.Sdk/targets/Microsoft.NET.NuGetOfflineCache.targets;/usr/share/dotnet/sdk/2.2.101/Sdks/Microsoft.NET.Sdk/targets/Microsoft.NET.Sdk.FSharpTargetsShim.targets;/usr/share/dotnet/sdk/2.2.101/FSharp/Microsoft.FSharp.NetSdk.targets;/usr/share/dotnet/sdk/2.2.101/FSharp/Microsoft.FSharp.Targets;/home/mdegallaix/Projects/yaml-parser/yaml-parser/yaml-parser.fsproj;/usr/share/dotnet/sdk/2.2.101/Microsoft.Common.CurrentVersion.targets;/usr/share/dotnet/sdk/2.2.101/NuGet.targets;/usr/share/dotnet/sdk/2.2.101/15.0/Microsoft.Common.targets/ImportAfter/Microsoft.NET.Build.Extensions.targets;/usr/share/dotnet/sdk/2.2.101/Microsoft/Microsoft.NET.Build.Extensions/Microsoft.NET.Build.Extensions.targets;/usr/share/dotnet/sdk/2.2.101/15.0/Microsoft.Common.targets/ImportAfter/Microsoft.TestPlatform.ImportAfter.targets;/usr/share/dotnet/sdk/2.2.101/Microsoft.TestPlatform.targets;/home/mdegallaix/Projects/yaml-parser/yaml-parser/obj/yaml-parser.fsproj.nuget.g.targets;/home/mdegallaix/Projects/yaml-parser/yaml-parser/obj/yaml-parser.fsproj.proj-info.targets;/usr/share/dotnet/sdk/2.2.101/Sdks/Microsoft.NET.Sdk/targets/Microsoft.NET.Sdk.targets;/usr/share/dotnet/sdk/2.2.101/Sdks/Microsoft.NET.Sdk/targets/Microsoft.NET.Sdk.Common.targets;/usr/share/dotnet/sdk/2.2.101/Sdks/Microsoft.NET.Sdk/targets/Microsoft.PackageDependencyResolution.targets;/usr/share/dotnet/sdk/2.2.101/Sdks/Microsoft.NET.Sdk/targets/Microsoft.NET.Sdk.DefaultItems.targets;/usr/share/dotnet/sdk/2.2.101/Sdks/Microsoft.NET.Sdk/targets/Microsoft.NET.DisableStandardFrameworkResolution.targets;/usr/share/dotnet/sdk/2.2.101/Sdks/Microsoft.NET.Sdk/targets/Microsoft.NET.GenerateAssemblyInfo.targets;/usr/share/dotnet/sdk/2.2.101/Sdks/Microsoft.NET.Sdk/targets/Microsoft.NET.ComposeStore.targets;/usr/share/dotnet/sdk/2.2.101/Sdks/Microsoft.NET.Sdk/targets/Microsoft.NET.CrossGen.targets") at /usr/share/dotnet/sdk/2.2.101/Sdks/Microsoft.NET.Sdk/targets/Microsoft.NET.ObsoleteReferences.targets (15,5)
   2:6>PaketRestore:
         5ea1e9f9ebd90a3771cb51fce3c81c0ecf49d0fb
       Done executing task "Exec".
       Task "Exec"
     0>Property reassignment: $(MSBuildAllProjects)=";/usr/share/dotnet/sdk/2.2.101/Sdks/Microsoft.NET.Sdk/Sdk/Sdk.props;/home/mdegallaix/Projects/yaml-parser/yaml-parser/obj/yaml-parser.fsproj.nuget.g.props;/home/mdegallaix/Projects/yaml-parser/yaml-parser/obj/yaml-parser.fsproj.paket.props;/usr/share/dotnet/sdk/2.2.101/Sdks/Microsoft.NET.Sdk/targets/Microsoft.NET.Sdk.props;/usr/share/dotnet/sdk/2.2.101/Sdks/Microsoft.NET.Sdk/targets/Microsoft.NET.Sdk.DefaultItems.props;/usr/share/dotnet/sdk/2.2.101/Sdks/Microsoft.NET.Sdk/targets/Microsoft.NET.SupportedTargetFrameworks.props;/usr/share/dotnet/sdk/2.2.101/Sdks/Microsoft.NET.Sdk/targets/Microsoft.NET.Sdk.FSharp.props;/usr/share/dotnet/sdk/2.2.101/FSharp/Microsoft.FSharp.NetSdk.props;/home/mdegallaix/Projects/yaml-parser/.paket/Paket.Restore.targets;/usr/share/dotnet/sdk/2.2.101/Sdks/Microsoft.NET.Sdk/Sdk/Sdk.targets;/usr/share/dotnet/sdk/2.2.101/Sdks/Microsoft.NET.Sdk/targets/Microsoft.NET.Sdk.BeforeCommon.targets;/usr/share/dotnet/sdk/2.2.101/Sdks/Microsoft.NET.Sdk/targets/Microsoft.NET.DefaultAssemblyInfo.targets;/usr/share/dotnet/sdk/2.2.101/Sdks/Microsoft.NET.Sdk/targets/Microsoft.NET.DefaultOutputPaths.targets;/usr/share/dotnet/sdk/2.2.101/Sdks/Microsoft.NET.Sdk/targets/Microsoft.NET.TargetFrameworkInference.targets;/usr/share/dotnet/sdk/2.2.101/Sdks/Microsoft.NET.Sdk/targets/Microsoft.NET.RuntimeIdentifierInference.targets;/usr/share/dotnet/sdk/2.2.101/Sdks/Microsoft.NET.Sdk/targets/Microsoft.NET.NuGetOfflineCache.targets;/usr/share/dotnet/sdk/2.2.101/Sdks/Microsoft.NET.Sdk/targets/Microsoft.NET.Sdk.FSharpTargetsShim.targets;/usr/share/dotnet/sdk/2.2.101/FSharp/Microsoft.FSharp.NetSdk.targets;/usr/share/dotnet/sdk/2.2.101/FSharp/Microsoft.FSharp.Targets;/home/mdegallaix/Projects/yaml-parser/yaml-parser/yaml-parser.fsproj;/usr/share/dotnet/sdk/2.2.101/Microsoft.Common.CurrentVersion.targets;/usr/share/dotnet/sdk/2.2.101/NuGet.targets;/usr/share/dotnet/sdk/2.2.101/15.0/Microsoft.Common.targets/ImportAfter/Microsoft.NET.Build.Extensions.targets;/usr/share/dotnet/sdk/2.2.101/Microsoft/Microsoft.NET.Build.Extensions/Microsoft.NET.Build.Extensions.targets;/usr/share/dotnet/sdk/2.2.101/15.0/Microsoft.Common.targets/ImportAfter/Microsoft.TestPlatform.ImportAfter.targets;/usr/share/dotnet/sdk/2.2.101/Microsoft.TestPlatform.targets;/home/mdegallaix/Projects/yaml-parser/yaml-parser/obj/yaml-parser.fsproj.nuget.g.targets;/home/mdegallaix/Projects/yaml-parser/yaml-parser/obj/yaml-parser.fsproj.proj-info.targets;/usr/share/dotnet/sdk/2.2.101/Sdks/Microsoft.NET.Sdk/targets/Microsoft.NET.Sdk.targets;/usr/share/dotnet/sdk/2.2.101/Sdks/Microsoft.NET.Sdk/targets/Microsoft.NET.Sdk.Common.targets;/usr/share/dotnet/sdk/2.2.101/Sdks/Microsoft.NET.Sdk/targets/Microsoft.PackageDependencyResolution.targets;/usr/share/dotnet/sdk/2.2.101/Sdks/Microsoft.NET.Sdk/targets/Microsoft.NET.Sdk.DefaultItems.targets;/usr/share/dotnet/sdk/2.2.101/Sdks/Microsoft.NET.Sdk/targets/Microsoft.NET.DisableStandardFrameworkResolution.targets;/usr/share/dotnet/sdk/2.2.101/Sdks/Microsoft.NET.Sdk/targets/Microsoft.NET.GenerateAssemblyInfo.targets;/usr/share/dotnet/sdk/2.2.101/Sdks/Microsoft.NET.Sdk/targets/Microsoft.NET.ComposeStore.targets;/usr/share/dotnet/sdk/2.2.101/Sdks/Microsoft.NET.Sdk/targets/Microsoft.NET.CrossGen.targets;/usr/share/dotnet/sdk/2.2.101/Sdks/Microsoft.NET.Sdk/targets/Microsoft.NET.ObsoleteReferences.targets;/usr/share/dotnet/sdk/2.2.101/Sdks/Microsoft.NET.Sdk/targets/Microsoft.NET.Publish.targets" (previous value: ";/usr/share/dotnet/sdk/2.2.101/Sdks/Microsoft.NET.Sdk/Sdk/Sdk.props;/home/mdegallaix/Projects/yaml-parser/yaml-parser/obj/yaml-parser.fsproj.nuget.g.props;/home/mdegallaix/Projects/yaml-parser/yaml-parser/obj/yaml-parser.fsproj.paket.props;/usr/share/dotnet/sdk/2.2.101/Sdks/Microsoft.NET.Sdk/targets/Microsoft.NET.Sdk.props;/usr/share/dotnet/sdk/2.2.101/Sdks/Microsoft.NET.Sdk/targets/Microsoft.NET.Sdk.DefaultItems.props;/usr/share/dotnet/sdk/2.2.101/Sdks/Microsoft.NET.Sdk/targets/Microsoft.NET.SupportedTargetFrameworks.props;/usr/share/dotnet/sdk/2.2.101/Sdks/Microsoft.NET.Sdk/targets/Microsoft.NET.Sdk.FSharp.props;/usr/share/dotnet/sdk/2.2.101/FSharp/Microsoft.FSharp.NetSdk.props;/home/mdegallaix/Projects/yaml-parser/.paket/Paket.Restore.targets;/usr/share/dotnet/sdk/2.2.101/Sdks/Microsoft.NET.Sdk/Sdk/Sdk.targets;/usr/share/dotnet/sdk/2.2.101/Sdks/Microsoft.NET.Sdk/targets/Microsoft.NET.Sdk.BeforeCommon.targets;/usr/share/dotnet/sdk/2.2.101/Sdks/Microsoft.NET.Sdk/targets/Microsoft.NET.DefaultAssemblyInfo.targets;/usr/share/dotnet/sdk/2.2.101/Sdks/Microsoft.NET.Sdk/targets/Microsoft.NET.DefaultOutputPaths.targets;/usr/share/dotnet/sdk/2.2.101/Sdks/Microsoft.NET.Sdk/targets/Microsoft.NET.TargetFrameworkInference.targets;/usr/share/dotnet/sdk/2.2.101/Sdks/Microsoft.NET.Sdk/targets/Microsoft.NET.RuntimeIdentifierInference.targets;/usr/share/dotnet/sdk/2.2.101/Sdks/Microsoft.NET.Sdk/targets/Microsoft.NET.NuGetOfflineCache.targets;/usr/share/dotnet/sdk/2.2.101/Sdks/Microsoft.NET.Sdk/targets/Microsoft.NET.Sdk.FSharpTargetsShim.targets;/usr/share/dotnet/sdk/2.2.101/FSharp/Microsoft.FSharp.NetSdk.targets;/usr/share/dotnet/sdk/2.2.101/FSharp/Microsoft.FSharp.Targets;/home/mdegallaix/Projects/yaml-parser/yaml-parser/yaml-parser.fsproj;/usr/share/dotnet/sdk/2.2.101/Microsoft.Common.CurrentVersion.targets;/usr/share/dotnet/sdk/2.2.101/NuGet.targets;/usr/share/dotnet/sdk/2.2.101/15.0/Microsoft.Common.targets/ImportAfter/Microsoft.NET.Build.Extensions.targets;/usr/share/dotnet/sdk/2.2.101/Microsoft/Microsoft.NET.Build.Extensions/Microsoft.NET.Build.Extensions.targets;/usr/share/dotnet/sdk/2.2.101/15.0/Microsoft.Common.targets/ImportAfter/Microsoft.TestPlatform.ImportAfter.targets;/usr/share/dotnet/sdk/2.2.101/Microsoft.TestPlatform.targets;/home/mdegallaix/Projects/yaml-parser/yaml-parser/obj/yaml-parser.fsproj.nuget.g.targets;/home/mdegallaix/Projects/yaml-parser/yaml-parser/obj/yaml-parser.fsproj.proj-info.targets;/usr/share/dotnet/sdk/2.2.101/Sdks/Microsoft.NET.Sdk/targets/Microsoft.NET.Sdk.targets;/usr/share/dotnet/sdk/2.2.101/Sdks/Microsoft.NET.Sdk/targets/Microsoft.NET.Sdk.Common.targets;/usr/share/dotnet/sdk/2.2.101/Sdks/Microsoft.NET.Sdk/targets/Microsoft.PackageDependencyResolution.targets;/usr/share/dotnet/sdk/2.2.101/Sdks/Microsoft.NET.Sdk/targets/Microsoft.NET.Sdk.DefaultItems.targets;/usr/share/dotnet/sdk/2.2.101/Sdks/Microsoft.NET.Sdk/targets/Microsoft.NET.DisableStandardFrameworkResolution.targets;/usr/share/dotnet/sdk/2.2.101/Sdks/Microsoft.NET.Sdk/targets/Microsoft.NET.GenerateAssemblyInfo.targets;/usr/share/dotnet/sdk/2.2.101/Sdks/Microsoft.NET.Sdk/targets/Microsoft.NET.ComposeStore.targets;/usr/share/dotnet/sdk/2.2.101/Sdks/Microsoft.NET.Sdk/targets/Microsoft.NET.CrossGen.targets;/usr/share/dotnet/sdk/2.2.101/Sdks/Microsoft.NET.Sdk/targets/Microsoft.NET.ObsoleteReferences.targets") at /usr/share/dotnet/sdk/2.2.101/Sdks/Microsoft.NET.Sdk/targets/Microsoft.NET.Publish.targets (15,5)
   2:6>PaketRestore:
         /usr/bin/shasum "/home/mdegallaix/Projects/yaml-parser/.paket/../paket.lock" | /usr/bin/awk '{ print $1 }'
     0>Property reassignment: $(_ShimInputCacheFile)="/home/mdegallaix/Projects/yaml-parser/yaml-parser/obj/Debug/netstandard1.6/yaml-parser.shiminput.cache" (previous value: "obj\Debug\netstandard1.6\yaml-parser.shiminput.cache") at /usr/share/dotnet/sdk/2.2.101/Sdks/Microsoft.NET.Sdk/targets/Microsoft.NET.PackTool.targets (91,5)
       Property reassignment: $(_ShimCreatedSentinelFile)="/home/mdegallaix/Projects/yaml-parser/yaml-parser/obj/Debug/netstandard1.6/yaml-parser.shimcreated.sentinel" (previous value: "obj\Debug\netstandard1.6\yaml-parser.shimcreated.sentinel") at /usr/share/dotnet/sdk/2.2.101/Sdks/Microsoft.NET.Sdk/targets/Microsoft.NET.PackTool.targets (93,5)
       Property reassignment: $(MSBuildAllProjects)=";/usr/share/dotnet/sdk/2.2.101/Sdks/Microsoft.NET.Sdk/Sdk/Sdk.props;/home/mdegallaix/Projects/yaml-parser/yaml-parser/obj/yaml-parser.fsproj.nuget.g.props;/home/mdegallaix/Projects/yaml-parser/yaml-parser/obj/yaml-parser.fsproj.paket.props;/usr/share/dotnet/sdk/2.2.101/Sdks/Microsoft.NET.Sdk/targets/Microsoft.NET.Sdk.props;/usr/share/dotnet/sdk/2.2.101/Sdks/Microsoft.NET.Sdk/targets/Microsoft.NET.Sdk.DefaultItems.props;/usr/share/dotnet/sdk/2.2.101/Sdks/Microsoft.NET.Sdk/targets/Microsoft.NET.SupportedTargetFrameworks.props;/usr/share/dotnet/sdk/2.2.101/Sdks/Microsoft.NET.Sdk/targets/Microsoft.NET.Sdk.FSharp.props;/usr/share/dotnet/sdk/2.2.101/FSharp/Microsoft.FSharp.NetSdk.props;/home/mdegallaix/Projects/yaml-parser/.paket/Paket.Restore.targets;/usr/share/dotnet/sdk/2.2.101/Sdks/Microsoft.NET.Sdk/Sdk/Sdk.targets;/usr/share/dotnet/sdk/2.2.101/Sdks/Microsoft.NET.Sdk/targets/Microsoft.NET.Sdk.BeforeCommon.targets;/usr/share/dotnet/sdk/2.2.101/Sdks/Microsoft.NET.Sdk/targets/Microsoft.NET.DefaultAssemblyInfo.targets;/usr/share/dotnet/sdk/2.2.101/Sdks/Microsoft.NET.Sdk/targets/Microsoft.NET.DefaultOutputPaths.targets;/usr/share/dotnet/sdk/2.2.101/Sdks/Microsoft.NET.Sdk/targets/Microsoft.NET.TargetFrameworkInference.targets;/usr/share/dotnet/sdk/2.2.101/Sdks/Microsoft.NET.Sdk/targets/Microsoft.NET.RuntimeIdentifierInference.targets;/usr/share/dotnet/sdk/2.2.101/Sdks/Microsoft.NET.Sdk/targets/Microsoft.NET.NuGetOfflineCache.targets;/usr/share/dotnet/sdk/2.2.101/Sdks/Microsoft.NET.Sdk/targets/Microsoft.NET.Sdk.FSharpTargetsShim.targets;/usr/share/dotnet/sdk/2.2.101/FSharp/Microsoft.FSharp.NetSdk.targets;/usr/share/dotnet/sdk/2.2.101/FSharp/Microsoft.FSharp.Targets;/home/mdegallaix/Projects/yaml-parser/yaml-parser/yaml-parser.fsproj;/usr/share/dotnet/sdk/2.2.101/Microsoft.Common.CurrentVersion.targets;/usr/share/dotnet/sdk/2.2.101/NuGet.targets;/usr/share/dotnet/sdk/2.2.101/15.0/Microsoft.Common.targets/ImportAfter/Microsoft.NET.Build.Extensions.targets;/usr/share/dotnet/sdk/2.2.101/Microsoft/Microsoft.NET.Build.Extensions/Microsoft.NET.Build.Extensions.targets;/usr/share/dotnet/sdk/2.2.101/15.0/Microsoft.Common.targets/ImportAfter/Microsoft.TestPlatform.ImportAfter.targets;/usr/share/dotnet/sdk/2.2.101/Microsoft.TestPlatform.targets;/home/mdegallaix/Projects/yaml-parser/yaml-parser/obj/yaml-parser.fsproj.nuget.g.targets;/home/mdegallaix/Projects/yaml-parser/yaml-parser/obj/yaml-parser.fsproj.proj-info.targets;/usr/share/dotnet/sdk/2.2.101/Sdks/Microsoft.NET.Sdk/targets/Microsoft.NET.Sdk.targets;/usr/share/dotnet/sdk/2.2.101/Sdks/Microsoft.NET.Sdk/targets/Microsoft.NET.Sdk.Common.targets;/usr/share/dotnet/sdk/2.2.101/Sdks/Microsoft.NET.Sdk/targets/Microsoft.PackageDependencyResolution.targets;/usr/share/dotnet/sdk/2.2.101/Sdks/Microsoft.NET.Sdk/targets/Microsoft.NET.Sdk.DefaultItems.targets;/usr/share/dotnet/sdk/2.2.101/Sdks/Microsoft.NET.Sdk/targets/Microsoft.NET.DisableStandardFrameworkResolution.targets;/usr/share/dotnet/sdk/2.2.101/Sdks/Microsoft.NET.Sdk/targets/Microsoft.NET.GenerateAssemblyInfo.targets;/usr/share/dotnet/sdk/2.2.101/Sdks/Microsoft.NET.Sdk/targets/Microsoft.NET.ComposeStore.targets;/usr/share/dotnet/sdk/2.2.101/Sdks/Microsoft.NET.Sdk/targets/Microsoft.NET.CrossGen.targets;/usr/share/dotnet/sdk/2.2.101/Sdks/Microsoft.NET.Sdk/targets/Microsoft.NET.ObsoleteReferences.targets;/usr/share/dotnet/sdk/2.2.101/Sdks/Microsoft.NET.Sdk/targets/Microsoft.NET.Publish.targets;/usr/share/dotnet/sdk/2.2.101/Sdks/Microsoft.NET.Sdk/targets/Microsoft.NET.PreserveCompilationContext.targets" (previous value: ";/usr/share/dotnet/sdk/2.2.101/Sdks/Microsoft.NET.Sdk/Sdk/Sdk.props;/home/mdegallaix/Projects/yaml-parser/yaml-parser/obj/yaml-parser.fsproj.nuget.g.props;/home/mdegallaix/Projects/yaml-parser/yaml-parser/obj/yaml-parser.fsproj.paket.props;/usr/share/dotnet/sdk/2.2.101/Sdks/Microsoft.NET.Sdk/targets/Microsoft.NET.Sdk.props;/usr/share/dotnet/sdk/2.2.101/Sdks/Microsoft.NET.Sdk/targets/Microsoft.NET.Sdk.DefaultItems.props;/usr/share/dotnet/sdk/2.2.101/Sdks/Microsoft.NET.Sdk/targets/Microsoft.NET.SupportedTargetFrameworks.props;/usr/share/dotnet/sdk/2.2.101/Sdks/Microsoft.NET.Sdk/targets/Microsoft.NET.Sdk.FSharp.props;/usr/share/dotnet/sdk/2.2.101/FSharp/Microsoft.FSharp.NetSdk.props;/home/mdegallaix/Projects/yaml-parser/.paket/Paket.Restore.targets;/usr/share/dotnet/sdk/2.2.101/Sdks/Microsoft.NET.Sdk/Sdk/Sdk.targets;/usr/share/dotnet/sdk/2.2.101/Sdks/Microsoft.NET.Sdk/targets/Microsoft.NET.Sdk.BeforeCommon.targets;/usr/share/dotnet/sdk/2.2.101/Sdks/Microsoft.NET.Sdk/targets/Microsoft.NET.DefaultAssemblyInfo.targets;/usr/share/dotnet/sdk/2.2.101/Sdks/Microsoft.NET.Sdk/targets/Microsoft.NET.DefaultOutputPaths.targets;/usr/share/dotnet/sdk/2.2.101/Sdks/Microsoft.NET.Sdk/targets/Microsoft.NET.TargetFrameworkInference.targets;/usr/share/dotnet/sdk/2.2.101/Sdks/Microsoft.NET.Sdk/targets/Microsoft.NET.RuntimeIdentifierInference.targets;/usr/share/dotnet/sdk/2.2.101/Sdks/Microsoft.NET.Sdk/targets/Microsoft.NET.NuGetOfflineCache.targets;/usr/share/dotnet/sdk/2.2.101/Sdks/Microsoft.NET.Sdk/targets/Microsoft.NET.Sdk.FSharpTargetsShim.targets;/usr/share/dotnet/sdk/2.2.101/FSharp/Microsoft.FSharp.NetSdk.targets;/usr/share/dotnet/sdk/2.2.101/FSharp/Microsoft.FSharp.Targets;/home/mdegallaix/Projects/yaml-parser/yaml-parser/yaml-parser.fsproj;/usr/share/dotnet/sdk/2.2.101/Microsoft.Common.CurrentVersion.targets;/usr/share/dotnet/sdk/2.2.101/NuGet.targets;/usr/share/dotnet/sdk/2.2.101/15.0/Microsoft.Common.targets/ImportAfter/Microsoft.NET.Build.Extensions.targets;/usr/share/dotnet/sdk/2.2.101/Microsoft/Microsoft.NET.Build.Extensions/Microsoft.NET.Build.Extensions.targets;/usr/share/dotnet/sdk/2.2.101/15.0/Microsoft.Common.targets/ImportAfter/Microsoft.TestPlatform.ImportAfter.targets;/usr/share/dotnet/sdk/2.2.101/Microsoft.TestPlatform.targets;/home/mdegallaix/Projects/yaml-parser/yaml-parser/obj/yaml-parser.fsproj.nuget.g.targets;/home/mdegallaix/Projects/yaml-parser/yaml-parser/obj/yaml-parser.fsproj.proj-info.targets;/usr/share/dotnet/sdk/2.2.101/Sdks/Microsoft.NET.Sdk/targets/Microsoft.NET.Sdk.targets;/usr/share/dotnet/sdk/2.2.101/Sdks/Microsoft.NET.Sdk/targets/Microsoft.NET.Sdk.Common.targets;/usr/share/dotnet/sdk/2.2.101/Sdks/Microsoft.NET.Sdk/targets/Microsoft.PackageDependencyResolution.targets;/usr/share/dotnet/sdk/2.2.101/Sdks/Microsoft.NET.Sdk/targets/Microsoft.NET.Sdk.DefaultItems.targets;/usr/share/dotnet/sdk/2.2.101/Sdks/Microsoft.NET.Sdk/targets/Microsoft.NET.DisableStandardFrameworkResolution.targets;/usr/share/dotnet/sdk/2.2.101/Sdks/Microsoft.NET.Sdk/targets/Microsoft.NET.GenerateAssemblyInfo.targets;/usr/share/dotnet/sdk/2.2.101/Sdks/Microsoft.NET.Sdk/targets/Microsoft.NET.ComposeStore.targets;/usr/share/dotnet/sdk/2.2.101/Sdks/Microsoft.NET.Sdk/targets/Microsoft.NET.CrossGen.targets;/usr/share/dotnet/sdk/2.2.101/Sdks/Microsoft.NET.Sdk/targets/Microsoft.NET.ObsoleteReferences.targets;/usr/share/dotnet/sdk/2.2.101/Sdks/Microsoft.NET.Sdk/targets/Microsoft.NET.Publish.targets") at /usr/share/dotnet/sdk/2.2.101/Sdks/Microsoft.NET.Sdk/targets/Microsoft.NET.PreserveCompilationContext.targets (15,5)
       Property reassignment: $(MSBuildAllProjects)=";/usr/share/dotnet/sdk/2.2.101/Sdks/Microsoft.NET.Sdk/Sdk/Sdk.props;/home/mdegallaix/Projects/yaml-parser/yaml-parser/obj/yaml-parser.fsproj.nuget.g.props;/home/mdegallaix/Projects/yaml-parser/yaml-parser/obj/yaml-parser.fsproj.paket.props;/usr/share/dotnet/sdk/2.2.101/Sdks/Microsoft.NET.Sdk/targets/Microsoft.NET.Sdk.props;/usr/share/dotnet/sdk/2.2.101/Sdks/Microsoft.NET.Sdk/targets/Microsoft.NET.Sdk.DefaultItems.props;/usr/share/dotnet/sdk/2.2.101/Sdks/Microsoft.NET.Sdk/targets/Microsoft.NET.SupportedTargetFrameworks.props;/usr/share/dotnet/sdk/2.2.101/Sdks/Microsoft.NET.Sdk/targets/Microsoft.NET.Sdk.FSharp.props;/usr/share/dotnet/sdk/2.2.101/FSharp/Microsoft.FSharp.NetSdk.props;/home/mdegallaix/Projects/yaml-parser/.paket/Paket.Restore.targets;/usr/share/dotnet/sdk/2.2.101/Sdks/Microsoft.NET.Sdk/Sdk/Sdk.targets;/usr/share/dotnet/sdk/2.2.101/Sdks/Microsoft.NET.Sdk/targets/Microsoft.NET.Sdk.BeforeCommon.targets;/usr/share/dotnet/sdk/2.2.101/Sdks/Microsoft.NET.Sdk/targets/Microsoft.NET.DefaultAssemblyInfo.targets;/usr/share/dotnet/sdk/2.2.101/Sdks/Microsoft.NET.Sdk/targets/Microsoft.NET.DefaultOutputPaths.targets;/usr/share/dotnet/sdk/2.2.101/Sdks/Microsoft.NET.Sdk/targets/Microsoft.NET.TargetFrameworkInference.targets;/usr/share/dotnet/sdk/2.2.101/Sdks/Microsoft.NET.Sdk/targets/Microsoft.NET.RuntimeIdentifierInference.targets;/usr/share/dotnet/sdk/2.2.101/Sdks/Microsoft.NET.Sdk/targets/Microsoft.NET.NuGetOfflineCache.targets;/usr/share/dotnet/sdk/2.2.101/Sdks/Microsoft.NET.Sdk/targets/Microsoft.NET.Sdk.FSharpTargetsShim.targets;/usr/share/dotnet/sdk/2.2.101/FSharp/Microsoft.FSharp.NetSdk.targets;/usr/share/dotnet/sdk/2.2.101/FSharp/Microsoft.FSharp.Targets;/home/mdegallaix/Projects/yaml-parser/yaml-parser/yaml-parser.fsproj;/usr/share/dotnet/sdk/2.2.101/Microsoft.Common.CurrentVersion.targets;/usr/share/dotnet/sdk/2.2.101/NuGet.targets;/usr/share/dotnet/sdk/2.2.101/15.0/Microsoft.Common.targets/ImportAfter/Microsoft.NET.Build.Extensions.targets;/usr/share/dotnet/sdk/2.2.101/Microsoft/Microsoft.NET.Build.Extensions/Microsoft.NET.Build.Extensions.targets;/usr/share/dotnet/sdk/2.2.101/15.0/Microsoft.Common.targets/ImportAfter/Microsoft.TestPlatform.ImportAfter.targets;/usr/share/dotnet/sdk/2.2.101/Microsoft.TestPlatform.targets;/home/mdegallaix/Projects/yaml-parser/yaml-parser/obj/yaml-parser.fsproj.nuget.g.targets;/home/mdegallaix/Projects/yaml-parser/yaml-parser/obj/yaml-parser.fsproj.proj-info.targets;/usr/share/dotnet/sdk/2.2.101/Sdks/Microsoft.NET.Sdk/targets/Microsoft.NET.Sdk.targets;/usr/share/dotnet/sdk/2.2.101/Sdks/Microsoft.NET.Sdk/targets/Microsoft.NET.Sdk.Common.targets;/usr/share/dotnet/sdk/2.2.101/Sdks/Microsoft.NET.Sdk/targets/Microsoft.PackageDependencyResolution.targets;/usr/share/dotnet/sdk/2.2.101/Sdks/Microsoft.NET.Sdk/targets/Microsoft.NET.Sdk.DefaultItems.targets;/usr/share/dotnet/sdk/2.2.101/Sdks/Microsoft.NET.Sdk/targets/Microsoft.NET.DisableStandardFrameworkResolution.targets;/usr/share/dotnet/sdk/2.2.101/Sdks/Microsoft.NET.Sdk/targets/Microsoft.NET.GenerateAssemblyInfo.targets;/usr/share/dotnet/sdk/2.2.101/Sdks/Microsoft.NET.Sdk/targets/Microsoft.NET.ComposeStore.targets;/usr/share/dotnet/sdk/2.2.101/Sdks/Microsoft.NET.Sdk/targets/Microsoft.NET.CrossGen.targets;/usr/share/dotnet/sdk/2.2.101/Sdks/Microsoft.NET.Sdk/targets/Microsoft.NET.ObsoleteReferences.targets;/usr/share/dotnet/sdk/2.2.101/Sdks/Microsoft.NET.Sdk/targets/Microsoft.NET.Publish.targets;/usr/share/dotnet/sdk/2.2.101/Sdks/Microsoft.NET.Sdk/targets/Microsoft.NET.PreserveCompilationContext.targets;/usr/share/dotnet/sdk/2.2.101/Sdks/Microsoft.NET.Sdk/targets/Microsoft.NET.ConflictResolution.targets" (previous value: ";/usr/share/dotnet/sdk/2.2.101/Sdks/Microsoft.NET.Sdk/Sdk/Sdk.props;/home/mdegallaix/Projects/yaml-parser/yaml-parser/obj/yaml-parser.fsproj.nuget.g.props;/home/mdegallaix/Projects/yaml-parser/yaml-parser/obj/yaml-parser.fsproj.paket.props;/usr/share/dotnet/sdk/2.2.101/Sdks/Microsoft.NET.Sdk/targets/Microsoft.NET.Sdk.props;/usr/share/dotnet/sdk/2.2.101/Sdks/Microsoft.NET.Sdk/targets/Microsoft.NET.Sdk.DefaultItems.props;/usr/share/dotnet/sdk/2.2.101/Sdks/Microsoft.NET.Sdk/targets/Microsoft.NET.SupportedTargetFrameworks.props;/usr/share/dotnet/sdk/2.2.101/Sdks/Microsoft.NET.Sdk/targets/Microsoft.NET.Sdk.FSharp.props;/usr/share/dotnet/sdk/2.2.101/FSharp/Microsoft.FSharp.NetSdk.props;/home/mdegallaix/Projects/yaml-parser/.paket/Paket.Restore.targets;/usr/share/dotnet/sdk/2.2.101/Sdks/Microsoft.NET.Sdk/Sdk/Sdk.targets;/usr/share/dotnet/sdk/2.2.101/Sdks/Microsoft.NET.Sdk/targets/Microsoft.NET.Sdk.BeforeCommon.targets;/usr/share/dotnet/sdk/2.2.101/Sdks/Microsoft.NET.Sdk/targets/Microsoft.NET.DefaultAssemblyInfo.targets;/usr/share/dotnet/sdk/2.2.101/Sdks/Microsoft.NET.Sdk/targets/Microsoft.NET.DefaultOutputPaths.targets;/usr/share/dotnet/sdk/2.2.101/Sdks/Microsoft.NET.Sdk/targets/Microsoft.NET.TargetFrameworkInference.targets;/usr/share/dotnet/sdk/2.2.101/Sdks/Microsoft.NET.Sdk/targets/Microsoft.NET.RuntimeIdentifierInference.targets;/usr/share/dotnet/sdk/2.2.101/Sdks/Microsoft.NET.Sdk/targets/Microsoft.NET.NuGetOfflineCache.targets;/usr/share/dotnet/sdk/2.2.101/Sdks/Microsoft.NET.Sdk/targets/Microsoft.NET.Sdk.FSharpTargetsShim.targets;/usr/share/dotnet/sdk/2.2.101/FSharp/Microsoft.FSharp.NetSdk.targets;/usr/share/dotnet/sdk/2.2.101/FSharp/Microsoft.FSharp.Targets;/home/mdegallaix/Projects/yaml-parser/yaml-parser/yaml-parser.fsproj;/usr/share/dotnet/sdk/2.2.101/Microsoft.Common.CurrentVersion.targets;/usr/share/dotnet/sdk/2.2.101/NuGet.targets;/usr/share/dotnet/sdk/2.2.101/15.0/Microsoft.Common.targets/ImportAfter/Microsoft.NET.Build.Extensions.targets;/usr/share/dotnet/sdk/2.2.101/Microsoft/Microsoft.NET.Build.Extensions/Microsoft.NET.Build.Extensions.targets;/usr/share/dotnet/sdk/2.2.101/15.0/Microsoft.Common.targets/ImportAfter/Microsoft.TestPlatform.ImportAfter.targets;/usr/share/dotnet/sdk/2.2.101/Microsoft.TestPlatform.targets;/home/mdegallaix/Projects/yaml-parser/yaml-parser/obj/yaml-parser.fsproj.nuget.g.targets;/home/mdegallaix/Projects/yaml-parser/yaml-parser/obj/yaml-parser.fsproj.proj-info.targets;/usr/share/dotnet/sdk/2.2.101/Sdks/Microsoft.NET.Sdk/targets/Microsoft.NET.Sdk.targets;/usr/share/dotnet/sdk/2.2.101/Sdks/Microsoft.NET.Sdk/targets/Microsoft.NET.Sdk.Common.targets;/usr/share/dotnet/sdk/2.2.101/Sdks/Microsoft.NET.Sdk/targets/Microsoft.PackageDependencyResolution.targets;/usr/share/dotnet/sdk/2.2.101/Sdks/Microsoft.NET.Sdk/targets/Microsoft.NET.Sdk.DefaultItems.targets;/usr/share/dotnet/sdk/2.2.101/Sdks/Microsoft.NET.Sdk/targets/Microsoft.NET.DisableStandardFrameworkResolution.targets;/usr/share/dotnet/sdk/2.2.101/Sdks/Microsoft.NET.Sdk/targets/Microsoft.NET.GenerateAssemblyInfo.targets;/usr/share/dotnet/sdk/2.2.101/Sdks/Microsoft.NET.Sdk/targets/Microsoft.NET.ComposeStore.targets;/usr/share/dotnet/sdk/2.2.101/Sdks/Microsoft.NET.Sdk/targets/Microsoft.NET.CrossGen.targets;/usr/share/dotnet/sdk/2.2.101/Sdks/Microsoft.NET.Sdk/targets/Microsoft.NET.ObsoleteReferences.targets;/usr/share/dotnet/sdk/2.2.101/Sdks/Microsoft.NET.Sdk/targets/Microsoft.NET.Publish.targets;/usr/share/dotnet/sdk/2.2.101/Sdks/Microsoft.NET.Sdk/targets/Microsoft.NET.PreserveCompilationContext.targets") at /usr/share/dotnet/sdk/2.2.101/Sdks/Microsoft.NET.Sdk/targets/Microsoft.NET.ConflictResolution.targets (16,5)
       Property reassignment: $(MSBuildAllProjects)=";/usr/share/dotnet/sdk/2.2.101/Sdks/Microsoft.NET.Sdk/Sdk/Sdk.props;/home/mdegallaix/Projects/yaml-parser/yaml-parser/obj/yaml-parser.fsproj.nuget.g.props;/home/mdegallaix/Projects/yaml-parser/yaml-parser/obj/yaml-parser.fsproj.paket.props;/usr/share/dotnet/sdk/2.2.101/Sdks/Microsoft.NET.Sdk/targets/Microsoft.NET.Sdk.props;/usr/share/dotnet/sdk/2.2.101/Sdks/Microsoft.NET.Sdk/targets/Microsoft.NET.Sdk.DefaultItems.props;/usr/share/dotnet/sdk/2.2.101/Sdks/Microsoft.NET.Sdk/targets/Microsoft.NET.SupportedTargetFrameworks.props;/usr/share/dotnet/sdk/2.2.101/Sdks/Microsoft.NET.Sdk/targets/Microsoft.NET.Sdk.FSharp.props;/usr/share/dotnet/sdk/2.2.101/FSharp/Microsoft.FSharp.NetSdk.props;/home/mdegallaix/Projects/yaml-parser/.paket/Paket.Restore.targets;/usr/share/dotnet/sdk/2.2.101/Sdks/Microsoft.NET.Sdk/Sdk/Sdk.targets;/usr/share/dotnet/sdk/2.2.101/Sdks/Microsoft.NET.Sdk/targets/Microsoft.NET.Sdk.BeforeCommon.targets;/usr/share/dotnet/sdk/2.2.101/Sdks/Microsoft.NET.Sdk/targets/Microsoft.NET.DefaultAssemblyInfo.targets;/usr/share/dotnet/sdk/2.2.101/Sdks/Microsoft.NET.Sdk/targets/Microsoft.NET.DefaultOutputPaths.targets;/usr/share/dotnet/sdk/2.2.101/Sdks/Microsoft.NET.Sdk/targets/Microsoft.NET.TargetFrameworkInference.targets;/usr/share/dotnet/sdk/2.2.101/Sdks/Microsoft.NET.Sdk/targets/Microsoft.NET.RuntimeIdentifierInference.targets;/usr/share/dotnet/sdk/2.2.101/Sdks/Microsoft.NET.Sdk/targets/Microsoft.NET.NuGetOfflineCache.targets;/usr/share/dotnet/sdk/2.2.101/Sdks/Microsoft.NET.Sdk/targets/Microsoft.NET.Sdk.FSharpTargetsShim.targets;/usr/share/dotnet/sdk/2.2.101/FSharp/Microsoft.FSharp.NetSdk.targets;/usr/share/dotnet/sdk/2.2.101/FSharp/Microsoft.FSharp.Targets;/home/mdegallaix/Projects/yaml-parser/yaml-parser/yaml-parser.fsproj;/usr/share/dotnet/sdk/2.2.101/Microsoft.Common.CurrentVersion.targets;/usr/share/dotnet/sdk/2.2.101/NuGet.targets;/usr/share/dotnet/sdk/2.2.101/15.0/Microsoft.Common.targets/ImportAfter/Microsoft.NET.Build.Extensions.targets;/usr/share/dotnet/sdk/2.2.101/Microsoft/Microsoft.NET.Build.Extensions/Microsoft.NET.Build.Extensions.targets;/usr/share/dotnet/sdk/2.2.101/15.0/Microsoft.Common.targets/ImportAfter/Microsoft.TestPlatform.ImportAfter.targets;/usr/share/dotnet/sdk/2.2.101/Microsoft.TestPlatform.targets;/home/mdegallaix/Projects/yaml-parser/yaml-parser/obj/yaml-parser.fsproj.nuget.g.targets;/home/mdegallaix/Projects/yaml-parser/yaml-parser/obj/yaml-parser.fsproj.proj-info.targets;/usr/share/dotnet/sdk/2.2.101/Sdks/Microsoft.NET.Sdk/targets/Microsoft.NET.Sdk.targets;/usr/share/dotnet/sdk/2.2.101/Sdks/Microsoft.NET.Sdk/targets/Microsoft.NET.Sdk.Common.targets;/usr/share/dotnet/sdk/2.2.101/Sdks/Microsoft.NET.Sdk/targets/Microsoft.PackageDependencyResolution.targets;/usr/share/dotnet/sdk/2.2.101/Sdks/Microsoft.NET.Sdk/targets/Microsoft.NET.Sdk.DefaultItems.targets;/usr/share/dotnet/sdk/2.2.101/Sdks/Microsoft.NET.Sdk/targets/Microsoft.NET.DisableStandardFrameworkResolution.targets;/usr/share/dotnet/sdk/2.2.101/Sdks/Microsoft.NET.Sdk/targets/Microsoft.NET.GenerateAssemblyInfo.targets;/usr/share/dotnet/sdk/2.2.101/Sdks/Microsoft.NET.Sdk/targets/Microsoft.NET.ComposeStore.targets;/usr/share/dotnet/sdk/2.2.101/Sdks/Microsoft.NET.Sdk/targets/Microsoft.NET.CrossGen.targets;/usr/share/dotnet/sdk/2.2.101/Sdks/Microsoft.NET.Sdk/targets/Microsoft.NET.ObsoleteReferences.targets;/usr/share/dotnet/sdk/2.2.101/Sdks/Microsoft.NET.Sdk/targets/Microsoft.NET.Publish.targets;/usr/share/dotnet/sdk/2.2.101/Sdks/Microsoft.NET.Sdk/targets/Microsoft.NET.PreserveCompilationContext.targets;/usr/share/dotnet/sdk/2.2.101/Sdks/Microsoft.NET.Sdk/targets/Microsoft.NET.ConflictResolution.targets;/usr/share/dotnet/sdk/2.2.101/Sdks/Microsoft.NET.Sdk/targets/Microsoft.NET.DefaultPackageConflictOverrides.targets" (previous value: ";/usr/share/dotnet/sdk/2.2.101/Sdks/Microsoft.NET.Sdk/Sdk/Sdk.props;/home/mdegallaix/Projects/yaml-parser/yaml-parser/obj/yaml-parser.fsproj.nuget.g.props;/home/mdegallaix/Projects/yaml-parser/yaml-parser/obj/yaml-parser.fsproj.paket.props;/usr/share/dotnet/sdk/2.2.101/Sdks/Microsoft.NET.Sdk/targets/Microsoft.NET.Sdk.props;/usr/share/dotnet/sdk/2.2.101/Sdks/Microsoft.NET.Sdk/targets/Microsoft.NET.Sdk.DefaultItems.props;/usr/share/dotnet/sdk/2.2.101/Sdks/Microsoft.NET.Sdk/targets/Microsoft.NET.SupportedTargetFrameworks.props;/usr/share/dotnet/sdk/2.2.101/Sdks/Microsoft.NET.Sdk/targets/Microsoft.NET.Sdk.FSharp.props;/usr/share/dotnet/sdk/2.2.101/FSharp/Microsoft.FSharp.NetSdk.props;/home/mdegallaix/Projects/yaml-parser/.paket/Paket.Restore.targets;/usr/share/dotnet/sdk/2.2.101/Sdks/Microsoft.NET.Sdk/Sdk/Sdk.targets;/usr/share/dotnet/sdk/2.2.101/Sdks/Microsoft.NET.Sdk/targets/Microsoft.NET.Sdk.BeforeCommon.targets;/usr/share/dotnet/sdk/2.2.101/Sdks/Microsoft.NET.Sdk/targets/Microsoft.NET.DefaultAssemblyInfo.targets;/usr/share/dotnet/sdk/2.2.101/Sdks/Microsoft.NET.Sdk/targets/Microsoft.NET.DefaultOutputPaths.targets;/usr/share/dotnet/sdk/2.2.101/Sdks/Microsoft.NET.Sdk/targets/Microsoft.NET.TargetFrameworkInference.targets;/usr/share/dotnet/sdk/2.2.101/Sdks/Microsoft.NET.Sdk/targets/Microsoft.NET.RuntimeIdentifierInference.targets;/usr/share/dotnet/sdk/2.2.101/Sdks/Microsoft.NET.Sdk/targets/Microsoft.NET.NuGetOfflineCache.targets;/usr/share/dotnet/sdk/2.2.101/Sdks/Microsoft.NET.Sdk/targets/Microsoft.NET.Sdk.FSharpTargetsShim.targets;/usr/share/dotnet/sdk/2.2.101/FSharp/Microsoft.FSharp.NetSdk.targets;/usr/share/dotnet/sdk/2.2.101/FSharp/Microsoft.FSharp.Targets;/home/mdegallaix/Projects/yaml-parser/yaml-parser/yaml-parser.fsproj;/usr/share/dotnet/sdk/2.2.101/Microsoft.Common.CurrentVersion.targets;/usr/share/dotnet/sdk/2.2.101/NuGet.targets;/usr/share/dotnet/sdk/2.2.101/15.0/Microsoft.Common.targets/ImportAfter/Microsoft.NET.Build.Extensions.targets;/usr/share/dotnet/sdk/2.2.101/Microsoft/Microsoft.NET.Build.Extensions/Microsoft.NET.Build.Extensions.targets;/usr/share/dotnet/sdk/2.2.101/15.0/Microsoft.Common.targets/ImportAfter/Microsoft.TestPlatform.ImportAfter.targets;/usr/share/dotnet/sdk/2.2.101/Microsoft.TestPlatform.targets;/home/mdegallaix/Projects/yaml-parser/yaml-parser/obj/yaml-parser.fsproj.nuget.g.targets;/home/mdegallaix/Projects/yaml-parser/yaml-parser/obj/yaml-parser.fsproj.proj-info.targets;/usr/share/dotnet/sdk/2.2.101/Sdks/Microsoft.NET.Sdk/targets/Microsoft.NET.Sdk.targets;/usr/share/dotnet/sdk/2.2.101/Sdks/Microsoft.NET.Sdk/targets/Microsoft.NET.Sdk.Common.targets;/usr/share/dotnet/sdk/2.2.101/Sdks/Microsoft.NET.Sdk/targets/Microsoft.PackageDependencyResolution.targets;/usr/share/dotnet/sdk/2.2.101/Sdks/Microsoft.NET.Sdk/targets/Microsoft.NET.Sdk.DefaultItems.targets;/usr/share/dotnet/sdk/2.2.101/Sdks/Microsoft.NET.Sdk/targets/Microsoft.NET.DisableStandardFrameworkResolution.targets;/usr/share/dotnet/sdk/2.2.101/Sdks/Microsoft.NET.Sdk/targets/Microsoft.NET.GenerateAssemblyInfo.targets;/usr/share/dotnet/sdk/2.2.101/Sdks/Microsoft.NET.Sdk/targets/Microsoft.NET.ComposeStore.targets;/usr/share/dotnet/sdk/2.2.101/Sdks/Microsoft.NET.Sdk/targets/Microsoft.NET.CrossGen.targets;/usr/share/dotnet/sdk/2.2.101/Sdks/Microsoft.NET.Sdk/targets/Microsoft.NET.ObsoleteReferences.targets;/usr/share/dotnet/sdk/2.2.101/Sdks/Microsoft.NET.Sdk/targets/Microsoft.NET.Publish.targets;/usr/share/dotnet/sdk/2.2.101/Sdks/Microsoft.NET.Sdk/targets/Microsoft.NET.PreserveCompilationContext.targets;/usr/share/dotnet/sdk/2.2.101/Sdks/Microsoft.NET.Sdk/targets/Microsoft.NET.ConflictResolution.targets") at /usr/share/dotnet/sdk/2.2.101/Sdks/Microsoft.NET.Sdk/targets/Microsoft.NET.DefaultPackageConflictOverrides.targets (15,5)
       Property reassignment: $(MSBuildAllProjects)=";/usr/share/dotnet/sdk/2.2.101/Sdks/Microsoft.NET.Sdk/Sdk/Sdk.props;/home/mdegallaix/Projects/yaml-parser/yaml-parser/obj/yaml-parser.fsproj.nuget.g.props;/home/mdegallaix/Projects/yaml-parser/yaml-parser/obj/yaml-parser.fsproj.paket.props;/usr/share/dotnet/sdk/2.2.101/Sdks/Microsoft.NET.Sdk/targets/Microsoft.NET.Sdk.props;/usr/share/dotnet/sdk/2.2.101/Sdks/Microsoft.NET.Sdk/targets/Microsoft.NET.Sdk.DefaultItems.props;/usr/share/dotnet/sdk/2.2.101/Sdks/Microsoft.NET.Sdk/targets/Microsoft.NET.SupportedTargetFrameworks.props;/usr/share/dotnet/sdk/2.2.101/Sdks/Microsoft.NET.Sdk/targets/Microsoft.NET.Sdk.FSharp.props;/usr/share/dotnet/sdk/2.2.101/FSharp/Microsoft.FSharp.NetSdk.props;/home/mdegallaix/Projects/yaml-parser/.paket/Paket.Restore.targets;/usr/share/dotnet/sdk/2.2.101/Sdks/Microsoft.NET.Sdk/Sdk/Sdk.targets;/usr/share/dotnet/sdk/2.2.101/Sdks/Microsoft.NET.Sdk/targets/Microsoft.NET.Sdk.BeforeCommon.targets;/usr/share/dotnet/sdk/2.2.101/Sdks/Microsoft.NET.Sdk/targets/Microsoft.NET.DefaultAssemblyInfo.targets;/usr/share/dotnet/sdk/2.2.101/Sdks/Microsoft.NET.Sdk/targets/Microsoft.NET.DefaultOutputPaths.targets;/usr/share/dotnet/sdk/2.2.101/Sdks/Microsoft.NET.Sdk/targets/Microsoft.NET.TargetFrameworkInference.targets;/usr/share/dotnet/sdk/2.2.101/Sdks/Microsoft.NET.Sdk/targets/Microsoft.NET.RuntimeIdentifierInference.targets;/usr/share/dotnet/sdk/2.2.101/Sdks/Microsoft.NET.Sdk/targets/Microsoft.NET.NuGetOfflineCache.targets;/usr/share/dotnet/sdk/2.2.101/Sdks/Microsoft.NET.Sdk/targets/Microsoft.NET.Sdk.FSharpTargetsShim.targets;/usr/share/dotnet/sdk/2.2.101/FSharp/Microsoft.FSharp.NetSdk.targets;/usr/share/dotnet/sdk/2.2.101/FSharp/Microsoft.FSharp.Targets;/home/mdegallaix/Projects/yaml-parser/yaml-parser/yaml-parser.fsproj;/usr/share/dotnet/sdk/2.2.101/Microsoft.Common.CurrentVersion.targets;/usr/share/dotnet/sdk/2.2.101/NuGet.targets;/usr/share/dotnet/sdk/2.2.101/15.0/Microsoft.Common.targets/ImportAfter/Microsoft.NET.Build.Extensions.targets;/usr/share/dotnet/sdk/2.2.101/Microsoft/Microsoft.NET.Build.Extensions/Microsoft.NET.Build.Extensions.targets;/usr/share/dotnet/sdk/2.2.101/15.0/Microsoft.Common.targets/ImportAfter/Microsoft.TestPlatform.ImportAfter.targets;/usr/share/dotnet/sdk/2.2.101/Microsoft.TestPlatform.targets;/home/mdegallaix/Projects/yaml-parser/yaml-parser/obj/yaml-parser.fsproj.nuget.g.targets;/home/mdegallaix/Projects/yaml-parser/yaml-parser/obj/yaml-parser.fsproj.proj-info.targets;/usr/share/dotnet/sdk/2.2.101/Sdks/Microsoft.NET.Sdk/targets/Microsoft.NET.Sdk.targets;/usr/share/dotnet/sdk/2.2.101/Sdks/Microsoft.NET.Sdk/targets/Microsoft.NET.Sdk.Common.targets;/usr/share/dotnet/sdk/2.2.101/Sdks/Microsoft.NET.Sdk/targets/Microsoft.PackageDependencyResolution.targets;/usr/share/dotnet/sdk/2.2.101/Sdks/Microsoft.NET.Sdk/targets/Microsoft.NET.Sdk.DefaultItems.targets;/usr/share/dotnet/sdk/2.2.101/Sdks/Microsoft.NET.Sdk/targets/Microsoft.NET.DisableStandardFrameworkResolution.targets;/usr/share/dotnet/sdk/2.2.101/Sdks/Microsoft.NET.Sdk/targets/Microsoft.NET.GenerateAssemblyInfo.targets;/usr/share/dotnet/sdk/2.2.101/Sdks/Microsoft.NET.Sdk/targets/Microsoft.NET.ComposeStore.targets;/usr/share/dotnet/sdk/2.2.101/Sdks/Microsoft.NET.Sdk/targets/Microsoft.NET.CrossGen.targets;/usr/share/dotnet/sdk/2.2.101/Sdks/Microsoft.NET.Sdk/targets/Microsoft.NET.ObsoleteReferences.targets;/usr/share/dotnet/sdk/2.2.101/Sdks/Microsoft.NET.Sdk/targets/Microsoft.NET.Publish.targets;/usr/share/dotnet/sdk/2.2.101/Sdks/Microsoft.NET.Sdk/targets/Microsoft.NET.PreserveCompilationContext.targets;/usr/share/dotnet/sdk/2.2.101/Sdks/Microsoft.NET.Sdk/targets/Microsoft.NET.ConflictResolution.targets;/usr/share/dotnet/sdk/2.2.101/Sdks/Microsoft.NET.Sdk/targets/Microsoft.NET.DefaultPackageConflictOverrides.targets;/usr/share/dotnet/sdk/2.2.101/Sdks/Microsoft.NET.Sdk/targets/Microsoft.NET.Sdk.FSharp.targets" (previous value: ";/usr/share/dotnet/sdk/2.2.101/Sdks/Microsoft.NET.Sdk/Sdk/Sdk.props;/home/mdegallaix/Projects/yaml-parser/yaml-parser/obj/yaml-parser.fsproj.nuget.g.props;/home/mdegallaix/Projects/yaml-parser/yaml-parser/obj/yaml-parser.fsproj.paket.props;/usr/share/dotnet/sdk/2.2.101/Sdks/Microsoft.NET.Sdk/targets/Microsoft.NET.Sdk.props;/usr/share/dotnet/sdk/2.2.101/Sdks/Microsoft.NET.Sdk/targets/Microsoft.NET.Sdk.DefaultItems.props;/usr/share/dotnet/sdk/2.2.101/Sdks/Microsoft.NET.Sdk/targets/Microsoft.NET.SupportedTargetFrameworks.props;/usr/share/dotnet/sdk/2.2.101/Sdks/Microsoft.NET.Sdk/targets/Microsoft.NET.Sdk.FSharp.props;/usr/share/dotnet/sdk/2.2.101/FSharp/Microsoft.FSharp.NetSdk.props;/home/mdegallaix/Projects/yaml-parser/.paket/Paket.Restore.targets;/usr/share/dotnet/sdk/2.2.101/Sdks/Microsoft.NET.Sdk/Sdk/Sdk.targets;/usr/share/dotnet/sdk/2.2.101/Sdks/Microsoft.NET.Sdk/targets/Microsoft.NET.Sdk.BeforeCommon.targets;/usr/share/dotnet/sdk/2.2.101/Sdks/Microsoft.NET.Sdk/targets/Microsoft.NET.DefaultAssemblyInfo.targets;/usr/share/dotnet/sdk/2.2.101/Sdks/Microsoft.NET.Sdk/targets/Microsoft.NET.DefaultOutputPaths.targets;/usr/share/dotnet/sdk/2.2.101/Sdks/Microsoft.NET.Sdk/targets/Microsoft.NET.TargetFrameworkInference.targets;/usr/share/dotnet/sdk/2.2.101/Sdks/Microsoft.NET.Sdk/targets/Microsoft.NET.RuntimeIdentifierInference.targets;/usr/share/dotnet/sdk/2.2.101/Sdks/Microsoft.NET.Sdk/targets/Microsoft.NET.NuGetOfflineCache.targets;/usr/share/dotnet/sdk/2.2.101/Sdks/Microsoft.NET.Sdk/targets/Microsoft.NET.Sdk.FSharpTargetsShim.targets;/usr/share/dotnet/sdk/2.2.101/FSharp/Microsoft.FSharp.NetSdk.targets;/usr/share/dotnet/sdk/2.2.101/FSharp/Microsoft.FSharp.Targets;/home/mdegallaix/Projects/yaml-parser/yaml-parser/yaml-parser.fsproj;/usr/share/dotnet/sdk/2.2.101/Microsoft.Common.CurrentVersion.targets;/usr/share/dotnet/sdk/2.2.101/NuGet.targets;/usr/share/dotnet/sdk/2.2.101/15.0/Microsoft.Common.targets/ImportAfter/Microsoft.NET.Build.Extensions.targets;/usr/share/dotnet/sdk/2.2.101/Microsoft/Microsoft.NET.Build.Extensions/Microsoft.NET.Build.Extensions.targets;/usr/share/dotnet/sdk/2.2.101/15.0/Microsoft.Common.targets/ImportAfter/Microsoft.TestPlatform.ImportAfter.targets;/usr/share/dotnet/sdk/2.2.101/Microsoft.TestPlatform.targets;/home/mdegallaix/Projects/yaml-parser/yaml-parser/obj/yaml-parser.fsproj.nuget.g.targets;/home/mdegallaix/Projects/yaml-parser/yaml-parser/obj/yaml-parser.fsproj.proj-info.targets;/usr/share/dotnet/sdk/2.2.101/Sdks/Microsoft.NET.Sdk/targets/Microsoft.NET.Sdk.targets;/usr/share/dotnet/sdk/2.2.101/Sdks/Microsoft.NET.Sdk/targets/Microsoft.NET.Sdk.Common.targets;/usr/share/dotnet/sdk/2.2.101/Sdks/Microsoft.NET.Sdk/targets/Microsoft.PackageDependencyResolution.targets;/usr/share/dotnet/sdk/2.2.101/Sdks/Microsoft.NET.Sdk/targets/Microsoft.NET.Sdk.DefaultItems.targets;/usr/share/dotnet/sdk/2.2.101/Sdks/Microsoft.NET.Sdk/targets/Microsoft.NET.DisableStandardFrameworkResolution.targets;/usr/share/dotnet/sdk/2.2.101/Sdks/Microsoft.NET.Sdk/targets/Microsoft.NET.GenerateAssemblyInfo.targets;/usr/share/dotnet/sdk/2.2.101/Sdks/Microsoft.NET.Sdk/targets/Microsoft.NET.ComposeStore.targets;/usr/share/dotnet/sdk/2.2.101/Sdks/Microsoft.NET.Sdk/targets/Microsoft.NET.CrossGen.targets;/usr/share/dotnet/sdk/2.2.101/Sdks/Microsoft.NET.Sdk/targets/Microsoft.NET.ObsoleteReferences.targets;/usr/share/dotnet/sdk/2.2.101/Sdks/Microsoft.NET.Sdk/targets/Microsoft.NET.Publish.targets;/usr/share/dotnet/sdk/2.2.101/Sdks/Microsoft.NET.Sdk/targets/Microsoft.NET.PreserveCompilationContext.targets;/usr/share/dotnet/sdk/2.2.101/Sdks/Microsoft.NET.Sdk/targets/Microsoft.NET.ConflictResolution.targets;/usr/share/dotnet/sdk/2.2.101/Sdks/Microsoft.NET.Sdk/targets/Microsoft.NET.DefaultPackageConflictOverrides.targets") at /usr/share/dotnet/sdk/2.2.101/Sdks/Microsoft.NET.Sdk/targets/Microsoft.NET.Sdk.FSharp.targets (16,6)
       Property reassignment: $(MSBuildAllProjects)=";/usr/share/dotnet/sdk/2.2.101/Sdks/Microsoft.NET.Sdk/Sdk/Sdk.props;/home/mdegallaix/Projects/yaml-parser/yaml-parser/obj/yaml-parser.fsproj.nuget.g.props;/home/mdegallaix/Projects/yaml-parser/yaml-parser/obj/yaml-parser.fsproj.paket.props;/usr/share/dotnet/sdk/2.2.101/Sdks/Microsoft.NET.Sdk/targets/Microsoft.NET.Sdk.props;/usr/share/dotnet/sdk/2.2.101/Sdks/Microsoft.NET.Sdk/targets/Microsoft.NET.Sdk.DefaultItems.props;/usr/share/dotnet/sdk/2.2.101/Sdks/Microsoft.NET.Sdk/targets/Microsoft.NET.SupportedTargetFrameworks.props;/usr/share/dotnet/sdk/2.2.101/Sdks/Microsoft.NET.Sdk/targets/Microsoft.NET.Sdk.FSharp.props;/usr/share/dotnet/sdk/2.2.101/FSharp/Microsoft.FSharp.NetSdk.props;/home/mdegallaix/Projects/yaml-parser/.paket/Paket.Restore.targets;/usr/share/dotnet/sdk/2.2.101/Sdks/Microsoft.NET.Sdk/Sdk/Sdk.targets;/usr/share/dotnet/sdk/2.2.101/Sdks/Microsoft.NET.Sdk/targets/Microsoft.NET.Sdk.BeforeCommon.targets;/usr/share/dotnet/sdk/2.2.101/Sdks/Microsoft.NET.Sdk/targets/Microsoft.NET.DefaultAssemblyInfo.targets;/usr/share/dotnet/sdk/2.2.101/Sdks/Microsoft.NET.Sdk/targets/Microsoft.NET.DefaultOutputPaths.targets;/usr/share/dotnet/sdk/2.2.101/Sdks/Microsoft.NET.Sdk/targets/Microsoft.NET.TargetFrameworkInference.targets;/usr/share/dotnet/sdk/2.2.101/Sdks/Microsoft.NET.Sdk/targets/Microsoft.NET.RuntimeIdentifierInference.targets;/usr/share/dotnet/sdk/2.2.101/Sdks/Microsoft.NET.Sdk/targets/Microsoft.NET.NuGetOfflineCache.targets;/usr/share/dotnet/sdk/2.2.101/Sdks/Microsoft.NET.Sdk/targets/Microsoft.NET.Sdk.FSharpTargetsShim.targets;/usr/share/dotnet/sdk/2.2.101/FSharp/Microsoft.FSharp.NetSdk.targets;/usr/share/dotnet/sdk/2.2.101/FSharp/Microsoft.FSharp.Targets;/home/mdegallaix/Projects/yaml-parser/yaml-parser/yaml-parser.fsproj;/usr/share/dotnet/sdk/2.2.101/Microsoft.Common.CurrentVersion.targets;/usr/share/dotnet/sdk/2.2.101/NuGet.targets;/usr/share/dotnet/sdk/2.2.101/15.0/Microsoft.Common.targets/ImportAfter/Microsoft.NET.Build.Extensions.targets;/usr/share/dotnet/sdk/2.2.101/Microsoft/Microsoft.NET.Build.Extensions/Microsoft.NET.Build.Extensions.targets;/usr/share/dotnet/sdk/2.2.101/15.0/Microsoft.Common.targets/ImportAfter/Microsoft.TestPlatform.ImportAfter.targets;/usr/share/dotnet/sdk/2.2.101/Microsoft.TestPlatform.targets;/home/mdegallaix/Projects/yaml-parser/yaml-parser/obj/yaml-parser.fsproj.nuget.g.targets;/home/mdegallaix/Projects/yaml-parser/yaml-parser/obj/yaml-parser.fsproj.proj-info.targets;/usr/share/dotnet/sdk/2.2.101/Sdks/Microsoft.NET.Sdk/targets/Microsoft.NET.Sdk.targets;/usr/share/dotnet/sdk/2.2.101/Sdks/Microsoft.NET.Sdk/targets/Microsoft.NET.Sdk.Common.targets;/usr/share/dotnet/sdk/2.2.101/Sdks/Microsoft.NET.Sdk/targets/Microsoft.PackageDependencyResolution.targets;/usr/share/dotnet/sdk/2.2.101/Sdks/Microsoft.NET.Sdk/targets/Microsoft.NET.Sdk.DefaultItems.targets;/usr/share/dotnet/sdk/2.2.101/Sdks/Microsoft.NET.Sdk/targets/Microsoft.NET.DisableStandardFrameworkResolution.targets;/usr/share/dotnet/sdk/2.2.101/Sdks/Microsoft.NET.Sdk/targets/Microsoft.NET.GenerateAssemblyInfo.targets;/usr/share/dotnet/sdk/2.2.101/Sdks/Microsoft.NET.Sdk/targets/Microsoft.NET.ComposeStore.targets;/usr/share/dotnet/sdk/2.2.101/Sdks/Microsoft.NET.Sdk/targets/Microsoft.NET.CrossGen.targets;/usr/share/dotnet/sdk/2.2.101/Sdks/Microsoft.NET.Sdk/targets/Microsoft.NET.ObsoleteReferences.targets;/usr/share/dotnet/sdk/2.2.101/Sdks/Microsoft.NET.Sdk/targets/Microsoft.NET.Publish.targets;/usr/share/dotnet/sdk/2.2.101/Sdks/Microsoft.NET.Sdk/targets/Microsoft.NET.PreserveCompilationContext.targets;/usr/share/dotnet/sdk/2.2.101/Sdks/Microsoft.NET.Sdk/targets/Microsoft.NET.ConflictResolution.targets;/usr/share/dotnet/sdk/2.2.101/Sdks/Microsoft.NET.Sdk/targets/Microsoft.NET.DefaultPackageConflictOverrides.targets;/usr/share/dotnet/sdk/2.2.101/Sdks/Microsoft.NET.Sdk/targets/Microsoft.NET.Sdk.FSharp.targets;/usr/share/dotnet/sdk/2.2.101/FSharp/Microsoft.FSharp.Overrides.NetSdk.targets" (previous value: ";/usr/share/dotnet/sdk/2.2.101/Sdks/Microsoft.NET.Sdk/Sdk/Sdk.props;/home/mdegallaix/Projects/yaml-parser/yaml-parser/obj/yaml-parser.fsproj.nuget.g.props;/home/mdegallaix/Projects/yaml-parser/yaml-parser/obj/yaml-parser.fsproj.paket.props;/usr/share/dotnet/sdk/2.2.101/Sdks/Microsoft.NET.Sdk/targets/Microsoft.NET.Sdk.props;/usr/share/dotnet/sdk/2.2.101/Sdks/Microsoft.NET.Sdk/targets/Microsoft.NET.Sdk.DefaultItems.props;/usr/share/dotnet/sdk/2.2.101/Sdks/Microsoft.NET.Sdk/targets/Microsoft.NET.SupportedTargetFrameworks.props;/usr/share/dotnet/sdk/2.2.101/Sdks/Microsoft.NET.Sdk/targets/Microsoft.NET.Sdk.FSharp.props;/usr/share/dotnet/sdk/2.2.101/FSharp/Microsoft.FSharp.NetSdk.props;/home/mdegallaix/Projects/yaml-parser/.paket/Paket.Restore.targets;/usr/share/dotnet/sdk/2.2.101/Sdks/Microsoft.NET.Sdk/Sdk/Sdk.targets;/usr/share/dotnet/sdk/2.2.101/Sdks/Microsoft.NET.Sdk/targets/Microsoft.NET.Sdk.BeforeCommon.targets;/usr/share/dotnet/sdk/2.2.101/Sdks/Microsoft.NET.Sdk/targets/Microsoft.NET.DefaultAssemblyInfo.targets;/usr/share/dotnet/sdk/2.2.101/Sdks/Microsoft.NET.Sdk/targets/Microsoft.NET.DefaultOutputPaths.targets;/usr/share/dotnet/sdk/2.2.101/Sdks/Microsoft.NET.Sdk/targets/Microsoft.NET.TargetFrameworkInference.targets;/usr/share/dotnet/sdk/2.2.101/Sdks/Microsoft.NET.Sdk/targets/Microsoft.NET.RuntimeIdentifierInference.targets;/usr/share/dotnet/sdk/2.2.101/Sdks/Microsoft.NET.Sdk/targets/Microsoft.NET.NuGetOfflineCache.targets;/usr/share/dotnet/sdk/2.2.101/Sdks/Microsoft.NET.Sdk/targets/Microsoft.NET.Sdk.FSharpTargetsShim.targets;/usr/share/dotnet/sdk/2.2.101/FSharp/Microsoft.FSharp.NetSdk.targets;/usr/share/dotnet/sdk/2.2.101/FSharp/Microsoft.FSharp.Targets;/home/mdegallaix/Projects/yaml-parser/yaml-parser/yaml-parser.fsproj;/usr/share/dotnet/sdk/2.2.101/Microsoft.Common.CurrentVersion.targets;/usr/share/dotnet/sdk/2.2.101/NuGet.targets;/usr/share/dotnet/sdk/2.2.101/15.0/Microsoft.Common.targets/ImportAfter/Microsoft.NET.Build.Extensions.targets;/usr/share/dotnet/sdk/2.2.101/Microsoft/Microsoft.NET.Build.Extensions/Microsoft.NET.Build.Extensions.targets;/usr/share/dotnet/sdk/2.2.101/15.0/Microsoft.Common.targets/ImportAfter/Microsoft.TestPlatform.ImportAfter.targets;/usr/share/dotnet/sdk/2.2.101/Microsoft.TestPlatform.targets;/home/mdegallaix/Projects/yaml-parser/yaml-parser/obj/yaml-parser.fsproj.nuget.g.targets;/home/mdegallaix/Projects/yaml-parser/yaml-parser/obj/yaml-parser.fsproj.proj-info.targets;/usr/share/dotnet/sdk/2.2.101/Sdks/Microsoft.NET.Sdk/targets/Microsoft.NET.Sdk.targets;/usr/share/dotnet/sdk/2.2.101/Sdks/Microsoft.NET.Sdk/targets/Microsoft.NET.Sdk.Common.targets;/usr/share/dotnet/sdk/2.2.101/Sdks/Microsoft.NET.Sdk/targets/Microsoft.PackageDependencyResolution.targets;/usr/share/dotnet/sdk/2.2.101/Sdks/Microsoft.NET.Sdk/targets/Microsoft.NET.Sdk.DefaultItems.targets;/usr/share/dotnet/sdk/2.2.101/Sdks/Microsoft.NET.Sdk/targets/Microsoft.NET.DisableStandardFrameworkResolution.targets;/usr/share/dotnet/sdk/2.2.101/Sdks/Microsoft.NET.Sdk/targets/Microsoft.NET.GenerateAssemblyInfo.targets;/usr/share/dotnet/sdk/2.2.101/Sdks/Microsoft.NET.Sdk/targets/Microsoft.NET.ComposeStore.targets;/usr/share/dotnet/sdk/2.2.101/Sdks/Microsoft.NET.Sdk/targets/Microsoft.NET.CrossGen.targets;/usr/share/dotnet/sdk/2.2.101/Sdks/Microsoft.NET.Sdk/targets/Microsoft.NET.ObsoleteReferences.targets;/usr/share/dotnet/sdk/2.2.101/Sdks/Microsoft.NET.Sdk/targets/Microsoft.NET.Publish.targets;/usr/share/dotnet/sdk/2.2.101/Sdks/Microsoft.NET.Sdk/targets/Microsoft.NET.PreserveCompilationContext.targets;/usr/share/dotnet/sdk/2.2.101/Sdks/Microsoft.NET.Sdk/targets/Microsoft.NET.ConflictResolution.targets;/usr/share/dotnet/sdk/2.2.101/Sdks/Microsoft.NET.Sdk/targets/Microsoft.NET.DefaultPackageConflictOverrides.targets;/usr/share/dotnet/sdk/2.2.101/Sdks/Microsoft.NET.Sdk/targets/Microsoft.NET.Sdk.FSharp.targets") at /usr/share/dotnet/sdk/2.2.101/FSharp/Microsoft.FSharp.Overrides.NetSdk.targets (17,5)
       Property reassignment: $(DefineConstants)="TRACE;DEBUG;NETSTANDARD;NETSTANDARD1_6" (previous value: "TRACE;DEBUG") at /usr/share/dotnet/sdk/2.2.101/Sdks/Microsoft.NET.Sdk/targets/Microsoft.NET.Sdk.FSharp.targets (32,5)
       Property reassignment: $(MSBuildAllProjects)=";/usr/share/dotnet/sdk/2.2.101/Sdks/Microsoft.NET.Sdk/Sdk/Sdk.props;/home/mdegallaix/Projects/yaml-parser/yaml-parser/obj/yaml-parser.fsproj.nuget.g.props;/home/mdegallaix/Projects/yaml-parser/yaml-parser/obj/yaml-parser.fsproj.paket.props;/usr/share/dotnet/sdk/2.2.101/Sdks/Microsoft.NET.Sdk/targets/Microsoft.NET.Sdk.props;/usr/share/dotnet/sdk/2.2.101/Sdks/Microsoft.NET.Sdk/targets/Microsoft.NET.Sdk.DefaultItems.props;/usr/share/dotnet/sdk/2.2.101/Sdks/Microsoft.NET.Sdk/targets/Microsoft.NET.SupportedTargetFrameworks.props;/usr/share/dotnet/sdk/2.2.101/Sdks/Microsoft.NET.Sdk/targets/Microsoft.NET.Sdk.FSharp.props;/usr/share/dotnet/sdk/2.2.101/FSharp/Microsoft.FSharp.NetSdk.props;/home/mdegallaix/Projects/yaml-parser/.paket/Paket.Restore.targets;/usr/share/dotnet/sdk/2.2.101/Sdks/Microsoft.NET.Sdk/Sdk/Sdk.targets;/usr/share/dotnet/sdk/2.2.101/Sdks/Microsoft.NET.Sdk/targets/Microsoft.NET.Sdk.BeforeCommon.targets;/usr/share/dotnet/sdk/2.2.101/Sdks/Microsoft.NET.Sdk/targets/Microsoft.NET.DefaultAssemblyInfo.targets;/usr/share/dotnet/sdk/2.2.101/Sdks/Microsoft.NET.Sdk/targets/Microsoft.NET.DefaultOutputPaths.targets;/usr/share/dotnet/sdk/2.2.101/Sdks/Microsoft.NET.Sdk/targets/Microsoft.NET.TargetFrameworkInference.targets;/usr/share/dotnet/sdk/2.2.101/Sdks/Microsoft.NET.Sdk/targets/Microsoft.NET.RuntimeIdentifierInference.targets;/usr/share/dotnet/sdk/2.2.101/Sdks/Microsoft.NET.Sdk/targets/Microsoft.NET.NuGetOfflineCache.targets;/usr/share/dotnet/sdk/2.2.101/Sdks/Microsoft.NET.Sdk/targets/Microsoft.NET.Sdk.FSharpTargetsShim.targets;/usr/share/dotnet/sdk/2.2.101/FSharp/Microsoft.FSharp.NetSdk.targets;/usr/share/dotnet/sdk/2.2.101/FSharp/Microsoft.FSharp.Targets;/home/mdegallaix/Projects/yaml-parser/yaml-parser/yaml-parser.fsproj;/usr/share/dotnet/sdk/2.2.101/Microsoft.Common.CurrentVersion.targets;/usr/share/dotnet/sdk/2.2.101/NuGet.targets;/usr/share/dotnet/sdk/2.2.101/15.0/Microsoft.Common.targets/ImportAfter/Microsoft.NET.Build.Extensions.targets;/usr/share/dotnet/sdk/2.2.101/Microsoft/Microsoft.NET.Build.Extensions/Microsoft.NET.Build.Extensions.targets;/usr/share/dotnet/sdk/2.2.101/15.0/Microsoft.Common.targets/ImportAfter/Microsoft.TestPlatform.ImportAfter.targets;/usr/share/dotnet/sdk/2.2.101/Microsoft.TestPlatform.targets;/home/mdegallaix/Projects/yaml-parser/yaml-parser/obj/yaml-parser.fsproj.nuget.g.targets;/home/mdegallaix/Projects/yaml-parser/yaml-parser/obj/yaml-parser.fsproj.proj-info.targets;/usr/share/dotnet/sdk/2.2.101/Sdks/Microsoft.NET.Sdk/targets/Microsoft.NET.Sdk.targets;/usr/share/dotnet/sdk/2.2.101/Sdks/Microsoft.NET.Sdk/targets/Microsoft.NET.Sdk.Common.targets;/usr/share/dotnet/sdk/2.2.101/Sdks/Microsoft.NET.Sdk/targets/Microsoft.PackageDependencyResolution.targets;/usr/share/dotnet/sdk/2.2.101/Sdks/Microsoft.NET.Sdk/targets/Microsoft.NET.Sdk.DefaultItems.targets;/usr/share/dotnet/sdk/2.2.101/Sdks/Microsoft.NET.Sdk/targets/Microsoft.NET.DisableStandardFrameworkResolution.targets;/usr/share/dotnet/sdk/2.2.101/Sdks/Microsoft.NET.Sdk/targets/Microsoft.NET.GenerateAssemblyInfo.targets;/usr/share/dotnet/sdk/2.2.101/Sdks/Microsoft.NET.Sdk/targets/Microsoft.NET.ComposeStore.targets;/usr/share/dotnet/sdk/2.2.101/Sdks/Microsoft.NET.Sdk/targets/Microsoft.NET.CrossGen.targets;/usr/share/dotnet/sdk/2.2.101/Sdks/Microsoft.NET.Sdk/targets/Microsoft.NET.ObsoleteReferences.targets;/usr/share/dotnet/sdk/2.2.101/Sdks/Microsoft.NET.Sdk/targets/Microsoft.NET.Publish.targets;/usr/share/dotnet/sdk/2.2.101/Sdks/Microsoft.NET.Sdk/targets/Microsoft.NET.PreserveCompilationContext.targets;/usr/share/dotnet/sdk/2.2.101/Sdks/Microsoft.NET.Sdk/targets/Microsoft.NET.ConflictResolution.targets;/usr/share/dotnet/sdk/2.2.101/Sdks/Microsoft.NET.Sdk/targets/Microsoft.NET.DefaultPackageConflictOverrides.targets;/usr/share/dotnet/sdk/2.2.101/Sdks/Microsoft.NET.Sdk/targets/Microsoft.NET.Sdk.FSharp.targets;/usr/share/dotnet/sdk/2.2.101/FSharp/Microsoft.FSharp.Overrides.NetSdk.targets;/usr/share/dotnet/sdk/2.2.101/Sdks/NuGet.Build.Tasks.Pack/build/NuGet.Build.Tasks.Pack.targets" (previous value: ";/usr/share/dotnet/sdk/2.2.101/Sdks/Microsoft.NET.Sdk/Sdk/Sdk.props;/home/mdegallaix/Projects/yaml-parser/yaml-parser/obj/yaml-parser.fsproj.nuget.g.props;/home/mdegallaix/Projects/yaml-parser/yaml-parser/obj/yaml-parser.fsproj.paket.props;/usr/share/dotnet/sdk/2.2.101/Sdks/Microsoft.NET.Sdk/targets/Microsoft.NET.Sdk.props;/usr/share/dotnet/sdk/2.2.101/Sdks/Microsoft.NET.Sdk/targets/Microsoft.NET.Sdk.DefaultItems.props;/usr/share/dotnet/sdk/2.2.101/Sdks/Microsoft.NET.Sdk/targets/Microsoft.NET.SupportedTargetFrameworks.props;/usr/share/dotnet/sdk/2.2.101/Sdks/Microsoft.NET.Sdk/targets/Microsoft.NET.Sdk.FSharp.props;/usr/share/dotnet/sdk/2.2.101/FSharp/Microsoft.FSharp.NetSdk.props;/home/mdegallaix/Projects/yaml-parser/.paket/Paket.Restore.targets;/usr/share/dotnet/sdk/2.2.101/Sdks/Microsoft.NET.Sdk/Sdk/Sdk.targets;/usr/share/dotnet/sdk/2.2.101/Sdks/Microsoft.NET.Sdk/targets/Microsoft.NET.Sdk.BeforeCommon.targets;/usr/share/dotnet/sdk/2.2.101/Sdks/Microsoft.NET.Sdk/targets/Microsoft.NET.DefaultAssemblyInfo.targets;/usr/share/dotnet/sdk/2.2.101/Sdks/Microsoft.NET.Sdk/targets/Microsoft.NET.DefaultOutputPaths.targets;/usr/share/dotnet/sdk/2.2.101/Sdks/Microsoft.NET.Sdk/targets/Microsoft.NET.TargetFrameworkInference.targets;/usr/share/dotnet/sdk/2.2.101/Sdks/Microsoft.NET.Sdk/targets/Microsoft.NET.RuntimeIdentifierInference.targets;/usr/share/dotnet/sdk/2.2.101/Sdks/Microsoft.NET.Sdk/targets/Microsoft.NET.NuGetOfflineCache.targets;/usr/share/dotnet/sdk/2.2.101/Sdks/Microsoft.NET.Sdk/targets/Microsoft.NET.Sdk.FSharpTargetsShim.targets;/usr/share/dotnet/sdk/2.2.101/FSharp/Microsoft.FSharp.NetSdk.targets;/usr/share/dotnet/sdk/2.2.101/FSharp/Microsoft.FSharp.Targets;/home/mdegallaix/Projects/yaml-parser/yaml-parser/yaml-parser.fsproj;/usr/share/dotnet/sdk/2.2.101/Microsoft.Common.CurrentVersion.targets;/usr/share/dotnet/sdk/2.2.101/NuGet.targets;/usr/share/dotnet/sdk/2.2.101/15.0/Microsoft.Common.targets/ImportAfter/Microsoft.NET.Build.Extensions.targets;/usr/share/dotnet/sdk/2.2.101/Microsoft/Microsoft.NET.Build.Extensions/Microsoft.NET.Build.Extensions.targets;/usr/share/dotnet/sdk/2.2.101/15.0/Microsoft.Common.targets/ImportAfter/Microsoft.TestPlatform.ImportAfter.targets;/usr/share/dotnet/sdk/2.2.101/Microsoft.TestPlatform.targets;/home/mdegallaix/Projects/yaml-parser/yaml-parser/obj/yaml-parser.fsproj.nuget.g.targets;/home/mdegallaix/Projects/yaml-parser/yaml-parser/obj/yaml-parser.fsproj.proj-info.targets;/usr/share/dotnet/sdk/2.2.101/Sdks/Microsoft.NET.Sdk/targets/Microsoft.NET.Sdk.targets;/usr/share/dotnet/sdk/2.2.101/Sdks/Microsoft.NET.Sdk/targets/Microsoft.NET.Sdk.Common.targets;/usr/share/dotnet/sdk/2.2.101/Sdks/Microsoft.NET.Sdk/targets/Microsoft.PackageDependencyResolution.targets;/usr/share/dotnet/sdk/2.2.101/Sdks/Microsoft.NET.Sdk/targets/Microsoft.NET.Sdk.DefaultItems.targets;/usr/share/dotnet/sdk/2.2.101/Sdks/Microsoft.NET.Sdk/targets/Microsoft.NET.DisableStandardFrameworkResolution.targets;/usr/share/dotnet/sdk/2.2.101/Sdks/Microsoft.NET.Sdk/targets/Microsoft.NET.GenerateAssemblyInfo.targets;/usr/share/dotnet/sdk/2.2.101/Sdks/Microsoft.NET.Sdk/targets/Microsoft.NET.ComposeStore.targets;/usr/share/dotnet/sdk/2.2.101/Sdks/Microsoft.NET.Sdk/targets/Microsoft.NET.CrossGen.targets;/usr/share/dotnet/sdk/2.2.101/Sdks/Microsoft.NET.Sdk/targets/Microsoft.NET.ObsoleteReferences.targets;/usr/share/dotnet/sdk/2.2.101/Sdks/Microsoft.NET.Sdk/targets/Microsoft.NET.Publish.targets;/usr/share/dotnet/sdk/2.2.101/Sdks/Microsoft.NET.Sdk/targets/Microsoft.NET.PreserveCompilationContext.targets;/usr/share/dotnet/sdk/2.2.101/Sdks/Microsoft.NET.Sdk/targets/Microsoft.NET.ConflictResolution.targets;/usr/share/dotnet/sdk/2.2.101/Sdks/Microsoft.NET.Sdk/targets/Microsoft.NET.DefaultPackageConflictOverrides.targets;/usr/share/dotnet/sdk/2.2.101/Sdks/Microsoft.NET.Sdk/targets/Microsoft.NET.Sdk.FSharp.targets;/usr/share/dotnet/sdk/2.2.101/FSharp/Microsoft.FSharp.Overrides.NetSdk.targets") at /usr/share/dotnet/sdk/2.2.101/Sdks/NuGet.Build.Tasks.Pack/build/NuGet.Build.Tasks.Pack.targets (18,5)
       Property reassignment: $(PackageDescription)="Package Description" (previous value: "") at /usr/share/dotnet/sdk/2.2.101/Sdks/NuGet.Build.Tasks.Pack/build/NuGet.Build.Tasks.Pack.targets (32,5)
       Property reassignment: $(GenerateNuspecDependsOn)="Build;_LoadPackInputItems; _GetTargetFrameworksOutput; _WalkEachTargetPerFramework; _GetPackageFiles; " (previous value: "_LoadPackInputItems; _GetTargetFrameworksOutput; _WalkEachTargetPerFramework; _GetPackageFiles; ") at /usr/share/dotnet/sdk/2.2.101/Sdks/NuGet.Build.Tasks.Pack/build/NuGet.Build.Tasks.Pack.targets (56,5)
       Overriding target "_GenerateCompileDependencyCache" in project "/usr/share/dotnet/sdk/2.2.101/Microsoft.Common.CurrentVersion.targets" with target "_GenerateCompileDependencyCache" from project "/usr/share/dotnet/sdk/2.2.101/FSharp/Microsoft.FSharp.Targets".
       Overriding target "GenerateTargetFrameworkMonikerAttribute" in project "/usr/share/dotnet/sdk/2.2.101/Microsoft.Common.CurrentVersion.targets" with target "GenerateTargetFrameworkMonikerAttribute" from project "/usr/share/dotnet/sdk/2.2.101/FSharp/Microsoft.FSharp.Targets".
       Overriding target "GetTargetFrameworkProperties" in project "/usr/share/dotnet/sdk/2.2.101/Microsoft.Common.CurrentVersion.targets" with target "GetTargetFrameworkProperties" from project "/usr/share/dotnet/sdk/2.2.101/Sdks/Microsoft.NET.Sdk/targets/Microsoft.NET.Sdk.Common.targets".
       Overriding target "GetReferenceAssemblyPaths" in project "/usr/share/dotnet/sdk/2.2.101/Microsoft.Common.CurrentVersion.targets" with target "GetReferenceAssemblyPaths" from project "/usr/share/dotnet/sdk/2.2.101/Sdks/Microsoft.NET.Sdk/targets/Microsoft.NET.DisableStandardFrameworkResolution.targets".
       Overriding target "GetFrameworkPaths" in project "/usr/share/dotnet/sdk/2.2.101/Microsoft.Common.CurrentVersion.targets" with target "GetFrameworkPaths" from project "/usr/share/dotnet/sdk/2.2.101/Sdks/Microsoft.NET.Sdk/targets/Microsoft.NET.DisableStandardFrameworkResolution.targets".
       Overriding target "Publish" in project "/usr/share/dotnet/sdk/2.2.101/Microsoft.Common.CurrentVersion.targets" with target "Publish" from project "/usr/share/dotnet/sdk/2.2.101/Sdks/Microsoft.NET.Sdk/targets/Microsoft.NET.Publish.targets".
       Overriding target "GetCopyToPublishDirectoryItems" in project "/usr/share/dotnet/sdk/2.2.101/Microsoft.Common.CurrentVersion.targets" with target "GetCopyToPublishDirectoryItems" from project "/usr/share/dotnet/sdk/2.2.101/Sdks/Microsoft.NET.Sdk/targets/Microsoft.NET.Publish.targets".
       Overriding target "CoreGenerateAssemblyInfo" in project "/usr/share/dotnet/sdk/2.2.101/Sdks/Microsoft.NET.Sdk/targets/Microsoft.NET.GenerateAssemblyInfo.targets" with target "CoreGenerateAssemblyInfo" from project "/usr/share/dotnet/sdk/2.2.101/FSharp/Microsoft.FSharp.Overrides.NetSdk.targets".
       The target "_GenerateRestoreGraphWalkPerFramework" listed in a BeforeTargets attribute at "/home/mdegallaix/Projects/yaml-parser/.paket/Paket.Restore.targets (71,79)" does not exist in the project, and will be ignored.
   1:2>Project "/home/mdegallaix/Projects/yaml-parser/yaml-parser.sln" (1:2) is building "/home/mdegallaix/Projects/yaml-parser/yaml-parser/yaml-parser.fsproj" (3:7) on node 1 (default targets).
   3:7>Building with tools version "15.0".
       Target "_CheckForUnsupportedTargetFramework" skipped, due to false condition; ('$(_UnsupportedTargetFrameworkError)' == 'true') was evaluated as ('' == 'true').
   3:7>Target "_CollectTargetFrameworkForTelemetry" in file "/usr/share/dotnet/sdk/2.2.101/Sdks/Microsoft.NET.Sdk/targets/Microsoft.NET.TargetFrameworkInference.targets" from project "/home/mdegallaix/Projects/yaml-parser/yaml-parser/yaml-parser.fsproj" (target "_CheckForInvalidConfigurationAndPlatform" depends on it):
       Using "Telemetry" task from assembly "Microsoft.Build.Tasks.Core, Version=15.1.0.0, Culture=neutral, PublicKeyToken=b03f5f7f11d50a3a".
       Task "Telemetry"
   2:6>PaketRestore:
         5ea1e9f9ebd90a3771cb51fce3c81c0ecf49d0fb
       Done executing task "Exec".
       Task "Message"
   3:7>Done executing task "Telemetry".
   3:7>Done building target "_CollectTargetFrameworkForTelemetry" in project "yaml-parser.fsproj".
   2:6>PaketRestore:
         calling paket restore with targetframework=netcoreapp2.1 targetframeworks=
       Done executing task "Message".
   3:7>Target "_CheckForUnsupportedNETCoreVersion" skipped, due to false condition; ('$(TargetFrameworkIdentifier)' == '.NETCoreApp' And '$(NETCoreAppMaximumVersion)' != '') was evaluated as ('.NETStandard' == '.NETCoreApp' And '' != '').
   2:6>PaketRestore:
       Task "Exec" skipped, due to false condition; ( '$(PaketBootstrapperStyle)' == 'classic' AND Exists('$(PaketBootStrapperExePath)') AND !(Exists('$(PaketExePath)'))) was evaluated as ( 'classic' == 'classic' AND Exists('/home/mdegallaix/Projects/yaml-parser/.paket/paket.bootstrapper.exe') AND !(Exists('paket'))).
       Task "Exec"
         "paket" restore
   3:7>Target "_CheckForUnsupportedNETStandardVersion" in file "/usr/share/dotnet/sdk/2.2.101/Sdks/Microsoft.NET.Sdk/targets/Microsoft.NET.TargetFrameworkInference.targets" from project "/home/mdegallaix/Projects/yaml-parser/yaml-parser/yaml-parser.fsproj" (target "_CheckForInvalidConfigurationAndPlatform" depends on it):
   3:7>Task "NETSdkError" skipped, due to false condition; ('$(_TargetFrameworkVersionWithoutV)' > '$(NETStandardMaximumVersion)') was evaluated as ('1.6' > '2.0').
   3:7>Done building target "_CheckForUnsupportedNETStandardVersion" in project "yaml-parser.fsproj".
       Target "_CheckForUnsupportedAppHostUsage" skipped, due to false condition; ('$(TargetFrameworkIdentifier)' == '.NETCoreApp' and '$(HasRuntimeOutput)' == 'true') was evaluated as ('.NETStandard' == '.NETCoreApp' and '' == 'true').
       Target "_CheckForMismatchingPlatform" skipped, due to false condition; ('$(RuntimeIdentifier)' != '' and '$(PlatformTarget)' != '') was evaluated as ('' != '' and '' != '').
       Target "_CheckForNETCoreSdkIsPreview" skipped, due to false condition; ( '$(_NETCoreSdkIsPreview)' == 'true' AND '$(SuppressNETCoreSdkPreviewMessage)' != 'true' ) was evaluated as ( '' == 'true' AND '' != 'true' ).
   3:7>Target "_GetProjectJsonPath" in file "/usr/share/dotnet/sdk/2.2.101/NuGet.targets" from project "/home/mdegallaix/Projects/yaml-parser/yaml-parser/yaml-parser.fsproj" (target "_GetRestoreProjectStyle" depends on it):
       Task "GetRestoreProjectJsonPathTask" skipped, due to false condition; ( '$(RestoreProjectStyle)' == 'ProjectJson' OR '$(RestoreProjectStyle)' == '' ) was evaluated as ( 'PackageReference' == 'ProjectJson' OR 'PackageReference' == '' ).
   3:7>Done building target "_GetProjectJsonPath" in project "yaml-parser.fsproj".
       Target "PaketBootstrapping" skipped, due to false condition; (Exists('$(PaketToolsPath)paket.bootstrapper.proj')) was evaluated as (Exists('/home/mdegallaix/Projects/yaml-parser/.paket/paket.bootstrapper.proj')).
   3:7>Target "PaketRestore" in file "/home/mdegallaix/Projects/yaml-parser/.paket/Paket.Restore.targets" from project "/home/mdegallaix/Projects/yaml-parser/yaml-parser/yaml-parser.fsproj" (target "CollectPackageReferences" depends on it):
       Task "Exec"
         /usr/bin/shasum "/home/mdegallaix/Projects/yaml-parser/.paket/../paket-files/paket.restore.cached" | /usr/bin/awk '{ print $1 }'
         5ea1e9f9ebd90a3771cb51fce3c81c0ecf49d0fb
       Done executing task "Exec".
       Task "Exec"
         /usr/bin/shasum "/home/mdegallaix/Projects/yaml-parser/.paket/../paket.lock" | /usr/bin/awk '{ print $1 }'
         5ea1e9f9ebd90a3771cb51fce3c81c0ecf49d0fb
       Done executing task "Exec".
       Task "Message"
         calling paket restore with targetframework=netstandard1.6 targetframeworks=
       Done executing task "Message".
       Task "Exec" skipped, due to false condition; ( '$(PaketBootstrapperStyle)' == 'classic' AND Exists('$(PaketBootStrapperExePath)') AND !(Exists('$(PaketExePath)'))) was evaluated as ( 'classic' == 'classic' AND Exists('/home/mdegallaix/Projects/yaml-parser/.paket/paket.bootstrapper.exe') AND !(Exists('paket'))).
       Task "Exec"
         "paket" restore
   2:6>PaketRestore:
         Paket version 5.194.3
         The last restore is still up to date. Nothing left to do.
         Performance:
          - Runtime: 64 milliseconds
       Done executing task "Exec".
       Task "Message"
         MyTargetFrameworks=netcoreapp2.1 PaketResolvedFilePaths=/home/mdegallaix/Projects/yaml-parser/yaml-parser-tests/obj/yaml-parser-tests.fsproj.netcoreapp2.1.paket.resolved
       Done executing task "Message".
       Task "Message" skipped, due to false condition; ( '$(PaketRestoreRequired)' == 'true' ) was evaluated as ( 'false' == 'true' ).
       Task "Exec" skipped, due to false condition; ( '$(PaketRestoreRequired)' == 'true' AND '$(TargetFramework)' == '' ) was evaluated as ( 'false' == 'true' AND 'netcoreapp2.1' == '' ).
       Task "Exec" skipped, due to false condition; ( '$(PaketRestoreRequired)' == 'true' AND '$(TargetFramework)' != '' ) was evaluated as ( 'false' == 'true' AND 'netcoreapp2.1' != '' ).
       Task "Error" skipped, due to false condition; ( '$(DoAllResolvedFilesExist)' != 'true' AND '$(ResolveNuGetPackages)' != 'False' ) was evaluated as ( 'true' != 'true' AND 'false' != 'False' ).
       Task "ReadLinesFromFile"
       Done executing task "ReadLinesFromFile".
       Task "ReadLinesFromFile"
       Done executing task "ReadLinesFromFile".
   2:6>Done building target "PaketRestore" in project "yaml-parser-tests.fsproj".
       Target "_CheckForUnsupportedNETStandardVersion" skipped, due to false condition; ('$(TargetFrameworkIdentifier)' == '.NETStandard' And '$(NETStandardMaximumVersion)' != '') was evaluated as ('.NETCoreApp' == '.NETStandard' And '' != '').
   2:6>Target "CheckForImplicitPackageReferenceOverrides" in file "/usr/share/dotnet/sdk/2.2.101/Sdks/Microsoft.NET.Sdk/targets/Microsoft.NET.Sdk.DefaultItems.targets" from project "/home/mdegallaix/Projects/yaml-parser/yaml-parser-tests/yaml-parser-tests.fsproj" (target "ApplyImplicitVersions" depends on it):
       Using "CheckForImplicitPackageReferenceOverrides" task from assembly "/usr/share/dotnet/sdk/2.2.101/Sdks/Microsoft.NET.Sdk/targets/../tools/netcoreapp2.0/Microsoft.NET.Build.Tasks.dll".
       Task "CheckForImplicitPackageReferenceOverrides"
       Done executing task "CheckForImplicitPackageReferenceOverrides".
   2:6>Done building target "CheckForImplicitPackageReferenceOverrides" in project "yaml-parser-tests.fsproj".
   2:6>Target "ApplyImplicitVersions" in file "/usr/share/dotnet/sdk/2.2.101/Sdks/Microsoft.NET.Sdk/targets/Microsoft.NET.Sdk.DefaultItems.targets" from project "/home/mdegallaix/Projects/yaml-parser/yaml-parser-tests/yaml-parser-tests.fsproj" (target "CollectPackageReferences" depends on it):
       Using "ApplyImplicitVersions" task from assembly "/usr/share/dotnet/sdk/2.2.101/Sdks/Microsoft.NET.Sdk/targets/../tools/netcoreapp2.0/Microsoft.NET.Build.Tasks.dll".
       Task "ApplyImplicitVersions"
       Done executing task "ApplyImplicitVersions".
   2:6>Done building target "ApplyImplicitVersions" in project "yaml-parser-tests.fsproj".
       Target "CheckForImplicitPackageReferenceOverrides" skipped. Previously built successfully.
   2:6>Target "_CheckForObsoleteDotNetCliToolReferences" in file "/usr/share/dotnet/sdk/2.2.101/Sdks/Microsoft.NET.Sdk/targets/Microsoft.NET.ObsoleteReferences.targets" from project "/home/mdegallaix/Projects/yaml-parser/yaml-parser-tests/yaml-parser-tests.fsproj" (target "CollectPackageReferences" depends on it):
       Task "NETSdkWarning" skipped, due to false condition; ( '%(_ReferenceToObsoleteDotNetCliTool.Identity)' != '' ) was evaluated as ( '' != '' ).
   2:6>Done building target "_CheckForObsoleteDotNetCliToolReferences" in project "yaml-parser-tests.fsproj".
   2:6>Target "CollectPackageReferences" in file "/usr/share/dotnet/sdk/2.2.101/NuGet.targets" from project "/home/mdegallaix/Projects/yaml-parser/yaml-parser-tests/yaml-parser-tests.fsproj" (target "_GetRestoreProjectStyle" depends on it):
   2:6>Done building target "CollectPackageReferences" in project "yaml-parser-tests.fsproj".
   2:6>Target "_GetRestoreProjectStyle" in file "/usr/share/dotnet/sdk/2.2.101/NuGet.targets" from project "/home/mdegallaix/Projects/yaml-parser/yaml-parser-tests/yaml-parser-tests.fsproj" (target "EnableIntermediateOutputPathMismatchWarning" depends on it):
   2:6>Done building target "_GetRestoreProjectStyle" in project "yaml-parser-tests.fsproj".
   2:6>Target "EnableIntermediateOutputPathMismatchWarning" in file "/usr/share/dotnet/sdk/2.2.101/NuGet.targets" from project "/home/mdegallaix/Projects/yaml-parser/yaml-parser-tests/yaml-parser-tests.fsproj" (target "_CheckForInvalidConfigurationAndPlatform" depends on it):
   2:6>Done building target "EnableIntermediateOutputPathMismatchWarning" in project "yaml-parser-tests.fsproj".
       Target "ApplyImplicitVersions" skipped. Previously built successfully.
       Target "WarnForExplicitVersions" skipped, due to false condition; ('@(SdkBuildWarning)' != '') was evaluated as ('' != '').
       Target "CheckForImplicitPackageReferenceOverrides" skipped. Previously built successfully.
   2:6>Target "CheckForDuplicateItems" in file "/usr/share/dotnet/sdk/2.2.101/Sdks/Microsoft.NET.Sdk/targets/Microsoft.NET.Sdk.DefaultItems.targets" from project "/home/mdegallaix/Projects/yaml-parser/yaml-parser-tests/yaml-parser-tests.fsproj" (target "_CheckForInvalidConfigurationAndPlatform" depends on it):
       Using "CheckForDuplicateItems" task from assembly "/usr/share/dotnet/sdk/2.2.101/Sdks/Microsoft.NET.Sdk/targets/../tools/netcoreapp2.0/Microsoft.NET.Build.Tasks.dll".
       Task "CheckForDuplicateItems"
       Done executing task "CheckForDuplicateItems".
       Task "CheckForDuplicateItems"
       Done executing task "CheckForDuplicateItems".
       Task "CheckForDuplicateItems"
       Done executing task "CheckForDuplicateItems".
   2:6>Done building target "CheckForDuplicateItems" in project "yaml-parser-tests.fsproj".
   2:6>Target "_CheckForInvalidConfigurationAndPlatform" in file "/usr/share/dotnet/sdk/2.2.101/Microsoft.Common.CurrentVersion.targets" from project "/home/mdegallaix/Projects/yaml-parser/yaml-parser-tests/yaml-parser-tests.fsproj" (target "BeforeBuild" depends on it):
       Task "Error" skipped, due to false condition; ( '$(_InvalidConfigurationError)' == 'true' ) was evaluated as ( '' == 'true' ).
       Task "Warning" skipped, due to false condition; ( '$(_InvalidConfigurationWarning)' == 'true' ) was evaluated as ( '' == 'true' ).
       Task "Message"
         Configuration=Debug
       Done executing task "Message".
       Task "Message"
         Platform=AnyCPU
       Done executing task "Message".
       Task "Error" skipped, due to false condition; ('$(OutDir)' != '' and !HasTrailingSlash('$(OutDir)')) was evaluated as ('bin/Debug/netcoreapp2.1/' != '' and !HasTrailingSlash('bin/Debug/netcoreapp2.1/')).
       Task "Error" skipped, due to false condition; ('$(BaseIntermediateOutputPath)' != '' and !HasTrailingSlash('$(BaseIntermediateOutputPath)')) was evaluated as ('obj/' != '' and !HasTrailingSlash('obj/')).
   3:7>PaketRestore:
         Paket version 5.194.3
   2:6>_CheckForInvalidConfigurationAndPlatform:
       Task "Error" skipped, due to false condition; ('$(IntermediateOutputPath)' != '' and !HasTrailingSlash('$(IntermediateOutputPath)')) was evaluated as ('obj/Debug/netcoreapp2.1/' != '' and !HasTrailingSlash('obj/Debug/netcoreapp2.1/')).
       Task "Error" skipped, due to false condition; ( '$(_InitialMSBuildProjectExtensionsPath)' != '' And '$(MSBuildProjectExtensionsPath)' != '$(_InitialMSBuildProjectExtensionsPath)' ) was evaluated as ( '/home/mdegallaix/Projects/yaml-parser/yaml-parser-tests/obj/' != '' And '/home/mdegallaix/Projects/yaml-parser/yaml-parser-tests/obj/' != '/home/mdegallaix/Projects/yaml-parser/yaml-parser-tests/obj/' ).
       Task "Warning" skipped, due to false condition; ( '$(EnableBaseIntermediateOutputPathMismatchWarning)' == 'true' And '$(_InitialBaseIntermediateOutputPath)' != '$(BaseIntermediateOutputPath)' And '$(BaseIntermediateOutputPath)' != '$(MSBuildProjectExtensionsPath)' ) was evaluated as ( 'true' == 'true' And 'obj/' != 'obj/' And 'obj/' != '/home/mdegallaix/Projects/yaml-parser/yaml-parser-tests/obj/' ).
   2:6>Done building target "_CheckForInvalidConfigurationAndPlatform" in project "yaml-parser-tests.fsproj".
   2:6>Target "BeforeBuild" in file "/usr/share/dotnet/sdk/2.2.101/Microsoft.Common.CurrentVersion.targets" from project "/home/mdegallaix/Projects/yaml-parser/yaml-parser-tests/yaml-parser-tests.fsproj" (target "Build" depends on it):
   2:6>Done building target "BeforeBuild" in project "yaml-parser-tests.fsproj".
   2:6>Target "BuildOnlySettings" in file "/usr/share/dotnet/sdk/2.2.101/Microsoft.Common.CurrentVersion.targets" from project "/home/mdegallaix/Projects/yaml-parser/yaml-parser-tests/yaml-parser-tests.fsproj" (target "CoreBuild" depends on it):
   2:6>Done building target "BuildOnlySettings" in project "yaml-parser-tests.fsproj".
   2:6>Target "GetFrameworkPaths" in file "/usr/share/dotnet/sdk/2.2.101/Sdks/Microsoft.NET.Sdk/targets/Microsoft.NET.DisableStandardFrameworkResolution.targets" from project "/home/mdegallaix/Projects/yaml-parser/yaml-parser-tests/yaml-parser-tests.fsproj" (target "PrepareForBuild" depends on it):
   2:6>Done building target "GetFrameworkPaths" in project "yaml-parser-tests.fsproj".
       Target "_CheckForUnsupportedTargetFramework" skipped, due to false condition; ('$(_UnsupportedTargetFrameworkError)' == 'true') was evaluated as ('' == 'true').
   2:6>Target "GetReferenceAssemblyPaths" in file "/usr/share/dotnet/sdk/2.2.101/Sdks/Microsoft.NET.Sdk/targets/Microsoft.NET.DisableStandardFrameworkResolution.targets" from project "/home/mdegallaix/Projects/yaml-parser/yaml-parser-tests/yaml-parser-tests.fsproj" (target "PrepareForBuild" depends on it):
   2:6>Done building target "GetReferenceAssemblyPaths" in project "yaml-parser-tests.fsproj".
       Target "AssignLinkMetadata" skipped, due to false condition; ( '$(SynthesizeLinkMetadata)' == 'true' ) was evaluated as ( '' == 'true' ).
   2:6>Target "GenerateFSharpTextResources" in file "/usr/share/dotnet/sdk/2.2.101/FSharp/Microsoft.FSharp.Targets" from project "/home/mdegallaix/Projects/yaml-parser/yaml-parser-tests/yaml-parser-tests.fsproj" (target "PrepareForBuild" depends on it):
       Using "MakeDir" task from assembly "Microsoft.Build.Tasks.Core, Version=15.1.0.0, Culture=neutral, PublicKeyToken=b03f5f7f11d50a3a".
       Task "MakeDir"
       Done executing task "MakeDir".
       Using "FSharpEmbedResXSource" task from assembly "/usr/share/dotnet/sdk/2.2.101/FSharp/FSharp.Build.dll".
       Task "FSharpEmbedResXSource"
       Done executing task "FSharpEmbedResXSource".
       Using "FSharpEmbedResourceText" task from assembly "/usr/share/dotnet/sdk/2.2.101/FSharp/FSharp.Build.dll".
       Task "FSharpEmbedResourceText"
       Done executing task "FSharpEmbedResourceText".
   2:6>Done building target "GenerateFSharpTextResources" in project "yaml-parser-tests.fsproj".
   2:6>Target "PrepareForBuild" in file "/usr/share/dotnet/sdk/2.2.101/Microsoft.Common.CurrentVersion.targets" from project "/home/mdegallaix/Projects/yaml-parser/yaml-parser-tests/yaml-parser-tests.fsproj" (target "CoreBuild" depends on it):
       Using "FindAppConfigFile" task from assembly "Microsoft.Build.Tasks.Core, Version=15.1.0.0, Culture=neutral, PublicKeyToken=b03f5f7f11d50a3a".
       Task "FindAppConfigFile"
       Done executing task "FindAppConfigFile".
       Task "MakeDir"
       Done executing task "MakeDir".
   2:6>Done building target "PrepareForBuild" in project "yaml-parser-tests.fsproj".
       Target "PreBuildEvent" skipped, due to false condition; ('$(PreBuildEvent)'!='') was evaluated as (''!='').
   2:6>Target "BeforeResolveReferences" in file "/usr/share/dotnet/sdk/2.2.101/Microsoft.Common.CurrentVersion.targets" from project "/home/mdegallaix/Projects/yaml-parser/yaml-parser-tests/yaml-parser-tests.fsproj" (target "ResolveReferences" depends on it):
   2:6>Done building target "BeforeResolveReferences" in project "yaml-parser-tests.fsproj".
   2:6>Target "ResolvePackageAssets" in file "/usr/share/dotnet/sdk/2.2.101/Sdks/Microsoft.NET.Sdk/targets/Microsoft.PackageDependencyResolution.targets" from project "/home/mdegallaix/Projects/yaml-parser/yaml-parser-tests/yaml-parser-tests.fsproj" (target "ResolveLockFileReferences" depends on it):
       Using "ResolvePackageAssets" task from assembly "/usr/share/dotnet/sdk/2.2.101/Sdks/Microsoft.NET.Sdk/targets/../tools/netcoreapp2.0/Microsoft.NET.Build.Tasks.dll".
       Task "ResolvePackageAssets"
       Done executing task "ResolvePackageAssets".
   2:6>Done building target "ResolvePackageAssets" in project "yaml-parser-tests.fsproj".
       Target "AdjustDefaultPlatformTargetForNetFrameworkExeWithNoNativeCopyLocalItems" skipped, due to false condition; ('$(_UsingDefaultPlatformTarget)' == 'true' and
                            '$(_UsingDefaultRuntimeIdentifier)' == 'true' and 
                            '@(NativeCopyLocalItems)' == '') was evaluated as ('true' == 'true' and
                            '' == 'true' and 
                            '' == '').
       Target "FilterSatelliteResources" skipped, due to false condition; ('$(SatelliteResourceLanguages)' != '') was evaluated as ('' != '').
   2:6>Target "ResolveLockFileReferences" in file "/usr/share/dotnet/sdk/2.2.101/Sdks/Microsoft.NET.Sdk/targets/Microsoft.PackageDependencyResolution.targets" from project "/home/mdegallaix/Projects/yaml-parser/yaml-parser-tests/yaml-parser-tests.fsproj" (target "ResolvePackageDependenciesForBuild" depends on it):
       Using "JoinItems" task from assembly "/usr/share/dotnet/sdk/2.2.101/Sdks/Microsoft.NET.Sdk/targets/../tools/netcoreapp2.0/Microsoft.NET.Build.Tasks.dll".
       Task "JoinItems"
       Done executing task "JoinItems".
   2:6>Done building target "ResolveLockFileReferences" in project "yaml-parser-tests.fsproj".
       Target "ResolvePackageAssets" skipped. Previously built successfully.
   2:6>Target "ResolveLockFileAnalyzers" in file "/usr/share/dotnet/sdk/2.2.101/Sdks/Microsoft.NET.Sdk/targets/Microsoft.PackageDependencyResolution.targets" from project "/home/mdegallaix/Projects/yaml-parser/yaml-parser-tests/yaml-parser-tests.fsproj" (target "ResolvePackageDependenciesForBuild" depends on it):
   2:6>Done building target "ResolveLockFileAnalyzers" in project "yaml-parser-tests.fsproj".
       Target "ResolveLockFileCopyLocalProjectDeps" skipped, due to false condition; ('$(CopyLocalLockFileAssemblies)' == 'true') was evaluated as ('false' == 'true').
       Target "ResolvePackageAssets" skipped. Previously built successfully.
   2:6>Target "RunProduceContentAssets" in file "/usr/share/dotnet/sdk/2.2.101/Sdks/Microsoft.NET.Sdk/targets/Microsoft.PackageDependencyResolution.targets" from project "/home/mdegallaix/Projects/yaml-parser/yaml-parser-tests/yaml-parser-tests.fsproj" (target "ResolvePackageDependenciesForBuild" depends on it):
       Using "ProduceContentAssets" task from assembly "/usr/share/dotnet/sdk/2.2.101/Sdks/Microsoft.NET.Sdk/targets/../tools/netcoreapp2.0/Microsoft.NET.Build.Tasks.dll".
       Task "ProduceContentAssets"
       Done executing task "ProduceContentAssets".
       Task "CreateItem" skipped, due to false condition; ('@(_ProcessedContentItems)' != '') was evaluated as ('' != '').
   2:6>Done building target "RunProduceContentAssets" in project "yaml-parser-tests.fsproj".
       Target "ResolvePackageAssets" skipped. Previously built successfully.
   2:6>Target "IncludeTransitiveProjectReferences" in file "/usr/share/dotnet/sdk/2.2.101/Sdks/Microsoft.NET.Sdk/targets/Microsoft.PackageDependencyResolution.targets" from project "/home/mdegallaix/Projects/yaml-parser/yaml-parser-tests/yaml-parser-tests.fsproj" (target "ResolvePackageDependenciesForBuild" depends on it):
   2:6>Done building target "IncludeTransitiveProjectReferences" in project "yaml-parser-tests.fsproj".
   2:6>Target "ResolvePackageDependenciesForBuild" in file "/usr/share/dotnet/sdk/2.2.101/Sdks/Microsoft.NET.Sdk/targets/Microsoft.PackageDependencyResolution.targets" from project "/home/mdegallaix/Projects/yaml-parser/yaml-parser-tests/yaml-parser-tests.fsproj" (target "AssignProjectConfiguration" depends on it):
   2:6>Done building target "ResolvePackageDependenciesForBuild" in project "yaml-parser-tests.fsproj".
   2:6>Target "AssignProjectConfiguration" in file "/usr/share/dotnet/sdk/2.2.101/Microsoft.Common.CurrentVersion.targets" from project "/home/mdegallaix/Projects/yaml-parser/yaml-parser-tests/yaml-parser-tests.fsproj" (target "ResolveReferences" depends on it):
       Using "AssignProjectConfiguration" task from assembly "Microsoft.Build.Tasks.Core, Version=15.1.0.0, Culture=neutral, PublicKeyToken=b03f5f7f11d50a3a".
       Task "AssignProjectConfiguration"
         Project reference "../yaml-parser/yaml-parser.fsproj" has been assigned the "Debug|AnyCPU" configuration.
       Done executing task "AssignProjectConfiguration".
   2:6>Done building target "AssignProjectConfiguration" in project "yaml-parser-tests.fsproj".
       Target "AssignProjectConfiguration" skipped. Previously built successfully.
   2:6>Target "_SplitProjectReferencesByFileExistence" in file "/usr/share/dotnet/sdk/2.2.101/Microsoft.Common.CurrentVersion.targets" from project "/home/mdegallaix/Projects/yaml-parser/yaml-parser-tests/yaml-parser-tests.fsproj" (target "PrepareProjectReferences" depends on it):
       Task "ResolveNonMSBuildProjectOutput" skipped, due to false condition; ('$(BuildingInsideVisualStudio)'=='true' and '@(ProjectReferenceWithConfiguration)'!='') was evaluated as (''=='true' and '../yaml-parser/yaml-parser.fsproj'!='').
   2:6>Done building target "_SplitProjectReferencesByFileExistence" in project "yaml-parser-tests.fsproj".
   2:6>Target "_GetProjectReferenceTargetFrameworkProperties" in file "/usr/share/dotnet/sdk/2.2.101/Microsoft.Common.CurrentVersion.targets" from project "/home/mdegallaix/Projects/yaml-parser/yaml-parser-tests/yaml-parser-tests.fsproj" (target "PrepareProjectReferences" depends on it):
       Task "MSBuild"
         Global Properties:
           Configuration=Debug
           Platform=AnyCPU
         Removing Properties:
           TargetFramework
           RuntimeIdentifier
   3:7>PaketRestore:
         The last restore is still up to date. Nothing left to do.
         Performance:
          - Runtime: 84 milliseconds
       Done executing task "Exec".
       Task "Message"
         MyTargetFrameworks=netstandard1.6 PaketResolvedFilePaths=/home/mdegallaix/Projects/yaml-parser/yaml-parser/obj/yaml-parser.fsproj.netstandard1.6.paket.resolved
       Done executing task "Message".
       Task "Message" skipped, due to false condition; ( '$(PaketRestoreRequired)' == 'true' ) was evaluated as ( 'false' == 'true' ).
       Task "Exec" skipped, due to false condition; ( '$(PaketRestoreRequired)' == 'true' AND '$(TargetFramework)' == '' ) was evaluated as ( 'false' == 'true' AND 'netstandard1.6' == '' ).
       Task "Exec" skipped, due to false condition; ( '$(PaketRestoreRequired)' == 'true' AND '$(TargetFramework)' != '' ) was evaluated as ( 'false' == 'true' AND 'netstandard1.6' != '' ).
       Task "Error" skipped, due to false condition; ( '$(DoAllResolvedFilesExist)' != 'true' AND '$(ResolveNuGetPackages)' != 'False' ) was evaluated as ( 'true' != 'true' AND 'false' != 'False' ).
       Task "ReadLinesFromFile"
       Done executing task "ReadLinesFromFile".
       Task "ReadLinesFromFile"
       Done executing task "ReadLinesFromFile".
   3:7>Done building target "PaketRestore" in project "yaml-parser.fsproj".
       Target "_CheckForUnsupportedNETCoreVersion" skipped, due to false condition; ('$(TargetFrameworkIdentifier)' == '.NETCoreApp' And '$(NETCoreAppMaximumVersion)' != '') was evaluated as ('.NETStandard' == '.NETCoreApp' And '' != '').
   3:7>Target "CheckForImplicitPackageReferenceOverrides" in file "/usr/share/dotnet/sdk/2.2.101/Sdks/Microsoft.NET.Sdk/targets/Microsoft.NET.Sdk.DefaultItems.targets" from project "/home/mdegallaix/Projects/yaml-parser/yaml-parser/yaml-parser.fsproj" (target "ApplyImplicitVersions" depends on it):
       Using "CheckForImplicitPackageReferenceOverrides" task from assembly "/usr/share/dotnet/sdk/2.2.101/Sdks/Microsoft.NET.Sdk/targets/../tools/netcoreapp2.0/Microsoft.NET.Build.Tasks.dll".
       Task "CheckForImplicitPackageReferenceOverrides"
       Done executing task "CheckForImplicitPackageReferenceOverrides".
   3:7>Done building target "CheckForImplicitPackageReferenceOverrides" in project "yaml-parser.fsproj".
   3:7>Target "ApplyImplicitVersions" in file "/usr/share/dotnet/sdk/2.2.101/Sdks/Microsoft.NET.Sdk/targets/Microsoft.NET.Sdk.DefaultItems.targets" from project "/home/mdegallaix/Projects/yaml-parser/yaml-parser/yaml-parser.fsproj" (target "CollectPackageReferences" depends on it):
       Using "ApplyImplicitVersions" task from assembly "/usr/share/dotnet/sdk/2.2.101/Sdks/Microsoft.NET.Sdk/targets/../tools/netcoreapp2.0/Microsoft.NET.Build.Tasks.dll".
       Task "ApplyImplicitVersions"
       Done executing task "ApplyImplicitVersions".
   3:7>Done building target "ApplyImplicitVersions" in project "yaml-parser.fsproj".
       Target "CheckForImplicitPackageReferenceOverrides" skipped. Previously built successfully.
   3:7>Target "_CheckForObsoleteDotNetCliToolReferences" in file "/usr/share/dotnet/sdk/2.2.101/Sdks/Microsoft.NET.Sdk/targets/Microsoft.NET.ObsoleteReferences.targets" from project "/home/mdegallaix/Projects/yaml-parser/yaml-parser/yaml-parser.fsproj" (target "CollectPackageReferences" depends on it):
       Task "NETSdkWarning" skipped, due to false condition; ( '%(_ReferenceToObsoleteDotNetCliTool.Identity)' != '' ) was evaluated as ( '' != '' ).
   3:7>Done building target "_CheckForObsoleteDotNetCliToolReferences" in project "yaml-parser.fsproj".
   3:7>Target "CollectPackageReferences" in file "/usr/share/dotnet/sdk/2.2.101/NuGet.targets" from project "/home/mdegallaix/Projects/yaml-parser/yaml-parser/yaml-parser.fsproj" (target "_GetRestoreProjectStyle" depends on it):
   3:7>Done building target "CollectPackageReferences" in project "yaml-parser.fsproj".
   3:7>Target "_GetRestoreProjectStyle" in file "/usr/share/dotnet/sdk/2.2.101/NuGet.targets" from project "/home/mdegallaix/Projects/yaml-parser/yaml-parser/yaml-parser.fsproj" (target "EnableIntermediateOutputPathMismatchWarning" depends on it):
   3:7>Done building target "_GetRestoreProjectStyle" in project "yaml-parser.fsproj".
   3:7>Target "EnableIntermediateOutputPathMismatchWarning" in file "/usr/share/dotnet/sdk/2.2.101/NuGet.targets" from project "/home/mdegallaix/Projects/yaml-parser/yaml-parser/yaml-parser.fsproj" (target "_CheckForInvalidConfigurationAndPlatform" depends on it):
   3:7>Done building target "EnableIntermediateOutputPathMismatchWarning" in project "yaml-parser.fsproj".
       Target "ApplyImplicitVersions" skipped. Previously built successfully.
       Target "WarnForExplicitVersions" skipped, due to false condition; ('@(SdkBuildWarning)' != '') was evaluated as ('' != '').
       Target "CheckForImplicitPackageReferenceOverrides" skipped. Previously built successfully.
   3:7>Target "CheckForDuplicateItems" in file "/usr/share/dotnet/sdk/2.2.101/Sdks/Microsoft.NET.Sdk/targets/Microsoft.NET.Sdk.DefaultItems.targets" from project "/home/mdegallaix/Projects/yaml-parser/yaml-parser/yaml-parser.fsproj" (target "_CheckForInvalidConfigurationAndPlatform" depends on it):
       Using "CheckForDuplicateItems" task from assembly "/usr/share/dotnet/sdk/2.2.101/Sdks/Microsoft.NET.Sdk/targets/../tools/netcoreapp2.0/Microsoft.NET.Build.Tasks.dll".
       Task "CheckForDuplicateItems"
       Done executing task "CheckForDuplicateItems".
       Task "CheckForDuplicateItems"
       Done executing task "CheckForDuplicateItems".
       Task "CheckForDuplicateItems"
       Done executing task "CheckForDuplicateItems".
   3:7>Done building target "CheckForDuplicateItems" in project "yaml-parser.fsproj".
   3:7>Target "_CheckForInvalidConfigurationAndPlatform" in file "/usr/share/dotnet/sdk/2.2.101/Microsoft.Common.CurrentVersion.targets" from project "/home/mdegallaix/Projects/yaml-parser/yaml-parser/yaml-parser.fsproj" (target "BeforeBuild" depends on it):
       Task "Error" skipped, due to false condition; ( '$(_InvalidConfigurationError)' == 'true' ) was evaluated as ( '' == 'true' ).
       Task "Warning" skipped, due to false condition; ( '$(_InvalidConfigurationWarning)' == 'true' ) was evaluated as ( '' == 'true' ).
       Task "Message"
         Configuration=Debug
       Done executing task "Message".
       Task "Message"
         Platform=AnyCPU
       Done executing task "Message".
       Task "Error" skipped, due to false condition; ('$(OutDir)' != '' and !HasTrailingSlash('$(OutDir)')) was evaluated as ('bin/Debug/netstandard1.6/' != '' and !HasTrailingSlash('bin/Debug/netstandard1.6/')).
       Task "Error" skipped, due to false condition; ('$(BaseIntermediateOutputPath)' != '' and !HasTrailingSlash('$(BaseIntermediateOutputPath)')) was evaluated as ('obj/' != '' and !HasTrailingSlash('obj/')).
       Task "Error" skipped, due to false condition; ('$(IntermediateOutputPath)' != '' and !HasTrailingSlash('$(IntermediateOutputPath)')) was evaluated as ('obj/Debug/netstandard1.6/' != '' and !HasTrailingSlash('obj/Debug/netstandard1.6/')).
       Task "Error" skipped, due to false condition; ( '$(_InitialMSBuildProjectExtensionsPath)' != '' And '$(MSBuildProjectExtensionsPath)' != '$(_InitialMSBuildProjectExtensionsPath)' ) was evaluated as ( '/home/mdegallaix/Projects/yaml-parser/yaml-parser/obj/' != '' And '/home/mdegallaix/Projects/yaml-parser/yaml-parser/obj/' != '/home/mdegallaix/Projects/yaml-parser/yaml-parser/obj/' ).
       Task "Warning" skipped, due to false condition; ( '$(EnableBaseIntermediateOutputPathMismatchWarning)' == 'true' And '$(_InitialBaseIntermediateOutputPath)' != '$(BaseIntermediateOutputPath)' And '$(BaseIntermediateOutputPath)' != '$(MSBuildProjectExtensionsPath)' ) was evaluated as ( 'true' == 'true' And 'obj/' != 'obj/' And 'obj/' != '/home/mdegallaix/Projects/yaml-parser/yaml-parser/obj/' ).
   3:7>Done building target "_CheckForInvalidConfigurationAndPlatform" in project "yaml-parser.fsproj".
   3:7>Target "BeforeBuild" in file "/usr/share/dotnet/sdk/2.2.101/Microsoft.Common.CurrentVersion.targets" from project "/home/mdegallaix/Projects/yaml-parser/yaml-parser/yaml-parser.fsproj" (target "Build" depends on it):
   3:7>Done building target "BeforeBuild" in project "yaml-parser.fsproj".
   3:7>Target "BuildOnlySettings" in file "/usr/share/dotnet/sdk/2.2.101/Microsoft.Common.CurrentVersion.targets" from project "/home/mdegallaix/Projects/yaml-parser/yaml-parser/yaml-parser.fsproj" (target "CoreBuild" depends on it):
   3:7>Done building target "BuildOnlySettings" in project "yaml-parser.fsproj".
   3:7>Target "GetFrameworkPaths" in file "/usr/share/dotnet/sdk/2.2.101/Sdks/Microsoft.NET.Sdk/targets/Microsoft.NET.DisableStandardFrameworkResolution.targets" from project "/home/mdegallaix/Projects/yaml-parser/yaml-parser/yaml-parser.fsproj" (target "PrepareForBuild" depends on it):
   3:7>Done building target "GetFrameworkPaths" in project "yaml-parser.fsproj".
       Target "_CheckForUnsupportedTargetFramework" skipped, due to false condition; ('$(_UnsupportedTargetFrameworkError)' == 'true') was evaluated as ('' == 'true').
   3:7>Target "GetReferenceAssemblyPaths" in file "/usr/share/dotnet/sdk/2.2.101/Sdks/Microsoft.NET.Sdk/targets/Microsoft.NET.DisableStandardFrameworkResolution.targets" from project "/home/mdegallaix/Projects/yaml-parser/yaml-parser/yaml-parser.fsproj" (target "PrepareForBuild" depends on it):
   3:7>Done building target "GetReferenceAssemblyPaths" in project "yaml-parser.fsproj".
       Target "AssignLinkMetadata" skipped, due to false condition; ( '$(SynthesizeLinkMetadata)' == 'true' ) was evaluated as ( '' == 'true' ).
   3:7>Target "GenerateFSharpTextResources" in file "/usr/share/dotnet/sdk/2.2.101/FSharp/Microsoft.FSharp.Targets" from project "/home/mdegallaix/Projects/yaml-parser/yaml-parser/yaml-parser.fsproj" (target "PrepareForBuild" depends on it):
       Using "MakeDir" task from assembly "Microsoft.Build.Tasks.Core, Version=15.1.0.0, Culture=neutral, PublicKeyToken=b03f5f7f11d50a3a".
       Task "MakeDir"
       Done executing task "MakeDir".
       Using "FSharpEmbedResXSource" task from assembly "/usr/share/dotnet/sdk/2.2.101/FSharp/FSharp.Build.dll".
       Task "FSharpEmbedResXSource"
       Done executing task "FSharpEmbedResXSource".
       Using "FSharpEmbedResourceText" task from assembly "/usr/share/dotnet/sdk/2.2.101/FSharp/FSharp.Build.dll".
       Task "FSharpEmbedResourceText"
       Done executing task "FSharpEmbedResourceText".
   3:7>Done building target "GenerateFSharpTextResources" in project "yaml-parser.fsproj".
   3:7>Target "PrepareForBuild" in file "/usr/share/dotnet/sdk/2.2.101/Microsoft.Common.CurrentVersion.targets" from project "/home/mdegallaix/Projects/yaml-parser/yaml-parser/yaml-parser.fsproj" (target "CoreBuild" depends on it):
       Using "FindAppConfigFile" task from assembly "Microsoft.Build.Tasks.Core, Version=15.1.0.0, Culture=neutral, PublicKeyToken=b03f5f7f11d50a3a".
       Task "FindAppConfigFile"
       Done executing task "FindAppConfigFile".
       Task "MakeDir"
       Done executing task "MakeDir".
   3:7>Done building target "PrepareForBuild" in project "yaml-parser.fsproj".
       Target "PreBuildEvent" skipped, due to false condition; ('$(PreBuildEvent)'!='') was evaluated as (''!='').
   3:7>Target "BeforeResolveReferences" in file "/usr/share/dotnet/sdk/2.2.101/Microsoft.Common.CurrentVersion.targets" from project "/home/mdegallaix/Projects/yaml-parser/yaml-parser/yaml-parser.fsproj" (target "ResolveReferences" depends on it):
   3:7>Done building target "BeforeResolveReferences" in project "yaml-parser.fsproj".
   3:7>Target "ResolvePackageAssets" in file "/usr/share/dotnet/sdk/2.2.101/Sdks/Microsoft.NET.Sdk/targets/Microsoft.PackageDependencyResolution.targets" from project "/home/mdegallaix/Projects/yaml-parser/yaml-parser/yaml-parser.fsproj" (target "ResolveLockFileReferences" depends on it):
       Using "ResolvePackageAssets" task from assembly "/usr/share/dotnet/sdk/2.2.101/Sdks/Microsoft.NET.Sdk/targets/../tools/netcoreapp2.0/Microsoft.NET.Build.Tasks.dll".
       Task "ResolvePackageAssets"
       Done executing task "ResolvePackageAssets".
   3:7>Done building target "ResolvePackageAssets" in project "yaml-parser.fsproj".
       Target "AdjustDefaultPlatformTargetForNetFrameworkExeWithNoNativeCopyLocalItems" skipped, due to false condition; ('$(_UsingDefaultPlatformTarget)' == 'true' and
                            '$(_UsingDefaultRuntimeIdentifier)' == 'true' and 
                            '@(NativeCopyLocalItems)' == '') was evaluated as ('true' == 'true' and
                            '' == 'true' and 
                            '' == '').
       Target "FilterSatelliteResources" skipped, due to false condition; ('$(SatelliteResourceLanguages)' != '') was evaluated as ('' != '').
   3:7>Target "ResolveLockFileReferences" in file "/usr/share/dotnet/sdk/2.2.101/Sdks/Microsoft.NET.Sdk/targets/Microsoft.PackageDependencyResolution.targets" from project "/home/mdegallaix/Projects/yaml-parser/yaml-parser/yaml-parser.fsproj" (target "ResolvePackageDependenciesForBuild" depends on it):
       Using "JoinItems" task from assembly "/usr/share/dotnet/sdk/2.2.101/Sdks/Microsoft.NET.Sdk/targets/../tools/netcoreapp2.0/Microsoft.NET.Build.Tasks.dll".
       Task "JoinItems"
       Done executing task "JoinItems".
   3:7>Done building target "ResolveLockFileReferences" in project "yaml-parser.fsproj".
       Target "ResolvePackageAssets" skipped. Previously built successfully.
   3:7>Target "ResolveLockFileAnalyzers" in file "/usr/share/dotnet/sdk/2.2.101/Sdks/Microsoft.NET.Sdk/targets/Microsoft.PackageDependencyResolution.targets" from project "/home/mdegallaix/Projects/yaml-parser/yaml-parser/yaml-parser.fsproj" (target "ResolvePackageDependenciesForBuild" depends on it):
   3:7>Done building target "ResolveLockFileAnalyzers" in project "yaml-parser.fsproj".
       Target "ResolveLockFileCopyLocalProjectDeps" skipped, due to false condition; ('$(CopyLocalLockFileAssemblies)' == 'true') was evaluated as ('false' == 'true').
       Target "ResolvePackageAssets" skipped. Previously built successfully.
   3:7>Target "RunProduceContentAssets" in file "/usr/share/dotnet/sdk/2.2.101/Sdks/Microsoft.NET.Sdk/targets/Microsoft.PackageDependencyResolution.targets" from project "/home/mdegallaix/Projects/yaml-parser/yaml-parser/yaml-parser.fsproj" (target "ResolvePackageDependenciesForBuild" depends on it):
       Using "ProduceContentAssets" task from assembly "/usr/share/dotnet/sdk/2.2.101/Sdks/Microsoft.NET.Sdk/targets/../tools/netcoreapp2.0/Microsoft.NET.Build.Tasks.dll".
       Task "ProduceContentAssets"
       Done executing task "ProduceContentAssets".
       Task "CreateItem" skipped, due to false condition; ('@(_ProcessedContentItems)' != '') was evaluated as ('' != '').
   3:7>Done building target "RunProduceContentAssets" in project "yaml-parser.fsproj".
       Target "ResolvePackageAssets" skipped. Previously built successfully.
   3:7>Target "IncludeTransitiveProjectReferences" in file "/usr/share/dotnet/sdk/2.2.101/Sdks/Microsoft.NET.Sdk/targets/Microsoft.PackageDependencyResolution.targets" from project "/home/mdegallaix/Projects/yaml-parser/yaml-parser/yaml-parser.fsproj" (target "ResolvePackageDependenciesForBuild" depends on it):
   3:7>Done building target "IncludeTransitiveProjectReferences" in project "yaml-parser.fsproj".
   3:7>Target "ResolvePackageDependenciesForBuild" in file "/usr/share/dotnet/sdk/2.2.101/Sdks/Microsoft.NET.Sdk/targets/Microsoft.PackageDependencyResolution.targets" from project "/home/mdegallaix/Projects/yaml-parser/yaml-parser/yaml-parser.fsproj" (target "AssignProjectConfiguration" depends on it):
   3:7>Done building target "ResolvePackageDependenciesForBuild" in project "yaml-parser.fsproj".
   3:7>Target "AssignProjectConfiguration" in file "/usr/share/dotnet/sdk/2.2.101/Microsoft.Common.CurrentVersion.targets" from project "/home/mdegallaix/Projects/yaml-parser/yaml-parser/yaml-parser.fsproj" (target "ResolveReferences" depends on it):
       Using "AssignProjectConfiguration" task from assembly "Microsoft.Build.Tasks.Core, Version=15.1.0.0, Culture=neutral, PublicKeyToken=b03f5f7f11d50a3a".
       Task "AssignProjectConfiguration"
       Done executing task "AssignProjectConfiguration".
   3:7>Done building target "AssignProjectConfiguration" in project "yaml-parser.fsproj".
       Target "AssignProjectConfiguration" skipped. Previously built successfully.
   3:7>Target "_SplitProjectReferencesByFileExistence" in file "/usr/share/dotnet/sdk/2.2.101/Microsoft.Common.CurrentVersion.targets" from project "/home/mdegallaix/Projects/yaml-parser/yaml-parser/yaml-parser.fsproj" (target "PrepareProjectReferences" depends on it):
       Task "ResolveNonMSBuildProjectOutput" skipped, due to false condition; ('$(BuildingInsideVisualStudio)'=='true' and '@(ProjectReferenceWithConfiguration)'!='') was evaluated as (''=='true' and ''!='').
   3:7>Done building target "_SplitProjectReferencesByFileExistence" in project "yaml-parser.fsproj".
   3:7>Target "_GetProjectReferenceTargetFrameworkProperties" in file "/usr/share/dotnet/sdk/2.2.101/Microsoft.Common.CurrentVersion.targets" from project "/home/mdegallaix/Projects/yaml-parser/yaml-parser/yaml-parser.fsproj" (target "PrepareProjectReferences" depends on it):
       Task "MSBuild"
       Done executing task "MSBuild".
       Task "GetReferenceNearestTargetFrameworkTask" skipped, due to false condition; ('@(_ProjectReferenceTargetFrameworkPossibilities->Count())' != '0' and '$(ReferringTargetFrameworkForProjectReferences)' != '') was evaluated as ('0' != '0' and '.NETStandard,Version=v1.6' != '').
   3:7>Done building target "_GetProjectReferenceTargetFrameworkProperties" in project "yaml-parser.fsproj".
   3:7>Target "PrepareProjectReferences" in file "/usr/share/dotnet/sdk/2.2.101/Microsoft.Common.CurrentVersion.targets" from project "/home/mdegallaix/Projects/yaml-parser/yaml-parser/yaml-parser.fsproj" (target "ResolveProjectReferences" depends on it):
   3:7>Done building target "PrepareProjectReferences" in project "yaml-parser.fsproj".
   3:7>Target "ResolveProjectReferences" in file "/usr/share/dotnet/sdk/2.2.101/Microsoft.Common.CurrentVersion.targets" from project "/home/mdegallaix/Projects/yaml-parser/yaml-parser/yaml-parser.fsproj" (target "ResolveReferences" depends on it):
       Task "MSBuild" skipped, due to false condition; ('%(_MSBuildProjectReferenceExistent.BuildReference)' == 'true' and '@(ProjectReferenceWithConfiguration)' != '' and ('$(BuildingInsideVisualStudio)' == 'true' or '$(BuildProjectReferences)' != 'true') and '$(VisualStudioVersion)' != '10.0' and '@(_MSBuildProjectReferenceExistent)' != '') was evaluated as ('' == 'true' and '' != '' and ('' == 'true' or 'true' != 'true') and '15.0' != '10.0' and '' != '').
       Task "MSBuild" skipped, due to false condition; ('%(_MSBuildProjectReferenceExistent.BuildReference)' == 'true' and '@(ProjectReferenceWithConfiguration)' != '' and ('$(BuildingInsideVisualStudio)' == 'true' or '$(BuildProjectReferences)' != 'true') and '$(VisualStudioVersion)' == '10.0' and '@(_MSBuildProjectReferenceExistent)' != '') was evaluated as ('' == 'true' and '' != '' and ('' == 'true' or 'true' != 'true') and '15.0' == '10.0' and '' != '').
       Task "MSBuild" skipped, due to false condition; ('%(_MSBuildProjectReferenceExistent.BuildReference)' == 'true' and '@(ProjectReferenceWithConfiguration)' != '' and '$(BuildingInsideVisualStudio)' != 'true' and '$(BuildProjectReferences)' == 'true' and '@(_MSBuildProjectReferenceExistent)' != '') was evaluated as ('' == 'true' and '' != '' and '' != 'true' and 'true' == 'true' and '' != '').
       Task "MSBuild" skipped, due to false condition; ('%(_MSBuildProjectReferenceExistent.BuildReference)' == 'true' and '@(ProjectReferenceWithConfiguration)' != '' and '$(BuildingProject)' == 'true' and '@(_MSBuildProjectReferenceExistent)' != '') was evaluated as ('' == 'true' and '' != '' and 'true' == 'true' and '' != '').
       Task "Warning" skipped, due to false condition; ('@(ProjectReferenceWithConfiguration)' != '' and '@(_MSBuildProjectReferenceNonexistent)' != '') was evaluated as ('' != '' and '' != '').
   3:7>Done building target "ResolveProjectReferences" in project "yaml-parser.fsproj".
       Target "FindInvalidProjectReferences" skipped, due to false condition; ('$(FindInvalidProjectReferences)' == 'true') was evaluated as ('' == 'true').
       Target "ResolveNativeReferences" skipped, due to false condition; ('@(NativeReference)'!='') was evaluated as (''!='').
       Target "ResolveProjectReferences" skipped. Previously built successfully.
       Target "FindInvalidProjectReferences" skipped, due to false condition; ('$(FindInvalidProjectReferences)' == 'true') was evaluated as ('' == 'true').
       Target "GetFrameworkPaths" skipped. Previously built successfully.
       Target "GetReferenceAssemblyPaths" skipped. Previously built successfully.
       Target "PrepareForBuild" skipped. Previously built successfully.
       Target "GetInstalledSDKLocations" skipped, due to false condition; ('@(SDKReference)' != '') was evaluated as ('' != '').
   3:7>Target "ResolveSDKReferences" in file "/usr/share/dotnet/sdk/2.2.101/Microsoft.Common.CurrentVersion.targets" from project "/home/mdegallaix/Projects/yaml-parser/yaml-parser/yaml-parser.fsproj" (target "ResolveAssemblyReferences" depends on it):
       Task "ResolveSDKReference" skipped, due to false condition; ('@(SDKReference)'!='') was evaluated as (''!='').
   3:7>Done building target "ResolveSDKReferences" in project "yaml-parser.fsproj".
       Target "ResolveSDKReferences" skipped. Previously built successfully.
   3:7>Target "ExpandSDKReferences" in file "/usr/share/dotnet/sdk/2.2.101/Microsoft.Common.CurrentVersion.targets" from project "/home/mdegallaix/Projects/yaml-parser/yaml-parser/yaml-parser.fsproj" (target "ResolveAssemblyReferences" depends on it):
       Task "GetSDKReferenceFiles" skipped, due to false condition; ('@(ResolvedSDKReference)'!='') was evaluated as (''!='').
   3:7>Done building target "ExpandSDKReferences" in project "yaml-parser.fsproj".
       Target "ResolvePackageDependenciesForBuild" skipped. Previously built successfully.
       Target "GetReferenceAssemblyPaths" skipped. Previously built successfully.
   3:7>Target "_HandlePackageFileConflicts" in file "/usr/share/dotnet/sdk/2.2.101/Sdks/Microsoft.NET.Sdk/targets/Microsoft.NET.ConflictResolution.targets" from project "/home/mdegallaix/Projects/yaml-parser/yaml-parser/yaml-parser.fsproj" (target "ResolveAssemblyReferences" depends on it):
       Using "ResolvePackageFileConflicts" task from assembly "/usr/share/dotnet/sdk/2.2.101/Sdks/Microsoft.NET.Sdk/targets/../tools/netcoreapp2.0/Microsoft.NET.Build.Tasks.dll".
       Task "ResolvePackageFileConflicts"
       Done executing task "ResolvePackageFileConflicts".
   3:7>Done building target "_HandlePackageFileConflicts" in project "yaml-parser.fsproj".
   3:7>Target "RedirectFSharpCoreReferenceToNewRedistributableLocation" in file "/usr/share/dotnet/sdk/2.2.101/FSharp/Microsoft.FSharp.Targets" from project "/home/mdegallaix/Projects/yaml-parser/yaml-parser/yaml-parser.fsproj" (target "ResolveAssemblyReferences" depends on it):
   3:7>Done building target "RedirectFSharpCoreReferenceToNewRedistributableLocation" in project "yaml-parser.fsproj".
   3:7>Target "RedirectTPReferenceToNewRedistributableLocation" in file "/usr/share/dotnet/sdk/2.2.101/FSharp/Microsoft.FSharp.Targets" from project "/home/mdegallaix/Projects/yaml-parser/yaml-parser/yaml-parser.fsproj" (target "ResolveAssemblyReferences" depends on it):
       Task "Warning" skipped, due to false condition; ( '@(ReferenceToInboxTP->Count())' != '0' ) was evaluated as ( '0' != '0' ).
   3:7>Done building target "RedirectTPReferenceToNewRedistributableLocation" in project "yaml-parser.fsproj".
   3:7>Target "ResolveAssemblyReferences" in file "/usr/share/dotnet/sdk/2.2.101/Microsoft.Common.CurrentVersion.targets" from project "/home/mdegallaix/Projects/yaml-parser/yaml-parser/yaml-parser.fsproj" (target "ResolveReferences" depends on it):
       Using "ResolveAssemblyReference" task from assembly "Microsoft.Build.Tasks.Core, Version=15.1.0.0, Culture=neutral, PublicKeyToken=b03f5f7f11d50a3a".
       Task "ResolveAssemblyReference"
         TargetFrameworkMoniker:
             .NETStandard,Version=v1.6
         TargetFrameworkMonikerDisplayName:
             
         TargetedRuntimeVersion:
             
         Assemblies:
             /home/mdegallaix/.nuget/packages/microsoft.win32.primitives/4.3.0/ref/netstandard1.3/Microsoft.Win32.Primitives.dll
                 Private = 'false'
                 HintPath = '/home/mdegallaix/.nuget/packages/microsoft.win32.primitives/4.3.0/ref/netstandard1.3/Microsoft.Win32.Primitives.dll'
             /home/mdegallaix/.nuget/packages/system.appcontext/4.3.0/ref/netstandard1.6/System.AppContext.dll
                 Private = 'false'
                 HintPath = '/home/mdegallaix/.nuget/packages/system.appcontext/4.3.0/ref/netstandard1.6/System.AppContext.dll'
             /home/mdegallaix/.nuget/packages/system.collections/4.3.0/ref/netstandard1.3/System.Collections.dll
                 Private = 'false'
                 HintPath = '/home/mdegallaix/.nuget/packages/system.collections/4.3.0/ref/netstandard1.3/System.Collections.dll'
             /home/mdegallaix/.nuget/packages/system.collections.concurrent/4.3.0/ref/netstandard1.3/System.Collections.Concurrent.dll
                 Private = 'false'
                 HintPath = '/home/mdegallaix/.nuget/packages/system.collections.concurrent/4.3.0/ref/netstandard1.3/System.Collections.Concurrent.dll'
             /usr/share/dotnet/sdk/NuGetFallbackFolder/system.console/4.3.0/ref/netstandard1.3/System.Console.dll
                 Private = 'false'
                 HintPath = '/usr/share/dotnet/sdk/NuGetFallbackFolder/system.console/4.3.0/ref/netstandard1.3/System.Console.dll'
             /home/mdegallaix/.nuget/packages/system.diagnostics.debug/4.3.0/ref/netstandard1.3/System.Diagnostics.Debug.dll
                 Private = 'false'
                 HintPath = '/home/mdegallaix/.nuget/packages/system.diagnostics.debug/4.3.0/ref/netstandard1.3/System.Diagnostics.Debug.dll'
             /home/mdegallaix/.nuget/packages/system.diagnostics.tools/4.3.0/ref/netstandard1.0/System.Diagnostics.Tools.dll
                 Private = 'false'
                 HintPath = '/home/mdegallaix/.nuget/packages/system.diagnostics.tools/4.3.0/ref/netstandard1.0/System.Diagnostics.Tools.dll'
             /home/mdegallaix/.nuget/packages/system.diagnostics.tracing/4.3.0/ref/netstandard1.5/System.Diagnostics.Tracing.dll
                 Private = 'false'
                 HintPath = '/home/mdegallaix/.nuget/packages/system.diagnostics.tracing/4.3.0/ref/netstandard1.5/System.Diagnostics.Tracing.dll'
             /home/mdegallaix/.nuget/packages/system.globalization/4.3.0/ref/netstandard1.3/System.Globalization.dll
                 Private = 'false'
                 HintPath = '/home/mdegallaix/.nuget/packages/system.globalization/4.3.0/ref/netstandard1.3/System.Globalization.dll'
             /home/mdegallaix/.nuget/packages/system.globalization.calendars/4.3.0/ref/netstandard1.3/System.Globalization.Calendars.dll
                 Private = 'false'
                 HintPath = '/home/mdegallaix/.nuget/packages/system.globalization.calendars/4.3.0/ref/netstandard1.3/System.Globalization.Calendars.dll'
             /home/mdegallaix/.nuget/packages/system.io/4.3.0/ref/netstandard1.5/System.IO.dll
                 Private = 'false'
                 HintPath = '/home/mdegallaix/.nuget/packages/system.io/4.3.0/ref/netstandard1.5/System.IO.dll'
             /home/mdegallaix/.nuget/packages/system.io.compression/4.3.0/ref/netstandard1.3/System.IO.Compression.dll
                 Private = 'false'
                 HintPath = '/home/mdegallaix/.nuget/packages/system.io.compression/4.3.0/ref/netstandard1.3/System.IO.Compression.dll'
             /home/mdegallaix/.nuget/packages/system.io.compression.zipfile/4.3.0/ref/netstandard1.3/System.IO.Compression.ZipFile.dll
                 Private = 'false'
                 HintPath = '/home/mdegallaix/.nuget/packages/system.io.compression.zipfile/4.3.0/ref/netstandard1.3/System.IO.Compression.ZipFile.dll'
             /home/mdegallaix/.nuget/packages/system.io.filesystem/4.3.0/ref/netstandard1.3/System.IO.FileSystem.dll
                 Private = 'false'
                 HintPath = '/home/mdegallaix/.nuget/packages/system.io.filesystem/4.3.0/ref/netstandard1.3/System.IO.FileSystem.dll'
             /home/mdegallaix/.nuget/packages/system.io.filesystem.primitives/4.3.0/ref/netstandard1.3/System.IO.FileSystem.Primitives.dll
                 Private = 'false'
                 HintPath = '/home/mdegallaix/.nuget/packages/system.io.filesystem.primitives/4.3.0/ref/netstandard1.3/System.IO.FileSystem.Primitives.dll'
             /home/mdegallaix/.nuget/packages/system.linq/4.3.0/ref/netstandard1.6/System.Linq.dll
                 Private = 'false'
                 HintPath = '/home/mdegallaix/.nuget/packages/system.linq/4.3.0/ref/netstandard1.6/System.Linq.dll'
             /home/mdegallaix/.nuget/packages/system.linq.expressions/4.3.0/ref/netstandard1.6/System.Linq.Expressions.dll
                 Private = 'false'
                 HintPath = '/home/mdegallaix/.nuget/packages/system.linq.expressions/4.3.0/ref/netstandard1.6/System.Linq.Expressions.dll'
             /usr/share/dotnet/sdk/NuGetFallbackFolder/system.net.http/4.3.0/ref/netstandard1.3/System.Net.Http.dll
                 Private = 'false'
                 HintPath = '/usr/share/dotnet/sdk/NuGetFallbackFolder/system.net.http/4.3.0/ref/netstandard1.3/System.Net.Http.dll'
             /home/mdegallaix/.nuget/packages/system.net.primitives/4.3.0/ref/netstandard1.3/System.Net.Primitives.dll
                 Private = 'false'
                 HintPath = '/home/mdegallaix/.nuget/packages/system.net.primitives/4.3.0/ref/netstandard1.3/System.Net.Primitives.dll'
             /home/mdegallaix/.nuget/packages/system.net.sockets/4.3.0/ref/netstandard1.3/System.Net.Sockets.dll
                 Private = 'false'
                 HintPath = '/home/mdegallaix/.nuget/packages/system.net.sockets/4.3.0/ref/netstandard1.3/System.Net.Sockets.dll'
             /home/mdegallaix/.nuget/packages/system.objectmodel/4.3.0/ref/netstandard1.3/System.ObjectModel.dll
                 Private = 'false'
                 HintPath = '/home/mdegallaix/.nuget/packages/system.objectmodel/4.3.0/ref/netstandard1.3/System.ObjectModel.dll'
             /home/mdegallaix/.nuget/packages/system.reflection/4.3.0/ref/netstandard1.5/System.Reflection.dll
                 Private = 'false'
                 HintPath = '/home/mdegallaix/.nuget/packages/system.reflection/4.3.0/ref/netstandard1.5/System.Reflection.dll'
             /home/mdegallaix/.nuget/packages/system.reflection.extensions/4.3.0/ref/netstandard1.0/System.Reflection.Extensions.dll
                 Private = 'false'
                 HintPath = '/home/mdegallaix/.nuget/packages/system.reflection.extensions/4.3.0/ref/netstandard1.0/System.Reflection.Extensions.dll'
             /home/mdegallaix/.nuget/packages/system.reflection.primitives/4.3.0/ref/netstandard1.0/System.Reflection.Primitives.dll
                 Private = 'false'
                 HintPath = '/home/mdegallaix/.nuget/packages/system.reflection.primitives/4.3.0/ref/netstandard1.0/System.Reflection.Primitives.dll'
             /home/mdegallaix/.nuget/packages/system.resources.resourcemanager/4.3.0/ref/netstandard1.0/System.Resources.ResourceManager.dll
                 Private = 'false'
                 HintPath = '/home/mdegallaix/.nuget/packages/system.resources.resourcemanager/4.3.0/ref/netstandard1.0/System.Resources.ResourceManager.dll'
             /home/mdegallaix/.nuget/packages/system.runtime/4.3.0/ref/netstandard1.5/System.Runtime.dll
                 Private = 'false'
                 HintPath = '/home/mdegallaix/.nuget/packages/system.runtime/4.3.0/ref/netstandard1.5/System.Runtime.dll'
             /home/mdegallaix/.nuget/packages/system.runtime.extensions/4.3.0/ref/netstandard1.5/System.Runtime.Extensions.dll
                 Private = 'false'
                 HintPath = '/home/mdegallaix/.nuget/packages/system.runtime.extensions/4.3.0/ref/netstandard1.5/System.Runtime.Extensions.dll'
             /home/mdegallaix/.nuget/packages/system.runtime.handles/4.3.0/ref/netstandard1.3/System.Runtime.Handles.dll
                 Private = 'false'
                 HintPath = '/home/mdegallaix/.nuget/packages/system.runtime.handles/4.3.0/ref/netstandard1.3/System.Runtime.Handles.dll'
             /home/mdegallaix/.nuget/packages/system.runtime.interopservices/4.3.0/ref/netstandard1.5/System.Runtime.InteropServices.dll
                 Private = 'false'
                 HintPath = '/home/mdegallaix/.nuget/packages/system.runtime.interopservices/4.3.0/ref/netstandard1.5/System.Runtime.InteropServices.dll'
             /home/mdegallaix/.nuget/packages/system.runtime.interopservices.runtimeinformation/4.3.0/ref/netstandard1.1/System.Runtime.InteropServices.RuntimeInformation.dll
                 Private = 'false'
                 HintPath = '/home/mdegallaix/.nuget/packages/system.runtime.interopservices.runtimeinformation/4.3.0/ref/netstandard1.1/System.Runtime.InteropServices.RuntimeInformation.dll'
             /home/mdegallaix/.nuget/packages/system.runtime.numerics/4.3.0/ref/netstandard1.1/System.Runtime.Numerics.dll
                 Private = 'false'
                 HintPath = '/home/mdegallaix/.nuget/packages/system.runtime.numerics/4.3.0/ref/netstandard1.1/System.Runtime.Numerics.dll'
             /usr/share/dotnet/sdk/NuGetFallbackFolder/system.security.cryptography.algorithms/4.3.0/ref/netstandard1.6/System.Security.Cryptography.Algorithms.dll
                 Private = 'false'
                 HintPath = '/usr/share/dotnet/sdk/NuGetFallbackFolder/system.security.cryptography.algorithms/4.3.0/ref/netstandard1.6/System.Security.Cryptography.Algorithms.dll'
             /home/mdegallaix/.nuget/packages/system.security.cryptography.encoding/4.3.0/ref/netstandard1.3/System.Security.Cryptography.Encoding.dll
                 Private = 'false'
                 HintPath = '/home/mdegallaix/.nuget/packages/system.security.cryptography.encoding/4.3.0/ref/netstandard1.3/System.Security.Cryptography.Encoding.dll'
             /home/mdegallaix/.nuget/packages/system.security.cryptography.primitives/4.3.0/ref/netstandard1.3/System.Security.Cryptography.Primitives.dll
                 Private = 'false'
                 HintPath = '/home/mdegallaix/.nuget/packages/system.security.cryptography.primitives/4.3.0/ref/netstandard1.3/System.Security.Cryptography.Primitives.dll'
             /usr/share/dotnet/sdk/NuGetFallbackFolder/system.security.cryptography.x509certificates/4.3.0/ref/netstandard1.4/System.Security.Cryptography.X509Certificates.dll
                 Private = 'false'
                 HintPath = '/usr/share/dotnet/sdk/NuGetFallbackFolder/system.security.cryptography.x509certificates/4.3.0/ref/netstandard1.4/System.Security.Cryptography.X509Certificates.dll'
             /home/mdegallaix/.nuget/packages/system.text.encoding/4.3.0/ref/netstandard1.3/System.Text.Encoding.dll
                 Private = 'false'
                 HintPath = '/home/mdegallaix/.nuget/packages/system.text.encoding/4.3.0/ref/netstandard1.3/System.Text.Encoding.dll'
             /home/mdegallaix/.nuget/packages/system.text.encoding.extensions/4.3.0/ref/netstandard1.3/System.Text.Encoding.Extensions.dll
                 Private = 'false'
                 HintPath = '/home/mdegallaix/.nuget/packages/system.text.encoding.extensions/4.3.0/ref/netstandard1.3/System.Text.Encoding.Extensions.dll'
             /home/mdegallaix/.nuget/packages/system.text.regularexpressions/4.3.0/ref/netstandard1.6/System.Text.RegularExpressions.dll
                 Private = 'false'
                 HintPath = '/home/mdegallaix/.nuget/packages/system.text.regularexpressions/4.3.0/ref/netstandard1.6/System.Text.RegularExpressions.dll'
             /home/mdegallaix/.nuget/packages/system.threading/4.3.0/ref/netstandard1.3/System.Threading.dll
                 Private = 'false'
                 HintPath = '/home/mdegallaix/.nuget/packages/system.threading/4.3.0/ref/netstandard1.3/System.Threading.dll'
             /home/mdegallaix/.nuget/packages/system.threading.tasks/4.3.0/ref/netstandard1.3/System.Threading.Tasks.dll
                 Private = 'false'
                 HintPath = '/home/mdegallaix/.nuget/packages/system.threading.tasks/4.3.0/ref/netstandard1.3/System.Threading.Tasks.dll'
             /home/mdegallaix/.nuget/packages/system.threading.timer/4.3.0/ref/netstandard1.2/System.Threading.Timer.dll
                 Private = 'false'
                 HintPath = '/home/mdegallaix/.nuget/packages/system.threading.timer/4.3.0/ref/netstandard1.2/System.Threading.Timer.dll'
             /usr/share/dotnet/sdk/NuGetFallbackFolder/system.xml.readerwriter/4.3.0/ref/netstandard1.3/System.Xml.ReaderWriter.dll
                 Private = 'false'
                 HintPath = '/usr/share/dotnet/sdk/NuGetFallbackFolder/system.xml.readerwriter/4.3.0/ref/netstandard1.3/System.Xml.ReaderWriter.dll'
             /home/mdegallaix/.nuget/packages/system.xml.xdocument/4.3.0/ref/netstandard1.3/System.Xml.XDocument.dll
                 Private = 'false'
                 HintPath = '/home/mdegallaix/.nuget/packages/system.xml.xdocument/4.3.0/ref/netstandard1.3/System.Xml.XDocument.dll'
         AssemblyFiles:
         CandidateAssemblyFiles:
         TargetFrameworkDirectories:
             
         InstalledAssemblyTables:
         IgnoreInstalledAssemblyTable:
             False
         SearchPaths:
             {CandidateAssemblyFiles}
             {HintPathFromItem}
             {TargetFrameworkDirectory}
             {RawFileName}
         AllowedAssemblyExtensions:
             .winmd
             .dll
             .exe
         AllowedRelatedFileExtensions:
             .pdb
             .xml
             .pri
             .dll.config
             .exe.config
         AppConfigFile:
             
         AutoUnify:
             True
         CopyLocalDependenciesWhenParentReferenceInGac:
             True
         FindDependencies:
             True
         TargetProcessorArchitecture:
             msil
         StateFile:
             obj/Debug/netstandard1.6/yaml-parser.fsprojAssemblyReference.cache
         InstalledAssemblySubsetTables:
         IgnoreInstalledAssemblySubsetTable:
             False
         TargetFrameworkSubsets:
         FullTargetFrameworkSubsetNames:
             Full
         ProfileName:
             
         FullFrameworkFolders:
         LatestTargetFrameworkDirectories:
         ProfileTablesLocation:
         Primary reference "Microsoft.Win32.Primitives, Version=4.0.1.0, Culture=neutral, PublicKeyToken=b03f5f7f11d50a3a".
             Resolved file path is "/home/mdegallaix/.nuget/packages/microsoft.win32.primitives/4.3.0/ref/netstandard1.3/Microsoft.Win32.Primitives.dll".
             Reference found at search path location "{HintPathFromItem}".
             This reference is not "CopyLocal" because at least one source item had "Private" set to "false" and no source items had "Private" set to "true".
             The ImageRuntimeVersion for this reference is "".
         Primary reference "System.AppContext, Version=4.1.0.0, Culture=neutral, PublicKeyToken=b03f5f7f11d50a3a".
             Resolved file path is "/home/mdegallaix/.nuget/packages/system.appcontext/4.3.0/ref/netstandard1.6/System.AppContext.dll".
             Reference found at search path location "{HintPathFromItem}".
             This reference is not "CopyLocal" because at least one source item had "Private" set to "false" and no source items had "Private" set to "true".
             The ImageRuntimeVersion for this reference is "".
         Primary reference "System.Collections, Version=4.0.10.0, Culture=neutral, PublicKeyToken=b03f5f7f11d50a3a".
             Resolved file path is "/home/mdegallaix/.nuget/packages/system.collections/4.3.0/ref/netstandard1.3/System.Collections.dll".
             Reference found at search path location "{HintPathFromItem}".
             This reference is not "CopyLocal" because at least one source item had "Private" set to "false" and no source items had "Private" set to "true".
             The ImageRuntimeVersion for this reference is "".
         Primary reference "System.Collections.Concurrent, Version=4.0.10.0, Culture=neutral, PublicKeyToken=b03f5f7f11d50a3a".
             Resolved file path is "/home/mdegallaix/.nuget/packages/system.collections.concurrent/4.3.0/ref/netstandard1.3/System.Collections.Concurrent.dll".
             Reference found at search path location "{HintPathFromItem}".
             This reference is not "CopyLocal" because at least one source item had "Private" set to "false" and no source items had "Private" set to "true".
             The ImageRuntimeVersion for this reference is "".
         Primary reference "System.Console, Version=4.0.0.0, Culture=neutral, PublicKeyToken=b03f5f7f11d50a3a".
             Resolved file path is "/usr/share/dotnet/sdk/NuGetFallbackFolder/system.console/4.3.0/ref/netstandard1.3/System.Console.dll".
             Reference found at search path location "{HintPathFromItem}".
             This reference is not "CopyLocal" because at least one source item had "Private" set to "false" and no source items had "Private" set to "true".
             The ImageRuntimeVersion for this reference is "".
         Primary reference "System.Diagnostics.Debug, Version=4.0.10.0, Culture=neutral, PublicKeyToken=b03f5f7f11d50a3a".
             Resolved file path is "/home/mdegallaix/.nuget/packages/system.diagnostics.debug/4.3.0/ref/netstandard1.3/System.Diagnostics.Debug.dll".
             Reference found at search path location "{HintPathFromItem}".
             This reference is not "CopyLocal" because at least one source item had "Private" set to "false" and no source items had "Private" set to "true".
             The ImageRuntimeVersion for this reference is "".
         Primary reference "System.Diagnostics.Tools, Version=4.0.0.0, Culture=neutral, PublicKeyToken=b03f5f7f11d50a3a".
             Resolved file path is "/home/mdegallaix/.nuget/packages/system.diagnostics.tools/4.3.0/ref/netstandard1.0/System.Diagnostics.Tools.dll".
             Reference found at search path location "{HintPathFromItem}".
             This reference is not "CopyLocal" because at least one source item had "Private" set to "false" and no source items had "Private" set to "true".
             The ImageRuntimeVersion for this reference is "".
         Primary reference "System.Diagnostics.Tracing, Version=4.1.0.0, Culture=neutral, PublicKeyToken=b03f5f7f11d50a3a".
             Resolved file path is "/home/mdegallaix/.nuget/packages/system.diagnostics.tracing/4.3.0/ref/netstandard1.5/System.Diagnostics.Tracing.dll".
             Reference found at search path location "{HintPathFromItem}".
             This reference is not "CopyLocal" because at least one source item had "Private" set to "false" and no source items had "Private" set to "true".
             The ImageRuntimeVersion for this reference is "".
         Primary reference "System.Globalization, Version=4.0.10.0, Culture=neutral, PublicKeyToken=b03f5f7f11d50a3a".
             Resolved file path is "/home/mdegallaix/.nuget/packages/system.globalization/4.3.0/ref/netstandard1.3/System.Globalization.dll".
             Reference found at search path location "{HintPathFromItem}".
             This reference is not "CopyLocal" because at least one source item had "Private" set to "false" and no source items had "Private" set to "true".
             The ImageRuntimeVersion for this reference is "".
         Primary reference "System.Globalization.Calendars, Version=4.0.1.0, Culture=neutral, PublicKeyToken=b03f5f7f11d50a3a".
             Resolved file path is "/home/mdegallaix/.nuget/packages/system.globalization.calendars/4.3.0/ref/netstandard1.3/System.Globalization.Calendars.dll".
             Reference found at search path location "{HintPathFromItem}".
             This reference is not "CopyLocal" because at least one source item had "Private" set to "false" and no source items had "Private" set to "true".
             The ImageRuntimeVersion for this reference is "".
         Primary reference "System.IO, Version=4.1.0.0, Culture=neutral, PublicKeyToken=b03f5f7f11d50a3a".
             Resolved file path is "/home/mdegallaix/.nuget/packages/system.io/4.3.0/ref/netstandard1.5/System.IO.dll".
             Reference found at search path location "{HintPathFromItem}".
             This reference is not "CopyLocal" because at least one source item had "Private" set to "false" and no source items had "Private" set to "true".
             The ImageRuntimeVersion for this reference is "".
         Primary reference "System.IO.Compression, Version=4.1.1.0, Culture=neutral, PublicKeyToken=b77a5c561934e089".
             Resolved file path is "/home/mdegallaix/.nuget/packages/system.io.compression/4.3.0/ref/netstandard1.3/System.IO.Compression.dll".
             Reference found at search path location "{HintPathFromItem}".
             This reference is not "CopyLocal" because at least one source item had "Private" set to "false" and no source items had "Private" set to "true".
             The ImageRuntimeVersion for this reference is "".
         Primary reference "System.IO.Compression.ZipFile, Version=4.0.1.0, Culture=neutral, PublicKeyToken=b77a5c561934e089".
             Resolved file path is "/home/mdegallaix/.nuget/packages/system.io.compression.zipfile/4.3.0/ref/netstandard1.3/System.IO.Compression.ZipFile.dll".
             Reference found at search path location "{HintPathFromItem}".
             This reference is not "CopyLocal" because at least one source item had "Private" set to "false" and no source items had "Private" set to "true".
             The ImageRuntimeVersion for this reference is "".
         Primary reference "System.IO.FileSystem, Version=4.0.1.0, Culture=neutral, PublicKeyToken=b03f5f7f11d50a3a".
             Resolved file path is "/home/mdegallaix/.nuget/packages/system.io.filesystem/4.3.0/ref/netstandard1.3/System.IO.FileSystem.dll".
             Reference found at search path location "{HintPathFromItem}".
             This reference is not "CopyLocal" because at least one source item had "Private" set to "false" and no source items had "Private" set to "true".
             The ImageRuntimeVersion for this reference is "".
         Primary reference "System.IO.FileSystem.Primitives, Version=4.0.1.0, Culture=neutral, PublicKeyToken=b03f5f7f11d50a3a".
             Resolved file path is "/home/mdegallaix/.nuget/packages/system.io.filesystem.primitives/4.3.0/ref/netstandard1.3/System.IO.FileSystem.Primitives.dll".
             Reference found at search path location "{HintPathFromItem}".
             This reference is not "CopyLocal" because at least one source item had "Private" set to "false" and no source items had "Private" set to "true".
             The ImageRuntimeVersion for this reference is "".
         Primary reference "System.Linq, Version=4.1.0.0, Culture=neutral, PublicKeyToken=b03f5f7f11d50a3a".
             Resolved file path is "/home/mdegallaix/.nuget/packages/system.linq/4.3.0/ref/netstandard1.6/System.Linq.dll".
             Reference found at search path location "{HintPathFromItem}".
             This reference is not "CopyLocal" because at least one source item had "Private" set to "false" and no source items had "Private" set to "true".
             The ImageRuntimeVersion for this reference is "".
         Primary reference "System.Linq.Expressions, Version=4.1.0.0, Culture=neutral, PublicKeyToken=b03f5f7f11d50a3a".
             Resolved file path is "/home/mdegallaix/.nuget/packages/system.linq.expressions/4.3.0/ref/netstandard1.6/System.Linq.Expressions.dll".
             Reference found at search path location "{HintPathFromItem}".
             This reference is not "CopyLocal" because at least one source item had "Private" set to "false" and no source items had "Private" set to "true".
             The ImageRuntimeVersion for this reference is "".
         Primary reference "System.Net.Http, Version=4.1.1.0, Culture=neutral, PublicKeyToken=b03f5f7f11d50a3a".
             Resolved file path is "/usr/share/dotnet/sdk/NuGetFallbackFolder/system.net.http/4.3.0/ref/netstandard1.3/System.Net.Http.dll".
             Reference found at search path location "{HintPathFromItem}".
             This reference is not "CopyLocal" because at least one source item had "Private" set to "false" and no source items had "Private" set to "true".
             The ImageRuntimeVersion for this reference is "".
         Primary reference "System.Net.Primitives, Version=4.0.10.0, Culture=neutral, PublicKeyToken=b03f5f7f11d50a3a".
             Resolved file path is "/home/mdegallaix/.nuget/packages/system.net.primitives/4.3.0/ref/netstandard1.3/System.Net.Primitives.dll".
             Reference found at search path location "{HintPathFromItem}".
             This reference is not "CopyLocal" because at least one source item had "Private" set to "false" and no source items had "Private" set to "true".
             The ImageRuntimeVersion for this reference is "".
         Primary reference "System.Net.Sockets, Version=4.1.0.0, Culture=neutral, PublicKeyToken=b03f5f7f11d50a3a".
             Resolved file path is "/home/mdegallaix/.nuget/packages/system.net.sockets/4.3.0/ref/netstandard1.3/System.Net.Sockets.dll".
             Reference found at search path location "{HintPathFromItem}".
             This reference is not "CopyLocal" because at least one source item had "Private" set to "false" and no source items had "Private" set to "true".
             The ImageRuntimeVersion for this reference is "".
         Primary reference "System.ObjectModel, Version=4.0.10.0, Culture=neutral, PublicKeyToken=b03f5f7f11d50a3a".
             Resolved file path is "/home/mdegallaix/.nuget/packages/system.objectmodel/4.3.0/ref/netstandard1.3/System.ObjectModel.dll".
             Reference found at search path location "{HintPathFromItem}".
             This reference is not "CopyLocal" because at least one source item had "Private" set to "false" and no source items had "Private" set to "true".
             The ImageRuntimeVersion for this reference is "".
         Primary reference "System.Reflection, Version=4.1.0.0, Culture=neutral, PublicKeyToken=b03f5f7f11d50a3a".
             Resolved file path is "/home/mdegallaix/.nuget/packages/system.reflection/4.3.0/ref/netstandard1.5/System.Reflection.dll".
             Reference found at search path location "{HintPathFromItem}".
             This reference is not "CopyLocal" because at least one source item had "Private" set to "false" and no source items had "Private" set to "true".
             The ImageRuntimeVersion for this reference is "".
         Primary reference "System.Reflection.Extensions, Version=4.0.0.0, Culture=neutral, PublicKeyToken=b03f5f7f11d50a3a".
             Resolved file path is "/home/mdegallaix/.nuget/packages/system.reflection.extensions/4.3.0/ref/netstandard1.0/System.Reflection.Extensions.dll".
             Reference found at search path location "{HintPathFromItem}".
             This reference is not "CopyLocal" because at least one source item had "Private" set to "false" and no source items had "Private" set to "true".
             The ImageRuntimeVersion for this reference is "".
         Primary reference "System.Reflection.Primitives, Version=4.0.0.0, Culture=neutral, PublicKeyToken=b03f5f7f11d50a3a".
             Resolved file path is "/home/mdegallaix/.nuget/packages/system.reflection.primitives/4.3.0/ref/netstandard1.0/System.Reflection.Primitives.dll".
             Reference found at search path location "{HintPathFromItem}".
             This reference is not "CopyLocal" because at least one source item had "Private" set to "false" and no source items had "Private" set to "true".
             The ImageRuntimeVersion for this reference is "".
         Primary reference "System.Resources.ResourceManager, Version=4.0.0.0, Culture=neutral, PublicKeyToken=b03f5f7f11d50a3a".
             Resolved file path is "/home/mdegallaix/.nuget/packages/system.resources.resourcemanager/4.3.0/ref/netstandard1.0/System.Resources.ResourceManager.dll".
             Reference found at search path location "{HintPathFromItem}".
             This reference is not "CopyLocal" because at least one source item had "Private" set to "false" and no source items had "Private" set to "true".
             The ImageRuntimeVersion for this reference is "".
         Primary reference "System.Runtime, Version=4.1.0.0, Culture=neutral, PublicKeyToken=b03f5f7f11d50a3a".
             Resolved file path is "/home/mdegallaix/.nuget/packages/system.runtime/4.3.0/ref/netstandard1.5/System.Runtime.dll".
             Reference found at search path location "{HintPathFromItem}".
             This reference is not "CopyLocal" because at least one source item had "Private" set to "false" and no source items had "Private" set to "true".
             The ImageRuntimeVersion for this reference is "".
         Primary reference "System.Runtime.Extensions, Version=4.1.0.0, Culture=neutral, PublicKeyToken=b03f5f7f11d50a3a".
             Resolved file path is "/home/mdegallaix/.nuget/packages/system.runtime.extensions/4.3.0/ref/netstandard1.5/System.Runtime.Extensions.dll".
             Reference found at search path location "{HintPathFromItem}".
             This reference is not "CopyLocal" because at least one source item had "Private" set to "false" and no source items had "Private" set to "true".
             The ImageRuntimeVersion for this reference is "".
         Primary reference "System.Runtime.Handles, Version=4.0.0.0, Culture=neutral, PublicKeyToken=b03f5f7f11d50a3a".
             Resolved file path is "/home/mdegallaix/.nuget/packages/system.runtime.handles/4.3.0/ref/netstandard1.3/System.Runtime.Handles.dll".
             Reference found at search path location "{HintPathFromItem}".
             This reference is not "CopyLocal" because at least one source item had "Private" set to "false" and no source items had "Private" set to "true".
             The ImageRuntimeVersion for this reference is "".
         Primary reference "System.Runtime.InteropServices, Version=4.1.0.0, Culture=neutral, PublicKeyToken=b03f5f7f11d50a3a".
             Resolved file path is "/home/mdegallaix/.nuget/packages/system.runtime.interopservices/4.3.0/ref/netstandard1.5/System.Runtime.InteropServices.dll".
             Reference found at search path location "{HintPathFromItem}".
             This reference is not "CopyLocal" because at least one source item had "Private" set to "false" and no source items had "Private" set to "true".
             The ImageRuntimeVersion for this reference is "".
         Primary reference "System.Runtime.InteropServices.RuntimeInformation, Version=4.0.1.0, Culture=neutral, PublicKeyToken=b03f5f7f11d50a3a".
             Resolved file path is "/home/mdegallaix/.nuget/packages/system.runtime.interopservices.runtimeinformation/4.3.0/ref/netstandard1.1/System.Runtime.InteropServices.RuntimeInformation.dll".
             Reference found at search path location "{HintPathFromItem}".
             This reference is not "CopyLocal" because at least one source item had "Private" set to "false" and no source items had "Private" set to "true".
             The ImageRuntimeVersion for this reference is "".
         Primary reference "System.Runtime.Numerics, Version=4.0.0.0, Culture=neutral, PublicKeyToken=b03f5f7f11d50a3a".
             Resolved file path is "/home/mdegallaix/.nuget/packages/system.runtime.numerics/4.3.0/ref/netstandard1.1/System.Runtime.Numerics.dll".
             Reference found at search path location "{HintPathFromItem}".
             This reference is not "CopyLocal" because at least one source item had "Private" set to "false" and no source items had "Private" set to "true".
             The ImageRuntimeVersion for this reference is "".
         Primary reference "System.Security.Cryptography.Algorithms, Version=4.2.0.0, Culture=neutral, PublicKeyToken=b03f5f7f11d50a3a".
             Resolved file path is "/usr/share/dotnet/sdk/NuGetFallbackFolder/system.security.cryptography.algorithms/4.3.0/ref/netstandard1.6/System.Security.Cryptography.Algorithms.dll".
             Reference found at search path location "{HintPathFromItem}".
             This reference is not "CopyLocal" because at least one source item had "Private" set to "false" and no source items had "Private" set to "true".
             The ImageRuntimeVersion for this reference is "".
         Primary reference "System.Security.Cryptography.Encoding, Version=4.0.0.0, Culture=neutral, PublicKeyToken=b03f5f7f11d50a3a".
             Resolved file path is "/home/mdegallaix/.nuget/packages/system.security.cryptography.encoding/4.3.0/ref/netstandard1.3/System.Security.Cryptography.Encoding.dll".
             Reference found at search path location "{HintPathFromItem}".
             This reference is not "CopyLocal" because at least one source item had "Private" set to "false" and no source items had "Private" set to "true".
             The ImageRuntimeVersion for this reference is "".
         Primary reference "System.Security.Cryptography.Primitives, Version=4.0.0.0, Culture=neutral, PublicKeyToken=b03f5f7f11d50a3a".
             Resolved file path is "/home/mdegallaix/.nuget/packages/system.security.cryptography.primitives/4.3.0/ref/netstandard1.3/System.Security.Cryptography.Primitives.dll".
             Reference found at search path location "{HintPathFromItem}".
             This reference is not "CopyLocal" because at least one source item had "Private" set to "false" and no source items had "Private" set to "true".
             The ImageRuntimeVersion for this reference is "".
         Primary reference "System.Security.Cryptography.X509Certificates, Version=4.1.0.0, Culture=neutral, PublicKeyToken=b03f5f7f11d50a3a".
             Resolved file path is "/usr/share/dotnet/sdk/NuGetFallbackFolder/system.security.cryptography.x509certificates/4.3.0/ref/netstandard1.4/System.Security.Cryptography.X509Certificates.dll".
             Reference found at search path location "{HintPathFromItem}".
             This reference is not "CopyLocal" because at least one source item had "Private" set to "false" and no source items had "Private" set to "true".
             The ImageRuntimeVersion for this reference is "".
         Primary reference "System.Text.Encoding, Version=4.0.10.0, Culture=neutral, PublicKeyToken=b03f5f7f11d50a3a".
             Resolved file path is "/home/mdegallaix/.nuget/packages/system.text.encoding/4.3.0/ref/netstandard1.3/System.Text.Encoding.dll".
             Reference found at search path location "{HintPathFromItem}".
             This reference is not "CopyLocal" because at least one source item had "Private" set to "false" and no source items had "Private" set to "true".
             The ImageRuntimeVersion for this reference is "".
         Primary reference "System.Text.Encoding.Extensions, Version=4.0.10.0, Culture=neutral, PublicKeyToken=b03f5f7f11d50a3a".
             Resolved file path is "/home/mdegallaix/.nuget/packages/system.text.encoding.extensions/4.3.0/ref/netstandard1.3/System.Text.Encoding.Extensions.dll".
             Reference found at search path location "{HintPathFromItem}".
             This reference is not "CopyLocal" because at least one source item had "Private" set to "false" and no source items had "Private" set to "true".
             The ImageRuntimeVersion for this reference is "".
         Primary reference "System.Text.RegularExpressions, Version=4.1.0.0, Culture=neutral, PublicKeyToken=b03f5f7f11d50a3a".
             Resolved file path is "/home/mdegallaix/.nuget/packages/system.text.regularexpressions/4.3.0/ref/netstandard1.6/System.Text.RegularExpressions.dll".
             Reference found at search path location "{HintPathFromItem}".
             This reference is not "CopyLocal" because at least one source item had "Private" set to "false" and no source items had "Private" set to "true".
             The ImageRuntimeVersion for this reference is "".
         Primary reference "System.Threading, Version=4.0.10.0, Culture=neutral, PublicKeyToken=b03f5f7f11d50a3a".
             Resolved file path is "/home/mdegallaix/.nuget/packages/system.threading/4.3.0/ref/netstandard1.3/System.Threading.dll".
             Reference found at search path location "{HintPathFromItem}".
             This reference is not "CopyLocal" because at least one source item had "Private" set to "false" and no source items had "Private" set to "true".
             The ImageRuntimeVersion for this reference is "".
         Primary reference "System.Threading.Tasks, Version=4.0.10.0, Culture=neutral, PublicKeyToken=b03f5f7f11d50a3a".
             Resolved file path is "/home/mdegallaix/.nuget/packages/system.threading.tasks/4.3.0/ref/netstandard1.3/System.Threading.Tasks.dll".
             Reference found at search path location "{HintPathFromItem}".
             This reference is not "CopyLocal" because at least one source item had "Private" set to "false" and no source items had "Private" set to "true".
             The ImageRuntimeVersion for this reference is "".
         Primary reference "System.Threading.Timer, Version=4.0.0.0, Culture=neutral, PublicKeyToken=b03f5f7f11d50a3a".
             Resolved file path is "/home/mdegallaix/.nuget/packages/system.threading.timer/4.3.0/ref/netstandard1.2/System.Threading.Timer.dll".
             Reference found at search path location "{HintPathFromItem}".
             This reference is not "CopyLocal" because at least one source item had "Private" set to "false" and no source items had "Private" set to "true".
             The ImageRuntimeVersion for this reference is "".
         Primary reference "System.Xml.ReaderWriter, Version=4.1.0.0, Culture=neutral, PublicKeyToken=b03f5f7f11d50a3a".
             Resolved file path is "/usr/share/dotnet/sdk/NuGetFallbackFolder/system.xml.readerwriter/4.3.0/ref/netstandard1.3/System.Xml.ReaderWriter.dll".
             Reference found at search path location "{HintPathFromItem}".
             This reference is not "CopyLocal" because at least one source item had "Private" set to "false" and no source items had "Private" set to "true".
             The ImageRuntimeVersion for this reference is "".
         Primary reference "System.Xml.XDocument, Version=4.0.10.0, Culture=neutral, PublicKeyToken=b03f5f7f11d50a3a".
             Resolved file path is "/home/mdegallaix/.nuget/packages/system.xml.xdocument/4.3.0/ref/netstandard1.3/System.Xml.XDocument.dll".
             Reference found at search path location "{HintPathFromItem}".
             This reference is not "CopyLocal" because at least one source item had "Private" set to "false" and no source items had "Private" set to "true".
             The ImageRuntimeVersion for this reference is "".
       Done executing task "ResolveAssemblyReference".
   3:7>Done building target "ResolveAssemblyReferences" in project "yaml-parser.fsproj".
       Target "GenerateBindingRedirects" skipped, due to false condition; ('$(AutoGenerateBindingRedirects)' == 'true' and '$(GenerateBindingRedirectsOutputType)' == 'true') was evaluated as ('' == 'true' and '' == 'true').
       Target "GenerateSupportedRuntime" skipped, due to false condition; ('$(GenerateSupportedRuntime)' != 'false' and '$(TargetFrameworkIdentifier)' == '.NETFramework' and '$(HasRuntimeOutput)' == 'true') was evaluated as ('' != 'false' and '.NETStandard' == '.NETFramework' and '' == 'true').
       Target "GenerateBindingRedirectsUpdateAppConfig" skipped, due to false condition; ('$(AutoGenerateBindingRedirects)' == 'true' and '$(GenerateBindingRedirectsOutputType)' == 'true' and Exists('$(_GenerateBindingRedirectsIntermediateAppConfig)')) was evaluated as ('' == 'true' and '' == 'true' and Exists('obj/Debug/netstandard1.6/yaml-parser.dll.config')).
       Target "ResolveComReferences" skipped, due to false condition; ('@(COMReference)'!='' or '@(COMFileReference)'!='') was evaluated as (''!='' or ''!='').
   3:7>Target "AfterResolveReferences" in file "/usr/share/dotnet/sdk/2.2.101/Microsoft.Common.CurrentVersion.targets" from project "/home/mdegallaix/Projects/yaml-parser/yaml-parser/yaml-parser.fsproj" (target "ResolveReferences" depends on it):
   3:7>Done building target "AfterResolveReferences" in project "yaml-parser.fsproj".
   3:7>Target "ResolveReferences" in file "/usr/share/dotnet/sdk/2.2.101/Microsoft.Common.CurrentVersion.targets" from project "/home/mdegallaix/Projects/yaml-parser/yaml-parser/yaml-parser.fsproj" (target "CoreBuild" depends on it):
   3:7>Done building target "ResolveReferences" in project "yaml-parser.fsproj".
       Target "_ComputeNETCoreBuildOutputFiles" skipped, due to false condition; ('$(ComputeNETCoreBuildOutputFiles)' == 'true') was evaluated as ('' == 'true').
       Target "ResolvePackageDependenciesForBuild" skipped. Previously built successfully.
       Target "_HandlePackageFileConflicts" skipped. Previously built successfully.
       Target "_ComputeNETCoreBuildOutputFiles" skipped, due to false condition; ('$(ComputeNETCoreBuildOutputFiles)' == 'true') was evaluated as ('' == 'true').
   3:7>Target "AssignTargetPaths" in file "/usr/share/dotnet/sdk/2.2.101/Microsoft.Common.CurrentVersion.targets" from project "/home/mdegallaix/Projects/yaml-parser/yaml-parser/yaml-parser.fsproj" (target "PrepareResourceNames" depends on it):
       Using "AssignTargetPath" task from assembly "Microsoft.Build.Tasks.Core, Version=15.1.0.0, Culture=neutral, PublicKeyToken=b03f5f7f11d50a3a".
       Task "AssignTargetPath"
       Done executing task "AssignTargetPath".
       Task "AssignTargetPath"
       Done executing task "AssignTargetPath".
       Task "AssignTargetPath"
       Done executing task "AssignTargetPath".
       Task "AssignTargetPath"
       Done executing task "AssignTargetPath".
       Task "AssignTargetPath" skipped, due to false condition; ('@(_DeploymentBaseManifestWithTargetPath)'=='' and '%(None.Extension)'=='.manifest') was evaluated as (''=='' and ''=='.manifest').
   3:7>Done building target "AssignTargetPaths" in project "yaml-parser.fsproj".
       Target "AssignTargetPaths" skipped. Previously built successfully.
   3:7>Target "SplitResourcesByCulture" in file "/usr/share/dotnet/sdk/2.2.101/Microsoft.Common.CurrentVersion.targets" from project "/home/mdegallaix/Projects/yaml-parser/yaml-parser/yaml-parser.fsproj" (target "PrepareResourceNames" depends on it):
       Task "Warning" skipped, due to false condition; ('@(ResxWithNoCulture)'!='') was evaluated as (''!='').
       Task "Warning" skipped, due to false condition; ('@(ResxWithCulture)'!='') was evaluated as (''!='').
       Task "Warning" skipped, due to false condition; ('@(NonResxWithCulture)'!='') was evaluated as (''!='').
       Task "Warning" skipped, due to false condition; ('@(NonResxWithNoCulture)'!='') was evaluated as (''!='').
       Using "AssignCulture" task from assembly "Microsoft.Build.Tasks.Core, Version=15.1.0.0, Culture=neutral, PublicKeyToken=b03f5f7f11d50a3a".
       Task "AssignCulture"
       Done executing task "AssignCulture".
   3:7>Done building target "SplitResourcesByCulture" in project "yaml-parser.fsproj".
       Target "CreateManifestResourceNames" skipped, due to false condition; ('@(EmbeddedResource)' != '') was evaluated as ('' != '').
   3:7>Target "CreateCustomManifestResourceNames" in file "/usr/share/dotnet/sdk/2.2.101/Microsoft.Common.CurrentVersion.targets" from project "/home/mdegallaix/Projects/yaml-parser/yaml-parser/yaml-parser.fsproj" (target "PrepareResourceNames" depends on it):
   3:7>Done building target "CreateCustomManifestResourceNames" in project "yaml-parser.fsproj".
   3:7>Target "PrepareResourceNames" in file "/usr/share/dotnet/sdk/2.2.101/Microsoft.Common.CurrentVersion.targets" from project "/home/mdegallaix/Projects/yaml-parser/yaml-parser/yaml-parser.fsproj" (target "PrepareResources" depends on it):
   3:7>Done building target "PrepareResourceNames" in project "yaml-parser.fsproj".
       Target "ResolveAssemblyReferences" skipped. Previously built successfully.
       Target "SplitResourcesByCulture" skipped. Previously built successfully.
   3:7>Target "BeforeResGen" in file "/usr/share/dotnet/sdk/2.2.101/Microsoft.Common.CurrentVersion.targets" from project "/home/mdegallaix/Projects/yaml-parser/yaml-parser/yaml-parser.fsproj" (target "ResGen" depends on it):
   3:7>Done building target "BeforeResGen" in project "yaml-parser.fsproj".
       Target "ResolveReferences" skipped. Previously built successfully.
   3:7>Target "FindReferenceAssembliesForReferences" in file "/usr/share/dotnet/sdk/2.2.101/Microsoft.Common.CurrentVersion.targets" from project "/home/mdegallaix/Projects/yaml-parser/yaml-parser/yaml-parser.fsproj" (target "CoreResGen" depends on it):
   3:7>Done building target "FindReferenceAssembliesForReferences" in project "yaml-parser.fsproj".
   3:7>Target "CoreResGen" in file "/usr/share/dotnet/sdk/2.2.101/Microsoft.Common.CurrentVersion.targets" from project "/home/mdegallaix/Projects/yaml-parser/yaml-parser/yaml-parser.fsproj" (target "ResGen" depends on it):
       Task "GenerateResource" skipped, due to false condition; ('%(EmbeddedResource.Type)' == 'Resx' and '%(EmbeddedResource.GenerateResource)' != 'false' and '$(GenerateResourceMSBuildRuntime)' != 'CLR2') was evaluated as ('' == 'Resx' and '' != 'false' and 'CurrentRuntime' != 'CLR2').
       Task "GenerateResource" skipped, due to false condition; ('%(EmbeddedResource.Type)' == 'Resx' and '%(EmbeddedResource.GenerateResource)' != 'false' and '$(GenerateResourceMSBuildRuntime)' == 'CLR2') was evaluated as ('' == 'Resx' and '' != 'false' and 'CurrentRuntime' == 'CLR2').
   3:7>Done building target "CoreResGen" in project "yaml-parser.fsproj".
   3:7>Target "AfterResGen" in file "/usr/share/dotnet/sdk/2.2.101/Microsoft.Common.CurrentVersion.targets" from project "/home/mdegallaix/Projects/yaml-parser/yaml-parser/yaml-parser.fsproj" (target "ResGen" depends on it):
   3:7>Done building target "AfterResGen" in project "yaml-parser.fsproj".
   3:7>Target "ResGen" in file "/usr/share/dotnet/sdk/2.2.101/Microsoft.Common.CurrentVersion.targets" from project "/home/mdegallaix/Projects/yaml-parser/yaml-parser/yaml-parser.fsproj" (target "PrepareResources" depends on it):
   3:7>Done building target "ResGen" in project "yaml-parser.fsproj".
       Target "CompileLicxFiles" skipped, due to false condition; ('@(_LicxFile)'!='') was evaluated as (''!='').
   3:7>Target "PrepareResources" in file "/usr/share/dotnet/sdk/2.2.101/Microsoft.Common.CurrentVersion.targets" from project "/home/mdegallaix/Projects/yaml-parser/yaml-parser/yaml-parser.fsproj" (target "CoreBuild" depends on it):
   3:7>Done building target "PrepareResources" in project "yaml-parser.fsproj".
       Target "ResolveKeySource" skipped, due to false condition; ($(SignManifests) == 'true' or $(SignAssembly) == 'true') was evaluated as ( == 'true' or false == 'true').
       Target "ResolveReferences" skipped. Previously built successfully.
       Target "ResolveKeySource" skipped, due to false condition; ($(SignManifests) == 'true' or $(SignAssembly) == 'true') was evaluated as ( == 'true' or false == 'true').
       Target "ResolveComReferences" skipped, due to false condition; ('@(COMReference)'!='' or '@(COMFileReference)'!='') was evaluated as (''!='' or ''!='').
       Target "ResolveNativeReferences" skipped, due to false condition; ('@(NativeReference)'!='') was evaluated as (''!='').
       Target "_SetExternalWin32ManifestProperties" skipped, due to false condition; ('$(GenerateClickOnceManifests)'=='true' or '@(NativeReference)'!='' or '@(ResolvedIsolatedComModules)'!='') was evaluated as (''=='true' or ''!='' or ''!='').
   3:7>Target "_SetEmbeddedWin32ManifestProperties" in file "/usr/share/dotnet/sdk/2.2.101/Microsoft.Common.CurrentVersion.targets" from project "/home/mdegallaix/Projects/yaml-parser/yaml-parser/yaml-parser.fsproj" (target "SetWin32ManifestProperties" depends on it):
       Using "GetFrameworkPath" task from assembly "Microsoft.Build.Tasks.Core, Version=15.1.0.0, Culture=neutral, PublicKeyToken=b03f5f7f11d50a3a".
       Task "GetFrameworkPath"
       Done executing task "GetFrameworkPath".
   3:7>Done building target "_SetEmbeddedWin32ManifestProperties" in project "yaml-parser.fsproj".
   3:7>Target "SetWin32ManifestProperties" in file "/usr/share/dotnet/sdk/2.2.101/Microsoft.Common.CurrentVersion.targets" from project "/home/mdegallaix/Projects/yaml-parser/yaml-parser/yaml-parser.fsproj" (target "Compile" depends on it):
   3:7>Done building target "SetWin32ManifestProperties" in project "yaml-parser.fsproj".
       Target "FindReferenceAssembliesForReferences" skipped. Previously built successfully.
   3:7>Target "_GenerateCompileInputs" in file "/usr/share/dotnet/sdk/2.2.101/Microsoft.Common.CurrentVersion.targets" from project "/home/mdegallaix/Projects/yaml-parser/yaml-parser/yaml-parser.fsproj" (target "Compile" depends on it):
       Task "Warning" skipped, due to false condition; ('@(ManifestResourceWithNoCulture)'!='' and '%(ManifestResourceWithNoCulture.EmittedForCompatibilityOnly)'=='') was evaluated as (''!='' and ''=='').
       Task "Warning" skipped, due to false condition; ('@(ManifestNonResxWithNoCultureOnDisk)'!='' and '%(ManifestNonResxWithNoCultureOnDisk.EmittedForCompatibilityOnly)'=='') was evaluated as (''!='' and ''=='').
   3:7>Done building target "_GenerateCompileInputs" in project "yaml-parser.fsproj".
       Target "GenerateAdditionalSources" skipped, due to false condition; ('@(AssemblyAttributes)' != '' and '$(GenerateAdditionalSources)' == 'true') was evaluated as ('' != '' and '' == 'true').
       Target "PrepareForBuild" skipped. Previously built successfully.
       Target "GetReferenceAssemblyPaths" skipped. Previously built successfully.
   3:7>Target "GenerateTargetFrameworkMonikerAttribute" in file "/usr/share/dotnet/sdk/2.2.101/FSharp/Microsoft.FSharp.Targets" from project "/home/mdegallaix/Projects/yaml-parser/yaml-parser/yaml-parser.fsproj" (target "BeforeCompile" depends on it):
       Skipping target "GenerateTargetFrameworkMonikerAttribute" because all output files are up-to-date with respect to the input files.
       Input files: /usr/share/dotnet/sdk/2.2.101/FSharp/Microsoft.FSharp.Targets
       Output files: /tmp/.NETStandard,Version=v1.6.AssemblyAttributes.fs
   3:7>Done building target "GenerateTargetFrameworkMonikerAttribute" in project "yaml-parser.fsproj".
   3:7>Target "BeforeCompile" in file "/usr/share/dotnet/sdk/2.2.101/Microsoft.Common.CurrentVersion.targets" from project "/home/mdegallaix/Projects/yaml-parser/yaml-parser/yaml-parser.fsproj" (target "Compile" depends on it):
   3:7>Done building target "BeforeCompile" in project "yaml-parser.fsproj".
       Target "_TimeStampBeforeCompile" skipped, due to false condition; ('$(RunPostBuildEvent)'=='OnOutputUpdated' or ('$(RegisterForComInterop)'=='true' and '$(OutputType)'=='library')) was evaluated as (''=='OnOutputUpdated' or (''=='true' and 'Library'=='library')).
       Target "_GenerateCompileDependencyCache" skipped, due to false condition; ('$(DesignTimeBuild)' == 'true') was evaluated as ('' == 'true').
       Target "_ComputeNonExistentFileProperty" skipped, due to false condition; (('$(BuildingInsideVisualStudio)' == 'true') and ('$(BuildingOutOfProcess)' != 'true') and (('$(BuildingProject)' == 'false') or ('$(UseHostCompilerIfAvailable)' == 'true'))) was evaluated as (('' == 'true') and ('' != 'true') and (('true' == 'false') or ('' == 'true'))).
       Target "AdjustDefaultPlatformTargetForNetFrameworkExeWithNoNativeCopyLocalItems" skipped, due to false condition; ('$(_UsingDefaultPlatformTarget)' == 'true' and
                            '$(_UsingDefaultRuntimeIdentifier)' == 'true' and 
                            '@(NativeCopyLocalItems)' == '') was evaluated as ('true' == 'true' and
                            '' == 'true' and 
                            '' == '').
       Target "PrepareForBuild" skipped. Previously built successfully.
   3:7>Target "GetAssemblyVersion" in file "/usr/share/dotnet/sdk/2.2.101/Sdks/Microsoft.NET.Sdk/targets/Microsoft.NET.GenerateAssemblyInfo.targets" from project "/home/mdegallaix/Projects/yaml-parser/yaml-parser/yaml-parser.fsproj" (target "GetAssemblyAttributes" depends on it):
       Using "GetAssemblyVersion" task from assembly "/usr/share/dotnet/sdk/2.2.101/Sdks/Microsoft.NET.Sdk/targets/../tools/netcoreapp2.0/Microsoft.NET.Build.Tasks.dll".
       Task "GetAssemblyVersion"
       Done executing task "GetAssemblyVersion".
   3:7>Done building target "GetAssemblyVersion" in project "yaml-parser.fsproj".
       Target "GetAssemblyVersion" skipped. Previously built successfully.
   3:7>Target "InitializeSourceControlInformation" in file "/usr/share/dotnet/sdk/2.2.101/Microsoft.Common.CurrentVersion.targets" from project "/home/mdegallaix/Projects/yaml-parser/yaml-parser/yaml-parser.fsproj" (target "AddSourceRevisionToInformationalVersion" depends on it):
   3:7>Done building target "InitializeSourceControlInformation" in project "yaml-parser.fsproj".
   3:7>Target "AddSourceRevisionToInformationalVersion" in file "/usr/share/dotnet/sdk/2.2.101/Sdks/Microsoft.NET.Sdk/targets/Microsoft.NET.GenerateAssemblyInfo.targets" from project "/home/mdegallaix/Projects/yaml-parser/yaml-parser/yaml-parser.fsproj" (target "GetAssemblyAttributes" depends on it):
   3:7>Done building target "AddSourceRevisionToInformationalVersion" in project "yaml-parser.fsproj".
   3:7>Target "GetAssemblyAttributes" in file "/usr/share/dotnet/sdk/2.2.101/Sdks/Microsoft.NET.Sdk/targets/Microsoft.NET.GenerateAssemblyInfo.targets" from project "/home/mdegallaix/Projects/yaml-parser/yaml-parser/yaml-parser.fsproj" (target "CreateGeneratedAssemblyInfoInputsCacheFile" depends on it):
   3:7>Done building target "GetAssemblyAttributes" in project "yaml-parser.fsproj".
   3:7>Target "CreateGeneratedAssemblyInfoInputsCacheFile" in file "/usr/share/dotnet/sdk/2.2.101/Sdks/Microsoft.NET.Sdk/targets/Microsoft.NET.GenerateAssemblyInfo.targets" from project "/home/mdegallaix/Projects/yaml-parser/yaml-parser/yaml-parser.fsproj" (target "CoreGenerateAssemblyInfo" depends on it):
       Using "Hash" task from assembly "Microsoft.Build.Tasks.Core, Version=15.1.0.0, Culture=neutral, PublicKeyToken=b03f5f7f11d50a3a".
       Task "Hash"
       Done executing task "Hash".
       Using "WriteLinesToFile" task from assembly "Microsoft.Build.Tasks.Core, Version=15.1.0.0, Culture=neutral, PublicKeyToken=b03f5f7f11d50a3a".
       Task "WriteLinesToFile"
         MSB3493: Skipping write to file "obj/Debug/netstandard1.6/yaml-parser.AssemblyInfoInputs.cache" because content would not change.
       Done executing task "WriteLinesToFile".
   3:7>Done building target "CreateGeneratedAssemblyInfoInputsCacheFile" in project "yaml-parser.fsproj".
   3:7>Target "CoreGenerateAssemblyInfo" in file "/usr/share/dotnet/sdk/2.2.101/FSharp/Microsoft.FSharp.Overrides.NetSdk.targets" from project "/home/mdegallaix/Projects/yaml-parser/yaml-parser/yaml-parser.fsproj" (target "GenerateAssemblyInfo" depends on it):
       Skipping target "CoreGenerateAssemblyInfo" because all output files are up-to-date with respect to the input files.
       Input files: obj/Debug/netstandard1.6/yaml-parser.AssemblyInfoInputs.cache
       Output files: obj/Debug/netstandard1.6/yaml-parser.AssemblyInfo.fs
   3:7>Done building target "CoreGenerateAssemblyInfo" in project "yaml-parser.fsproj".
   3:7>Target "GenerateAssemblyInfo" in file "/usr/share/dotnet/sdk/2.2.101/Sdks/Microsoft.NET.Sdk/targets/Microsoft.NET.GenerateAssemblyInfo.targets" from project "/home/mdegallaix/Projects/yaml-parser/yaml-parser/yaml-parser.fsproj" (target "CoreCompile" depends on it):
   3:7>Done building target "GenerateAssemblyInfo" in project "yaml-parser.fsproj".
   3:7>Target "CoreCompile" in file "/usr/share/dotnet/sdk/2.2.101/FSharp/Microsoft.FSharp.Targets" from project "/home/mdegallaix/Projects/yaml-parser/yaml-parser/yaml-parser.fsproj" (target "Compile" depends on it):
       Building target "CoreCompile" completely.
       Output file "obj/Debug/netstandard1.6/yaml-parser.dll" does not exist.
       Task "Error" skipped, due to false condition; ('$(SilverlightVersion)' != '' and '$(SilverlightVersion)' != 'v5.0') was evaluated as ('' != '' and '' != 'v5.0').
       Task "Warning" skipped, due to false condition; ('$(Win32ResourceFile)' != '' ) was evaluated as ('' != '' ).
       Using "Fsc" task from assembly "/usr/share/dotnet/sdk/2.2.101/FSharp/FSharp.Build.dll".
       Task "Fsc"
         /usr/share/dotnet/sdk/2.2.101/FSharp/RunFsc.sh -o:obj/Debug/netstandard1.6/yaml-parser.dll
         -g
         --debug:portable
         --noframework
         --define:TRACE
         --define:DEBUG
         --define:NETSTANDARD
         --define:NETSTANDARD1_6
         --optimize-
         --tailcalls-
         -r:/home/mdegallaix/.nuget/packages/microsoft.win32.primitives/4.3.0/ref/netstandard1.3/Microsoft.Win32.Primitives.dll
         -r:/home/mdegallaix/.nuget/packages/system.appcontext/4.3.0/ref/netstandard1.6/System.AppContext.dll
         -r:/home/mdegallaix/.nuget/packages/system.collections.concurrent/4.3.0/ref/netstandard1.3/System.Collections.Concurrent.dll
         -r:/home/mdegallaix/.nuget/packages/system.collections/4.3.0/ref/netstandard1.3/System.Collections.dll
         -r:/usr/share/dotnet/sdk/NuGetFallbackFolder/system.console/4.3.0/ref/netstandard1.3/System.Console.dll
         -r:/home/mdegallaix/.nuget/packages/system.diagnostics.debug/4.3.0/ref/netstandard1.3/System.Diagnostics.Debug.dll
         -r:/home/mdegallaix/.nuget/packages/system.diagnostics.tools/4.3.0/ref/netstandard1.0/System.Diagnostics.Tools.dll
         -r:/home/mdegallaix/.nuget/packages/system.diagnostics.tracing/4.3.0/ref/netstandard1.5/System.Diagnostics.Tracing.dll
         -r:/home/mdegallaix/.nuget/packages/system.globalization.calendars/4.3.0/ref/netstandard1.3/System.Globalization.Calendars.dll
         -r:/home/mdegallaix/.nuget/packages/system.globalization/4.3.0/ref/netstandard1.3/System.Globalization.dll
         -r:/home/mdegallaix/.nuget/packages/system.io.compression/4.3.0/ref/netstandard1.3/System.IO.Compression.dll
         -r:/home/mdegallaix/.nuget/packages/system.io.compression.zipfile/4.3.0/ref/netstandard1.3/System.IO.Compression.ZipFile.dll
         -r:/home/mdegallaix/.nuget/packages/system.io/4.3.0/ref/netstandard1.5/System.IO.dll
         -r:/home/mdegallaix/.nuget/packages/system.io.filesystem/4.3.0/ref/netstandard1.3/System.IO.FileSystem.dll
         -r:/home/mdegallaix/.nuget/packages/system.io.filesystem.primitives/4.3.0/ref/netstandard1.3/System.IO.FileSystem.Primitives.dll
         -r:/home/mdegallaix/.nuget/packages/system.linq/4.3.0/ref/netstandard1.6/System.Linq.dll
         -r:/home/mdegallaix/.nuget/packages/system.linq.expressions/4.3.0/ref/netstandard1.6/System.Linq.Expressions.dll
         -r:/usr/share/dotnet/sdk/NuGetFallbackFolder/system.net.http/4.3.0/ref/netstandard1.3/System.Net.Http.dll
         -r:/home/mdegallaix/.nuget/packages/system.net.primitives/4.3.0/ref/netstandard1.3/System.Net.Primitives.dll
         -r:/home/mdegallaix/.nuget/packages/system.net.sockets/4.3.0/ref/netstandard1.3/System.Net.Sockets.dll
         -r:/home/mdegallaix/.nuget/packages/system.objectmodel/4.3.0/ref/netstandard1.3/System.ObjectModel.dll
         -r:/home/mdegallaix/.nuget/packages/system.reflection/4.3.0/ref/netstandard1.5/System.Reflection.dll
         -r:/home/mdegallaix/.nuget/packages/system.reflection.extensions/4.3.0/ref/netstandard1.0/System.Reflection.Extensions.dll
         -r:/home/mdegallaix/.nuget/packages/system.reflection.primitives/4.3.0/ref/netstandard1.0/System.Reflection.Primitives.dll
         -r:/home/mdegallaix/.nuget/packages/system.resources.resourcemanager/4.3.0/ref/netstandard1.0/System.Resources.ResourceManager.dll
         -r:/home/mdegallaix/.nuget/packages/system.runtime/4.3.0/ref/netstandard1.5/System.Runtime.dll
         -r:/home/mdegallaix/.nuget/packages/system.runtime.extensions/4.3.0/ref/netstandard1.5/System.Runtime.Extensions.dll
         -r:/home/mdegallaix/.nuget/packages/system.runtime.handles/4.3.0/ref/netstandard1.3/System.Runtime.Handles.dll
         -r:/home/mdegallaix/.nuget/packages/system.runtime.interopservices/4.3.0/ref/netstandard1.5/System.Runtime.InteropServices.dll
         -r:/home/mdegallaix/.nuget/packages/system.runtime.interopservices.runtimeinformation/4.3.0/ref/netstandard1.1/System.Runtime.InteropServices.RuntimeInformation.dll
         -r:/home/mdegallaix/.nuget/packages/system.runtime.numerics/4.3.0/ref/netstandard1.1/System.Runtime.Numerics.dll
         -r:/usr/share/dotnet/sdk/NuGetFallbackFolder/system.security.cryptography.algorithms/4.3.0/ref/netstandard1.6/System.Security.Cryptography.Algorithms.dll
         -r:/home/mdegallaix/.nuget/packages/system.security.cryptography.encoding/4.3.0/ref/netstandard1.3/System.Security.Cryptography.Encoding.dll
         -r:/home/mdegallaix/.nuget/packages/system.security.cryptography.primitives/4.3.0/ref/netstandard1.3/System.Security.Cryptography.Primitives.dll
         -r:/usr/share/dotnet/sdk/NuGetFallbackFolder/system.security.cryptography.x509certificates/4.3.0/ref/netstandard1.4/System.Security.Cryptography.X509Certificates.dll
         -r:/home/mdegallaix/.nuget/packages/system.text.encoding/4.3.0/ref/netstandard1.3/System.Text.Encoding.dll
         -r:/home/mdegallaix/.nuget/packages/system.text.encoding.extensions/4.3.0/ref/netstandard1.3/System.Text.Encoding.Extensions.dll
         -r:/home/mdegallaix/.nuget/packages/system.text.regularexpressions/4.3.0/ref/netstandard1.6/System.Text.RegularExpressions.dll
         -r:/home/mdegallaix/.nuget/packages/system.threading/4.3.0/ref/netstandard1.3/System.Threading.dll
         -r:/home/mdegallaix/.nuget/packages/system.threading.tasks/4.3.0/ref/netstandard1.3/System.Threading.Tasks.dll
         -r:/home/mdegallaix/.nuget/packages/system.threading.timer/4.3.0/ref/netstandard1.2/System.Threading.Timer.dll
         -r:/usr/share/dotnet/sdk/NuGetFallbackFolder/system.xml.readerwriter/4.3.0/ref/netstandard1.3/System.Xml.ReaderWriter.dll
         -r:/home/mdegallaix/.nuget/packages/system.xml.xdocument/4.3.0/ref/netstandard1.3/System.Xml.XDocument.dll
         --target:library
         --nowarn:NU1603,NU1604,NU1605,NU1608
         --warn:3
         --warnaserror:76
         --fullpaths
         --flaterrors
         --highentropyva-
         --targetprofile:netcore
         --simpleresolution
         --nocopyfsharpcore
         obj/Debug/netstandard1.6/yaml-parser.AssemblyInfo.fs
         prelude.fs
         types.fs
         primitives.fs
         flow-styles.fs
         block-styles.fs
         parser.fs
         /tmp/.NETStandard,Version=v1.6.AssemblyAttributes.fs
         
   2:6>Project "/home/mdegallaix/Projects/yaml-parser/yaml-parser-tests/yaml-parser-tests.fsproj" (2:6) is building "/home/mdegallaix/Projects/yaml-parser/yaml-parser/yaml-parser.fsproj" (3:8) on node 1 (GetTargetFrameworks target(s)).
   3:8>Building with tools version "15.0".
   3:8>Target "GetTargetFrameworks" in file "/usr/share/dotnet/sdk/2.2.101/Microsoft.Common.CurrentVersion.targets" from project "/home/mdegallaix/Projects/yaml-parser/yaml-parser/yaml-parser.fsproj" (entry point):
   3:8>Done building target "GetTargetFrameworks" in project "yaml-parser.fsproj".
   3:8>Done Building Project "/home/mdegallaix/Projects/yaml-parser/yaml-parser/yaml-parser.fsproj" (GetTargetFrameworks target(s)).
   2:6>Done executing task "MSBuild".
       Using "GetReferenceNearestTargetFrameworkTask" task from assembly "/usr/share/dotnet/sdk/2.2.101/NuGet.Build.Tasks.dll".
       Task "GetReferenceNearestTargetFrameworkTask"
         (in) CurrentProjectTargetFramework '.NETCoreApp,Version=v2.1'
         (in) FallbackTargetFrameworks 'net461'
         (in) AnnotatedProjectReferences '../yaml-parser/yaml-parser.fsproj'
         (out) AssignedProjects '../yaml-parser/yaml-parser.fsproj'
       Done executing task "GetReferenceNearestTargetFrameworkTask".
   2:6>Done building target "_GetProjectReferenceTargetFrameworkProperties" in project "yaml-parser-tests.fsproj".
   2:6>Target "PrepareProjectReferences" in file "/usr/share/dotnet/sdk/2.2.101/Microsoft.Common.CurrentVersion.targets" from project "/home/mdegallaix/Projects/yaml-parser/yaml-parser-tests/yaml-parser-tests.fsproj" (target "ResolveProjectReferences" depends on it):
   2:6>Done building target "PrepareProjectReferences" in project "yaml-parser-tests.fsproj".
   2:6>Target "ResolveProjectReferences" in file "/usr/share/dotnet/sdk/2.2.101/Microsoft.Common.CurrentVersion.targets" from project "/home/mdegallaix/Projects/yaml-parser/yaml-parser-tests/yaml-parser-tests.fsproj" (target "ResolveReferences" depends on it):
       Task "MSBuild" skipped, due to false condition; ('%(_MSBuildProjectReferenceExistent.BuildReference)' == 'true' and '@(ProjectReferenceWithConfiguration)' != '' and ('$(BuildingInsideVisualStudio)' == 'true' or '$(BuildProjectReferences)' != 'true') and '$(VisualStudioVersion)' != '10.0' and '@(_MSBuildProjectReferenceExistent)' != '') was evaluated as ('true' == 'true' and '../yaml-parser/yaml-parser.fsproj' != '' and ('' == 'true' or 'true' != 'true') and '15.0' != '10.0' and '../yaml-parser/yaml-parser.fsproj' != '').
       Task "MSBuild" skipped, due to false condition; ('%(_MSBuildProjectReferenceExistent.BuildReference)' == 'true' and '@(ProjectReferenceWithConfiguration)' != '' and ('$(BuildingInsideVisualStudio)' == 'true' or '$(BuildProjectReferences)' != 'true') and '$(VisualStudioVersion)' == '10.0' and '@(_MSBuildProjectReferenceExistent)' != '') was evaluated as ('true' == 'true' and '../yaml-parser/yaml-parser.fsproj' != '' and ('' == 'true' or 'true' != 'true') and '15.0' == '10.0' and '../yaml-parser/yaml-parser.fsproj' != '').
       Task "MSBuild"
         Global Properties:
           Configuration=Debug
           Platform=AnyCPU
         Removing Properties for project "../yaml-parser/yaml-parser.fsproj":
           TargetFramework
           RuntimeIdentifier
   3:7>CoreCompile:
         Microsoft (R) F# Compiler version 10.2.3 for F# 4.5
         Copyright (c) Microsoft Corporation. All Rights Reserved.
         
   3:7>/home/mdegallaix/Projects/yaml-parser/yaml-parser/primitives.fs(7,6): error FS0039: The namespace or module 'FParsec' is not defined. [/home/mdegallaix/Projects/yaml-parser/yaml-parser/yaml-parser.fsproj]
         
   3:7>/home/mdegallaix/Projects/yaml-parser/yaml-parser/primitives.fs(10,25): error FS0039: The value or constructor 'createParserForwardedToRef' is not defined. [/home/mdegallaix/Projects/yaml-parser/yaml-parser/yaml-parser.fsproj]
         
   3:7>/home/mdegallaix/Projects/yaml-parser/yaml-parser/primitives.fs(15,15): error FS0039: The type 'Parser' is not defined. [/home/mdegallaix/Projects/yaml-parser/yaml-parser/yaml-parser.fsproj]
         
   3:7>/home/mdegallaix/Projects/yaml-parser/yaml-parser/primitives.fs(15,36): error FS0039: The type 'Parser' is not defined. [/home/mdegallaix/Projects/yaml-parser/yaml-parser/yaml-parser.fsproj]
         
   3:7>/home/mdegallaix/Projects/yaml-parser/yaml-parser/primitives.fs(37,17): error FS0039: The type 'Parser' is not defined. [/home/mdegallaix/Projects/yaml-parser/yaml-parser/yaml-parser.fsproj]
         
   3:7>/home/mdegallaix/Projects/yaml-parser/yaml-parser/primitives.fs(38,8): error FS0039: The value or constructor 'pchar' is not defined. Maybe you want one of the following:   char [/home/mdegallaix/Projects/yaml-parser/yaml-parser/yaml-parser.fsproj]
         
   3:7>/home/mdegallaix/Projects/yaml-parser/yaml-parser/primitives.fs(39,8): error FS0039: The value or constructor 'pchar' is not defined. Maybe you want one of the following:   char [/home/mdegallaix/Projects/yaml-parser/yaml-parser/yaml-parser.fsproj]
         
   3:7>/home/mdegallaix/Projects/yaml-parser/yaml-parser/primitives.fs(39,33): error FS0039: The value or constructor 'opt' is not defined. Maybe you want one of the following:   Option   option [/home/mdegallaix/Projects/yaml-parser/yaml-parser/yaml-parser.fsproj]
         
   3:7>/home/mdegallaix/Projects/yaml-parser/yaml-parser/primitives.fs(41,21): error FS0039: The type 'Parser' is not defined. [/home/mdegallaix/Projects/yaml-parser/yaml-parser/yaml-parser.fsproj]
         
   3:7>/home/mdegallaix/Projects/yaml-parser/yaml-parser/primitives.fs(42,8): error FS0039: The value or constructor 'skipChar' is not defined. [/home/mdegallaix/Projects/yaml-parser/yaml-parser/yaml-parser.fsproj]
         
   3:7>/home/mdegallaix/Projects/yaml-parser/yaml-parser/primitives.fs(43,8): error FS0039: The value or constructor 'skipChar' is not defined. [/home/mdegallaix/Projects/yaml-parser/yaml-parser/yaml-parser.fsproj]
         
   3:7>/home/mdegallaix/Projects/yaml-parser/yaml-parser/primitives.fs(43,36): error FS0039: The value or constructor 'optional' is not defined. Maybe you want one of the following:   Option   option   OptionModule   voption   OptionalArgumentAttribute [/home/mdegallaix/Projects/yaml-parser/yaml-parser/yaml-parser.fsproj]
         
   3:7>/home/mdegallaix/Projects/yaml-parser/yaml-parser/primitives.fs(45,25): error FS0039: The value or constructor 'skipMany' is not defined. [/home/mdegallaix/Projects/yaml-parser/yaml-parser/yaml-parser.fsproj]
         
   3:7>/home/mdegallaix/Projects/yaml-parser/yaml-parser/primitives.fs(47,26): error FS0039: The value or constructor 'skipMany1' is not defined. Maybe you want one of the following:   skipManyLineBreak [/home/mdegallaix/Projects/yaml-parser/yaml-parser/yaml-parser.fsproj]
         
   3:7>/home/mdegallaix/Projects/yaml-parser/yaml-parser/primitives.fs(49,18): error FS0039: The type 'Parser' is not defined. [/home/mdegallaix/Projects/yaml-parser/yaml-parser/yaml-parser.fsproj]
         
   3:7>/home/mdegallaix/Projects/yaml-parser/yaml-parser/primitives.fs(50,3): error FS0039: The value or constructor 'satisfy' is not defined. [/home/mdegallaix/Projects/yaml-parser/yaml-parser/yaml-parser.fsproj]
         
   3:7>/home/mdegallaix/Projects/yaml-parser/yaml-parser/primitives.fs(52,19): error FS0039: The type 'Parser' is not defined. [/home/mdegallaix/Projects/yaml-parser/yaml-parser/yaml-parser.fsproj]
         
   3:7>/home/mdegallaix/Projects/yaml-parser/yaml-parser/primitives.fs(53,3): error FS0039: The value or constructor 'manySatisfy' is not defined. [/home/mdegallaix/Projects/yaml-parser/yaml-parser/yaml-parser.fsproj]
         
   3:7>/home/mdegallaix/Projects/yaml-parser/yaml-parser/primitives.fs(55,20): error FS0039: The type 'Parser' is not defined. [/home/mdegallaix/Projects/yaml-parser/yaml-parser/yaml-parser.fsproj]
         
   3:7>/home/mdegallaix/Projects/yaml-parser/yaml-parser/primitives.fs(56,3): error FS0039: The value or constructor 'many1Satisfy' is not defined. [/home/mdegallaix/Projects/yaml-parser/yaml-parser/yaml-parser.fsproj]
         
   3:7>/home/mdegallaix/Projects/yaml-parser/yaml-parser/primitives.fs(58,22): error FS0039: The type 'Parser' is not defined. [/home/mdegallaix/Projects/yaml-parser/yaml-parser/yaml-parser.fsproj]
         
   3:7>/home/mdegallaix/Projects/yaml-parser/yaml-parser/primitives.fs(59,3): error FS0039: The value or constructor 'skipSatisfy' is not defined. [/home/mdegallaix/Projects/yaml-parser/yaml-parser/yaml-parser.fsproj]
         
   3:7>/home/mdegallaix/Projects/yaml-parser/yaml-parser/primitives.fs(61,27): error FS0039: The type 'Parser' is not defined. [/home/mdegallaix/Projects/yaml-parser/yaml-parser/yaml-parser.fsproj]
         
   3:7>/home/mdegallaix/Projects/yaml-parser/yaml-parser/primitives.fs(62,3): error FS0039: The value or constructor 'skipManySatisfy' is not defined. Maybe you want one of the following:   skipManyLineBreak [/home/mdegallaix/Projects/yaml-parser/yaml-parser/yaml-parser.fsproj]
         
   3:7>/home/mdegallaix/Projects/yaml-parser/yaml-parser/primitives.fs(64,24): error FS0039: The type 'Parser' is not defined. [/home/mdegallaix/Projects/yaml-parser/yaml-parser/yaml-parser.fsproj]
         
   3:7>/home/mdegallaix/Projects/yaml-parser/yaml-parser/primitives.fs(65,3): error FS0039: The value or constructor 'skipMany1Satisfy' is not defined. Maybe you want one of the following:   skipManyWhitespaces   skipMany1LineBreak [/home/mdegallaix/Projects/yaml-parser/yaml-parser/yaml-parser.fsproj]
         
   3:7>/home/mdegallaix/Projects/yaml-parser/yaml-parser/primitives.fs(79,26): error FS0039: The type 'Parser' is not defined. [/home/mdegallaix/Projects/yaml-parser/yaml-parser/yaml-parser.fsproj]
         
   3:7>/home/mdegallaix/Projects/yaml-parser/yaml-parser/primitives.fs(80,17): error FS0039: The type 'CharStream' is not defined. Maybe you want one of the following:   char [/home/mdegallaix/Projects/yaml-parser/yaml-parser/yaml-parser.fsproj]
         
   3:7>/home/mdegallaix/Projects/yaml-parser/yaml-parser/primitives.fs(81,17): error FS0072: Lookup on object of indeterminate type based on information prior to this program point. A type annotation may be needed prior to this program point to constrain the type of the object. This may allow the lookup to be resolved. [/home/mdegallaix/Projects/yaml-parser/yaml-parser/yaml-parser.fsproj]
         
   3:7>/home/mdegallaix/Projects/yaml-parser/yaml-parser/primitives.fs(82,21): error FS0072: Lookup on object of indeterminate type based on information prior to this program point. A type annotation may be needed prior to this program point to constrain the type of the object. This may allow the lookup to be resolved. [/home/mdegallaix/Projects/yaml-parser/yaml-parser/yaml-parser.fsproj]
         
   3:7>/home/mdegallaix/Projects/yaml-parser/yaml-parser/primitives.fs(83,14): error FS0039: The value or constructor 'setUserState' is not defined. Maybe you want one of the following:   userState [/home/mdegallaix/Projects/yaml-parser/yaml-parser/yaml-parser.fsproj]
         
   3:7>/home/mdegallaix/Projects/yaml-parser/yaml-parser/primitives.fs(86,8): error FS0072: Lookup on object of indeterminate type based on information prior to this program point. A type annotation may be needed prior to this program point to constrain the type of the object. This may allow the lookup to be resolved. [/home/mdegallaix/Projects/yaml-parser/yaml-parser/yaml-parser.fsproj]
         
   3:7>/home/mdegallaix/Projects/yaml-parser/yaml-parser/primitives.fs(87,7): error FS0072: Lookup on object of indeterminate type based on information prior to this program point. A type annotation may be needed prior to this program point to constrain the type of the object. This may allow the lookup to be resolved. [/home/mdegallaix/Projects/yaml-parser/yaml-parser/yaml-parser.fsproj]
         
   3:7>/home/mdegallaix/Projects/yaml-parser/yaml-parser/primitives.fs(89,7): error FS0072: Lookup on object of indeterminate type based on information prior to this program point. A type annotation may be needed prior to this program point to constrain the type of the object. This may allow the lookup to be resolved. [/home/mdegallaix/Projects/yaml-parser/yaml-parser/yaml-parser.fsproj]
         
   3:7>/home/mdegallaix/Projects/yaml-parser/yaml-parser/primitives.fs(96,17): error FS0039: The type 'CharStream' is not defined. Maybe you want one of the following:   char [/home/mdegallaix/Projects/yaml-parser/yaml-parser/yaml-parser.fsproj]
         
   3:7>/home/mdegallaix/Projects/yaml-parser/yaml-parser/primitives.fs(97,17): error FS0072: Lookup on object of indeterminate type based on information prior to this program point. A type annotation may be needed prior to this program point to constrain the type of the object. This may allow the lookup to be resolved. [/home/mdegallaix/Projects/yaml-parser/yaml-parser/yaml-parser.fsproj]
         
   3:7>/home/mdegallaix/Projects/yaml-parser/yaml-parser/primitives.fs(98,21): error FS0072: Lookup on object of indeterminate type based on information prior to this program point. A type annotation may be needed prior to this program point to constrain the type of the object. This may allow the lookup to be resolved. [/home/mdegallaix/Projects/yaml-parser/yaml-parser/yaml-parser.fsproj]
         
   3:7>/home/mdegallaix/Projects/yaml-parser/yaml-parser/primitives.fs(99,18): error FS0072: Lookup on object of indeterminate type based on information prior to this program point. A type annotation may be needed prior to this program point to constrain the type of the object. This may allow the lookup to be resolved. [/home/mdegallaix/Projects/yaml-parser/yaml-parser/yaml-parser.fsproj]
         
   3:7>/home/mdegallaix/Projects/yaml-parser/yaml-parser/primitives.fs(104,9): error FS0039: The value or constructor 'skipArray' is not defined. [/home/mdegallaix/Projects/yaml-parser/yaml-parser/yaml-parser.fsproj]
         
   3:7>/home/mdegallaix/Projects/yaml-parser/yaml-parser/primitives.fs(106,10): error FS0072: Lookup on object of indeterminate type based on information prior to this program point. A type annotation may be needed prior to this program point to constrain the type of the object. This may allow the lookup to be resolved. [/home/mdegallaix/Projects/yaml-parser/yaml-parser/yaml-parser.fsproj]
         
   3:7>/home/mdegallaix/Projects/yaml-parser/yaml-parser/primitives.fs(108,9): error FS0039: The value or constructor 'Reply' is not defined. [/home/mdegallaix/Projects/yaml-parser/yaml-parser/yaml-parser.fsproj]
         
   3:7>/home/mdegallaix/Projects/yaml-parser/yaml-parser/primitives.fs(111,9): error FS0072: Lookup on object of indeterminate type based on information prior to this program point. A type annotation may be needed prior to this program point to constrain the type of the object. This may allow the lookup to be resolved. [/home/mdegallaix/Projects/yaml-parser/yaml-parser/yaml-parser.fsproj]
         
   3:7>/home/mdegallaix/Projects/yaml-parser/yaml-parser/primitives.fs(112,9): error FS0039: The value or constructor 'Reply' is not defined. [/home/mdegallaix/Projects/yaml-parser/yaml-parser/yaml-parser.fsproj]
         
   3:7>/home/mdegallaix/Projects/yaml-parser/yaml-parser/primitives.fs(115,7): error FS0072: Lookup on object of indeterminate type based on information prior to this program point. A type annotation may be needed prior to this program point to constrain the type of the object. This may allow the lookup to be resolved. [/home/mdegallaix/Projects/yaml-parser/yaml-parser/yaml-parser.fsproj]
         
   3:7>/home/mdegallaix/Projects/yaml-parser/yaml-parser/primitives.fs(116,7): error FS0039: The value or constructor 'Reply' is not defined. [/home/mdegallaix/Projects/yaml-parser/yaml-parser/yaml-parser.fsproj]
         
   3:7>/home/mdegallaix/Projects/yaml-parser/yaml-parser/primitives.fs(119,7): error FS0039: The value or constructor 'Reply' is not defined. [/home/mdegallaix/Projects/yaml-parser/yaml-parser/yaml-parser.fsproj]
         
   3:7>/home/mdegallaix/Projects/yaml-parser/yaml-parser/primitives.fs(122,3): error FS0039: The value or constructor 'getUserState' is not defined. [/home/mdegallaix/Projects/yaml-parser/yaml-parser/yaml-parser.fsproj]
         
   3:7>/home/mdegallaix/Projects/yaml-parser/yaml-parser/primitives.fs(123,5): error FS0039: The value or constructor 'setUserState' is not defined. Maybe you want one of the following:   userState [/home/mdegallaix/Projects/yaml-parser/yaml-parser/yaml-parser.fsproj]
         
   3:7>/home/mdegallaix/Projects/yaml-parser/yaml-parser/primitives.fs(125,9): error FS0039: The value or constructor 'setUserState' is not defined. Maybe you want one of the following:   userState [/home/mdegallaix/Projects/yaml-parser/yaml-parser/yaml-parser.fsproj]
         
   3:7>/home/mdegallaix/Projects/yaml-parser/yaml-parser/primitives.fs(129,3): error FS0039: The value or constructor 'getUserState' is not defined. [/home/mdegallaix/Projects/yaml-parser/yaml-parser/yaml-parser.fsproj]
         
   3:7>/home/mdegallaix/Projects/yaml-parser/yaml-parser/primitives.fs(130,5): error FS0039: The value or constructor 'setUserState' is not defined. Maybe you want one of the following:   userState [/home/mdegallaix/Projects/yaml-parser/yaml-parser/yaml-parser.fsproj]
         
   3:7>/home/mdegallaix/Projects/yaml-parser/yaml-parser/primitives.fs(135,26): error FS0039: The type 'CharStream' is not defined. Maybe you want one of the following:   char [/home/mdegallaix/Projects/yaml-parser/yaml-parser/yaml-parser.fsproj]
         
   3:7>/home/mdegallaix/Projects/yaml-parser/yaml-parser/primitives.fs(136,15): error FS0072: Lookup on object of indeterminate type based on information prior to this program point. A type annotation may be needed prior to this program point to constrain the type of the object. This may allow the lookup to be resolved. [/home/mdegallaix/Projects/yaml-parser/yaml-parser/yaml-parser.fsproj]
         
   3:7>/home/mdegallaix/Projects/yaml-parser/yaml-parser/primitives.fs(140,19): error FS0072: Lookup on object of indeterminate type based on information prior to this program point. A type annotation may be needed prior to this program point to constrain the type of the object. This may allow the lookup to be resolved. [/home/mdegallaix/Projects/yaml-parser/yaml-parser/yaml-parser.fsproj]
         
   3:7>/home/mdegallaix/Projects/yaml-parser/yaml-parser/primitives.fs(141,16): error FS0072: Lookup on object of indeterminate type based on information prior to this program point. A type annotation may be needed prior to this program point to constrain the type of the object. This may allow the lookup to be resolved. [/home/mdegallaix/Projects/yaml-parser/yaml-parser/yaml-parser.fsproj]
         
   3:7>/home/mdegallaix/Projects/yaml-parser/yaml-parser/primitives.fs(145,5): error FS0039: The value or constructor 'setUserState' is not defined. Maybe you want one of the following:   userState [/home/mdegallaix/Projects/yaml-parser/yaml-parser/yaml-parser.fsproj]
         
   3:7>/home/mdegallaix/Projects/yaml-parser/yaml-parser/primitives.fs(147,5): error FS0039: The value or constructor 'Reply' is not defined. [/home/mdegallaix/Projects/yaml-parser/yaml-parser/yaml-parser.fsproj]
         
   3:7>/home/mdegallaix/Projects/yaml-parser/yaml-parser/primitives.fs(151,5): error FS0072: Lookup on object of indeterminate type based on information prior to this program point. A type annotation may be needed prior to this program point to constrain the type of the object. This may allow the lookup to be resolved. [/home/mdegallaix/Projects/yaml-parser/yaml-parser/yaml-parser.fsproj]
         
   3:7>/home/mdegallaix/Projects/yaml-parser/yaml-parser/primitives.fs(152,5): error FS0039: The value or constructor 'Reply' is not defined. [/home/mdegallaix/Projects/yaml-parser/yaml-parser/yaml-parser.fsproj]
         
   3:7>/home/mdegallaix/Projects/yaml-parser/yaml-parser/primitives.fs(156,26): error FS0039: The type 'CharStream' is not defined. Maybe you want one of the following:   char [/home/mdegallaix/Projects/yaml-parser/yaml-parser/yaml-parser.fsproj]
         
   3:7>/home/mdegallaix/Projects/yaml-parser/yaml-parser/primitives.fs(159,19): error FS0072: Lookup on object of indeterminate type based on information prior to this program point. A type annotation may be needed prior to this program point to constrain the type of the object. This may allow the lookup to be resolved. [/home/mdegallaix/Projects/yaml-parser/yaml-parser/yaml-parser.fsproj]
         
   3:7>/home/mdegallaix/Projects/yaml-parser/yaml-parser/primitives.fs(160,16): error FS0072: Lookup on object of indeterminate type based on information prior to this program point. A type annotation may be needed prior to this program point to constrain the type of the object. This may allow the lookup to be resolved. [/home/mdegallaix/Projects/yaml-parser/yaml-parser/yaml-parser.fsproj]
         
   3:7>/home/mdegallaix/Projects/yaml-parser/yaml-parser/primitives.fs(161,3): error FS0039: The value or constructor 'setUserState' is not defined. Maybe you want one of the following:   userState [/home/mdegallaix/Projects/yaml-parser/yaml-parser/yaml-parser.fsproj]
         
   3:7>/home/mdegallaix/Projects/yaml-parser/yaml-parser/primitives.fs(164,3): error FS0039: The value or constructor 'getUserState' is not defined. [/home/mdegallaix/Projects/yaml-parser/yaml-parser/yaml-parser.fsproj]
         
   3:7>/home/mdegallaix/Projects/yaml-parser/yaml-parser/primitives.fs(165,3): error FS0039: The value or constructor 'getPosition' is not defined. [/home/mdegallaix/Projects/yaml-parser/yaml-parser/yaml-parser.fsproj]
         
   3:7>/home/mdegallaix/Projects/yaml-parser/yaml-parser/primitives.fs(167,8): error FS0072: Lookup on object of indeterminate type based on information prior to this program point. A type annotation may be needed prior to this program point to constrain the type of the object. This may allow the lookup to be resolved. [/home/mdegallaix/Projects/yaml-parser/yaml-parser/yaml-parser.fsproj]
         
   3:7>/home/mdegallaix/Projects/yaml-parser/yaml-parser/primitives.fs(167,27): error FS0072: Lookup on object of indeterminate type based on information prior to this program point. A type annotation may be needed prior to this program point to constrain the type of the object. This may allow the lookup to be resolved. [/home/mdegallaix/Projects/yaml-parser/yaml-parser/yaml-parser.fsproj]
         
   3:7>/home/mdegallaix/Projects/yaml-parser/yaml-parser/primitives.fs(168,7): error FS0039: The value or constructor 'preturn' is not defined. [/home/mdegallaix/Projects/yaml-parser/yaml-parser/yaml-parser.fsproj]
         
   3:7>/home/mdegallaix/Projects/yaml-parser/yaml-parser/primitives.fs(170,7): error FS0039: The value or constructor 'pzero' is not defined. [/home/mdegallaix/Projects/yaml-parser/yaml-parser/yaml-parser.fsproj]
         
   3:7>/home/mdegallaix/Projects/yaml-parser/yaml-parser/primitives.fs(170,62): error FS0072: Lookup on object of indeterminate type based on information prior to this program point. A type annotation may be needed prior to this program point to constrain the type of the object. This may allow the lookup to be resolved. [/home/mdegallaix/Projects/yaml-parser/yaml-parser/yaml-parser.fsproj]
         
   3:7>/home/mdegallaix/Projects/yaml-parser/yaml-parser/primitives.fs(176,3): error FS0039: The value or constructor 'getPosition' is not defined. [/home/mdegallaix/Projects/yaml-parser/yaml-parser/yaml-parser.fsproj]
         
   3:7>/home/mdegallaix/Projects/yaml-parser/yaml-parser/primitives.fs(177,8): error FS0072: Lookup on object of indeterminate type based on information prior to this program point. A type annotation may be needed prior to this program point to constrain the type of the object. This may allow the lookup to be resolved. [/home/mdegallaix/Projects/yaml-parser/yaml-parser/yaml-parser.fsproj]
         
   3:7>/home/mdegallaix/Projects/yaml-parser/yaml-parser/primitives.fs(177,29): error FS0039: The value or constructor 'preturn' is not defined. [/home/mdegallaix/Projects/yaml-parser/yaml-parser/yaml-parser.fsproj]
         
   3:7>/home/mdegallaix/Projects/yaml-parser/yaml-parser/primitives.fs(178,10): error FS0039: The value or constructor 'pzero' is not defined. [/home/mdegallaix/Projects/yaml-parser/yaml-parser/yaml-parser.fsproj]
         
   3:7>/home/mdegallaix/Projects/yaml-parser/yaml-parser/primitives.fs(183,3): error FS0039: The value or constructor 'pstring' is not defined. Maybe you want one of the following:   String   string [/home/mdegallaix/Projects/yaml-parser/yaml-parser/yaml-parser.fsproj]
         
   3:7>/home/mdegallaix/Projects/yaml-parser/yaml-parser/primitives.fs(184,7): error FS0039: The value or constructor 'manySatisfy' is not defined. [/home/mdegallaix/Projects/yaml-parser/yaml-parser/yaml-parser.fsproj]
         
   3:7>/home/mdegallaix/Projects/yaml-parser/yaml-parser/primitives.fs(191,5): error FS0039: The value or constructor 'opt' is not defined. Maybe you want one of the following:   Option   option [/home/mdegallaix/Projects/yaml-parser/yaml-parser/yaml-parser.fsproj]
         
   3:7>/home/mdegallaix/Projects/yaml-parser/yaml-parser/primitives.fs(192,29): error FS0039: The value or constructor 'eof' is not defined. [/home/mdegallaix/Projects/yaml-parser/yaml-parser/yaml-parser.fsproj]
         
   3:7>/home/mdegallaix/Projects/yaml-parser/yaml-parser/primitives.fs(197,9): error FS0039: The value or constructor 'opt' is not defined. Maybe you want one of the following:   Option   option [/home/mdegallaix/Projects/yaml-parser/yaml-parser/yaml-parser.fsproj]
         
   3:7>/home/mdegallaix/Projects/yaml-parser/yaml-parser/primitives.fs(204,44): error FS0039: The value or constructor 'many' is not defined. [/home/mdegallaix/Projects/yaml-parser/yaml-parser/yaml-parser.fsproj]
         
   3:7>/home/mdegallaix/Projects/yaml-parser/yaml-parser/primitives.fs(208,33): error FS0039: The value or constructor 'opt' is not defined. Maybe you want one of the following:   Option   option [/home/mdegallaix/Projects/yaml-parser/yaml-parser/yaml-parser.fsproj]
         
   3:7>/home/mdegallaix/Projects/yaml-parser/yaml-parser/primitives.fs(211,3): error FS0039: The value or constructor 'getUserState' is not defined. [/home/mdegallaix/Projects/yaml-parser/yaml-parser/yaml-parser.fsproj]
         
   3:7>/home/mdegallaix/Projects/yaml-parser/yaml-parser/primitives.fs(220,3): error FS0039: The value or constructor 'getUserState' is not defined. [/home/mdegallaix/Projects/yaml-parser/yaml-parser/yaml-parser.fsproj]
         
   3:7>/home/mdegallaix/Projects/yaml-parser/yaml-parser/primitives.fs(230,17): error FS0039: The type 'Parser' is not defined. [/home/mdegallaix/Projects/yaml-parser/yaml-parser/yaml-parser.fsproj]
         
   3:7>/home/mdegallaix/Projects/yaml-parser/yaml-parser/primitives.fs(235,18): error FS0039: The value or constructor 'many1' is not defined. [/home/mdegallaix/Projects/yaml-parser/yaml-parser/yaml-parser.fsproj]
         
   3:7>/home/mdegallaix/Projects/yaml-parser/yaml-parser/primitives.fs(241,3): error FS0039: The value or constructor 'opt' is not defined. Maybe you want one of the following:   Option   option [/home/mdegallaix/Projects/yaml-parser/yaml-parser/yaml-parser.fsproj]
         
   3:7>/home/mdegallaix/Projects/yaml-parser/yaml-parser/flow-styles.fs(8,17): error FS0039: The namespace 'Primitives' is not defined. [/home/mdegallaix/Projects/yaml-parser/yaml-parser/yaml-parser.fsproj]
         
   3:7>/home/mdegallaix/Projects/yaml-parser/yaml-parser/flow-styles.fs(10,6): error FS0039: The namespace or module 'FParsec' is not defined. [/home/mdegallaix/Projects/yaml-parser/yaml-parser/yaml-parser.fsproj]
         
   3:7>/home/mdegallaix/Projects/yaml-parser/yaml-parser/flow-styles.fs(12,41): error FS0039: The value or constructor 'createParserForwardedToRef' is not defined. [/home/mdegallaix/Projects/yaml-parser/yaml-parser/yaml-parser.fsproj]
         
   3:7>/home/mdegallaix/Projects/yaml-parser/yaml-parser/flow-styles.fs(19,36): error FS0039: The value or constructor 'spaceChars' is not defined. [/home/mdegallaix/Projects/yaml-parser/yaml-parser/yaml-parser.fsproj]
         
   3:7>/home/mdegallaix/Projects/yaml-parser/yaml-parser/flow-styles.fs(24,14): error FS0039: The value or constructor 'spaceChars' is not defined. [/home/mdegallaix/Projects/yaml-parser/yaml-parser/yaml-parser.fsproj]
         
   3:7>/home/mdegallaix/Projects/yaml-parser/yaml-parser/flow-styles.fs(24,26): error FS0039: The value or constructor 'flowIndicators' is not defined. Maybe you want one of the following:   FlowIn [/home/mdegallaix/Projects/yaml-parser/yaml-parser/yaml-parser.fsproj]
         
   3:7>/home/mdegallaix/Projects/yaml-parser/yaml-parser/flow-styles.fs(30,5): error FS0039: The value or constructor 'getUserState' is not defined. [/home/mdegallaix/Projects/yaml-parser/yaml-parser/yaml-parser.fsproj]
         
   3:7>/home/mdegallaix/Projects/yaml-parser/yaml-parser/flow-styles.fs(31,7): error FS0039: The value or constructor 'many1Satisfy' is not defined. [/home/mdegallaix/Projects/yaml-parser/yaml-parser/yaml-parser.fsproj]
         
   3:7>/home/mdegallaix/Projects/yaml-parser/yaml-parser/flow-styles.fs(35,7): error FS0039: The value or constructor 'choice' is not defined. Maybe you want one of the following:   Choice   Choice1Of2   Choice1Of3   Choice1Of4   Choice1Of5 [/home/mdegallaix/Projects/yaml-parser/yaml-parser/yaml-parser.fsproj]
         
   3:7>/home/mdegallaix/Projects/yaml-parser/yaml-parser/flow-styles.fs(41,7): error FS0039: The value or constructor 'getUserState' is not defined. [/home/mdegallaix/Projects/yaml-parser/yaml-parser/yaml-parser.fsproj]
         
   3:7>/home/mdegallaix/Projects/yaml-parser/yaml-parser/flow-styles.fs(42,9): error FS0039: The value or constructor 'choice' is not defined. Maybe you want one of the following:   Choice   Choice1Of2   Choice1Of3   Choice1Of4   Choice1Of5 [/home/mdegallaix/Projects/yaml-parser/yaml-parser/yaml-parser.fsproj]
         
   3:7>/home/mdegallaix/Projects/yaml-parser/yaml-parser/flow-styles.fs(49,7): error FS0039: The value or constructor 'manyStrings' is not defined. [/home/mdegallaix/Projects/yaml-parser/yaml-parser/yaml-parser.fsproj]
         
   3:7>/home/mdegallaix/Projects/yaml-parser/yaml-parser/flow-styles.fs(53,7): error FS0039: The value or constructor 'followedBy' is not defined. [/home/mdegallaix/Projects/yaml-parser/yaml-parser/yaml-parser.fsproj]
         
   3:7>/home/mdegallaix/Projects/yaml-parser/yaml-parser/flow-styles.fs(57,7): error FS0039: The value or constructor 'manyStrings' is not defined. [/home/mdegallaix/Projects/yaml-parser/yaml-parser/yaml-parser.fsproj]
         Exiting - too many errors
         The command exited with code 1.
       Done executing task "Fsc" -- FAILED.
   3:7>Done building target "CoreCompile" in project "yaml-parser.fsproj" -- FAILED.
   3:7>Target "_CheckForCompileOutputs" in file "/usr/share/dotnet/sdk/2.2.101/Microsoft.Common.CurrentVersion.targets" from project "/home/mdegallaix/Projects/yaml-parser/yaml-parser/yaml-parser.fsproj" (target "_CleanGetCurrentAndPriorFileWrites" depends on it):
   3:7>Done building target "_CheckForCompileOutputs" in project "yaml-parser.fsproj".
       Target "_SGenCheckForOutputs" skipped, due to false condition; ('$(_SGenGenerateSerializationAssembliesConfig)' == 'On' or ('@(WebReferenceUrl)'!='' and '$(_SGenGenerateSerializationAssembliesConfig)' == 'Auto')) was evaluated as ('Off' == 'On' or (''!='' and 'Off' == 'Auto')).
   3:7>Target "_CleanGetCurrentAndPriorFileWrites" in file "/usr/share/dotnet/sdk/2.2.101/Microsoft.Common.CurrentVersion.targets" from project "/home/mdegallaix/Projects/yaml-parser/yaml-parser/yaml-parser.fsproj" (target "_CleanRecordFileWrites" depends on it):
       Task "ReadLinesFromFile"
       Done executing task "ReadLinesFromFile".
       Task "ConvertToAbsolutePath"
       Done executing task "ConvertToAbsolutePath".
       Using "FindUnderPath" task from assembly "Microsoft.Build.Tasks.Core, Version=15.1.0.0, Culture=neutral, PublicKeyToken=b03f5f7f11d50a3a".
       Task "FindUnderPath"
         Comparison path is "/home/mdegallaix/Projects/yaml-parser/yaml-parser".
       Done executing task "FindUnderPath".
       Task "FindUnderPath"
         Comparison path is "bin/Debug/netstandard1.6/".
       Done executing task "FindUnderPath".
       Task "FindUnderPath"
         Comparison path is "obj/Debug/netstandard1.6/".
       Done executing task "FindUnderPath".
       Task "RemoveDuplicates"
       Done executing task "RemoveDuplicates".
   3:7>Done building target "_CleanGetCurrentAndPriorFileWrites" in project "yaml-parser.fsproj".
   3:7>Target "_CleanRecordFileWrites" in file "/usr/share/dotnet/sdk/2.2.101/Microsoft.Common.CurrentVersion.targets" from project "/home/mdegallaix/Projects/yaml-parser/yaml-parser/yaml-parser.fsproj" (target "CoreBuild" depends on it):
       Task "RemoveDuplicates"
       Done executing task "RemoveDuplicates".
       Task "MakeDir"
       Done executing task "MakeDir".
       Task "WriteLinesToFile"
       Done executing task "WriteLinesToFile".
   3:7>Done building target "_CleanRecordFileWrites" in project "yaml-parser.fsproj".
   3:7>Done Building Project "/home/mdegallaix/Projects/yaml-parser/yaml-parser/yaml-parser.fsproj" (default targets) -- FAILED.
   2:6>Project "/home/mdegallaix/Projects/yaml-parser/yaml-parser-tests/yaml-parser-tests.fsproj" (2:6) is building "/home/mdegallaix/Projects/yaml-parser/yaml-parser/yaml-parser.fsproj" (3:9) on node 1 (default targets).
   3:9>Building with tools version "15.0".
       Target "Build" skipped. Previously built unsuccessfully.
   3:9>Done Building Project "/home/mdegallaix/Projects/yaml-parser/yaml-parser/yaml-parser.fsproj" (default targets) -- FAILED.
   2:6>Done executing task "MSBuild" -- FAILED.
   2:6>Done building target "ResolveProjectReferences" in project "yaml-parser-tests.fsproj" -- FAILED.
   2:6>Target "_CheckForCompileOutputs" in file "/usr/share/dotnet/sdk/2.2.101/Microsoft.Common.CurrentVersion.targets" from project "/home/mdegallaix/Projects/yaml-parser/yaml-parser-tests/yaml-parser-tests.fsproj" (target "_CleanGetCurrentAndPriorFileWrites" depends on it):
   2:6>Done building target "_CheckForCompileOutputs" in project "yaml-parser-tests.fsproj".
       Target "_SGenCheckForOutputs" skipped, due to false condition; ('$(_SGenGenerateSerializationAssembliesConfig)' == 'On' or ('@(WebReferenceUrl)'!='' and '$(_SGenGenerateSerializationAssembliesConfig)' == 'Auto')) was evaluated as ('Off' == 'On' or (''!='' and 'Off' == 'Auto')).
   2:6>Target "_CleanGetCurrentAndPriorFileWrites" in file "/usr/share/dotnet/sdk/2.2.101/Microsoft.Common.CurrentVersion.targets" from project "/home/mdegallaix/Projects/yaml-parser/yaml-parser-tests/yaml-parser-tests.fsproj" (target "_CleanRecordFileWrites" depends on it):
       Task "ReadLinesFromFile"
       Done executing task "ReadLinesFromFile".
       Task "ConvertToAbsolutePath"
       Done executing task "ConvertToAbsolutePath".
       Using "FindUnderPath" task from assembly "Microsoft.Build.Tasks.Core, Version=15.1.0.0, Culture=neutral, PublicKeyToken=b03f5f7f11d50a3a".
       Task "FindUnderPath"
         Comparison path is "/home/mdegallaix/Projects/yaml-parser/yaml-parser-tests".
       Done executing task "FindUnderPath".
       Task "FindUnderPath"
         Comparison path is "bin/Debug/netcoreapp2.1/".
   1:2>Done executing task "MSBuild" -- FAILED.
   1:2>Done building target "Build" in project "yaml-parser.sln" -- FAILED.
   1:2>Done Building Project "/home/mdegallaix/Projects/yaml-parser/yaml-parser.sln" (Build target(s)) -- FAILED.
   2:6>Done executing task "FindUnderPath".
       Task "FindUnderPath"
         Comparison path is "obj/Debug/netcoreapp2.1/".
       Done executing task "FindUnderPath".
       Task "RemoveDuplicates"
       Done executing task "RemoveDuplicates".
   2:6>Done building target "_CleanGetCurrentAndPriorFileWrites" in project "yaml-parser-tests.fsproj".
   2:6>Target "_CleanRecordFileWrites" in file "/usr/share/dotnet/sdk/2.2.101/Microsoft.Common.CurrentVersion.targets" from project "/home/mdegallaix/Projects/yaml-parser/yaml-parser-tests/yaml-parser-tests.fsproj" (target "CoreBuild" depends on it):
       Task "RemoveDuplicates"
       Done executing task "RemoveDuplicates".
       Task "MakeDir"
       Done executing task "MakeDir".
       Using "WriteLinesToFile" task from assembly "Microsoft.Build.Tasks.Core, Version=15.1.0.0, Culture=neutral, PublicKeyToken=b03f5f7f11d50a3a".
       Task "WriteLinesToFile"
       Done executing task "WriteLinesToFile".
   2:6>Done building target "_CleanRecordFileWrites" in project "yaml-parser-tests.fsproj".
   2:6>Done Building Project "/home/mdegallaix/Projects/yaml-parser/yaml-parser-tests/yaml-parser-tests.fsproj" (default targets) -- FAILED.

Build FAILED.

       "/home/mdegallaix/Projects/yaml-parser/yaml-parser.sln" (Build target) (1:2) ->
       "/home/mdegallaix/Projects/yaml-parser/yaml-parser/yaml-parser.fsproj" (default target) (3:7) ->
       (CoreCompile target) -> 
         /home/mdegallaix/Projects/yaml-parser/yaml-parser/primitives.fs(7,6): error FS0039: The namespace or module 'FParsec' is not defined. [/home/mdegallaix/Projects/yaml-parser/yaml-parser/yaml-parser.fsproj]
         /home/mdegallaix/Projects/yaml-parser/yaml-parser/primitives.fs(10,25): error FS0039: The value or constructor 'createParserForwardedToRef' is not defined. [/home/mdegallaix/Projects/yaml-parser/yaml-parser/yaml-parser.fsproj]
         /home/mdegallaix/Projects/yaml-parser/yaml-parser/primitives.fs(15,15): error FS0039: The type 'Parser' is not defined. [/home/mdegallaix/Projects/yaml-parser/yaml-parser/yaml-parser.fsproj]
         /home/mdegallaix/Projects/yaml-parser/yaml-parser/primitives.fs(15,36): error FS0039: The type 'Parser' is not defined. [/home/mdegallaix/Projects/yaml-parser/yaml-parser/yaml-parser.fsproj]
         /home/mdegallaix/Projects/yaml-parser/yaml-parser/primitives.fs(37,17): error FS0039: The type 'Parser' is not defined. [/home/mdegallaix/Projects/yaml-parser/yaml-parser/yaml-parser.fsproj]
         /home/mdegallaix/Projects/yaml-parser/yaml-parser/primitives.fs(38,8): error FS0039: The value or constructor 'pchar' is not defined. Maybe you want one of the following:   char [/home/mdegallaix/Projects/yaml-parser/yaml-parser/yaml-parser.fsproj]
         /home/mdegallaix/Projects/yaml-parser/yaml-parser/primitives.fs(39,8): error FS0039: The value or constructor 'pchar' is not defined. Maybe you want one of the following:   char [/home/mdegallaix/Projects/yaml-parser/yaml-parser/yaml-parser.fsproj]
         /home/mdegallaix/Projects/yaml-parser/yaml-parser/primitives.fs(39,33): error FS0039: The value or constructor 'opt' is not defined. Maybe you want one of the following:   Option   option [/home/mdegallaix/Projects/yaml-parser/yaml-parser/yaml-parser.fsproj]
         /home/mdegallaix/Projects/yaml-parser/yaml-parser/primitives.fs(41,21): error FS0039: The type 'Parser' is not defined. [/home/mdegallaix/Projects/yaml-parser/yaml-parser/yaml-parser.fsproj]
         /home/mdegallaix/Projects/yaml-parser/yaml-parser/primitives.fs(42,8): error FS0039: The value or constructor 'skipChar' is not defined. [/home/mdegallaix/Projects/yaml-parser/yaml-parser/yaml-parser.fsproj]
         /home/mdegallaix/Projects/yaml-parser/yaml-parser/primitives.fs(43,8): error FS0039: The value or constructor 'skipChar' is not defined. [/home/mdegallaix/Projects/yaml-parser/yaml-parser/yaml-parser.fsproj]
         /home/mdegallaix/Projects/yaml-parser/yaml-parser/primitives.fs(43,36): error FS0039: The value or constructor 'optional' is not defined. Maybe you want one of the following:   Option   option   OptionModule   voption   OptionalArgumentAttribute [/home/mdegallaix/Projects/yaml-parser/yaml-parser/yaml-parser.fsproj]
         /home/mdegallaix/Projects/yaml-parser/yaml-parser/primitives.fs(45,25): error FS0039: The value or constructor 'skipMany' is not defined. [/home/mdegallaix/Projects/yaml-parser/yaml-parser/yaml-parser.fsproj]
         /home/mdegallaix/Projects/yaml-parser/yaml-parser/primitives.fs(47,26): error FS0039: The value or constructor 'skipMany1' is not defined. Maybe you want one of the following:   skipManyLineBreak [/home/mdegallaix/Projects/yaml-parser/yaml-parser/yaml-parser.fsproj]
         /home/mdegallaix/Projects/yaml-parser/yaml-parser/primitives.fs(49,18): error FS0039: The type 'Parser' is not defined. [/home/mdegallaix/Projects/yaml-parser/yaml-parser/yaml-parser.fsproj]
         /home/mdegallaix/Projects/yaml-parser/yaml-parser/primitives.fs(50,3): error FS0039: The value or constructor 'satisfy' is not defined. [/home/mdegallaix/Projects/yaml-parser/yaml-parser/yaml-parser.fsproj]
         /home/mdegallaix/Projects/yaml-parser/yaml-parser/primitives.fs(52,19): error FS0039: The type 'Parser' is not defined. [/home/mdegallaix/Projects/yaml-parser/yaml-parser/yaml-parser.fsproj]
         /home/mdegallaix/Projects/yaml-parser/yaml-parser/primitives.fs(53,3): error FS0039: The value or constructor 'manySatisfy' is not defined. [/home/mdegallaix/Projects/yaml-parser/yaml-parser/yaml-parser.fsproj]
         /home/mdegallaix/Projects/yaml-parser/yaml-parser/primitives.fs(55,20): error FS0039: The type 'Parser' is not defined. [/home/mdegallaix/Projects/yaml-parser/yaml-parser/yaml-parser.fsproj]
         /home/mdegallaix/Projects/yaml-parser/yaml-parser/primitives.fs(56,3): error FS0039: The value or constructor 'many1Satisfy' is not defined. [/home/mdegallaix/Projects/yaml-parser/yaml-parser/yaml-parser.fsproj]
         /home/mdegallaix/Projects/yaml-parser/yaml-parser/primitives.fs(58,22): error FS0039: The type 'Parser' is not defined. [/home/mdegallaix/Projects/yaml-parser/yaml-parser/yaml-parser.fsproj]
         /home/mdegallaix/Projects/yaml-parser/yaml-parser/primitives.fs(59,3): error FS0039: The value or constructor 'skipSatisfy' is not defined. [/home/mdegallaix/Projects/yaml-parser/yaml-parser/yaml-parser.fsproj]
         /home/mdegallaix/Projects/yaml-parser/yaml-parser/primitives.fs(61,27): error FS0039: The type 'Parser' is not defined. [/home/mdegallaix/Projects/yaml-parser/yaml-parser/yaml-parser.fsproj]
         /home/mdegallaix/Projects/yaml-parser/yaml-parser/primitives.fs(62,3): error FS0039: The value or constructor 'skipManySatisfy' is not defined. Maybe you want one of the following:   skipManyLineBreak [/home/mdegallaix/Projects/yaml-parser/yaml-parser/yaml-parser.fsproj]
         /home/mdegallaix/Projects/yaml-parser/yaml-parser/primitives.fs(64,24): error FS0039: The type 'Parser' is not defined. [/home/mdegallaix/Projects/yaml-parser/yaml-parser/yaml-parser.fsproj]
         /home/mdegallaix/Projects/yaml-parser/yaml-parser/primitives.fs(65,3): error FS0039: The value or constructor 'skipMany1Satisfy' is not defined. Maybe you want one of the following:   skipManyWhitespaces   skipMany1LineBreak [/home/mdegallaix/Projects/yaml-parser/yaml-parser/yaml-parser.fsproj]
         /home/mdegallaix/Projects/yaml-parser/yaml-parser/primitives.fs(79,26): error FS0039: The type 'Parser' is not defined. [/home/mdegallaix/Projects/yaml-parser/yaml-parser/yaml-parser.fsproj]
         /home/mdegallaix/Projects/yaml-parser/yaml-parser/primitives.fs(80,17): error FS0039: The type 'CharStream' is not defined. Maybe you want one of the following:   char [/home/mdegallaix/Projects/yaml-parser/yaml-parser/yaml-parser.fsproj]
         /home/mdegallaix/Projects/yaml-parser/yaml-parser/primitives.fs(81,17): error FS0072: Lookup on object of indeterminate type based on information prior to this program point. A type annotation may be needed prior to this program point to constrain the type of the object. This may allow the lookup to be resolved. [/home/mdegallaix/Projects/yaml-parser/yaml-parser/yaml-parser.fsproj]
         /home/mdegallaix/Projects/yaml-parser/yaml-parser/primitives.fs(82,21): error FS0072: Lookup on object of indeterminate type based on information prior to this program point. A type annotation may be needed prior to this program point to constrain the type of the object. This may allow the lookup to be resolved. [/home/mdegallaix/Projects/yaml-parser/yaml-parser/yaml-parser.fsproj]
         /home/mdegallaix/Projects/yaml-parser/yaml-parser/primitives.fs(83,14): error FS0039: The value or constructor 'setUserState' is not defined. Maybe you want one of the following:   userState [/home/mdegallaix/Projects/yaml-parser/yaml-parser/yaml-parser.fsproj]
         /home/mdegallaix/Projects/yaml-parser/yaml-parser/primitives.fs(86,8): error FS0072: Lookup on object of indeterminate type based on information prior to this program point. A type annotation may be needed prior to this program point to constrain the type of the object. This may allow the lookup to be resolved. [/home/mdegallaix/Projects/yaml-parser/yaml-parser/yaml-parser.fsproj]
         /home/mdegallaix/Projects/yaml-parser/yaml-parser/primitives.fs(87,7): error FS0072: Lookup on object of indeterminate type based on information prior to this program point. A type annotation may be needed prior to this program point to constrain the type of the object. This may allow the lookup to be resolved. [/home/mdegallaix/Projects/yaml-parser/yaml-parser/yaml-parser.fsproj]
         /home/mdegallaix/Projects/yaml-parser/yaml-parser/primitives.fs(89,7): error FS0072: Lookup on object of indeterminate type based on information prior to this program point. A type annotation may be needed prior to this program point to constrain the type of the object. This may allow the lookup to be resolved. [/home/mdegallaix/Projects/yaml-parser/yaml-parser/yaml-parser.fsproj]
         /home/mdegallaix/Projects/yaml-parser/yaml-parser/primitives.fs(96,17): error FS0039: The type 'CharStream' is not defined. Maybe you want one of the following:   char [/home/mdegallaix/Projects/yaml-parser/yaml-parser/yaml-parser.fsproj]
         /home/mdegallaix/Projects/yaml-parser/yaml-parser/primitives.fs(97,17): error FS0072: Lookup on object of indeterminate type based on information prior to this program point. A type annotation may be needed prior to this program point to constrain the type of the object. This may allow the lookup to be resolved. [/home/mdegallaix/Projects/yaml-parser/yaml-parser/yaml-parser.fsproj]
         /home/mdegallaix/Projects/yaml-parser/yaml-parser/primitives.fs(98,21): error FS0072: Lookup on object of indeterminate type based on information prior to this program point. A type annotation may be needed prior to this program point to constrain the type of the object. This may allow the lookup to be resolved. [/home/mdegallaix/Projects/yaml-parser/yaml-parser/yaml-parser.fsproj]
         /home/mdegallaix/Projects/yaml-parser/yaml-parser/primitives.fs(99,18): error FS0072: Lookup on object of indeterminate type based on information prior to this program point. A type annotation may be needed prior to this program point to constrain the type of the object. This may allow the lookup to be resolved. [/home/mdegallaix/Projects/yaml-parser/yaml-parser/yaml-parser.fsproj]
         /home/mdegallaix/Projects/yaml-parser/yaml-parser/primitives.fs(104,9): error FS0039: The value or constructor 'skipArray' is not defined. [/home/mdegallaix/Projects/yaml-parser/yaml-parser/yaml-parser.fsproj]
         /home/mdegallaix/Projects/yaml-parser/yaml-parser/primitives.fs(106,10): error FS0072: Lookup on object of indeterminate type based on information prior to this program point. A type annotation may be needed prior to this program point to constrain the type of the object. This may allow the lookup to be resolved. [/home/mdegallaix/Projects/yaml-parser/yaml-parser/yaml-parser.fsproj]
         /home/mdegallaix/Projects/yaml-parser/yaml-parser/primitives.fs(108,9): error FS0039: The value or constructor 'Reply' is not defined. [/home/mdegallaix/Projects/yaml-parser/yaml-parser/yaml-parser.fsproj]
         /home/mdegallaix/Projects/yaml-parser/yaml-parser/primitives.fs(111,9): error FS0072: Lookup on object of indeterminate type based on information prior to this program point. A type annotation may be needed prior to this program point to constrain the type of the object. This may allow the lookup to be resolved. [/home/mdegallaix/Projects/yaml-parser/yaml-parser/yaml-parser.fsproj]
         /home/mdegallaix/Projects/yaml-parser/yaml-parser/primitives.fs(112,9): error FS0039: The value or constructor 'Reply' is not defined. [/home/mdegallaix/Projects/yaml-parser/yaml-parser/yaml-parser.fsproj]
         /home/mdegallaix/Projects/yaml-parser/yaml-parser/primitives.fs(115,7): error FS0072: Lookup on object of indeterminate type based on information prior to this program point. A type annotation may be needed prior to this program point to constrain the type of the object. This may allow the lookup to be resolved. [/home/mdegallaix/Projects/yaml-parser/yaml-parser/yaml-parser.fsproj]
         /home/mdegallaix/Projects/yaml-parser/yaml-parser/primitives.fs(116,7): error FS0039: The value or constructor 'Reply' is not defined. [/home/mdegallaix/Projects/yaml-parser/yaml-parser/yaml-parser.fsproj]
         /home/mdegallaix/Projects/yaml-parser/yaml-parser/primitives.fs(119,7): error FS0039: The value or constructor 'Reply' is not defined. [/home/mdegallaix/Projects/yaml-parser/yaml-parser/yaml-parser.fsproj]
         /home/mdegallaix/Projects/yaml-parser/yaml-parser/primitives.fs(122,3): error FS0039: The value or constructor 'getUserState' is not defined. [/home/mdegallaix/Projects/yaml-parser/yaml-parser/yaml-parser.fsproj]
         /home/mdegallaix/Projects/yaml-parser/yaml-parser/primitives.fs(123,5): error FS0039: The value or constructor 'setUserState' is not defined. Maybe you want one of the following:   userState [/home/mdegallaix/Projects/yaml-parser/yaml-parser/yaml-parser.fsproj]
         /home/mdegallaix/Projects/yaml-parser/yaml-parser/primitives.fs(125,9): error FS0039: The value or constructor 'setUserState' is not defined. Maybe you want one of the following:   userState [/home/mdegallaix/Projects/yaml-parser/yaml-parser/yaml-parser.fsproj]
         /home/mdegallaix/Projects/yaml-parser/yaml-parser/primitives.fs(129,3): error FS0039: The value or constructor 'getUserState' is not defined. [/home/mdegallaix/Projects/yaml-parser/yaml-parser/yaml-parser.fsproj]
         /home/mdegallaix/Projects/yaml-parser/yaml-parser/primitives.fs(130,5): error FS0039: The value or constructor 'setUserState' is not defined. Maybe you want one of the following:   userState [/home/mdegallaix/Projects/yaml-parser/yaml-parser/yaml-parser.fsproj]
         /home/mdegallaix/Projects/yaml-parser/yaml-parser/primitives.fs(135,26): error FS0039: The type 'CharStream' is not defined. Maybe you want one of the following:   char [/home/mdegallaix/Projects/yaml-parser/yaml-parser/yaml-parser.fsproj]
         /home/mdegallaix/Projects/yaml-parser/yaml-parser/primitives.fs(136,15): error FS0072: Lookup on object of indeterminate type based on information prior to this program point. A type annotation may be needed prior to this program point to constrain the type of the object. This may allow the lookup to be resolved. [/home/mdegallaix/Projects/yaml-parser/yaml-parser/yaml-parser.fsproj]
         /home/mdegallaix/Projects/yaml-parser/yaml-parser/primitives.fs(140,19): error FS0072: Lookup on object of indeterminate type based on information prior to this program point. A type annotation may be needed prior to this program point to constrain the type of the object. This may allow the lookup to be resolved. [/home/mdegallaix/Projects/yaml-parser/yaml-parser/yaml-parser.fsproj]
         /home/mdegallaix/Projects/yaml-parser/yaml-parser/primitives.fs(141,16): error FS0072: Lookup on object of indeterminate type based on information prior to this program point. A type annotation may be needed prior to this program point to constrain the type of the object. This may allow the lookup to be resolved. [/home/mdegallaix/Projects/yaml-parser/yaml-parser/yaml-parser.fsproj]
         /home/mdegallaix/Projects/yaml-parser/yaml-parser/primitives.fs(145,5): error FS0039: The value or constructor 'setUserState' is not defined. Maybe you want one of the following:   userState [/home/mdegallaix/Projects/yaml-parser/yaml-parser/yaml-parser.fsproj]
         /home/mdegallaix/Projects/yaml-parser/yaml-parser/primitives.fs(147,5): error FS0039: The value or constructor 'Reply' is not defined. [/home/mdegallaix/Projects/yaml-parser/yaml-parser/yaml-parser.fsproj]
         /home/mdegallaix/Projects/yaml-parser/yaml-parser/primitives.fs(151,5): error FS0072: Lookup on object of indeterminate type based on information prior to this program point. A type annotation may be needed prior to this program point to constrain the type of the object. This may allow the lookup to be resolved. [/home/mdegallaix/Projects/yaml-parser/yaml-parser/yaml-parser.fsproj]
         /home/mdegallaix/Projects/yaml-parser/yaml-parser/primitives.fs(152,5): error FS0039: The value or constructor 'Reply' is not defined. [/home/mdegallaix/Projects/yaml-parser/yaml-parser/yaml-parser.fsproj]
         /home/mdegallaix/Projects/yaml-parser/yaml-parser/primitives.fs(156,26): error FS0039: The type 'CharStream' is not defined. Maybe you want one of the following:   char [/home/mdegallaix/Projects/yaml-parser/yaml-parser/yaml-parser.fsproj]
         /home/mdegallaix/Projects/yaml-parser/yaml-parser/primitives.fs(159,19): error FS0072: Lookup on object of indeterminate type based on information prior to this program point. A type annotation may be needed prior to this program point to constrain the type of the object. This may allow the lookup to be resolved. [/home/mdegallaix/Projects/yaml-parser/yaml-parser/yaml-parser.fsproj]
         /home/mdegallaix/Projects/yaml-parser/yaml-parser/primitives.fs(160,16): error FS0072: Lookup on object of indeterminate type based on information prior to this program point. A type annotation may be needed prior to this program point to constrain the type of the object. This may allow the lookup to be resolved. [/home/mdegallaix/Projects/yaml-parser/yaml-parser/yaml-parser.fsproj]
         /home/mdegallaix/Projects/yaml-parser/yaml-parser/primitives.fs(161,3): error FS0039: The value or constructor 'setUserState' is not defined. Maybe you want one of the following:   userState [/home/mdegallaix/Projects/yaml-parser/yaml-parser/yaml-parser.fsproj]
         /home/mdegallaix/Projects/yaml-parser/yaml-parser/primitives.fs(164,3): error FS0039: The value or constructor 'getUserState' is not defined. [/home/mdegallaix/Projects/yaml-parser/yaml-parser/yaml-parser.fsproj]
         /home/mdegallaix/Projects/yaml-parser/yaml-parser/primitives.fs(165,3): error FS0039: The value or constructor 'getPosition' is not defined. [/home/mdegallaix/Projects/yaml-parser/yaml-parser/yaml-parser.fsproj]
         /home/mdegallaix/Projects/yaml-parser/yaml-parser/primitives.fs(167,8): error FS0072: Lookup on object of indeterminate type based on information prior to this program point. A type annotation may be needed prior to this program point to constrain the type of the object. This may allow the lookup to be resolved. [/home/mdegallaix/Projects/yaml-parser/yaml-parser/yaml-parser.fsproj]
         /home/mdegallaix/Projects/yaml-parser/yaml-parser/primitives.fs(167,27): error FS0072: Lookup on object of indeterminate type based on information prior to this program point. A type annotation may be needed prior to this program point to constrain the type of the object. This may allow the lookup to be resolved. [/home/mdegallaix/Projects/yaml-parser/yaml-parser/yaml-parser.fsproj]
         /home/mdegallaix/Projects/yaml-parser/yaml-parser/primitives.fs(168,7): error FS0039: The value or constructor 'preturn' is not defined. [/home/mdegallaix/Projects/yaml-parser/yaml-parser/yaml-parser.fsproj]
         /home/mdegallaix/Projects/yaml-parser/yaml-parser/primitives.fs(170,7): error FS0039: The value or constructor 'pzero' is not defined. [/home/mdegallaix/Projects/yaml-parser/yaml-parser/yaml-parser.fsproj]
         /home/mdegallaix/Projects/yaml-parser/yaml-parser/primitives.fs(170,62): error FS0072: Lookup on object of indeterminate type based on information prior to this program point. A type annotation may be needed prior to this program point to constrain the type of the object. This may allow the lookup to be resolved. [/home/mdegallaix/Projects/yaml-parser/yaml-parser/yaml-parser.fsproj]
         /home/mdegallaix/Projects/yaml-parser/yaml-parser/primitives.fs(176,3): error FS0039: The value or constructor 'getPosition' is not defined. [/home/mdegallaix/Projects/yaml-parser/yaml-parser/yaml-parser.fsproj]
         /home/mdegallaix/Projects/yaml-parser/yaml-parser/primitives.fs(177,8): error FS0072: Lookup on object of indeterminate type based on information prior to this program point. A type annotation may be needed prior to this program point to constrain the type of the object. This may allow the lookup to be resolved. [/home/mdegallaix/Projects/yaml-parser/yaml-parser/yaml-parser.fsproj]
         /home/mdegallaix/Projects/yaml-parser/yaml-parser/primitives.fs(177,29): error FS0039: The value or constructor 'preturn' is not defined. [/home/mdegallaix/Projects/yaml-parser/yaml-parser/yaml-parser.fsproj]
         /home/mdegallaix/Projects/yaml-parser/yaml-parser/primitives.fs(178,10): error FS0039: The value or constructor 'pzero' is not defined. [/home/mdegallaix/Projects/yaml-parser/yaml-parser/yaml-parser.fsproj]
         /home/mdegallaix/Projects/yaml-parser/yaml-parser/primitives.fs(183,3): error FS0039: The value or constructor 'pstring' is not defined. Maybe you want one of the following:   String   string [/home/mdegallaix/Projects/yaml-parser/yaml-parser/yaml-parser.fsproj]
         /home/mdegallaix/Projects/yaml-parser/yaml-parser/primitives.fs(184,7): error FS0039: The value or constructor 'manySatisfy' is not defined. [/home/mdegallaix/Projects/yaml-parser/yaml-parser/yaml-parser.fsproj]
         /home/mdegallaix/Projects/yaml-parser/yaml-parser/primitives.fs(191,5): error FS0039: The value or constructor 'opt' is not defined. Maybe you want one of the following:   Option   option [/home/mdegallaix/Projects/yaml-parser/yaml-parser/yaml-parser.fsproj]
         /home/mdegallaix/Projects/yaml-parser/yaml-parser/primitives.fs(192,29): error FS0039: The value or constructor 'eof' is not defined. [/home/mdegallaix/Projects/yaml-parser/yaml-parser/yaml-parser.fsproj]
         /home/mdegallaix/Projects/yaml-parser/yaml-parser/primitives.fs(197,9): error FS0039: The value or constructor 'opt' is not defined. Maybe you want one of the following:   Option   option [/home/mdegallaix/Projects/yaml-parser/yaml-parser/yaml-parser.fsproj]
         /home/mdegallaix/Projects/yaml-parser/yaml-parser/primitives.fs(204,44): error FS0039: The value or constructor 'many' is not defined. [/home/mdegallaix/Projects/yaml-parser/yaml-parser/yaml-parser.fsproj]
         /home/mdegallaix/Projects/yaml-parser/yaml-parser/primitives.fs(208,33): error FS0039: The value or constructor 'opt' is not defined. Maybe you want one of the following:   Option   option [/home/mdegallaix/Projects/yaml-parser/yaml-parser/yaml-parser.fsproj]
         /home/mdegallaix/Projects/yaml-parser/yaml-parser/primitives.fs(211,3): error FS0039: The value or constructor 'getUserState' is not defined. [/home/mdegallaix/Projects/yaml-parser/yaml-parser/yaml-parser.fsproj]
         /home/mdegallaix/Projects/yaml-parser/yaml-parser/primitives.fs(220,3): error FS0039: The value or constructor 'getUserState' is not defined. [/home/mdegallaix/Projects/yaml-parser/yaml-parser/yaml-parser.fsproj]
         /home/mdegallaix/Projects/yaml-parser/yaml-parser/primitives.fs(230,17): error FS0039: The type 'Parser' is not defined. [/home/mdegallaix/Projects/yaml-parser/yaml-parser/yaml-parser.fsproj]
         /home/mdegallaix/Projects/yaml-parser/yaml-parser/primitives.fs(235,18): error FS0039: The value or constructor 'many1' is not defined. [/home/mdegallaix/Projects/yaml-parser/yaml-parser/yaml-parser.fsproj]
         /home/mdegallaix/Projects/yaml-parser/yaml-parser/primitives.fs(241,3): error FS0039: The value or constructor 'opt' is not defined. Maybe you want one of the following:   Option   option [/home/mdegallaix/Projects/yaml-parser/yaml-parser/yaml-parser.fsproj]
         /home/mdegallaix/Projects/yaml-parser/yaml-parser/flow-styles.fs(8,17): error FS0039: The namespace 'Primitives' is not defined. [/home/mdegallaix/Projects/yaml-parser/yaml-parser/yaml-parser.fsproj]
         /home/mdegallaix/Projects/yaml-parser/yaml-parser/flow-styles.fs(10,6): error FS0039: The namespace or module 'FParsec' is not defined. [/home/mdegallaix/Projects/yaml-parser/yaml-parser/yaml-parser.fsproj]
         /home/mdegallaix/Projects/yaml-parser/yaml-parser/flow-styles.fs(12,41): error FS0039: The value or constructor 'createParserForwardedToRef' is not defined. [/home/mdegallaix/Projects/yaml-parser/yaml-parser/yaml-parser.fsproj]
         /home/mdegallaix/Projects/yaml-parser/yaml-parser/flow-styles.fs(19,36): error FS0039: The value or constructor 'spaceChars' is not defined. [/home/mdegallaix/Projects/yaml-parser/yaml-parser/yaml-parser.fsproj]
         /home/mdegallaix/Projects/yaml-parser/yaml-parser/flow-styles.fs(24,14): error FS0039: The value or constructor 'spaceChars' is not defined. [/home/mdegallaix/Projects/yaml-parser/yaml-parser/yaml-parser.fsproj]
         /home/mdegallaix/Projects/yaml-parser/yaml-parser/flow-styles.fs(24,26): error FS0039: The value or constructor 'flowIndicators' is not defined. Maybe you want one of the following:   FlowIn [/home/mdegallaix/Projects/yaml-parser/yaml-parser/yaml-parser.fsproj]
         /home/mdegallaix/Projects/yaml-parser/yaml-parser/flow-styles.fs(30,5): error FS0039: The value or constructor 'getUserState' is not defined. [/home/mdegallaix/Projects/yaml-parser/yaml-parser/yaml-parser.fsproj]
         /home/mdegallaix/Projects/yaml-parser/yaml-parser/flow-styles.fs(31,7): error FS0039: The value or constructor 'many1Satisfy' is not defined. [/home/mdegallaix/Projects/yaml-parser/yaml-parser/yaml-parser.fsproj]
         /home/mdegallaix/Projects/yaml-parser/yaml-parser/flow-styles.fs(35,7): error FS0039: The value or constructor 'choice' is not defined. Maybe you want one of the following:   Choice   Choice1Of2   Choice1Of3   Choice1Of4   Choice1Of5 [/home/mdegallaix/Projects/yaml-parser/yaml-parser/yaml-parser.fsproj]
         /home/mdegallaix/Projects/yaml-parser/yaml-parser/flow-styles.fs(41,7): error FS0039: The value or constructor 'getUserState' is not defined. [/home/mdegallaix/Projects/yaml-parser/yaml-parser/yaml-parser.fsproj]
         /home/mdegallaix/Projects/yaml-parser/yaml-parser/flow-styles.fs(42,9): error FS0039: The value or constructor 'choice' is not defined. Maybe you want one of the following:   Choice   Choice1Of2   Choice1Of3   Choice1Of4   Choice1Of5 [/home/mdegallaix/Projects/yaml-parser/yaml-parser/yaml-parser.fsproj]
         /home/mdegallaix/Projects/yaml-parser/yaml-parser/flow-styles.fs(49,7): error FS0039: The value or constructor 'manyStrings' is not defined. [/home/mdegallaix/Projects/yaml-parser/yaml-parser/yaml-parser.fsproj]
         /home/mdegallaix/Projects/yaml-parser/yaml-parser/flow-styles.fs(53,7): error FS0039: The value or constructor 'followedBy' is not defined. [/home/mdegallaix/Projects/yaml-parser/yaml-parser/yaml-parser.fsproj]
         /home/mdegallaix/Projects/yaml-parser/yaml-parser/flow-styles.fs(57,7): error FS0039: The value or constructor 'manyStrings' is not defined. [/home/mdegallaix/Projects/yaml-parser/yaml-parser/yaml-parser.fsproj]

    0 Warning(s)
    100 Error(s)

Time Elapsed 00:00:03.10
